[robosuite WARNING] No private macro file found! (__init__.py:7)
[robosuite WARNING] It is recommended to use a private macro file (__init__.py:8)
[robosuite WARNING] To setup, run: python /storage/home/yehe8/.openrua/simulators/cap-x/capx/third_party/libero_dependencies/robosuite/robosuite/scripts/setup_macros.py (__init__.py:9)
Gym has been unmaintained since 2022 and does not support NumPy 2.0 amongst other critical functionality.
Please upgrade to Gymnasium, the maintained drop-in replacement of Gym, or contact the authors of your software and request that they upgrade.
See the migration guide at https://gymnasium.farama.org/introduction/migration_guide/ for additional information.
[info] Using default task order for benchmark 'libero_10_task' (10 tasks).
[Warning]: datasets path /storage/home/yehe8/.openrua/simulators/cap-x/capx/third_party/LIBERO-PRO/libero/datasets does not exist!
[Warning]: datasets path /storage/home/yehe8/.openrua/simulators/cap-x/capx/third_party/LIBERO-PRO/libero/datasets does not exist!
robot ready
[Warning]: datasets path /storage/home/yehe8/.openrua/simulators/cap-x/capx/third_party/LIBERO-PRO/libero/datasets does not exist!
[fjt] names=['panda_joint1', 'panda_joint2', 'panda_joint3', 'panda_joint4', 'panda_joint5', 'panda_joint6', 'panda_joint7'] pts=1
[fjt] times[0..2]=[0. 4.] times[-3:]=[0. 4.]
[fjt] goal=[ 0.236  0.136  0.184 -2.431 -0.046  2.564  0.457]
[fjt] final=[ 0.236  0.135  0.184 -2.431 -0.044  2.562  0.459]
[fjt] err=[-0.    -0.001 -0.    -0.001  0.001 -0.002  0.002]
[fjt] names=['panda_joint1', 'panda_joint2', 'panda_joint3', 'panda_joint4', 'panda_joint5', 'panda_joint6', 'panda_joint7'] pts=1
[fjt] times[0..2]=[0. 3.] times[-3:]=[0. 3.]
[fjt] goal=[ 0.304  0.135  0.118 -2.431 -0.029  2.564  1.231]
[fjt] final=[ 0.303  0.135  0.119 -2.431 -0.031  2.563  1.026]
[fjt] err=[-0.     0.     0.001 -0.    -0.002 -0.001 -0.205]
[fjt] names=['panda_joint1', 'panda_joint2', 'panda_joint3', 'panda_joint4', 'panda_joint5', 'panda_joint6', 'panda_joint7'] pts=1
[fjt] times[0..2]=[0. 3.] times[-3:]=[0. 3.]
[fjt] goal=[ 0.304  0.135  0.118 -2.431 -0.029  2.564  1.231]
[fjt] final=[ 0.303  0.135  0.119 -2.431 -0.03   2.563  1.229]
[fjt] err=[-0.001 -0.     0.001 -0.    -0.001 -0.001 -0.002]
[fjt] names=['panda_joint1', 'panda_joint2', 'panda_joint3', 'panda_joint4', 'panda_joint5', 'panda_joint6', 'panda_joint7'] pts=1
[fjt] times[0..2]=[0.  2.5] times[-3:]=[0.  2.5]
[fjt] goal=[ 0.329  0.452  0.077 -2.395 -0.114  2.844  1.293]
[fjt] final=[ 0.329  0.451  0.078 -2.396 -0.113  2.842  1.291]
[fjt] err=[-0.    -0.001  0.001 -0.001  0.002 -0.002 -0.002]
[fjt] names=['panda_joint1', 'panda_joint2', 'panda_joint3', 'panda_joint4', 'panda_joint5', 'panda_joint6', 'panda_joint7'] pts=1
[fjt] times[0..2]=[0. 3.] times[-3:]=[0. 3.]
[fjt] goal=[ 0.329  0.451  0.077 -2.396 -0.113  2.842 -0.28 ]
[fjt] final=[ 0.327  0.448  0.071 -2.4   -0.111  2.84   0.752]
[fjt] err=[-0.002 -0.003 -0.006 -0.004  0.002 -0.002  1.033]
[fjt] names=['panda_joint1', 'panda_joint2', 'panda_joint3', 'panda_joint4', 'panda_joint5', 'panda_joint6', 'panda_joint7'] pts=1
[fjt] times[0..2]=[0. 3.] times[-3:]=[0. 3.]
[fjt] goal=[ 0.329  0.451  0.077 -2.396 -0.113  2.842 -0.28 ]
[fjt] final=[ 0.326  0.449  0.064 -2.398 -0.111  2.84   0.194]
[fjt] err=[-0.003 -0.002 -0.014 -0.002  0.002 -0.002  0.474]
[fjt] names=['panda_joint1', 'panda_joint2', 'panda_joint3', 'panda_joint4', 'panda_joint5', 'panda_joint6', 'panda_joint7'] pts=1
[fjt] times[0..2]=[0.  2.5] times[-3:]=[0.  2.5]
[fjt] goal=[ 0.271  0.132  0.132 -2.433 -0.042  2.559  0.132]
[fjt] final=[ 0.271  0.133  0.131 -2.432 -0.043  2.561  0.135]
[fjt] err=[ 0.     0.001 -0.001  0.001 -0.002  0.002  0.002]
[fjt] names=['panda_joint1', 'panda_joint2', 'panda_joint3', 'panda_joint4', 'panda_joint5', 'panda_joint6', 'panda_joint7'] pts=1
[fjt] times[0..2]=[0. 4.] times[-3:]=[0. 4.]
[fjt] goal=[-0.138  0.519 -0.058 -1.948  0.046  2.466 -1.01 ]
[fjt] final=[-0.138  0.519 -0.058 -1.949  0.046  2.468 -0.611]
[fjt] err=[ 0.    -0.001  0.    -0.002 -0.001  0.002  0.399]
[fjt] names=['panda_joint1', 'panda_joint2', 'panda_joint3', 'panda_joint4', 'panda_joint5', 'panda_joint6', 'panda_joint7'] pts=1
[fjt] times[0..2]=[0. 3.] times[-3:]=[0. 3.]
[fjt] goal=[-0.138  0.519 -0.058 -1.948  0.046  2.466 -1.01 ]
[fjt] final=[-0.138  0.519 -0.058 -1.949  0.046  2.468 -1.008]
[fjt] err=[ 0.    -0.001  0.    -0.001 -0.     0.002  0.002]
[fjt] names=['panda_joint1', 'panda_joint2', 'panda_joint3', 'panda_joint4', 'panda_joint5', 'panda_joint6', 'panda_joint7'] pts=1
[fjt] times[0..2]=[0.  2.5] times[-3:]=[0.  2.5]
[fjt] goal=[-0.147  0.71  -0.046 -1.905  0.06   2.614 -1.019]
[fjt] final=[-0.147  0.71  -0.047 -1.906  0.059  2.613 -1.017]
[fjt] err=[ 0.    -0.001 -0.001 -0.001 -0.002 -0.002  0.002]
[fjt] names=['panda_joint1', 'panda_joint2', 'panda_joint3', 'panda_joint4', 'panda_joint5', 'panda_joint6', 'panda_joint7'] pts=1
[fjt] times[0..2]=[0.  2.5] times[-3:]=[0.  2.5]
[fjt] goal=[-0.14   0.559 -0.056 -1.944  0.05   2.502 -1.013]
[fjt] final=[-0.14   0.561 -0.055 -1.944  0.052  2.503 -1.015]
[fjt] err=[-0.     0.002  0.001  0.     0.002  0.001 -0.002]
[fjt] names=['panda_joint1', 'panda_joint2', 'panda_joint3', 'panda_joint4', 'panda_joint5', 'panda_joint6', 'panda_joint7'] pts=1
[fjt] times[0..2]=[0. 4.] times[-3:]=[0. 4.]
[fjt] goal=[ 0.514  0.802  0.024 -1.501 -0.023  2.302 -0.239]
[fjt] final=[ 0.514  0.802  0.024 -1.503 -0.022  2.305 -0.258]
[fjt] err=[-0.     0.    -0.    -0.002  0.001  0.002 -0.019]
[fjt] names=['panda_joint1', 'panda_joint2', 'panda_joint3', 'panda_joint4', 'panda_joint5', 'panda_joint6', 'panda_joint7'] pts=1
[fjt] times[0..2]=[0.  2.5] times[-3:]=[0.  2.5]
[fjt] goal=[ 0.515  0.626  0.024 -1.473 -0.016  2.099 -0.243]
[fjt] final=[ 0.515  0.627  0.024 -1.475 -0.017  2.102 -0.245]
[fjt] err=[-0.     0.001  0.    -0.002 -0.001  0.003 -0.002]
[fjt] names=['panda_joint1', 'panda_joint2', 'panda_joint3', 'panda_joint4', 'panda_joint5', 'panda_joint6', 'panda_joint7'] pts=1
[fjt] times[0..2]=[0. 4.] times[-3:]=[0. 4.]
[fjt] goal=[-0.068  0.218 -0.095 -2.116  0.028  2.333 -0.965]
[fjt] final=[-0.067  0.219 -0.094 -2.116  0.028  2.33  -0.956]
[fjt] err=[ 0.     0.001  0.     0.    -0.    -0.002  0.009]
[fjt] names=['panda_joint1', 'panda_joint2', 'panda_joint3', 'panda_joint4', 'panda_joint5', 'panda_joint6', 'panda_joint7'] pts=1
[fjt] times[0..2]=[0.  2.5] times[-3:]=[0.  2.5]
[fjt] goal=[-0.09   0.603 -0.063 -2.105  0.085  2.705 -1.004]
[fjt] final=[-0.089  0.602 -0.064 -2.107  0.084  2.703 -1.002]
[fjt] err=[ 0.    -0.    -0.001 -0.002 -0.001 -0.002  0.002]
[fjt] names=['panda_joint1', 'panda_joint2', 'panda_joint3', 'panda_joint4', 'panda_joint5', 'panda_joint6', 'panda_joint7'] pts=1
[fjt] times[0..2]=[0.  2.5] times[-3:]=[0.  2.5]
[fjt] goal=[-0.064  0.345 -0.096 -2.143  0.053  2.486 -0.982]
[fjt] final=[-0.064  0.346 -0.095 -2.143  0.055  2.488 -0.984]
[fjt] err=[-0.     0.001  0.001  0.001  0.002  0.002 -0.002]
[fjt] names=['panda_joint1', 'panda_joint2', 'panda_joint3', 'panda_joint4', 'panda_joint5', 'panda_joint6', 'panda_joint7'] pts=1
[fjt] times[0..2]=[0.  3.5] times[-3:]=[0.  3.5]
[fjt] goal=[ 0.495  0.381 -0.235 -2.066  0.133  2.432  0.961]
[fjt] final=[ 0.495  0.38  -0.233 -2.067  0.131  2.434 -0.305]
[fjt] err=[-1.000e-03 -1.000e-03  1.000e-03 -1.000e-03 -2.000e-03  2.000e-03
 -1.266e+00]
[fjt] names=['panda_joint1', 'panda_joint2', 'panda_joint3', 'panda_joint4', 'panda_joint5', 'panda_joint6', 'panda_joint7'] pts=1
[fjt] times[0..2]=[0.  3.5] times[-3:]=[0.  3.5]
[fjt] goal=[ 0.495  0.381 -0.235 -2.066  0.133  2.432  0.961]
[fjt] final=[ 0.495  0.38  -0.233 -2.067  0.131  2.434  0.345]
[fjt] err=[-0.    -0.001  0.001 -0.001 -0.002  0.002 -0.616]
[fjt] names=['panda_joint1', 'panda_joint2', 'panda_joint3', 'panda_joint4', 'panda_joint5', 'panda_joint6', 'panda_joint7'] pts=1
[fjt] times[0..2]=[0. 2.] times[-3:]=[0. 2.]
[fjt] goal=[ 0.46   0.602 -0.185 -2.041  0.212  2.625  0.907]
[fjt] final=[ 0.46   0.601 -0.185 -2.042  0.21   2.624  0.759]
[fjt] err=[ 0.001 -0.001 -0.001 -0.001 -0.003 -0.002 -0.149]
[fjt] names=['panda_joint1', 'panda_joint2', 'panda_joint3', 'panda_joint4', 'panda_joint5', 'panda_joint6', 'panda_joint7'] pts=1
[fjt] times[0..2]=[0. 2.] times[-3:]=[0. 2.]
[fjt] goal=[ 0.46   0.602 -0.185 -2.041  0.212  2.625  0.907]
[fjt] final=[ 0.46   0.601 -0.185 -2.042  0.211  2.624  0.905]
[fjt] err=[ 0.    -0.001 -0.001 -0.001 -0.001 -0.002 -0.002]
[fjt] names=['panda_joint1', 'panda_joint2', 'panda_joint3', 'panda_joint4', 'panda_joint5', 'panda_joint6', 'panda_joint7'] pts=4
[fjt] times[0..2]=[0.  1.5 3. ] times[-3:]=[3.  4.5 6. ]
[fjt] goal=[ 0.306  1.137 -0.179 -1.017  0.193  2.14   0.91 ]
[fjt] final=[ 0.308  1.105 -0.179 -1.124  0.194  2.111  0.914]
[fjt] err=[ 0.002 -0.032 -0.    -0.106  0.    -0.029  0.004]
[fjt] names=['panda_joint1', 'panda_joint2', 'panda_joint3', 'panda_joint4', 'panda_joint5', 'panda_joint6', 'panda_joint7'] pts=1
[fjt] times[0..2]=[0. 2.] times[-3:]=[0. 2.]
[fjt] goal=[ 0.306  1.137 -0.179 -1.017  0.193  2.14   0.91 ]
[fjt] final=[ 0.307  1.136 -0.179 -1.019  0.194  2.136  0.913]
[fjt] err=[ 0.001 -0.002  0.001 -0.002  0.    -0.004  0.003]
[fjt] names=['panda_joint1', 'panda_joint2', 'panda_joint3', 'panda_joint4', 'panda_joint5', 'panda_joint6', 'panda_joint7'] pts=1
[fjt] times[0..2]=[0. 2.] times[-3:]=[0. 2.]
[fjt] goal=[ 0.319  0.94  -0.2   -1.049  0.175  1.973  0.916]
[fjt] final=[ 0.318  0.941 -0.199 -1.048  0.177  1.975  0.913]
[fjt] err=[-0.     0.001  0.001  0.001  0.001  0.002 -0.002]
[fjt] names=['panda_joint1', 'panda_joint2', 'panda_joint3', 'panda_joint4', 'panda_joint5', 'panda_joint6', 'panda_joint7'] pts=1
[fjt] times[0..2]=[0. 4.] times[-3:]=[0. 4.]
[fjt] goal=[ 0.102  0.399 -0.292 -2.145  0.194  2.52  -1.112]
[fjt] final=[ 0.102  0.4   -0.292 -1.818  0.193  2.52   0.166]
[fjt] err=[ 0.000e+00  1.000e-03  0.000e+00  3.270e-01 -0.000e+00 -1.000e-03
  1.278e+00]
[fjt] names=['panda_joint1', 'panda_joint2', 'panda_joint3', 'panda_joint4', 'panda_joint5', 'panda_joint6', 'panda_joint7'] pts=1
[fjt] times[0..2]=[0. 4.] times[-3:]=[0. 4.]
[fjt] goal=[ 0.102  0.399 -0.292 -2.145  0.194  2.52  -1.112]
[fjt] final=[ 0.102  0.4   -0.292 -2.144  0.194  2.52  -0.555]
[fjt] err=[-0.     0.     0.     0.001 -0.    -0.     0.557]
[fjt] names=['panda_joint1', 'panda_joint2', 'panda_joint3', 'panda_joint4', 'panda_joint5', 'panda_joint6', 'panda_joint7'] pts=1
[fjt] times[0..2]=[0.  2.5] times[-3:]=[0.  2.5]
[fjt] goal=[ 0.048  0.629 -0.218 -2.098  0.3    2.697 -1.187]
[fjt] final=[ 0.048  0.628 -0.219 -2.098  0.299  2.695 -1.058]
[fjt] err=[ 0.    -0.001 -0.001 -0.001 -0.001 -0.002  0.129]
[fjt] names=['panda_joint1', 'panda_joint2', 'panda_joint3', 'panda_joint4', 'panda_joint5', 'panda_joint6', 'panda_joint7'] pts=1
[fjt] times[0..2]=[0.  2.5] times[-3:]=[0.  2.5]
[fjt] goal=[ 0.048  0.629 -0.218 -2.098  0.3    2.697 -1.187]
[fjt] final=[ 0.048  0.628 -0.218 -2.098  0.299  2.696 -1.184]
[fjt] err=[ 0.    -0.001 -0.001 -0.001 -0.    -0.002  0.002]
[fjt] names=['panda_joint1', 'panda_joint2', 'panda_joint3', 'panda_joint4', 'panda_joint5', 'panda_joint6', 'panda_joint7'] pts=1
[fjt] times[0..2]=[0.  2.5] times[-3:]=[0.  2.5]
[fjt] goal=[ 0.189  0.231 -0.393 -2.119  0.121  2.329 -1.063]
[fjt] final=[ 0.188  0.233 -0.392 -2.119  0.123  2.331 -1.066]
[fjt] err=[-0.001  0.002  0.001 -0.     0.002  0.002 -0.002]
[fjt] names=['panda_joint1', 'panda_joint2', 'panda_joint3', 'panda_joint4', 'panda_joint5', 'panda_joint6', 'panda_joint7'] pts=1
[fjt] times[0..2]=[0. 4.] times[-3:]=[0. 4.]
[fjt] goal=[ 0.654  0.578 -0.178 -1.564  0.114  2.132 -0.342]
[fjt] final=[ 0.653  0.578 -0.178 -1.567  0.116  2.134 -0.352]
[fjt] err=[-0.     0.    -0.    -0.003  0.002  0.002 -0.01 ]
[fjt] names=['panda_joint1', 'panda_joint2', 'panda_joint3', 'panda_joint4', 'panda_joint5', 'panda_joint6', 'panda_joint7'] pts=1
[fjt] times[0..2]=[0. 3.] times[-3:]=[0. 3.]
[fjt] goal=[ 0.633  0.819 -0.146 -1.576  0.155  2.383 -0.366]
[fjt] final=[ 0.634  0.817 -0.145 -1.57   0.153  2.382 -0.364]
[fjt] err=[ 0.001 -0.002  0.001  0.005 -0.002 -0.002  0.002]
[fjt] names=['panda_joint1', 'panda_joint2', 'panda_joint3', 'panda_joint4', 'panda_joint5', 'panda_joint6', 'panda_joint7'] pts=1
[fjt] times[0..2]=[0.  2.5] times[-3:]=[0.  2.5]
[fjt] goal=[ 0.655  0.603 -0.178 -1.577  0.122  2.17  -0.347]
[fjt] final=[ 0.654  0.604 -0.178 -1.576  0.124  2.171 -0.349]
[fjt] err=[-0.     0.001  0.001  0.001  0.001  0.002 -0.002]
