[robosuite WARNING] No private macro file found! (__init__.py:7)
[robosuite WARNING] It is recommended to use a private macro file (__init__.py:8)
[robosuite WARNING] To setup, run: python /storage/home/yehe8/.openrua/simulators/cap-x/capx/third_party/libero_dependencies/robosuite/robosuite/scripts/setup_macros.py (__init__.py:9)
Gym has been unmaintained since 2022 and does not support NumPy 2.0 amongst other critical functionality.
Please upgrade to Gymnasium, the maintained drop-in replacement of Gym, or contact the authors of your software and request that they upgrade.
See the migration guide at https://gymnasium.farama.org/introduction/migration_guide/ for additional information.
[info] Using default task order for benchmark 'libero_10_swap' (10 tasks).
[Warning]: datasets path /storage/home/yehe8/.openrua/simulators/cap-x/capx/third_party/LIBERO-PRO/libero/datasets does not exist!
[Warning]: datasets path /storage/home/yehe8/.openrua/simulators/cap-x/capx/third_party/LIBERO-PRO/libero/datasets does not exist!
robot ready
[Warning]: datasets path /storage/home/yehe8/.openrua/simulators/cap-x/capx/third_party/LIBERO-PRO/libero/datasets does not exist!
[fjt] names=['panda_joint1', 'panda_joint2', 'panda_joint3', 'panda_joint4', 'panda_joint5', 'panda_joint6', 'panda_joint7'] pts=1
[fjt] times[0..2]=[0. 3.] times[-3:]=[0. 3.]
[fjt] goal=[ 0.    -0.9    0.    -2.5    0.     1.6    0.785]
[fjt] final=[ 0.    -0.778  0.    -2.499 -0.     1.627  0.785]
[fjt] err=[ 0.     0.122  0.     0.001 -0.     0.027  0.   ]
[fjt] names=['panda_joint1', 'panda_joint2', 'panda_joint3', 'panda_joint4', 'panda_joint5', 'panda_joint6', 'panda_joint7'] pts=1
[fjt] times[0..2]=[0. 3.] times[-3:]=[0. 3.]
[fjt] goal=[ 0.    -0.9    0.    -2.5    0.     1.6    0.785]
[fjt] final=[ 0.    -0.899  0.    -2.499 -0.     1.602  0.785]
[fjt] err=[ 0.     0.001  0.     0.001 -0.     0.002  0.   ]
[fjt] names=['panda_joint1', 'panda_joint2', 'panda_joint3', 'panda_joint4', 'panda_joint5', 'panda_joint6', 'panda_joint7'] pts=1
[fjt] times[0..2]=[0. 4.] times[-3:]=[0. 4.]
[fjt] goal=[ 0.464 -0.146 -0.384 -2.737 -0.106  2.599  0.96 ]
[fjt] final=[ 0.463 -0.153 -0.383 -2.736 -0.104  2.362  0.958]
[fjt] err=[-0.001 -0.006  0.001  0.001  0.002 -0.237 -0.002]
[fjt] names=['panda_joint1', 'panda_joint2', 'panda_joint3', 'panda_joint4', 'panda_joint5', 'panda_joint6', 'panda_joint7'] pts=1
[fjt] times[0..2]=[0. 4.] times[-3:]=[0. 4.]
[fjt] goal=[ 0.464 -0.146 -0.384 -2.737 -0.106  2.599  0.96 ]
[fjt] final=[ 0.464 -0.147 -0.383 -2.736 -0.104  2.596  0.958]
[fjt] err=[-0.    -0.     0.001  0.001  0.002 -0.002 -0.002]
[fjt] names=['panda_joint1', 'panda_joint2', 'panda_joint3', 'panda_joint4', 'panda_joint5', 'panda_joint6', 'panda_joint7'] pts=1
[fjt] times[0..2]=[0.  2.5] times[-3:]=[0.  2.5]
[fjt] goal=[ 0.211  0.354 -0.064 -2.685  0.212  3.036  0.726]
[fjt] final=[ 0.212  0.348 -0.065 -2.686  0.21   3.034  0.729]
[fjt] err=[ 0.001 -0.006 -0.001 -0.001 -0.002 -0.002  0.003]
[fjt] names=['panda_joint1', 'panda_joint2', 'panda_joint3', 'panda_joint4', 'panda_joint5', 'panda_joint6', 'panda_joint7'] pts=1
[fjt] times[0..2]=[0.  2.5] times[-3:]=[0.  2.5]
[fjt] goal=[ 0.473 -0.338 -0.388 -2.684 -0.179  2.362  1.018]
[fjt] final=[ 0.472 -0.193 -0.387 -2.685 -0.177  2.51   1.016]
[fjt] err=[-0.001  0.144  0.001 -0.001  0.002  0.148 -0.003]
[fjt] names=['panda_joint1', 'panda_joint2', 'panda_joint3', 'panda_joint4', 'panda_joint5', 'panda_joint6', 'panda_joint7'] pts=1
[fjt] times[0..2]=[0.  2.5] times[-3:]=[0.  2.5]
[fjt] goal=[ 0.473 -0.338 -0.388 -2.684 -0.179  2.362  1.018]
[fjt] final=[ 0.472 -0.337 -0.387 -2.685 -0.177  2.364  1.016]
[fjt] err=[-0.     0.001  0.001 -0.001  0.002  0.002 -0.002]
[fjt] names=['panda_joint1', 'panda_joint2', 'panda_joint3', 'panda_joint4', 'panda_joint5', 'panda_joint6', 'panda_joint7'] pts=1
[fjt] times[0..2]=[0.  3.5] times[-3:]=[0.  3.5]
[fjt] goal=[ 0.699  0.077 -0.226 -2.049  0.02   2.124  1.248]
[fjt] final=[ 0.699  0.076 -0.227 -2.053  0.019  2.125  1.246]
[fjt] err=[-0.    -0.001 -0.001 -0.004 -0.001  0.002 -0.002]
[fjt] names=['panda_joint1', 'panda_joint2', 'panda_joint3', 'panda_joint4', 'panda_joint5', 'panda_joint6', 'panda_joint7'] pts=1
[fjt] times[0..2]=[0. 2.] times[-3:]=[0. 2.]
[fjt] goal=[ 0.693  0.216 -0.22  -2.148  0.066  2.358  1.216]
[fjt] final=[ 0.693  0.216 -0.22  -2.147  0.065  2.356  1.219]
[fjt] err=[ 0.    -0.    -0.001  0.001 -0.002 -0.002  0.002]
[fjt] names=['panda_joint1', 'panda_joint2', 'panda_joint3', 'panda_joint4', 'panda_joint5', 'panda_joint6', 'panda_joint7'] pts=1
[fjt] times[0..2]=[0. 2.] times[-3:]=[0. 2.]
[fjt] goal=[ 0.715  0.049 -0.241 -2.004  0.013  2.051  1.253]
[fjt] final=[ 0.714  0.049 -0.24  -2.005  0.015  2.054  1.251]
[fjt] err=[-0.001  0.     0.001 -0.001  0.002  0.002 -0.002]
[fjt] names=['panda_joint1', 'panda_joint2', 'panda_joint3', 'panda_joint4', 'panda_joint5', 'panda_joint6', 'panda_joint7'] pts=1
[fjt] times[0..2]=[0. 4.] times[-3:]=[0. 4.]
[fjt] goal=[-0.509  0.197  0.059 -2.232 -0.018  2.428  0.347]
[fjt] final=[-0.071  0.197  0.059 -2.231 -0.016  2.426  0.504]
[fjt] err=[ 0.439 -0.    -0.001  0.001  0.001 -0.002  0.156]
[fjt] names=['panda_joint1', 'panda_joint2', 'panda_joint3', 'panda_joint4', 'panda_joint5', 'panda_joint6', 'panda_joint7'] pts=1
[fjt] times[0..2]=[0. 4.] times[-3:]=[0. 4.]
[fjt] goal=[-0.509  0.197  0.059 -2.232 -0.018  2.428  0.347]
[fjt] final=[-0.509  0.197  0.059 -2.231 -0.017  2.426  0.349]
[fjt] err=[ 0.001 -0.    -0.     0.001  0.001 -0.002  0.002]
[fjt] names=['panda_joint1', 'panda_joint2', 'panda_joint3', 'panda_joint4', 'panda_joint5', 'panda_joint6', 'panda_joint7'] pts=1
[fjt] times[0..2]=[0.  2.5] times[-3:]=[0.  2.5]
[fjt] goal=[-0.495  0.569  0.038 -2.2   -0.056  2.768  0.374]
[fjt] final=[-0.495  0.563  0.038 -2.202 -0.055  2.764  0.372]
[fjt] err=[-0.    -0.005  0.    -0.001  0.001 -0.004 -0.002]
[fjt] names=['panda_joint1', 'panda_joint2', 'panda_joint3', 'panda_joint4', 'panda_joint5', 'panda_joint6', 'panda_joint7'] pts=1
[fjt] times[0..2]=[0.  2.5] times[-3:]=[0.  2.5]
[fjt] goal=[-0.53   0.111  0.08  -2.199 -0.012  2.309  0.343]
[fjt] final=[-0.53   0.112  0.08  -2.2   -0.014  2.313  0.346]
[fjt] err=[ 0.     0.001 -0.001 -0.001 -0.002  0.003  0.002]
[fjt] names=['panda_joint1', 'panda_joint2', 'panda_joint3', 'panda_joint4', 'panda_joint5', 'panda_joint6', 'panda_joint7'] pts=1
[fjt] times[0..2]=[0.  3.5] times[-3:]=[0.  3.5]
[fjt] goal=[-0.097  0.147  0.582 -1.984 -0.094  2.106  1.313]
[fjt] final=[-0.098  0.147  0.582 -1.986 -0.093  2.108  1.033]
[fjt] err=[-0.    -0.001 -0.    -0.002  0.001  0.002 -0.28 ]
[fjt] names=['panda_joint1', 'panda_joint2', 'panda_joint3', 'panda_joint4', 'panda_joint5', 'panda_joint6', 'panda_joint7'] pts=1
[fjt] times[0..2]=[0.  3.5] times[-3:]=[0.  3.5]
[fjt] goal=[-0.097  0.147  0.582 -1.984 -0.094  2.106  1.313]
[fjt] final=[-0.098  0.147  0.582 -1.986 -0.093  2.107  1.311]
[fjt] err=[-0.    -0.001 -0.    -0.001  0.001  0.002 -0.002]
[fjt] names=['panda_joint1', 'panda_joint2', 'panda_joint3', 'panda_joint4', 'panda_joint5', 'panda_joint6', 'panda_joint7'] pts=1
[fjt] times[0..2]=[0. 2.] times[-3:]=[0. 2.]
[fjt] goal=[-0.069  0.298  0.549 -2.08  -0.212  2.325  1.392]
[fjt] final=[-0.069  0.297  0.55  -2.079 -0.21   2.322  1.39 ]
[fjt] err=[-0.    -0.     0.001  0.001  0.002 -0.002 -0.002]
[fjt] names=['panda_joint1', 'panda_joint2', 'panda_joint3', 'panda_joint4', 'panda_joint5', 'panda_joint6', 'panda_joint7'] pts=1
[fjt] times[0..2]=[0. 2.] times[-3:]=[0. 2.]
[fjt] goal=[-0.158  0.096  0.642 -1.887 -0.062  1.963  1.291]
[fjt] final=[-0.158  0.096  0.642 -1.888 -0.064  1.966  1.294]
[fjt] err=[ 0.001  0.    -0.001 -0.001 -0.002  0.003  0.002]
[fjt] names=['panda_joint1', 'panda_joint2', 'panda_joint3', 'panda_joint4', 'panda_joint5', 'panda_joint6', 'panda_joint7'] pts=1
[fjt] times[0..2]=[0. 3.] times[-3:]=[0. 3.]
[fjt] goal=[ 0.    -0.9    0.    -2.5    0.     1.6    0.785]
[fjt] final=[-0.000e+00 -5.260e-01  3.200e-02 -2.484e+00 -2.000e-03  1.602e+00
  7.870e-01]
[fjt] err=[-0.     0.374  0.032  0.016 -0.002  0.002  0.002]
[fjt] names=['panda_joint1', 'panda_joint2', 'panda_joint3', 'panda_joint4', 'panda_joint5', 'panda_joint6', 'panda_joint7'] pts=1
[fjt] times[0..2]=[0. 3.] times[-3:]=[0. 3.]
[fjt] goal=[ 0.    -0.9    0.    -2.5    0.     1.6    0.785]
[fjt] final=[-0.000e+00 -8.990e-01  1.000e-03 -2.499e+00 -1.000e-03  1.600e+00
  7.870e-01]
[fjt] err=[-0.     0.001  0.001  0.001 -0.001  0.     0.002]
