[robosuite WARNING] No private macro file found! (__init__.py:7)
[robosuite WARNING] It is recommended to use a private macro file (__init__.py:8)
[robosuite WARNING] To setup, run: python /storage/home/yehe8/.openrua/simulators/cap-x/capx/third_party/libero_dependencies/robosuite/robosuite/scripts/setup_macros.py (__init__.py:9)
Gym has been unmaintained since 2022 and does not support NumPy 2.0 amongst other critical functionality.
Please upgrade to Gymnasium, the maintained drop-in replacement of Gym, or contact the authors of your software and request that they upgrade.
See the migration guide at https://gymnasium.farama.org/introduction/migration_guide/ for additional information.
[info] Using default task order for benchmark 'libero_10_swap' (10 tasks).
[Warning]: datasets path /storage/home/yehe8/.openrua/simulators/cap-x/capx/third_party/LIBERO-PRO/libero/datasets does not exist!
[Warning]: datasets path /storage/home/yehe8/.openrua/simulators/cap-x/capx/third_party/LIBERO-PRO/libero/datasets does not exist!
robot ready
[Warning]: datasets path /storage/home/yehe8/.openrua/simulators/cap-x/capx/third_party/LIBERO-PRO/libero/datasets does not exist!
[fjt] names=['panda_joint1', 'panda_joint2', 'panda_joint3', 'panda_joint4', 'panda_joint5', 'panda_joint6', 'panda_joint7'] pts=1
[fjt] times[0..2]=[0. 4.] times[-3:]=[0. 4.]
[fjt] goal=[-0.242 -0.419 -0.32  -2.856 -0.201  2.447 -0.381]
[fjt] final=[-0.242 -0.418 -0.319 -2.855 -0.199  2.444  0.04 ]
[fjt] err=[ 0.     0.001  0.001  0.001  0.002 -0.002  0.421]
[fjt] names=['panda_joint1', 'panda_joint2', 'panda_joint3', 'panda_joint4', 'panda_joint5', 'panda_joint6', 'panda_joint7'] pts=1
[fjt] times[0..2]=[0. 2.] times[-3:]=[0. 2.]
[fjt] goal=[-0.186 -0.139 -0.375 -2.893 -0.137  2.761 -0.431]
[fjt] final=[-0.187 -0.139 -0.375 -2.892 -0.137  2.759 -0.377]
[fjt] err=[-0.001 -0.001  0.     0.001 -0.    -0.002  0.054]
[fjt] names=['panda_joint1', 'panda_joint2', 'panda_joint3', 'panda_joint4', 'panda_joint5', 'panda_joint6', 'panda_joint7'] pts=1
[fjt] times[0..2]=[0. 2.] times[-3:]=[0. 2.]
[fjt] goal=[-0.382  0.204 -0.089 -2.851  0.206  3.053 -0.675]
[fjt] final=[-0.381  0.155 -0.091 -2.861  0.204  3.045 -0.674]
[fjt] err=[ 0.001 -0.049 -0.002 -0.01  -0.002 -0.008  0.001]
[fjt] names=['panda_joint1', 'panda_joint2', 'panda_joint3', 'panda_joint4', 'panda_joint5', 'panda_joint6', 'panda_joint7'] pts=1
[fjt] times[0..2]=[0.  2.5] times[-3:]=[0.  2.5]
[fjt] goal=[-0.277 -0.415 -0.281 -2.857 -0.176  2.449 -0.399]
[fjt] final=[-0.277 -0.385 -0.28  -2.859 -0.174  2.523 -0.401]
[fjt] err=[-0.     0.03   0.001 -0.001  0.002  0.073 -0.003]
[fjt] names=['panda_joint1', 'panda_joint2', 'panda_joint3', 'panda_joint4', 'panda_joint5', 'panda_joint6', 'panda_joint7'] pts=1
[fjt] times[0..2]=[0. 2.] times[-3:]=[0. 2.]
[fjt] goal=[-0.261 -0.679 -0.229 -2.601 -0.153  1.931 -0.386]
[fjt] final=[-0.262 -0.679 -0.23  -2.603 -0.155  2.073 -0.389]
[fjt] err=[-0.     0.001 -0.001 -0.002 -0.002  0.142 -0.002]
[fjt] names=['panda_joint1', 'panda_joint2', 'panda_joint3', 'panda_joint4', 'panda_joint5', 'panda_joint6', 'panda_joint7'] pts=1
[fjt] times[0..2]=[0. 4.] times[-3:]=[0. 4.]
[fjt] goal=[-0.123  0.005  0.58  -1.978 -0.003  1.983  0.458]
[fjt] final=[-0.123  0.004  0.539 -1.981 -0.005  1.985  0.362]
[fjt] err=[-0.    -0.001 -0.041 -0.002 -0.001  0.002 -0.096]
[fjt] names=['panda_joint1', 'panda_joint2', 'panda_joint3', 'panda_joint4', 'panda_joint5', 'panda_joint6', 'panda_joint7'] pts=1
[fjt] times[0..2]=[0. 2.] times[-3:]=[0. 2.]
[fjt] goal=[-0.126 -0.014  0.546 -1.818  0.007  1.807  0.418]
[fjt] final=[-0.126 -0.013  0.547 -1.819  0.006  1.809  0.416]
[fjt] err=[ 0.     0.     0.    -0.001 -0.001  0.002 -0.002]
[fjt] names=['panda_joint1', 'panda_joint2', 'panda_joint3', 'panda_joint4', 'panda_joint5', 'panda_joint6', 'panda_joint7'] pts=1
[fjt] times[0..2]=[0. 4.] times[-3:]=[0. 4.]
[fjt] goal=[-0.516  0.446  0.202 -1.802 -0.111  2.237 -0.003]
[fjt] final=[-5.160e-01  4.450e-01  2.030e-01 -1.803e+00 -1.090e-01  2.235e+00
 -1.000e-03]
[fjt] err=[ 0.    -0.001  0.001 -0.001  0.001 -0.002  0.002]
[fjt] names=['panda_joint1', 'panda_joint2', 'panda_joint3', 'panda_joint4', 'panda_joint5', 'panda_joint6', 'panda_joint7'] pts=1
[fjt] times[0..2]=[0. 2.] times[-3:]=[0. 2.]
[fjt] goal=[-0.499  0.611  0.176 -1.823 -0.153  2.421  0.024]
[fjt] final=[-0.5    0.589  0.183 -1.8   -0.142  2.408  0.021]
[fjt] err=[-0.001 -0.022  0.006  0.023  0.011 -0.013 -0.003]
[fjt] names=['panda_joint1', 'panda_joint2', 'panda_joint3', 'panda_joint4', 'panda_joint5', 'panda_joint6', 'panda_joint7'] pts=1
[fjt] times[0..2]=[0. 2.] times[-3:]=[0. 2.]
[fjt] goal=[-0.478  0.775  0.149 -1.781 -0.185  2.543  0.044]
[fjt] final=[-0.48   0.768  0.145 -1.77  -0.183  2.541  0.041]
[fjt] err=[-0.002 -0.006 -0.003  0.012  0.002 -0.001 -0.003]
[fjt] names=['panda_joint1', 'panda_joint2', 'panda_joint3', 'panda_joint4', 'panda_joint5', 'panda_joint6', 'panda_joint7'] pts=1
[fjt] times[0..2]=[0.  2.5] times[-3:]=[0.  2.5]
[fjt] goal=[-5.290e-01  4.470e-01  2.160e-01 -1.802e+00 -1.180e-01  2.236e+00
  2.000e-03]
[fjt] final=[-0.528  0.448  0.215 -1.801 -0.12   2.238  0.004]
[fjt] err=[ 0.     0.001 -0.001  0.001 -0.002  0.002  0.002]
[fjt] names=['panda_joint1', 'panda_joint2', 'panda_joint3', 'panda_joint4', 'panda_joint5', 'panda_joint6', 'panda_joint7'] pts=1
[fjt] times[0..2]=[0. 2.] times[-3:]=[0. 2.]
[fjt] goal=[-0.546  0.301  0.245 -1.594 -0.076  1.886 -0.026]
[fjt] final=[-0.545  0.302  0.244 -1.595 -0.077  1.888 -0.023]
[fjt] err=[ 0.     0.    -0.001 -0.001 -0.001  0.003  0.002]
[fjt] names=['panda_joint1', 'panda_joint2', 'panda_joint3', 'panda_joint4', 'panda_joint5', 'panda_joint6', 'panda_joint7'] pts=1
[fjt] times[0..2]=[0. 4.] times[-3:]=[0. 4.]
[fjt] goal=[-0.171  0.243  0.709 -1.737 -0.168  1.918  0.581]
[fjt] final=[-0.171  0.244  0.709 -1.735 -0.166  1.916  0.579]
[fjt] err=[-0.     0.001 -0.001  0.001  0.001 -0.002 -0.003]
[fjt] names=['panda_joint1', 'panda_joint2', 'panda_joint3', 'panda_joint4', 'panda_joint5', 'panda_joint6', 'panda_joint7'] pts=1
[fjt] times[0..2]=[0. 3.] times[-3:]=[0. 3.]
[fjt] goal=[-0.527 -0.555  0.618 -2.241  0.317  1.763 -0.046]
[fjt] final=[-0.527 -0.374  0.619 -2.241  0.316  1.764 -0.01 ]
[fjt] err=[ 0.     0.182  0.     0.001 -0.001  0.     0.036]
