[robosuite WARNING] No private macro file found! (__init__.py:7)
[robosuite WARNING] It is recommended to use a private macro file (__init__.py:8)
[robosuite WARNING] To setup, run: python /storage/home/yehe8/.openrua/simulators/cap-x/capx/third_party/libero_dependencies/robosuite/robosuite/scripts/setup_macros.py (__init__.py:9)
Gym has been unmaintained since 2022 and does not support NumPy 2.0 amongst other critical functionality.
Please upgrade to Gymnasium, the maintained drop-in replacement of Gym, or contact the authors of your software and request that they upgrade.
See the migration guide at https://gymnasium.farama.org/introduction/migration_guide/ for additional information.
[info] Using default task order for benchmark 'libero_10_task' (10 tasks).
[Warning]: datasets path /storage/home/yehe8/.openrua/simulators/cap-x/capx/third_party/LIBERO-PRO/libero/datasets does not exist!
[Warning]: datasets path /storage/home/yehe8/.openrua/simulators/cap-x/capx/third_party/LIBERO-PRO/libero/datasets does not exist!
robot ready
[Warning]: datasets path /storage/home/yehe8/.openrua/simulators/cap-x/capx/third_party/LIBERO-PRO/libero/datasets does not exist!
[fjt] names=['panda_joint1', 'panda_joint2', 'panda_joint3', 'panda_joint4', 'panda_joint5', 'panda_joint6', 'panda_joint7'] pts=1
[fjt] times[0..2]=[0. 3.] times[-3:]=[0. 3.]
[fjt] goal=[-0.152 -0.027 -0.212 -2.535 -0.01   2.508  0.429]
[fjt] final=[-0.152 -0.028 -0.211 -2.534 -0.008  2.506  0.431]
[fjt] err=[ 0.    -0.     0.001  0.001  0.001 -0.002  0.002]
[fjt] names=['panda_joint1', 'panda_joint2', 'panda_joint3', 'panda_joint4', 'panda_joint5', 'panda_joint6', 'panda_joint7'] pts=4
[fjt] times[0..2]=[0.   0.75 1.5 ] times[-3:]=[1.5  2.25 3.  ]
[fjt] goal=[-0.192  0.385 -0.131 -2.501  0.19   2.879  0.288]
[fjt] final=[-0.191  0.328 -0.138 -2.522  0.187  2.862  0.289]
[fjt] err=[ 0.001 -0.057 -0.006 -0.021 -0.004 -0.017  0.002]
[fjt] names=['panda_joint1', 'panda_joint2', 'panda_joint3', 'panda_joint4', 'panda_joint5', 'panda_joint6', 'panda_joint7'] pts=1
[fjt] times[0..2]=[0. 2.] times[-3:]=[0. 2.]
[fjt] goal=[-0.192  0.385 -0.131 -2.501  0.19   2.879  0.288]
[fjt] final=[-0.191  0.331 -0.137 -2.518  0.187  2.864  0.289]
[fjt] err=[ 0.001 -0.054 -0.006 -0.017 -0.003 -0.015  0.001]
[fjt] names=['panda_joint1', 'panda_joint2', 'panda_joint3', 'panda_joint4', 'panda_joint5', 'panda_joint6', 'panda_joint7'] pts=1
[fjt] times[0..2]=[0. 2.] times[-3:]=[0. 2.]
[fjt] goal=[-0.016 -0.066 -0.345 -2.512 -0.035  2.45   0.453]
[fjt] final=[-0.016 -0.063 -0.344 -2.513 -0.033  2.458  0.45 ]
[fjt] err=[-0.001  0.003  0.001 -0.001  0.002  0.008 -0.003]
[fjt] names=['panda_joint1', 'panda_joint2', 'panda_joint3', 'panda_joint4', 'panda_joint5', 'panda_joint6', 'panda_joint7'] pts=1
[fjt] times[0..2]=[0. 3.] times[-3:]=[0. 3.]
[fjt] goal=[ 0.044 -0.068 -0.404 -2.512 -0.042  2.449 -1.113]
[fjt] final=[ 0.043 -0.067 -0.404 -2.513 -0.039  2.451 -0.124]
[fjt] err=[-0.001  0.     0.001 -0.001  0.002  0.002  0.99 ]
[fjt] names=['panda_joint1', 'panda_joint2', 'panda_joint3', 'panda_joint4', 'panda_joint5', 'panda_joint6', 'panda_joint7'] pts=4
[fjt] times[0..2]=[0.   0.75 1.5 ] times[-3:]=[1.5  2.25 3.  ]
[fjt] goal=[-0.006  0.403 -0.281 -2.49   0.398  2.857 -1.434]
[fjt] final=[-0.006  0.25  -0.291 -2.498  0.391  2.826 -0.743]
[fjt] err=[ 0.    -0.153 -0.01  -0.008 -0.007 -0.032  0.691]
[fjt] names=['panda_joint1', 'panda_joint2', 'panda_joint3', 'panda_joint4', 'panda_joint5', 'panda_joint6', 'panda_joint7'] pts=1
[fjt] times[0..2]=[0. 6.] times[-3:]=[0. 6.]
[fjt] goal=[ 0.119 -0.07  -0.481 -2.512 -0.051  2.449 -1.107]
[fjt] final=[ 0.119 -0.069 -0.48  -2.511 -0.049  2.451 -1.104]
[fjt] err=[-0.     0.001  0.001  0.001  0.001  0.002  0.002]
[fjt] names=['panda_joint1', 'panda_joint2', 'panda_joint3', 'panda_joint4', 'panda_joint5', 'panda_joint6', 'panda_joint7'] pts=4
[fjt] times[0..2]=[0. 1. 2.] times[-3:]=[2. 3. 4.]
[fjt] goal=[ 0.022  0.407 -0.304 -2.488  0.428  2.853 -1.456]
[fjt] final=[ 0.025  0.349 -0.314 -2.504  0.422  2.837 -1.451]
[fjt] err=[ 0.003 -0.057 -0.011 -0.016 -0.006 -0.016  0.005]
[fjt] names=['panda_joint1', 'panda_joint2', 'panda_joint3', 'panda_joint4', 'panda_joint5', 'panda_joint6', 'panda_joint7'] pts=1
[fjt] times[0..2]=[0. 3.] times[-3:]=[0. 3.]
[fjt] goal=[ 0.319 -0.023 -0.68  -2.524 -0.024  2.506 -1.126]
[fjt] final=[ 0.319 -0.022 -0.679 -2.523 -0.022  2.508 -1.128]
[fjt] err=[-0.001  0.001  0.001  0.001  0.002  0.002 -0.003]
[fjt] names=['panda_joint1', 'panda_joint2', 'panda_joint3', 'panda_joint4', 'panda_joint5', 'panda_joint6', 'panda_joint7'] pts=1
[fjt] times[0..2]=[0. 3.] times[-3:]=[0. 3.]
[fjt] goal=[ 0.032  0.438 -0.818 -2.053  0.434  2.315 -1.826]
[fjt] final=[ 0.033  0.437 -0.818 -2.055  0.433  2.317 -1.723]
[fjt] err=[ 0.    -0.001  0.    -0.002 -0.001  0.002  0.103]
[fjt] names=['panda_joint1', 'panda_joint2', 'panda_joint3', 'panda_joint4', 'panda_joint5', 'panda_joint6', 'panda_joint7'] pts=4
[fjt] times[0..2]=[0. 1. 2.] times[-3:]=[2. 3. 4.]
[fjt] goal=[-0.164  0.73  -0.564 -2.01   0.686  2.544 -1.985]
[fjt] final=[-0.164  0.729 -0.565 -2.01   0.684  2.542 -1.983]
[fjt] err=[ 0.    -0.001 -0.001 -0.001 -0.002 -0.002  0.002]
[fjt] names=['panda_joint1', 'panda_joint2', 'panda_joint3', 'panda_joint4', 'panda_joint5', 'panda_joint6', 'panda_joint7'] pts=1
[fjt] times[0..2]=[0. 3.] times[-3:]=[0. 3.]
[fjt] goal=[ 0.027  0.435 -0.812 -2.054  0.429  2.316 -1.823]
[fjt] final=[ 0.026  0.436 -0.811 -2.053  0.431  2.318 -1.825]
[fjt] err=[-0.001  0.001  0.001  0.001  0.002  0.002 -0.002]
[fjt] names=['panda_joint1', 'panda_joint2', 'panda_joint3', 'panda_joint4', 'panda_joint5', 'panda_joint6', 'panda_joint7'] pts=1
[fjt] times[0..2]=[0. 3.] times[-3:]=[0. 3.]
[fjt] goal=[ 0.601 -0.031 -0.963 -2.524 -0.043  2.505 -1.112]
[fjt] final=[ 0.597 -0.031 -0.962 -2.522 -0.042  2.503 -1.227]
[fjt] err=[-0.004  0.001  0.001  0.001  0.002 -0.002 -0.115]
[fjt] names=['panda_joint1', 'panda_joint2', 'panda_joint3', 'panda_joint4', 'panda_joint5', 'panda_joint6', 'panda_joint7'] pts=4
[fjt] times[0..2]=[0. 1. 2.] times[-3:]=[2. 3. 4.]
[fjt] goal=[ 0.335  0.478 -0.57  -2.454  0.755  2.771 -1.688]
[fjt] final=[ 0.341  0.417 -0.591 -2.473  0.672  2.762 -1.692]
[fjt] err=[ 0.006 -0.061 -0.022 -0.019 -0.083 -0.009 -0.005]
[fjt] names=['panda_joint1', 'panda_joint2', 'panda_joint3', 'panda_joint4', 'panda_joint5', 'panda_joint6', 'panda_joint7'] pts=1
[fjt] times[0..2]=[0. 2.] times[-3:]=[0. 2.]
[fjt] goal=[ 0.385  0.402 -0.641 -2.485  0.641  2.74  -1.604]
[fjt] final=[ 0.385  0.403 -0.64  -2.484  0.643  2.741 -1.606]
[fjt] err=[-0.     0.001  0.001  0.001  0.002  0.002 -0.002]
[fjt] names=['panda_joint1', 'panda_joint2', 'panda_joint3', 'panda_joint4', 'panda_joint5', 'panda_joint6', 'panda_joint7'] pts=4
[fjt] times[0..2]=[0.   0.75 1.5 ] times[-3:]=[1.5  2.25 3.  ]
[fjt] goal=[ 0.638 -0.401 -0.945 -2.389 -0.378  2.113 -0.851]
[fjt] final=[ 0.638 -0.212 -0.946 -2.391  0.031  2.169 -1.013]
[fjt] err=[ 0.001  0.189 -0.001 -0.002  0.409  0.057 -0.162]
[fjt] names=['panda_joint1', 'panda_joint2', 'panda_joint3', 'panda_joint4', 'panda_joint5', 'panda_joint6', 'panda_joint7'] pts=1
[fjt] times[0..2]=[0. 4.] times[-3:]=[0. 4.]
[fjt] goal=[ 0.526 -0.351 -0.845 -2.394 -0.309  2.133 -0.904]
[fjt] final=[ 0.526 -0.35  -0.846 -2.394 -0.308  2.134 -0.907]
[fjt] err=[ 0.     0.001 -0.001  0.     0.002  0.002 -0.003]
[fjt] names=['panda_joint1', 'panda_joint2', 'panda_joint3', 'panda_joint4', 'panda_joint5', 'panda_joint6', 'panda_joint7'] pts=1
[fjt] times[0..2]=[0. 5.] times[-3:]=[0. 5.]
[fjt] goal=[ 0.817  0.083 -0.36  -2.046  0.034  2.123 -0.345]
[fjt] final=[ 0.817  0.082 -0.361 -2.048  0.033  2.125 -0.348]
[fjt] err=[-0.    -0.    -0.001 -0.002 -0.001  0.002 -0.002]
[fjt] names=['panda_joint1', 'panda_joint2', 'panda_joint3', 'panda_joint4', 'panda_joint5', 'panda_joint6', 'panda_joint7'] pts=4
[fjt] times[0..2]=[0.   0.75 1.5 ] times[-3:]=[1.5  2.25 3.  ]
[fjt] goal=[ 0.8    0.263 -0.34  -2.154  0.129  2.399 -0.41 ]
[fjt] final=[ 0.8    0.263 -0.341 -2.154  0.127  2.397 -0.408]
[fjt] err=[ 0.    -0.    -0.001  0.    -0.002 -0.002  0.002]
[fjt] names=['panda_joint1', 'panda_joint2', 'panda_joint3', 'panda_joint4', 'panda_joint5', 'panda_joint6', 'panda_joint7'] pts=4
[fjt] times[0..2]=[0.   0.75 1.5 ] times[-3:]=[1.5  2.25 3.  ]
[fjt] goal=[ 0.827  0.053 -0.368 -2.001  0.022  2.051 -0.336]
[fjt] final=[ 0.826  0.054 -0.367 -2.002  0.023  2.053 -0.339]
[fjt] err=[-0.     0.     0.001 -0.001  0.002  0.002 -0.002]
[fjt] names=['panda_joint1', 'panda_joint2', 'panda_joint3', 'panda_joint4', 'panda_joint5', 'panda_joint6', 'panda_joint7'] pts=1
[fjt] times[0..2]=[0. 5.] times[-3:]=[0. 5.]
[fjt] goal=[ 0.624  0.347 -0.551 -2.075  0.255  2.358  0.703]
[fjt] final=[ 0.624  0.347 -0.55  -2.075  0.253  2.356  0.442]
[fjt] err=[ 0.    -0.     0.001  0.001 -0.002 -0.002 -0.261]
[fjt] names=['panda_joint1', 'panda_joint2', 'panda_joint3', 'panda_joint4', 'panda_joint5', 'panda_joint6', 'panda_joint7'] pts=1
[fjt] times[0..2]=[0. 4.] times[-3:]=[0. 4.]
[fjt] goal=[ 0.66   0.36  -0.588 -2.068  0.279  2.352  0.688]
[fjt] final=[ 0.659  0.359 -0.588 -2.07   0.278  2.354  0.686]
[fjt] err=[-0.001 -0.001  0.001 -0.001 -0.001  0.002 -0.002]
[fjt] names=['panda_joint1', 'panda_joint2', 'panda_joint3', 'panda_joint4', 'panda_joint5', 'panda_joint6', 'panda_joint7'] pts=4
[fjt] times[0..2]=[0. 1. 2.] times[-3:]=[2. 3. 4.]
[fjt] goal=[ 0.51   0.713 -0.39  -2.015  0.532  2.629  0.52 ]
[fjt] final=[ 0.513  0.695 -0.397 -2.022  0.524  2.617  0.524]
[fjt] err=[ 0.003 -0.017 -0.007 -0.007 -0.008 -0.012  0.004]
[fjt] names=['panda_joint1', 'panda_joint2', 'panda_joint3', 'panda_joint4', 'panda_joint5', 'panda_joint6', 'panda_joint7'] pts=1
[fjt] times[0..2]=[0. 2.] times[-3:]=[0. 2.]
[fjt] goal=[ 0.507  0.717 -0.386 -2.014  0.533  2.632  0.52 ]
[fjt] final=[ 0.511  0.695 -0.395 -2.022  0.524  2.618  0.523]
[fjt] err=[ 0.004 -0.022 -0.009 -0.009 -0.009 -0.014  0.004]
[fjt] names=['panda_joint1', 'panda_joint2', 'panda_joint3', 'panda_joint4', 'panda_joint5', 'panda_joint6', 'panda_joint7'] pts=4
[fjt] times[0..2]=[0.   0.75 1.5 ] times[-3:]=[1.5  2.25 3.  ]
[fjt] goal=[ 0.738  0.202 -0.678 -1.99   0.15   2.143  0.773]
[fjt] final=[ 0.738  0.203 -0.678 -1.991  0.152  2.145  0.771]
[fjt] err=[-0.001  0.001  0.001 -0.001  0.002  0.003 -0.002]
[fjt] names=['panda_joint1', 'panda_joint2', 'panda_joint3', 'panda_joint4', 'panda_joint5', 'panda_joint6', 'panda_joint7'] pts=1
[fjt] times[0..2]=[0. 5.] times[-3:]=[0. 5.]
[fjt] goal=[ 1.097  0.178 -0.582 -1.949  0.113  2.095  1.251]
[fjt] final=[ 1.096  0.179 -0.582 -1.95   0.114  2.097  1.248]
[fjt] err=[-0.     0.    -0.001 -0.001  0.002  0.002 -0.003]
[fjt] names=['panda_joint1', 'panda_joint2', 'panda_joint3', 'panda_joint4', 'panda_joint5', 'panda_joint6', 'panda_joint7'] pts=4
[fjt] times[0..2]=[0.   0.75 1.5 ] times[-3:]=[1.5  2.25 3.  ]
[fjt] goal=[ 1.056  0.36  -0.532 -2.054  0.254  2.351  1.157]
[fjt] final=[ 1.056  0.359 -0.532 -2.053  0.252  2.349  1.16 ]
[fjt] err=[ 0.    -0.    -0.001  0.001 -0.002 -0.002  0.002]
[fjt] names=['panda_joint1', 'panda_joint2', 'panda_joint3', 'panda_joint4', 'panda_joint5', 'panda_joint6', 'panda_joint7'] pts=4
[fjt] times[0..2]=[0.   0.75 1.5 ] times[-3:]=[1.5  2.25 3.  ]
[fjt] goal=[ 1.116  0.126 -0.601 -1.851  0.077  1.955  1.276]
[fjt] final=[ 1.115  0.127 -0.6   -1.852  0.078  1.957  1.273]
[fjt] err=[-0.     0.     0.001 -0.001  0.002  0.002 -0.002]
[fjt] names=['panda_joint1', 'panda_joint2', 'panda_joint3', 'panda_joint4', 'panda_joint5', 'panda_joint6', 'panda_joint7'] pts=1
[fjt] times[0..2]=[0. 4.] times[-3:]=[0. 4.]
[fjt] goal=[ 1.056 -0.565 -0.698 -2.352 -0.369  1.879  1.342]
[fjt] final=[ 1.056 -0.563 -0.697 -2.351 -0.368  1.881  1.34 ]
[fjt] err=[ 0.     0.002  0.     0.001  0.002  0.001 -0.002]
