[robosuite WARNING] No private macro file found! (__init__.py:7)
[robosuite WARNING] It is recommended to use a private macro file (__init__.py:8)
[robosuite WARNING] To setup, run: python /storage/home/yehe8/.openrua/simulators/cap-x/capx/third_party/libero_dependencies/robosuite/robosuite/scripts/setup_macros.py (__init__.py:9)
Gym has been unmaintained since 2022 and does not support NumPy 2.0 amongst other critical functionality.
Please upgrade to Gymnasium, the maintained drop-in replacement of Gym, or contact the authors of your software and request that they upgrade.
See the migration guide at https://gymnasium.farama.org/introduction/migration_guide/ for additional information.
[info] Using default task order for benchmark 'libero_10_swap' (10 tasks).
[Warning]: datasets path /storage/home/yehe8/.openrua/simulators/cap-x/capx/third_party/LIBERO-PRO/libero/datasets does not exist!
[Warning]: datasets path /storage/home/yehe8/.openrua/simulators/cap-x/capx/third_party/LIBERO-PRO/libero/datasets does not exist!
robot ready
[Warning]: datasets path /storage/home/yehe8/.openrua/simulators/cap-x/capx/third_party/LIBERO-PRO/libero/datasets does not exist!
[fjt] names=['panda_joint1', 'panda_joint2', 'panda_joint3', 'panda_joint4', 'panda_joint5', 'panda_joint6', 'panda_joint7'] pts=1
[fjt] times[0..2]=[0. 4.] times[-3:]=[0. 4.]
[fjt] goal=[-0.099  0.103 -0.447 -2.199  0.059  2.291 -1.368]
[fjt] final=[-0.099  0.102 -0.447 -2.2    0.058  2.289  0.033]
[fjt] err=[ 0.000e+00 -1.000e-03  0.000e+00 -1.000e-03 -1.000e-03 -2.000e-03
  1.401e+00]
[fjt] names=['panda_joint1', 'panda_joint2', 'panda_joint3', 'panda_joint4', 'panda_joint5', 'panda_joint6', 'panda_joint7'] pts=1
[fjt] times[0..2]=[0. 3.] times[-3:]=[0. 3.]
[fjt] goal=[-0.158  0.418 -0.362 -2.24   0.289  2.615 -1.528]
[fjt] final=[-0.16   0.373 -0.387 -2.202  0.281  2.598 -0.565]
[fjt] err=[-0.003 -0.044 -0.025  0.038 -0.008 -0.017  0.963]
[fjt] names=['panda_joint1', 'panda_joint2', 'panda_joint3', 'panda_joint4', 'panda_joint5', 'panda_joint6', 'panda_joint7'] pts=1
[fjt] times[0..2]=[0.  2.5] times[-3:]=[0.  2.5]
[fjt] goal=[-0.085  0.239 -0.455 -2.241  0.164  2.451 -1.441]
[fjt] final=[-0.085  0.24  -0.455 -2.241  0.167  2.452 -1.057]
[fjt] err=[-0.001  0.001  0.001  0.001  0.002  0.002  0.384]
[fjt] names=['panda_joint1', 'panda_joint2', 'panda_joint3', 'panda_joint4', 'panda_joint5', 'panda_joint6', 'panda_joint7'] pts=1
[fjt] times[0..2]=[0. 4.] times[-3:]=[0. 4.]
[fjt] goal=[-0.173  0.415 -0.348 -2.24   0.278  2.616 -1.52 ]
[fjt] final=[-0.172  0.415 -0.348 -2.241  0.276  2.614 -1.517]
[fjt] err=[ 0.    -0.001 -0.001 -0.    -0.002 -0.002  0.003]
[fjt] names=['panda_joint1', 'panda_joint2', 'panda_joint3', 'panda_joint4', 'panda_joint5', 'panda_joint6', 'panda_joint7'] pts=1
[fjt] times[0..2]=[0. 3.] times[-3:]=[0. 3.]
[fjt] goal=[-0.102  0.237 -0.437 -2.242  0.157  2.451 -1.436]
[fjt] final=[-0.103  0.239 -0.437 -2.242  0.159  2.453 -1.438]
[fjt] err=[-0.001  0.002  0.001 -0.     0.002  0.002 -0.002]
[fjt] names=['panda_joint1', 'panda_joint2', 'panda_joint3', 'panda_joint4', 'panda_joint5', 'panda_joint6', 'panda_joint7'] pts=1
[fjt] times[0..2]=[0. 3.] times[-3:]=[0. 3.]
[fjt] goal=[-0.036  0.029 -0.507 -2.144  0.017  2.17  -1.338]
[fjt] final=[-0.037  0.031 -0.506 -2.147  0.019  2.172 -1.34 ]
[fjt] err=[-0.001  0.001  0.001 -0.003  0.001  0.003 -0.002]
[fjt] names=['panda_joint1', 'panda_joint2', 'panda_joint3', 'panda_joint4', 'panda_joint5', 'panda_joint6', 'panda_joint7'] pts=1
[fjt] times[0..2]=[0. 3.] times[-3:]=[0. 3.]
[fjt] goal=[ 0.045  0.148 -0.435 -2.003  0.074  2.136 -0.818]
[fjt] final=[ 0.045  0.148 -0.435 -2.006  0.072  2.138 -0.823]
[fjt] err=[-0.     0.    -0.    -0.003 -0.002  0.002 -0.005]
[fjt] names=['panda_joint1', 'panda_joint2', 'panda_joint3', 'panda_joint4', 'panda_joint5', 'panda_joint6', 'panda_joint7'] pts=1
[fjt] times[0..2]=[0. 3.] times[-3:]=[0. 3.]
[fjt] goal=[ 0.126  0.309 -0.397 -1.789  0.134  2.071 -0.319]
[fjt] final=[ 0.126  0.309 -0.397 -1.792  0.133  2.073 -0.322]
[fjt] err=[-0.     0.    -0.    -0.003 -0.002  0.002 -0.004]
[fjt] names=['panda_joint1', 'panda_joint2', 'panda_joint3', 'panda_joint4', 'panda_joint5', 'panda_joint6', 'panda_joint7'] pts=1
[fjt] times[0..2]=[0. 3.] times[-3:]=[0. 3.]
[fjt] goal=[ 0.193  0.521 -0.389 -1.479  0.206  1.959  0.165]
[fjt] final=[ 0.193  0.521 -0.389 -1.482  0.204  1.961  0.162]
[fjt] err=[-0.     0.     0.    -0.003 -0.001  0.002 -0.003]
[fjt] names=['panda_joint1', 'panda_joint2', 'panda_joint3', 'panda_joint4', 'panda_joint5', 'panda_joint6', 'panda_joint7'] pts=1
[fjt] times[0..2]=[0. 3.] times[-3:]=[0. 3.]
[fjt] goal=[ 0.197  0.841 -0.394 -0.951  0.295  1.744  0.659]
[fjt] final=[ 0.196  0.841 -0.393 -0.956  0.293  1.746  0.656]
[fjt] err=[-0.     0.     0.001 -0.005 -0.002  0.001 -0.003]
[fjt] names=['panda_joint1', 'panda_joint2', 'panda_joint3', 'panda_joint4', 'panda_joint5', 'panda_joint6', 'panda_joint7'] pts=1
[fjt] times[0..2]=[0. 3.] times[-3:]=[0. 3.]
[fjt] goal=[ 0.217  0.902 -0.378 -1.121  0.319  1.968  0.634]
[fjt] final=[ 0.216  0.903 -0.378 -1.121  0.318  1.965  0.636]
[fjt] err=[-0.     0.001  0.    -0.    -0.001 -0.003  0.002]
[fjt] names=['panda_joint1', 'panda_joint2', 'panda_joint3', 'panda_joint4', 'panda_joint5', 'panda_joint6', 'panda_joint7'] pts=1
[fjt] times[0..2]=[0. 3.] times[-3:]=[0. 3.]
[fjt] goal=[ 0.211  0.978 -0.36  -1.142  0.338  2.064  0.624]
[fjt] final=[ 0.212  0.969 -0.363 -1.14   0.335  2.05   0.626]
[fjt] err=[ 0.001 -0.009 -0.003  0.002 -0.003 -0.013  0.002]
[fjt] names=['panda_joint1', 'panda_joint2', 'panda_joint3', 'panda_joint4', 'panda_joint5', 'panda_joint6', 'panda_joint7'] pts=1
[fjt] times[0..2]=[0. 2.] times[-3:]=[0. 2.]
[fjt] goal=[ 0.211  0.978 -0.36  -1.142  0.338  2.064  0.624]
[fjt] final=[ 0.212  0.969 -0.363 -1.14   0.336  2.052  0.626]
[fjt] err=[ 0.001 -0.009 -0.003  0.002 -0.003 -0.011  0.002]
[fjt] names=['panda_joint1', 'panda_joint2', 'panda_joint3', 'panda_joint4', 'panda_joint5', 'panda_joint6', 'panda_joint7'] pts=1
[fjt] times[0..2]=[0. 3.] times[-3:]=[0. 3.]
[fjt] goal=[ 0.215  0.866 -0.387 -1.08   0.308  1.893  0.642]
[fjt] final=[ 0.215  0.866 -0.387 -1.081  0.31   1.895  0.639]
[fjt] err=[-0.     0.     0.001 -0.001  0.001  0.002 -0.002]
[fjt] names=['panda_joint1', 'panda_joint2', 'panda_joint3', 'panda_joint4', 'panda_joint5', 'panda_joint6', 'panda_joint7'] pts=1
[fjt] times[0..2]=[0. 4.] times[-3:]=[0. 4.]
[fjt] goal=[ 0.554  0.369 -0.301 -1.825  0.13   2.175 -0.587]
[fjt] final=[ 0.553  0.37  -0.302 -1.816  0.132  2.174 -0.027]
[fjt] err=[-0.     0.001 -0.001  0.008  0.002 -0.001  0.56 ]
[fjt] names=['panda_joint1', 'panda_joint2', 'panda_joint3', 'panda_joint4', 'panda_joint5', 'panda_joint6', 'panda_joint7'] pts=1
[fjt] times[0..2]=[0. 2.] times[-3:]=[0. 2.]
[fjt] goal=[ 0.554  0.369 -0.301 -1.825  0.13   2.175 -0.587]
[fjt] final=[ 0.554  0.37  -0.302 -1.823  0.132  2.174 -0.446]
[fjt] err=[-0.     0.001 -0.001  0.001  0.002 -0.001  0.141]
[fjt] names=['panda_joint1', 'panda_joint2', 'panda_joint3', 'panda_joint4', 'panda_joint5', 'panda_joint6', 'panda_joint7'] pts=1
[fjt] times[0..2]=[0. 3.] times[-3:]=[0. 3.]
[fjt] goal=[ 0.516  0.614 -0.246 -1.87   0.224  2.457 -0.647]
[fjt] final=[ 0.516  0.614 -0.247 -1.869  0.222  2.455 -0.644]
[fjt] err=[ 0.    -0.    -0.001  0.001 -0.002 -0.002  0.003]
[fjt] names=['panda_joint1', 'panda_joint2', 'panda_joint3', 'panda_joint4', 'panda_joint5', 'panda_joint6', 'panda_joint7'] pts=1
[fjt] times[0..2]=[0.  2.5] times[-3:]=[0.  2.5]
[fjt] goal=[ 0.546  0.471 -0.287 -1.868  0.175  2.315 -0.616]
[fjt] final=[ 0.545  0.473 -0.286 -1.869  0.176  2.317 -0.618]
[fjt] err=[-0.     0.002  0.001 -0.001  0.001  0.002 -0.002]
[fjt] names=['panda_joint1', 'panda_joint2', 'panda_joint3', 'panda_joint4', 'panda_joint5', 'panda_joint6', 'panda_joint7'] pts=1
[fjt] times[0..2]=[0. 3.] times[-3:]=[0. 3.]
[fjt] goal=[ 0.575  0.316 -0.326 -1.77   0.113  2.067 -0.576]
[fjt] final=[ 0.574  0.317 -0.326 -1.772  0.114  2.069 -0.579]
[fjt] err=[-0.     0.001  0.001 -0.003  0.001  0.002 -0.002]
[fjt] names=['panda_joint1', 'panda_joint2', 'panda_joint3', 'panda_joint4', 'panda_joint5', 'panda_joint6', 'panda_joint7'] pts=1
[fjt] times[0..2]=[0. 3.] times[-3:]=[0. 3.]
[fjt] goal=[ 0.551  0.435 -0.382 -1.607  0.174  2.008 -0.265]
[fjt] final=[ 0.551  0.435 -0.381 -1.61   0.173  2.01  -0.268]
[fjt] err=[ 0.     0.     0.001 -0.003 -0.002  0.002 -0.002]
[fjt] names=['panda_joint1', 'panda_joint2', 'panda_joint3', 'panda_joint4', 'panda_joint5', 'panda_joint6', 'panda_joint7'] pts=1
[fjt] times[0..2]=[0. 3.] times[-3:]=[0. 3.]
[fjt] goal=[ 0.516  0.573 -0.437 -1.41   0.248  1.929  0.053]
[fjt] final=[ 0.516  0.573 -0.437 -1.413  0.246  1.93   0.051]
[fjt] err=[ 0.     0.     0.001 -0.003 -0.002  0.002 -0.002]
[fjt] names=['panda_joint1', 'panda_joint2', 'panda_joint3', 'panda_joint4', 'panda_joint5', 'panda_joint6', 'panda_joint7'] pts=1
[fjt] times[0..2]=[0. 3.] times[-3:]=[0. 3.]
[fjt] goal=[ 0.453  0.74  -0.487 -1.153  0.331  1.819  0.389]
[fjt] final=[ 0.453  0.741 -0.485 -1.157  0.33   1.82   0.387]
[fjt] err=[ 0.     0.     0.001 -0.003 -0.002  0.001 -0.002]
[fjt] names=['panda_joint1', 'panda_joint2', 'panda_joint3', 'panda_joint4', 'panda_joint5', 'panda_joint6', 'panda_joint7'] pts=1
[fjt] times[0..2]=[0. 3.] times[-3:]=[0. 3.]
[fjt] goal=[ 0.311  0.997 -0.511 -0.698  0.424  1.625  0.776]
[fjt] final=[ 0.311  0.997 -0.509 -0.701  0.422  1.627  0.773]
[fjt] err=[ 0.     0.     0.001 -0.003 -0.002  0.001 -0.002]
[fjt] names=['panda_joint1', 'panda_joint2', 'panda_joint3', 'panda_joint4', 'panda_joint5', 'panda_joint6', 'panda_joint7'] pts=1
[fjt] times[0..2]=[0. 3.] times[-3:]=[0. 3.]
[fjt] goal=[ 0.374  1.014 -0.51  -0.949  0.449  1.87   0.731]
[fjt] final=[ 0.373  1.015 -0.509 -0.95   0.447  1.868  0.733]
[fjt] err=[-0.     0.001  0.001 -0.    -0.001 -0.003  0.002]
[fjt] names=['panda_joint1', 'panda_joint2', 'panda_joint3', 'panda_joint4', 'panda_joint5', 'panda_joint6', 'panda_joint7'] pts=1
[fjt] times[0..2]=[0. 3.] times[-3:]=[0. 3.]
[fjt] goal=[ 0.373  1.083 -0.491 -0.98   0.469  1.967  0.719]
[fjt] final=[ 0.373  1.08  -0.492 -0.979  0.467  1.96   0.722]
[fjt] err=[ 0.    -0.003 -0.001  0.001 -0.002 -0.007  0.003]
[fjt] names=['panda_joint1', 'panda_joint2', 'panda_joint3', 'panda_joint4', 'panda_joint5', 'panda_joint6', 'panda_joint7'] pts=1
[fjt] times[0..2]=[0. 3.] times[-3:]=[0. 3.]
[fjt] goal=[ 0.364  0.987 -0.518 -0.892  0.438  1.791  0.743]
[fjt] final=[ 0.364  0.987 -0.518 -0.894  0.439  1.793  0.74 ]
[fjt] err=[ 0.     0.     0.    -0.001  0.001  0.002 -0.002]
[fjt] names=['panda_joint1', 'panda_joint2', 'panda_joint3', 'panda_joint4', 'panda_joint5', 'panda_joint6', 'panda_joint7'] pts=1
[fjt] times[0..2]=[0. 4.] times[-3:]=[0. 4.]
[fjt] goal=[ 0.    -0.161  0.    -2.445  0.     2.227  0.785]
[fjt] final=[ 1.000e-03  2.070e-01 -1.000e-03 -1.668e+00  2.000e-03  2.225e+00
  7.830e-01]
[fjt] err=[ 0.001  0.368 -0.001  0.777  0.002 -0.002 -0.002]
[fjt] names=['panda_joint1', 'panda_joint2', 'panda_joint3', 'panda_joint4', 'panda_joint5', 'panda_joint6', 'panda_joint7'] pts=1
[fjt] times[0..2]=[0. 2.] times[-3:]=[0. 2.]
[fjt] goal=[ 0.    -0.161  0.    -2.445  0.     2.227  0.785]
[fjt] final=[ 0.000e+00 -1.600e-01 -1.000e-03 -2.125e+00  1.000e-03  2.227e+00
  7.830e-01]
[fjt] err=[ 0.     0.001 -0.001  0.32   0.001 -0.    -0.002]
