[robosuite WARNING] No private macro file found! (__init__.py:7)
[robosuite WARNING] It is recommended to use a private macro file (__init__.py:8)
[robosuite WARNING] To setup, run: python /storage/home/yehe8/.openrua/simulators/cap-x/capx/third_party/libero_dependencies/robosuite/robosuite/scripts/setup_macros.py (__init__.py:9)
Gym has been unmaintained since 2022 and does not support NumPy 2.0 amongst other critical functionality.
Please upgrade to Gymnasium, the maintained drop-in replacement of Gym, or contact the authors of your software and request that they upgrade.
See the migration guide at https://gymnasium.farama.org/introduction/migration_guide/ for additional information.
[info] Using default task order for benchmark 'libero_10_task' (10 tasks).
[Warning]: datasets path /storage/home/yehe8/.openrua/simulators/cap-x/capx/third_party/LIBERO-PRO/libero/datasets does not exist!
[Warning]: datasets path /storage/home/yehe8/.openrua/simulators/cap-x/capx/third_party/LIBERO-PRO/libero/datasets does not exist!
robot ready
[Warning]: datasets path /storage/home/yehe8/.openrua/simulators/cap-x/capx/third_party/LIBERO-PRO/libero/datasets does not exist!
[fjt] names=['panda_joint1', 'panda_joint2', 'panda_joint3', 'panda_joint4', 'panda_joint5', 'panda_joint6', 'panda_joint7'] pts=1
[fjt] times[0..2]=[0. 3.] times[-3:]=[0. 3.]
[fjt] goal=[ 0.035 -0.245  0.043 -2.62   0.015  2.374  0.851]
[fjt] final=[ 0.035 -0.245  0.042 -2.618  0.013  2.372  0.849]
[fjt] err=[-0.     0.001 -0.001  0.001 -0.001 -0.002 -0.002]
[fjt] names=['panda_joint1', 'panda_joint2', 'panda_joint3', 'panda_joint4', 'panda_joint5', 'panda_joint6', 'panda_joint7'] pts=1
[fjt] times[0..2]=[0.  2.5] times[-3:]=[0.  2.5]
[fjt] goal=[ 0.039  0.282  0.029 -2.648 -0.039  2.93   0.891]
[fjt] final=[ 0.038  0.245  0.03  -2.655 -0.037  2.885  0.888]
[fjt] err=[-0.    -0.037  0.    -0.007  0.002 -0.045 -0.003]
[fjt] names=['panda_joint1', 'panda_joint2', 'panda_joint3', 'panda_joint4', 'panda_joint5', 'panda_joint6', 'panda_joint7'] pts=1
[fjt] times[0..2]=[0.  2.5] times[-3:]=[0.  2.5]
[fjt] goal=[-0.017 -0.248  0.095 -2.622  0.034  2.374  0.837]
[fjt] final=[-0.016 -0.245  0.094 -2.623  0.032  2.387  0.839]
[fjt] err=[ 0.     0.004 -0.001 -0.001 -0.002  0.013  0.002]
[fjt] names=['panda_joint1', 'panda_joint2', 'panda_joint3', 'panda_joint4', 'panda_joint5', 'panda_joint6', 'panda_joint7'] pts=1
[fjt] times[0..2]=[0. 2.] times[-3:]=[0. 2.]
[fjt] goal=[-0.016 -0.41   0.086 -2.462  0.039  2.053  0.83 ]
[fjt] final=[-0.016 -0.409  0.086 -2.464  0.037  2.056  0.833]
[fjt] err=[ 0.     0.001  0.001 -0.002 -0.001  0.003  0.002]
[fjt] names=['panda_joint1', 'panda_joint2', 'panda_joint3', 'panda_joint4', 'panda_joint5', 'panda_joint6', 'panda_joint7'] pts=1
[fjt] times[0..2]=[0. 3.] times[-3:]=[0. 3.]
[fjt] goal=[ 0.097  0.034  0.338 -1.997 -0.013  2.029  1.226]
[fjt] final=[ 0.097  0.034  0.337 -1.999 -0.011  2.031  1.224]
[fjt] err=[-0.    -0.001 -0.001 -0.002  0.001  0.002 -0.003]
[fjt] names=['panda_joint1', 'panda_joint2', 'panda_joint3', 'panda_joint4', 'panda_joint5', 'panda_joint6', 'panda_joint7'] pts=1
[fjt] times[0..2]=[0.  2.5] times[-3:]=[0.  2.5]
[fjt] goal=[ 0.113  0.253  0.322 -2.167 -0.118  2.404  1.299]
[fjt] final=[ 0.113  0.253  0.323 -2.167 -0.116  2.401  1.297]
[fjt] err=[-0.    -0.     0.001  0.     0.002 -0.002 -0.002]
[fjt] names=['panda_joint1', 'panda_joint2', 'panda_joint3', 'panda_joint4', 'panda_joint5', 'panda_joint6', 'panda_joint7'] pts=1
[fjt] times[0..2]=[0.  2.5] times[-3:]=[0.  2.5]
[fjt] goal=[ 0.045  0.02   0.39  -1.961 -0.008  1.98   1.223]
[fjt] final=[ 0.046  0.021  0.389 -1.962 -0.01   1.982  1.226]
[fjt] err=[ 0.001  0.    -0.001 -0.001 -0.002  0.003  0.002]
[fjt] names=['panda_joint1', 'panda_joint2', 'panda_joint3', 'panda_joint4', 'panda_joint5', 'panda_joint6', 'panda_joint7'] pts=1
[fjt] times[0..2]=[0.  3.5] times[-3:]=[0.  3.5]
[fjt] goal=[-0.346  0.485  0.022 -1.727 -0.013  2.212  0.466]
[fjt] final=[-0.346  0.484  0.022 -1.728 -0.011  2.211  0.553]
[fjt] err=[ 0.    -0.001  0.    -0.001  0.002 -0.002  0.088]
[fjt] names=['panda_joint1', 'panda_joint2', 'panda_joint3', 'panda_joint4', 'panda_joint5', 'panda_joint6', 'panda_joint7'] pts=1
[fjt] times[0..2]=[0. 2.] times[-3:]=[0. 2.]
[fjt] goal=[-0.353  0.652  0.031 -1.736 -0.027  2.388  0.477]
[fjt] final=[-0.353  0.652  0.03  -1.735 -0.026  2.386  0.479]
[fjt] err=[ 0.001 -0.    -0.001  0.001  0.001 -0.002  0.002]
[fjt] names=['panda_joint1', 'panda_joint2', 'panda_joint3', 'panda_joint4', 'panda_joint5', 'panda_joint6', 'panda_joint7'] pts=1
[fjt] times[0..2]=[0. 2.] times[-3:]=[0. 2.]
[fjt] goal=[-0.35   0.805  0.026 -1.697 -0.032  2.503  0.479]
[fjt] final=[-0.35   0.805  0.027 -1.698 -0.03   2.501  0.479]
[fjt] err=[-0.    -0.001  0.001 -0.001  0.001 -0.002 -0.   ]
[fjt] names=['panda_joint1', 'panda_joint2', 'panda_joint3', 'panda_joint4', 'panda_joint5', 'panda_joint6', 'panda_joint7'] pts=1
[fjt] times[0..2]=[0.  2.5] times[-3:]=[0.  2.5]
[fjt] goal=[-0.356  0.521  0.035 -1.725 -0.022  2.246  0.474]
[fjt] final=[-0.356  0.522  0.035 -1.724 -0.024  2.247  0.476]
[fjt] err=[ 0.     0.001 -0.001  0.001 -0.001  0.002  0.002]
[fjt] names=['panda_joint1', 'panda_joint2', 'panda_joint3', 'panda_joint4', 'panda_joint5', 'panda_joint6', 'panda_joint7'] pts=1
[fjt] times[0..2]=[0. 2.] times[-3:]=[0. 2.]
[fjt] goal=[-0.359  0.367  0.041 -1.538 -0.015  1.905  0.469]
[fjt] final=[-0.359  0.368  0.04  -1.539 -0.017  1.907  0.471]
[fjt] err=[ 0.     0.    -0.001 -0.001 -0.001  0.003  0.002]
[fjt] names=['panda_joint1', 'panda_joint2', 'panda_joint3', 'panda_joint4', 'panda_joint5', 'panda_joint6', 'panda_joint7'] pts=1
[fjt] times[0..2]=[0.  3.5] times[-3:]=[0.  3.5]
[fjt] goal=[ 0.194  0.139  0.363 -1.871 -0.054  2.     1.362]
[fjt] final=[ 0.194  0.14   0.363 -1.869 -0.053  1.998  1.152]
[fjt] err=[-0.     0.001 -0.     0.001  0.001 -0.002 -0.21 ]
[fjt] names=['panda_joint1', 'panda_joint2', 'panda_joint3', 'panda_joint4', 'panda_joint5', 'panda_joint6', 'panda_joint7'] pts=1
[fjt] times[0..2]=[0. 2.] times[-3:]=[0. 2.]
[fjt] goal=[ 0.215  0.252  0.339 -2.006 -0.106  2.241  1.396]
[fjt] final=[ 0.215  0.252  0.34  -2.005 -0.105  2.239  1.394]
[fjt] err=[-0.    -0.     0.001  0.001  0.002 -0.002 -0.003]
[fjt] names=['panda_joint1', 'panda_joint2', 'panda_joint3', 'panda_joint4', 'panda_joint5', 'panda_joint6', 'panda_joint7'] pts=1
[fjt] times[0..2]=[0. 2.] times[-3:]=[0. 2.]
[fjt] goal=[ 0.189  0.116  0.368 -1.795 -0.044  1.903  1.355]
[fjt] final=[ 0.189  0.117  0.368 -1.796 -0.046  1.906  1.357]
[fjt] err=[ 0.001  0.    -0.001 -0.001 -0.001  0.003  0.002]
[fjt] names=['panda_joint1', 'panda_joint2', 'panda_joint3', 'panda_joint4', 'panda_joint5', 'panda_joint6', 'panda_joint7'] pts=1
[fjt] times[0..2]=[0. 3.] times[-3:]=[0. 3.]
[fjt] goal=[-0.223 -0.637  0.188 -2.526  0.118  1.895  0.677]
[fjt] final=[-0.223 -0.499  0.189 -2.41   0.117  1.897  0.763]
[fjt] err=[ 0.     0.137  0.     0.116 -0.001  0.002  0.087]
