fingers [ 0.0071 -0.0071]
tcp start [-0.1371  0.0494  1.2086]
diag dir [0.792 0.611] len 0.26022490272838994
Rp
 [[-0.335 -0.611  0.717]
 [-0.258  0.792  0.554]
 [-0.906  0.    -0.423]]
tcp_final [-0.0815  0.1172  1.0335]
[move_q] code=0 max_joint_err=0.0024
[move_tcp] tcp now [-0.1369  0.0489  1.2992] z-axis [ 0.001  0.003 -1.   ] (target [-0.137  0.049  1.3  ])
[move_q] code=-5 max_joint_err=0.8920
[move_q] retrying (1/2)
[move_q] code=0 max_joint_err=0.0026
[move_tcp] tcp now [-0.0996  0.0597  1.2995] z-axis [ 0.718  0.552 -0.424] (target [-0.1   0.06  1.3 ])
[move_q] code=0 max_joint_err=0.0056
[move_tcp] tcp now [-0.0812  0.1175  1.1064] z-axis [ 0.718  0.555 -0.42 ] (target [-0.0815  0.1172  1.1035])
wrench [ 0.01 -4.81 -2.22]
[move_q] code=0 max_joint_err=0.0027
[move_tcp] tcp now [-0.0818  0.117   1.0338] z-axis [ 0.717  0.554 -0.423] (target [-0.0815  0.1172  1.0335])
wrench at bottom [-0.01 -4.76 -2.22] fingers [ 0.0071 -0.0072]
