tcp [-0.281  -0.0917  1.1008]
[move_q] retrying (1/2)
[move_tcp] tcp now [-0.2808 -0.0919  1.3496] z-axis [-0.497  0.3   -0.814] (target [-0.281  -0.0917  1.35  ])
[move_tcp] tcp now [-0.2114 -0.0816  1.3497] z-axis [-0.352  0.408 -0.842] (target [-0.2107 -0.0812  1.35  ])
[move_tcp] tcp now [-0.1411 -0.0704  1.3501] z-axis [-0.213  0.524 -0.824] (target [-0.1405 -0.0708  1.35  ])
[move_tcp] tcp now [-0.0708 -0.0599  1.3502] z-axis [-0.093  0.651 -0.753] (target [-0.0702 -0.0604  1.35  ])
[move_tcp] tcp now [-6.0000e-04 -4.9500e-02  1.3503e+00] z-axis [-0.002  0.767 -0.642] (target [ 0.   -0.05  1.35])
[move_tcp] tcp now [ 0.0595 -0.0196  1.1506] z-axis [-0.002  0.767 -0.642] (target [ 0.06 -0.02  1.15])
[move_tcp] tcp now [0.06   0.0199 1.0208] z-axis [-0.001  0.767 -0.642] (target [0.06 0.02 1.02])
[move_tcp] tcp now [0.0596 0.0204 0.9556] z-axis [-0.002  0.767 -0.642] (target [0.06  0.02  0.955])
wrench pre [ 0.01  3.91 -3.27]
[move_tcp] tcp now [0.0598 0.0695 0.9548] z-axis [-0.001  0.766 -0.642] (target [0.06  0.07  0.955])
wrench [-0.    3.91 -3.28]
[move_tcp] tcp now [0.06   0.1091 0.9548] z-axis [-0.001  0.766 -0.643] (target [0.06  0.11  0.955])
wrench [-0.    3.91 -3.28]
[move_tcp] tcp now [0.06   0.1491 0.9548] z-axis [-0.001  0.766 -0.643] (target [0.06  0.15  0.955])
wrench [ 0.05  4.06 -3.26]
[move_tcp] tcp now [0.0599 0.1894 0.9549] z-axis [-0.001  0.766 -0.643] (target [0.06  0.19  0.955])
wrench [-0.    3.91 -3.28]
[move_tcp] tcp now [0.0602 0.2277 0.9549] z-axis [-0.001  0.765 -0.644] (target [0.06  0.23  0.955])
wrench [-1.    4.58 -1.51]
[move_tcp] tcp now [0.0649 0.2275 0.9549] z-axis [ 0.006  0.756 -0.654] (target [0.06  0.245 0.955])
wrench [-5.75  7.9   9.32]
[move_tcp] tcp now [0.0648 0.1516 1.0199] z-axis [ 0.008  0.755 -0.655] (target [0.0643 0.1518 1.0203])
[move_tcp] tcp now [ 0.0619 -0.0506  1.1997] z-axis [ 0.015  0.755 -0.656] (target [ 0.06 -0.05  1.2 ])
