start q [-0.991  1.289 -0.213 -0.922  1.387  1.035 -1.523] hand [-0.237 -0.549  1.038]
hi    hand [-0.237 -0.549  1.25 ] -> [-0.968  0.88  -0.231 -1.149  1.439  0.965 -1.323] dist 0.41 bad 0 l7 [-0.29  -0.642  1.25 ] l6 [-0.355 -0.604  1.295]
over  hand [-0.413 -0.464  1.353] -> [ 0.024 -0.155 -1.068 -2.125 -0.153  2.045  1.388] dist 2.71 bad 0 l7 [-0.413 -0.464  1.46 ] l6 [-0.463 -0.392  1.46 ]
   11 hand [-0.397 -0.463  1.229] tip [-0.395 -0.46   1.125] tip in door zone
   12 hand [-0.4   -0.463  1.217] tip [-0.398 -0.461  1.114] tip in door zone
   13 hand [-0.404 -0.463  1.206] tip [-0.403 -0.462  1.102] tip in door zone
   14 hand [-0.408 -0.464  1.195] tip [-0.408 -0.463  1.091] tip in door zone
   15 hand [-0.413 -0.464  1.183] tip [-0.413 -0.464  1.08 ] tip in door zone
a228  hand [-0.413 -0.464  1.183] -> [-0.044  0.346 -1.035 -2.285  0.454  2.414  0.955] dist 0.61 bad 5 l7 [-0.413 -0.464  1.29 ] l6 [-0.428 -0.377  1.29 ]
    0 hand [-0.413 -0.464  1.183] tip [-0.413 -0.464  1.08 ] tip in door zone
    1 hand [-0.412 -0.466  1.184] tip [-0.412 -0.466  1.08 ] tip in door zone
    2 hand [-0.41  -0.467  1.184] tip [-0.41  -0.468  1.08 ] tip in door zone
    3 hand [-0.409 -0.469  1.184] tip [-0.409 -0.469  1.081] tip in door zone
    4 hand [-0.407 -0.471  1.184] tip [-0.407 -0.471  1.081] tip in door zone
    5 hand [-0.405 -0.472  1.184] tip [-0.406 -0.473  1.081] tip in door zone
    6 hand [-0.404 -0.474  1.184] tip [-0.404 -0.474  1.081] tip in door zone
    7 hand [-0.402 -0.476  1.184] tip [-0.402 -0.476  1.081] tip in door zone
    8 hand [-0.401 -0.477  1.184] tip [-0.401 -0.477  1.081] tip in door zone
    9 hand [-0.399 -0.479  1.184] tip [-0.399 -0.479  1.081] tip in door zone
   10 hand [-0.397 -0.48   1.184] tip [-0.397 -0.48   1.081] tip in door zone
   11 hand [-0.396 -0.482  1.184] tip [-0.396 -0.482  1.081] tip in door zone
   12 hand [-0.394 -0.483  1.184] tip [-0.394 -0.483  1.081] tip in door zone
   13 hand [-0.392 -0.485  1.184] tip [-0.392 -0.485  1.08 ] tip in door zone
   14 hand [-0.391 -0.486  1.184] tip [-0.391 -0.486  1.08 ] tip in door zone
   15 hand [-0.389 -0.488  1.183] tip [-0.389 -0.488  1.08 ] tip in door zone
a240  hand [-0.389 -0.488  1.183] -> [-0.12   0.438 -0.962 -2.163  0.515  2.356  0.94 ] dist 0.12 bad 16 l7 [-0.389 -0.488  1.29 ] l6 [-0.403 -0.401  1.29 ]
    0 hand [-0.389 -0.488  1.183] tip [-0.389 -0.488  1.08 ] tip in door zone
    1 hand [-0.387 -0.489  1.184] tip [-0.387 -0.489  1.08 ] tip in door zone
    2 hand [-0.385 -0.49   1.184] tip [-0.385 -0.49   1.08 ] tip in door zone
    3 hand [-0.383 -0.491  1.184] tip [-0.383 -0.491  1.08 ] tip in door zone
    4 hand [-0.382 -0.493  1.184] tip [-0.382 -0.493  1.081] tip in door zone
    5 hand [-0.38  -0.494  1.184] tip [-0.38  -0.494  1.081] tip in door zone
    6 hand [-0.378 -0.495  1.184] tip [-0.378 -0.495  1.081] tip in door zone
    7 hand [-0.376 -0.496  1.184] tip [-0.376 -0.496  1.081] tip in door zone
    8 hand [-0.374 -0.497  1.184] tip [-0.374 -0.498  1.081] tip in door zone
    9 hand [-0.372 -0.499  1.184] tip [-0.372 -0.499  1.081] tip in door zone
   10 hand [-0.37  -0.5    1.184] tip [-0.37  -0.5    1.081] tip in door zone
   11 hand [-0.368 -0.501  1.184] tip [-0.368 -0.501  1.081] tip in door zone
   12 hand [-0.366 -0.502  1.184] tip [-0.366 -0.502  1.08 ] tip in door zone
   13 hand [-0.364 -0.503  1.184] tip [-0.364 -0.503  1.08 ] tip in door zone
   14 hand [-0.362 -0.504  1.184] tip [-0.362 -0.504  1.08 ] tip in door zone
   15 hand [-0.36  -0.505  1.183] tip [-0.36  -0.505  1.08 ] tip in door zone
a252  hand [-0.36  -0.505  1.183] -> [-0.17   0.517 -0.91  -2.048  0.552  2.303  0.955] dist 0.12 bad 16 l7 [-0.36  -0.505  1.29 ] l6 [-0.375 -0.419  1.29 ]
    0 hand [-0.36  -0.505  1.183] tip [-0.36  -0.505  1.08 ] tip in door zone
    1 hand [-0.358 -0.506  1.184] tip [-0.358 -0.506  1.08 ] tip in door zone
    2 hand [-0.356 -0.507  1.184] tip [-0.356 -0.507  1.08 ] tip in door zone
    3 hand [-0.354 -0.508  1.184] tip [-0.354 -0.508  1.08 ] tip in door zone
    4 hand [-0.352 -0.509  1.184] tip [-0.352 -0.509  1.08 ] tip in door zone
    5 hand [-0.35  -0.51   1.184] tip [-0.35 -0.51  1.08] tip in door zone
    6 hand [-0.348 -0.51   1.184] tip [-0.348 -0.51   1.08 ] tip in door zone
    7 hand [-0.346 -0.511  1.184] tip [-0.346 -0.511  1.08 ] tip in door zone
    8 hand [-0.344 -0.512  1.184] tip [-0.344 -0.512  1.08 ] tip in door zone
    9 hand [-0.341 -0.513  1.184] tip [-0.341 -0.513  1.08 ] tip in door zone
   10 hand [-0.339 -0.513  1.184] tip [-0.339 -0.513  1.08 ] tip in door zone
   11 hand [-0.337 -0.514  1.184] tip [-0.337 -0.514  1.08 ] tip in door zone
   12 hand [-0.335 -0.515  1.184] tip [-0.335 -0.515  1.08 ] tip in door zone
   13 hand [-0.333 -0.515  1.184] tip [-0.333 -0.516  1.08 ] tip in door zone
   14 hand [-0.331 -0.516  1.184] tip [-0.331 -0.516  1.08 ] tip in door zone
   15 hand [-0.329 -0.517  1.183] tip [-0.329 -0.517  1.08 ] tip in door zone
a264  hand [-0.329 -0.517  1.183] -> [-0.2    0.583 -0.87  -1.94   0.574  2.255  0.987] dist 0.11 bad 16 l7 [-0.329 -0.517  1.29 ] l6 [-0.346 -0.431  1.29 ]
    0 hand [-0.329 -0.517  1.183] tip [-0.329 -0.517  1.08 ] tip in door zone
    1 hand [-0.326 -0.517  1.183] tip [-0.326 -0.517  1.08 ] tip in door zone
    2 hand [-0.324 -0.518  1.184] tip [-0.324 -0.518  1.08 ] tip in door zone
    3 hand [-0.322 -0.518  1.184] tip [-0.322 -0.518  1.08 ] tip in door zone
    4 hand [-0.32  -0.518  1.184] tip [-0.32  -0.518  1.08 ] tip in door zone
    5 hand [-0.317 -0.519  1.184] tip [-0.318 -0.519  1.08 ] tip in door zone
    6 hand [-0.315 -0.519  1.184] tip [-0.315 -0.519  1.08 ] tip in door zone
    7 hand [-0.313 -0.519  1.184] tip [-0.313 -0.519  1.08 ] tip in door zone
    8 hand [-0.311 -0.52   1.184] tip [-0.311 -0.52   1.08 ] tip in door zone
    9 hand [-0.309 -0.52   1.184] tip [-0.309 -0.52   1.08 ] tip in door zone
   10 hand [-0.306 -0.52   1.184] tip [-0.306 -0.52   1.08 ] tip in door zone
   11 hand [-0.304 -0.52   1.184] tip [-0.304 -0.521  1.08 ] tip in door zone
   12 hand [-0.302 -0.521  1.184] tip [-0.302 -0.521  1.08 ] tip in door zone
   13 hand [-0.3   -0.521  1.184] tip [-0.3   -0.521  1.08 ] tip in door zone
   14 hand [-0.297 -0.521  1.183] tip [-0.297 -0.521  1.08 ] tip in door zone
   15 hand [-0.295 -0.521  1.183] tip [-0.295 -0.521  1.08 ] tip in door zone
a276  hand [-0.295 -0.521  1.183] -> [-0.214  0.638 -0.84  -1.845  0.588  2.215  1.031] dist 0.10 bad 16 l7 [-0.295 -0.521  1.29 ] l6 [-0.317 -0.436  1.29 ]
    0 hand [-0.295 -0.521  1.183] tip [-0.295 -0.521  1.08 ] tip in door zone
    1 hand [-0.293 -0.521  1.183] tip [-0.293 -0.521  1.08 ] tip in door zone
    2 hand [-0.291 -0.521  1.183] tip [-0.291 -0.521  1.08 ] tip in door zone
    3 hand [-0.288 -0.521  1.184] tip [-0.288 -0.521  1.08 ] tip in door zone
    4 hand [-0.286 -0.521  1.184] tip [-0.286 -0.521  1.08 ] tip in door zone
    5 hand [-0.284 -0.521  1.184] tip [-0.284 -0.521  1.08 ] tip in door zone
    6 hand [-0.282 -0.521  1.184] tip [-0.282 -0.521  1.08 ] tip in door zone
a288  hand [-0.261 -0.519  1.183] -> [-0.213  0.682 -0.816 -1.765  0.595  2.181  1.083] dist 0.08 bad 7 l7 [-0.261 -0.519  1.29 ] l6 [-0.287 -0.435  1.29 ]
a300  hand [-0.229 -0.51   1.183] -> [-0.198  0.714 -0.799 -1.704  0.599  2.157  1.137] dist 0.06 bad 0 l7 [-0.229 -0.51   1.29 ] l6 [-0.259 -0.427  1.29 ]
a312  hand [-0.206 -0.486  1.183] -> [-0.147  0.706 -0.797 -1.715  0.594  2.163  1.187] dist 0.05 bad 0 l7 [-0.206 -0.486  1.29 ] l6 [-0.24  -0.405  1.29 ]
a324  hand [-0.19  -0.46   1.183] -> [-0.088  0.685 -0.801 -1.749  0.587  2.179  1.231] dist 0.06 bad 0 l7 [-0.19 -0.46  1.29] l6 [-0.228 -0.381  1.29 ]
a336  hand [-0.18  -0.433  1.183] -> [-0.025  0.653 -0.81  -1.803  0.577  2.202  1.27 ] dist 0.06 bad 0 l7 [-0.18  -0.433  1.29 ] l6 [-0.221 -0.355  1.29 ]
a346  hand [-0.179 -0.41   1.183] -> [ 0.032  0.616 -0.823 -1.864  0.565  2.23   1.296] dist 0.06 bad 0 l7 [-0.179 -0.41   1.29 ] l6 [-0.222 -0.334  1.29 ]
a354  hand [-0.183 -0.393  1.183] -> [ 0.078  0.579 -0.838 -1.924  0.553  2.256  1.313] dist 0.06 bad 0 l7 [-0.183 -0.393  1.29 ] l6 [-0.227 -0.317  1.29 ]
   14 hand [-0.18  -0.379  1.183] tip [-0.18  -0.379  1.08 ] tip in microwave box
   15 hand [-0.179 -0.378  1.183] tip [-0.179 -0.378  1.08 ] tip in microwave box
a362  hand [-0.179 -0.378  1.183] -> [ 0.115  0.561 -0.844 -1.952  0.546  2.27   1.337] dist 0.04 bad 2 l7 [-0.179 -0.378  1.29 ] l6 [-0.225 -0.303  1.29 ]
    0 hand [-0.179 -0.378  1.183] tip [-0.179 -0.378  1.08 ] tip in microwave box
back  hand [-0.183 -0.433  1.183] -> [-0.023  0.65  -0.813 -1.81   0.577  2.205  1.265] dist 0.14 bad 1 l7 [-0.183 -0.433  1.29 ] l6 [-0.224 -0.355  1.29 ]
up    hand [-0.183 -0.433  1.353] -> [ 0.07   0.456 -0.972 -1.644  0.393  1.889  1.377] dist 0.32 bad 0 l7 [-0.183 -0.433  1.46 ] l6 [-0.232 -0.36   1.46 ]
