start q [-0.991  1.289 -0.213 -0.922  1.387  1.035 -1.523] hand [-0.237 -0.549  1.038]
hi    hand [-0.237 -0.549  1.25 ] -> [-0.968  0.88  -0.231 -1.149  1.439  0.965 -1.323] dist 0.41 bad 0 l7 [-0.29  -0.642  1.25 ] l6 [-0.355 -0.604  1.295]
  yaw branch 1
over  hand [-0.413 -0.464  1.353] -> [ 0.839  0.194 -1.974 -2.124  0.2    2.038 -2.856] dist 1.81 bad 0 l7 [-0.413 -0.464  1.46 ] l6 [-0.443 -0.381  1.46 ]
   12 hand [-0.423 -0.475  1.223] tip [-0.425 -0.476  1.12 ] tip in door zone
   13 hand [-0.42  -0.472  1.21 ] tip [-0.421 -0.473  1.106] tip in door zone
   14 hand [-0.417 -0.469  1.197] tip [-0.418 -0.469  1.093] tip in door zone
   15 hand [-0.413 -0.464  1.183] tip [-0.413 -0.464  1.08 ] tip in door zone
a228  hand [-0.413 -0.464  1.183] -> [ 1.061 -0.324 -2.148 -2.288 -0.418  2.424 -2.412] dist 0.62 bad 4 l7 [-0.413 -0.464  1.29 ] l6 [-0.475 -0.402  1.29 ]
    0 hand [-0.413 -0.464  1.183] tip [-0.413 -0.464  1.08 ] tip in door zone
    1 hand [-0.412 -0.466  1.184] tip [-0.412 -0.466  1.08 ] tip in door zone
    2 hand [-0.41  -0.467  1.184] tip [-0.41  -0.467  1.08 ] tip in door zone
    3 hand [-0.408 -0.469  1.184] tip [-0.408 -0.469  1.081] tip in door zone
    4 hand [-0.407 -0.47   1.184] tip [-0.406 -0.47   1.081] tip in door zone
    5 hand [-0.405 -0.472  1.184] tip [-0.405 -0.472  1.081] tip in door zone
    6 hand [-0.403 -0.474  1.184] tip [-0.403 -0.473  1.081] tip in door zone
    7 hand [-0.402 -0.475  1.184] tip [-0.401 -0.475  1.081] tip in door zone
    8 hand [-0.4   -0.477  1.184] tip [-0.4   -0.477  1.081] tip in door zone
    9 hand [-0.398 -0.478  1.184] tip [-0.398 -0.478  1.081] tip in door zone
   10 hand [-0.397 -0.48   1.184] tip [-0.397 -0.48   1.081] tip in door zone
   11 hand [-0.395 -0.481  1.184] tip [-0.395 -0.481  1.081] tip in door zone
   12 hand [-0.394 -0.483  1.184] tip [-0.394 -0.483  1.081] tip in door zone
   13 hand [-0.392 -0.484  1.184] tip [-0.392 -0.484  1.08 ] tip in door zone
   14 hand [-0.391 -0.486  1.184] tip [-0.391 -0.486  1.08 ] tip in door zone
   15 hand [-0.389 -0.488  1.183] tip [-0.389 -0.488  1.08 ] tip in door zone
a240  hand [-0.389 -0.488  1.183] -> [ 1.13  -0.442 -2.174 -2.163 -0.52   2.354 -2.541] dist 0.13 bad 16 l7 [-0.389 -0.488  1.29 ] l6 [-0.456 -0.43   1.29 ]
    0 hand [-0.389 -0.488  1.183] tip [-0.389 -0.488  1.08 ] tip in door zone
    1 hand [-0.387 -0.489  1.184] tip [-0.387 -0.489  1.08 ] tip in door zone
    2 hand [-0.385 -0.49   1.184] tip [-0.385 -0.49   1.08 ] tip in door zone
    3 hand [-0.383 -0.491  1.184] tip [-0.383 -0.491  1.08 ] tip in door zone
    4 hand [-0.381 -0.492  1.184] tip [-0.381 -0.492  1.08 ] tip in door zone
    5 hand [-0.379 -0.494  1.184] tip [-0.379 -0.494  1.081] tip in door zone
    6 hand [-0.377 -0.495  1.184] tip [-0.377 -0.495  1.081] tip in door zone
    7 hand [-0.375 -0.496  1.184] tip [-0.375 -0.496  1.081] tip in door zone
    8 hand [-0.373 -0.497  1.184] tip [-0.373 -0.497  1.081] tip in door zone
    9 hand [-0.372 -0.498  1.184] tip [-0.371 -0.498  1.081] tip in door zone
   10 hand [-0.37  -0.5    1.184] tip [-0.37  -0.5    1.081] tip in door zone
   11 hand [-0.368 -0.501  1.184] tip [-0.368 -0.501  1.08 ] tip in door zone
   12 hand [-0.366 -0.502  1.184] tip [-0.366 -0.502  1.08 ] tip in door zone
   13 hand [-0.364 -0.503  1.184] tip [-0.364 -0.503  1.08 ] tip in door zone
   14 hand [-0.362 -0.504  1.184] tip [-0.362 -0.504  1.08 ] tip in door zone
   15 hand [-0.36  -0.505  1.183] tip [-0.36  -0.505  1.08 ] tip in door zone
a252  hand [-0.36  -0.505  1.183] -> [ 1.201 -0.545 -2.185 -2.043 -0.596  2.286 -2.684] dist 0.14 bad 16 l7 [-0.36  -0.505  1.29 ] l6 [-0.431 -0.453  1.29 ]
    0 hand [-0.36  -0.505  1.183] tip [-0.36  -0.505  1.08 ] tip in door zone
    1 hand [-0.358 -0.506  1.184] tip [-0.358 -0.506  1.08 ] tip in door zone
    2 hand [-0.356 -0.507  1.184] tip [-0.356 -0.507  1.08 ] tip in door zone
    3 hand [-0.354 -0.508  1.184] tip [-0.354 -0.508  1.08 ] tip in door zone
    4 hand [-0.352 -0.509  1.184] tip [-0.352 -0.509  1.08 ] tip in door zone
    5 hand [-0.35  -0.509  1.184] tip [-0.349 -0.509  1.08 ] tip in door zone
    6 hand [-0.347 -0.51   1.184] tip [-0.347 -0.51   1.08 ] tip in door zone
    7 hand [-0.345 -0.511  1.184] tip [-0.345 -0.511  1.08 ] tip in door zone
    8 hand [-0.343 -0.512  1.184] tip [-0.343 -0.512  1.08 ] tip in door zone
    9 hand [-0.341 -0.512  1.184] tip [-0.341 -0.512  1.08 ] tip in door zone
   10 hand [-0.339 -0.513  1.184] tip [-0.339 -0.513  1.08 ] tip in door zone
   11 hand [-0.337 -0.514  1.184] tip [-0.337 -0.514  1.08 ] tip in door zone
   12 hand [-0.335 -0.515  1.184] tip [-0.335 -0.515  1.08 ] tip in door zone
   13 hand [-0.333 -0.515  1.184] tip [-0.333 -0.515  1.08 ] tip in door zone
   14 hand [-0.331 -0.516  1.184] tip [-0.331 -0.516  1.08 ] tip in door zone
   15 hand [-0.329 -0.517  1.183] tip [-0.329 -0.517  1.08 ] tip in door zone
a264  hand [-0.329 -0.517  1.183] -> [ 1.272 -0.636 -2.187 -1.932 -0.655  2.221 -2.836] dist 0.15 bad 16 l7 [-0.329 -0.517  1.29 ] l6 [-0.402 -0.468  1.29 ]
    0 hand [-0.329 -0.517  1.183] tip [-0.329 -0.517  1.08 ] tip in door zone
    1 hand [-0.326 -0.517  1.183] tip [-0.326 -0.516  1.079] tip in door zone
    2 hand [-0.323 -0.516  1.182] tip [-0.323 -0.516  1.079] tip in door zone
    3 hand [-0.32  -0.516  1.182] tip [-0.321 -0.516  1.078] tip in door zone
    4 hand [-0.318 -0.516  1.181] tip [-0.318 -0.516  1.078] tip in door zone
    5 hand [-0.315 -0.516  1.181] tip [-0.315 -0.516  1.078] tip in door zone
    6 hand [-0.313 -0.516  1.181] tip [-0.313 -0.516  1.078] tip in door zone
    7 hand [-0.31  -0.517  1.181] tip [-0.311 -0.516  1.077] tip in door zone
    8 hand [-0.308 -0.517  1.181] tip [-0.308 -0.516  1.077] tip in door zone
    9 hand [-0.306 -0.517  1.181] tip [-0.306 -0.517  1.078] tip in door zone
   10 hand [-0.304 -0.518  1.181] tip [-0.304 -0.517  1.078] tip in door zone
   11 hand [-0.302 -0.518  1.181] tip [-0.302 -0.518  1.078] tip in door zone
   12 hand [-0.3   -0.519  1.182] tip [-0.3   -0.519  1.078] tip in door zone
   13 hand [-0.298 -0.52   1.182] tip [-0.298 -0.519  1.079] tip in door zone
   14 hand [-0.297 -0.52   1.183] tip [-0.297 -0.52   1.079] tip in door zone
   15 hand [-0.295 -0.521  1.183] tip [-0.295 -0.521  1.08 ] tip in door zone
a276  hand [-0.295 -0.521  1.183] -> [ 1.23  -0.861 -2.007 -1.814 -0.892  2.058 -2.897] dist 0.24 bad 16 l7 [-0.295 -0.521  1.29 ] l6 [-0.375 -0.484  1.29 ]
    0 hand [-0.295 -0.521  1.183] tip [-0.295 -0.521  1.08 ] tip in door zone
a288  hand [-0.261 -0.519  1.183] -> [ 0.075  1.763 -1.814 -1.696  1.737  1.309  2.038] dist 4.94 bad 1 l7 [-0.261 -0.519  1.29 ] l6 [-0.261 -0.431  1.29 ]
a300  hand [-0.229 -0.51   1.183] -> [ 0.084  1.763 -1.825 -1.638  1.752  1.308  1.898] dist 0.14 bad 0 l7 [-0.229 -0.51   1.29 ] l6 [-0.235 -0.422  1.29 ]
a312  hand [-0.206 -0.486  1.183] -> [ 0.14   1.763 -1.823 -1.648  1.749  1.308  1.734] dist 0.16 bad 0 l7 [-0.206 -0.486  1.29 ] l6 [-0.216 -0.399  1.29 ]
a324  hand [-0.19  -0.46   1.183] -> [ 0.206  1.763 -1.817 -1.68   1.741  1.309  1.557] dist 0.18 bad 0 l7 [-0.19 -0.46  1.29] l6 [-0.202 -0.373  1.29 ]
a336  hand [-0.18  -0.433  1.183] -> [ 0.28   1.763 -1.808 -1.731  1.728  1.31   1.369] dist 0.19 bad 0 l7 [-0.18  -0.433  1.29 ] l6 [-0.195 -0.346  1.29 ]
a346  hand [-0.179 -0.41   1.183] -> [ 0.347  1.763 -1.798 -1.789  1.715  1.31   1.2  ] dist 0.17 bad 0 l7 [-0.179 -0.41   1.29 ] l6 [-0.194 -0.324  1.29 ]
a354  hand [-0.183 -0.393  1.183] -> [ 0.402  1.763 -1.789 -1.845  1.702  1.311  1.056] dist 0.14 bad 0 l7 [-0.183 -0.393  1.29 ] l6 [-0.197 -0.307  1.29 ]
   14 hand [-0.18  -0.379  1.183] tip [-0.18  -0.379  1.08 ] tip in microwave box
   15 hand [-0.179 -0.378  1.183] tip [-0.179 -0.378  1.08 ] tip in microwave box
a362  hand [-0.179 -0.378  1.183] -> [ 0.443  1.763 -1.785 -1.872  1.696  1.312  0.93 ] dist 0.13 bad 2 l7 [-0.179 -0.378  1.29 ] l6 [-0.195 -0.292  1.29 ]
    0 hand [-0.179 -0.378  1.183] tip [-0.179 -0.378  1.08 ] tip in microwave box
back  hand [-0.183 -0.433  1.183] -> [ 0.288  1.736 -1.786 -1.737  1.702  1.333  1.045] dist 0.16 bad 1 l7 [-0.183 -0.433  1.29 ] l6 [-0.197 -0.346  1.29 ]
up    hand [-0.183 -0.433  1.353] -> [ 0.174  1.524 -2.007 -1.554  1.526  1.134  1.06 ] dist 0.22 bad 0 l7 [-0.183 -0.433  1.46 ] l6 [-0.198 -0.347  1.46 ]
