start q [-1.009  1.354 -0.186 -0.857  1.369  1.05  -1.525] hand [-0.236 -0.549  1.015]
lift_hi   [-0.236 -0.549  1.25 ] -> [-0.975  0.878 -0.218 -1.15   1.429  0.971 -1.326]  dist 0.48 bad 0 door 9.000 
over_pre  [-0.236 -0.549  1.25 ] -> [-0.975  0.879 -0.217 -1.148  1.431  0.973 -1.324]  dist 0.00 bad 0 door 9.000 
pre_ins   [-0.236 -0.549  1.038] -> [-0.991  1.29  -0.212 -0.921  1.388  1.037 -1.525]  dist 0.41 bad 0 door 0.033 l6
ins1      [-0.223 -0.516  1.038] -> [-0.929  1.233 -0.224 -1.023  1.334  1.012 -1.593]  dist 0.10 bad 0 door 0.028 tip-
ins2      [-0.209 -0.492  1.038] -> [-0.887  1.221 -0.225 -1.041  1.288  0.981 -1.622]  dist 0.05 bad 0 door 0.019 tip-
    6 hand [-0.197 -0.479  1.038] tip [-0.168 -0.38   1.038] tip in microwave box
    7 hand [-0.195 -0.477  1.038] tip [-0.167 -0.377  1.038] tip in microwave box
    8 hand [-0.193 -0.475  1.038] tip [-0.167 -0.375  1.038] tip in microwave box
    9 hand [-0.191 -0.472  1.038] tip [-0.166 -0.372  1.038] tip in microwave box
   10 hand [-0.189 -0.47   1.038] tip [-0.165 -0.37   1.038] tip in microwave box
   11 hand [-0.187 -0.468  1.038] tip [-0.164 -0.367  1.038] tip in microwave box
   12 hand [-0.185 -0.466  1.038] tip [-0.164 -0.365  1.038] tip in microwave box
   13 hand [-0.183 -0.464  1.038] tip [-0.163 -0.362  1.038] tip in microwave box
   14 hand [-0.182 -0.462  1.038] tip [-0.163 -0.36   1.038] tip in microwave box
   15 hand [-0.18  -0.459  1.038] tip [-0.162 -0.358  1.038] tip in microwave box
ins3      [-0.18  -0.459  1.038] -> [-0.838  1.275 -0.21  -0.933  1.217  0.897 -1.618]  dist 0.11 bad 10 door 0.013 tip-
    0 hand [-0.18  -0.459  1.038] tip [-0.162 -0.358  1.038] tip in microwave box
    1 hand [-0.179 -0.458  1.038] tip [-0.161 -0.356  1.038] tip in microwave box
    2 hand [-0.178 -0.457  1.038] tip [-0.161 -0.355  1.038] tip in microwave box
    3 hand [-0.177 -0.456  1.038] tip [-0.161 -0.354  1.038] tip in microwave box
    4 hand [-0.176 -0.455  1.038] tip [-0.16  -0.352  1.038] tip in microwave box
    5 hand [-0.175 -0.453  1.038] tip [-0.16  -0.351  1.038] tip in microwave box
    6 hand [-0.174 -0.452  1.038] tip [-0.159 -0.35   1.038] tip in microwave box
    7 hand [-0.173 -0.451  1.038] tip [-0.159 -0.349  1.038] tip in microwave box
    8 hand [-0.172 -0.45   1.038] tip [-0.159 -0.347  1.038] tip in microwave box
    9 hand [-0.171 -0.449  1.038] tip [-0.158 -0.346  1.038] tip in microwave box
   10 hand [-0.17  -0.447  1.038] tip [-0.158 -0.345  1.038] tip in microwave box
   11 hand [-0.169 -0.446  1.038] tip [-0.157 -0.343  1.038] tip in microwave box
   12 hand [-0.168 -0.445  1.038] tip [-0.157 -0.342  1.038] tip in microwave box
   13 hand [-0.167 -0.444  1.038] tip [-0.157 -0.341  1.038] tip in microwave box
   14 hand [-0.166 -0.443  1.038] tip [-0.156 -0.34   1.038] tip in microwave box
   15 hand [-0.165 -0.441  1.038] tip [-0.156 -0.338  1.038] tip in microwave box
ins4      [-0.165 -0.441  1.038] -> [-0.811  1.306 -0.201 -0.873  1.184  0.856 -1.614]  dist 0.06 bad 16 door 0.012 tip-
    0 hand [-0.165 -0.441  1.038] tip [-0.156 -0.338  1.038] tip in microwave box
    1 hand [-0.164 -0.44   1.038] tip [-0.156 -0.337  1.038] tip in microwave box
    2 hand [-0.163 -0.439  1.038] tip [-0.155 -0.336  1.038] tip in microwave box
    3 hand [-0.162 -0.438  1.038] tip [-0.155 -0.334  1.038] tip in microwave box
    4 hand [-0.161 -0.436  1.038] tip [-0.154 -0.333  1.038] tip in microwave box
    5 hand [-0.16  -0.435  1.038] tip [-0.154 -0.332  1.038] tip in microwave box
    6 hand [-0.159 -0.434  1.038] tip [-0.153 -0.33   1.038] tip in microwave box
    7 hand [-0.158 -0.432  1.038] tip [-0.153 -0.329  1.038] tip in microwave box
    8 hand [-0.157 -0.431  1.038] tip [-0.153 -0.328  1.038] tip in microwave box
    9 hand [-0.156 -0.43   1.038] tip [-0.152 -0.326  1.038] tip in microwave box
   10 hand [-0.155 -0.428  1.038] tip [-0.152 -0.325  1.038] tip in microwave box
   11 hand [-0.154 -0.427  1.038] tip [-0.151 -0.324  1.038] tip in microwave box
   12 hand [-0.153 -0.426  1.038] tip [-0.151 -0.323  1.038] tip in microwave box
   13 hand [-0.152 -0.425  1.038] tip [-0.151 -0.321  1.038] tip in microwave box
   14 hand [-0.151 -0.423  1.038] tip [-0.15  -0.32   1.038] tip in microwave box
   15 hand [-0.15  -0.422  1.038] tip [-0.15  -0.319  1.038] tip in microwave box
ins5      [-0.15  -0.422  1.038] -> [-0.783  1.339 -0.19  -0.808  1.155  0.814 -1.607]  dist 0.07 bad 16 door 0.068 hand-
    0 hand [-0.15  -0.422  1.038] tip [-0.15  -0.319  1.038] tip in microwave box
    1 hand [-0.15  -0.422  1.037] tip [-0.15  -0.319  1.037] tip in microwave box
    2 hand [-0.15  -0.422  1.037] tip [-0.15  -0.319  1.037] tip in microwave box
    3 hand [-0.15  -0.422  1.036] tip [-0.15  -0.319  1.036] tip in microwave box
    4 hand [-0.15  -0.422  1.035] tip [-0.15  -0.319  1.035] tip in microwave box
    5 hand [-0.15  -0.422  1.035] tip [-0.15  -0.319  1.035] tip in microwave box
    6 hand [-0.15  -0.422  1.034] tip [-0.15  -0.319  1.034] tip in microwave box
    7 hand [-0.15  -0.422  1.033] tip [-0.15  -0.319  1.033] tip in microwave box
    8 hand [-0.15  -0.422  1.033] tip [-0.15  -0.319  1.033] tip in microwave box
    9 hand [-0.15  -0.422  1.032] tip [-0.15  -0.319  1.032] tip in microwave box
   10 hand [-0.15  -0.422  1.031] tip [-0.15  -0.319  1.031] tip in microwave box
   11 hand [-0.15  -0.422  1.031] tip [-0.15  -0.319  1.031] tip in microwave box
   12 hand [-0.15  -0.422  1.03 ] tip [-0.15  -0.319  1.03 ] tip in microwave box
   13 hand [-0.15  -0.422  1.029] tip [-0.15  -0.319  1.029] tip in microwave box
   14 hand [-0.15  -0.422  1.029] tip [-0.15  -0.319  1.029] tip in microwave box
   15 hand [-0.15  -0.422  1.028] tip [-0.15  -0.319  1.028] tip in microwave box
lower0    [-0.15  -0.422  1.028] -> [-0.788  1.372 -0.187 -0.774  1.156  0.816 -1.603]  dist 0.03 bad 16 door 0.068 hand-
    0 hand [-0.15  -0.422  1.028] tip [-0.15  -0.319  1.028] tip in microwave box
    1 hand [-0.15  -0.422  1.027] tip [-0.15  -0.319  1.027] tip in microwave box
    2 hand [-0.15  -0.422  1.027] tip [-0.15  -0.319  1.027] tip in microwave box
    3 hand [-0.15  -0.422  1.026] tip [-0.15  -0.319  1.026] tip in microwave box
    4 hand [-0.15  -0.422  1.026] tip [-0.15  -0.319  1.026] tip in microwave box
    5 hand [-0.15  -0.422  1.025] tip [-0.15  -0.319  1.025] tip in microwave box
    6 hand [-0.15  -0.422  1.025] tip [-0.15  -0.319  1.025] tip in microwave box
    7 hand [-0.15  -0.422  1.024] tip [-0.15  -0.319  1.024] tip in microwave box
    8 hand [-0.15  -0.422  1.024] tip [-0.15  -0.319  1.024] tip in microwave box
    9 hand [-0.15  -0.422  1.023] tip [-0.15  -0.319  1.023] tip in microwave box
   10 hand [-0.15  -0.422  1.023] tip [-0.15  -0.319  1.023] tip in microwave box
   11 hand [-0.15  -0.422  1.022] tip [-0.15  -0.319  1.022] tip in microwave box
   12 hand [-0.15  -0.422  1.022] tip [-0.15  -0.319  1.022] tip in microwave box
   13 hand [-0.15  -0.422  1.021] tip [-0.15  -0.319  1.021] tip in microwave box
   14 hand [-0.15  -0.422  1.021] tip [-0.15  -0.319  1.021] tip in microwave box
   15 hand [-0.15  -0.422  1.02 ] tip [-0.15  -0.319  1.02 ] tip in microwave box
lower1    [-0.15  -0.422  1.02 ] -> [-0.793  1.4   -0.183 -0.742  1.158  0.817 -1.598]  dist 0.03 bad 16 door 0.068 hand-
    0 hand [-0.15  -0.422  1.02 ] tip [-0.15  -0.319  1.02 ] tip in microwave box
    1 hand [-0.15  -0.422  1.019] tip [-0.15  -0.319  1.019] tip in microwave box
    2 hand [-0.15  -0.422  1.019] tip [-0.15  -0.319  1.019] tip in microwave box
    3 hand [-0.15  -0.422  1.018] tip [-0.15  -0.319  1.018] tip in microwave box
    4 hand [-0.15  -0.422  1.018] tip [-0.15  -0.319  1.018] tip in microwave box
    5 hand [-0.15  -0.422  1.017] tip [-0.15  -0.319  1.017] tip in microwave box
    6 hand [-0.15  -0.422  1.017] tip [-0.15  -0.319  1.017] tip in microwave box
    7 hand [-0.15  -0.422  1.016] tip [-0.15  -0.319  1.016] tip in microwave box
    8 hand [-0.15  -0.422  1.016] tip [-0.15  -0.319  1.016] tip in microwave box
    9 hand [-0.15  -0.422  1.015] tip [-0.15  -0.319  1.015] tip in microwave box
   10 hand [-0.15  -0.422  1.015] tip [-0.15  -0.319  1.015] tip in microwave box
   11 hand [-0.15  -0.422  1.014] tip [-0.15  -0.319  1.014] tip in microwave box
   12 hand [-0.15  -0.422  1.014] tip [-0.15  -0.319  1.014] tip in microwave box
   13 hand [-0.15  -0.422  1.013] tip [-0.15  -0.319  1.013] tip in microwave box
   14 hand [-0.15  -0.422  1.013] tip [-0.15  -0.319  1.013] tip in microwave box
   15 hand [-0.15  -0.422  1.012] tip [-0.15  -0.319  1.012] tip in microwave box
lower2    [-0.15  -0.422  1.012] -> [-0.798  1.431 -0.178 -0.706  1.161  0.818 -1.59 ]  dist 0.04 bad 16 door 0.068 hand-
    0 hand [-0.15  -0.422  1.012] tip [-0.15  -0.319  1.012] tip in microwave box
    1 hand [-0.15  -0.422  1.011] tip [-0.15  -0.319  1.011] tip in microwave box
    2 hand [-0.15  -0.422  1.011] tip [-0.15  -0.319  1.011] tip in microwave box
    3 hand [-0.15  -0.422  1.01 ] tip [-0.15  -0.319  1.01 ] tip in microwave box
    4 hand [-0.15  -0.422  1.01 ] tip [-0.15  -0.319  1.01 ] tip in microwave box
    5 hand [-0.15  -0.422  1.009] tip [-0.15  -0.319  1.009] tip in microwave box
    6 hand [-0.15  -0.422  1.009] tip [-0.15  -0.319  1.009] tip in microwave box
    7 hand [-0.15  -0.422  1.008] tip [-0.15  -0.319  1.008] tip in microwave box
    8 hand [-0.15  -0.422  1.008] tip [-0.15  -0.319  1.008] tip in microwave box
    9 hand [-0.15  -0.422  1.007] tip [-0.15  -0.319  1.007] tip in microwave box
   10 hand [-0.15  -0.422  1.007] tip [-0.15  -0.319  1.007] tip in microwave box
   11 hand [-0.15  -0.422  1.006] tip [-0.15  -0.319  1.006] tip in microwave box
   12 hand [-0.15  -0.422  1.006] tip [-0.15  -0.319  1.006] tip in microwave box
   13 hand [-0.15  -0.422  1.005] tip [-0.15  -0.319  1.005] tip in microwave box
   14 hand [-0.15  -0.422  1.005] tip [-0.15  -0.319  1.005] tip in microwave box
   15 hand [-0.15  -0.422  1.004] tip [-0.15  -0.319  1.004] tip in microwave box
lower3    [-0.15  -0.422  1.004] -> [-0.805  1.466 -0.173 -0.663  1.164  0.817 -1.579]  dist 0.04 bad 16 door 0.068 hand-
    0 hand [-0.15  -0.422  1.004] tip [-0.15  -0.319  1.004] tip in microwave box
    1 hand [-0.151 -0.423  1.006] tip [-0.15  -0.32   1.006] tip in microwave box
    2 hand [-0.152 -0.425  1.008] tip [-0.15  -0.321  1.008] tip in microwave box
    3 hand [-0.152 -0.426  1.011] tip [-0.151 -0.323  1.011] tip in microwave box
    4 hand [-0.153 -0.428  1.013] tip [-0.151 -0.324  1.013] tip in microwave box
    5 hand [-0.154 -0.429  1.015] tip [-0.151 -0.326  1.015] tip in microwave box
    6 hand [-0.155 -0.43   1.017] tip [-0.152 -0.327  1.017] tip in microwave box
    7 hand [-0.156 -0.432  1.02 ] tip [-0.152 -0.328  1.02 ] tip in microwave box
    8 hand [-0.157 -0.433  1.022] tip [-0.152 -0.33   1.022] tip in microwave box
    9 hand [-0.158 -0.434  1.024] tip [-0.153 -0.331  1.024] tip in microwave box
   10 hand [-0.159 -0.435  1.026] tip [-0.153 -0.332  1.026] tip in microwave box
   11 hand [-0.16  -0.437  1.029] tip [-0.154 -0.334  1.029] tip in microwave box
   12 hand [-0.161 -0.438  1.031] tip [-0.154 -0.335  1.031] tip in microwave box
   13 hand [-0.163 -0.439  1.033] tip [-0.155 -0.336  1.033] tip in microwave box
   14 hand [-0.164 -0.44   1.036] tip [-0.155 -0.337  1.036] tip in microwave box
   15 hand [-0.165 -0.441  1.038] tip [-0.156 -0.338  1.038] tip in microwave box
ret4      [-0.165 -0.441  1.038] -> [-0.811  1.306 -0.2   -0.873  1.184  0.856 -1.613]  dist 0.21 bad 16 door 0.012 tip-
    0 hand [-0.165 -0.441  1.038] tip [-0.156 -0.338  1.038] tip in microwave box
    1 hand [-0.166 -0.443  1.038] tip [-0.156 -0.34   1.038] tip in microwave box
    2 hand [-0.167 -0.444  1.038] tip [-0.157 -0.341  1.038] tip in microwave box
    3 hand [-0.168 -0.445  1.038] tip [-0.157 -0.342  1.038] tip in microwave box
    4 hand [-0.169 -0.446  1.038] tip [-0.157 -0.343  1.038] tip in microwave box
    5 hand [-0.17  -0.447  1.038] tip [-0.158 -0.345  1.038] tip in microwave box
    6 hand [-0.171 -0.449  1.038] tip [-0.158 -0.346  1.038] tip in microwave box
    7 hand [-0.172 -0.45   1.038] tip [-0.159 -0.347  1.038] tip in microwave box
    8 hand [-0.173 -0.451  1.038] tip [-0.159 -0.349  1.038] tip in microwave box
    9 hand [-0.174 -0.452  1.038] tip [-0.159 -0.35   1.038] tip in microwave box
   10 hand [-0.175 -0.453  1.038] tip [-0.16  -0.351  1.038] tip in microwave box
   11 hand [-0.176 -0.455  1.038] tip [-0.16  -0.352  1.038] tip in microwave box
   12 hand [-0.177 -0.456  1.038] tip [-0.161 -0.354  1.038] tip in microwave box
   13 hand [-0.178 -0.457  1.038] tip [-0.161 -0.355  1.038] tip in microwave box
   14 hand [-0.179 -0.458  1.038] tip [-0.161 -0.356  1.038] tip in microwave box
   15 hand [-0.18  -0.459  1.038] tip [-0.162 -0.358  1.038] tip in microwave box
ret3      [-0.18  -0.459  1.038] -> [-0.839  1.275 -0.209 -0.933  1.216  0.898 -1.618]  dist 0.06 bad 16 door 0.013 tip-
    0 hand [-0.18  -0.459  1.038] tip [-0.162 -0.358  1.038] tip in microwave box
    1 hand [-0.182 -0.462  1.038] tip [-0.163 -0.36   1.038] tip in microwave box
    2 hand [-0.183 -0.464  1.038] tip [-0.163 -0.362  1.038] tip in microwave box
    3 hand [-0.185 -0.466  1.038] tip [-0.164 -0.365  1.038] tip in microwave box
    4 hand [-0.187 -0.468  1.038] tip [-0.164 -0.367  1.038] tip in microwave box
    5 hand [-0.189 -0.47   1.038] tip [-0.165 -0.37   1.038] tip in microwave box
    6 hand [-0.191 -0.472  1.038] tip [-0.166 -0.372  1.038] tip in microwave box
    7 hand [-0.193 -0.475  1.038] tip [-0.167 -0.375  1.038] tip in microwave box
    8 hand [-0.195 -0.477  1.038] tip [-0.167 -0.377  1.038] tip in microwave box
    9 hand [-0.197 -0.479  1.038] tip [-0.168 -0.38   1.038] tip in microwave box
ret2      [-0.209 -0.492  1.038] -> [-0.889  1.22  -0.221 -1.042  1.285  0.983 -1.622]  dist 0.11 bad 10 door 0.019 tip-
ret1      [-0.223 -0.516  1.038] -> [-0.931  1.232 -0.221 -1.023  1.331  1.013 -1.592]  dist 0.05 bad 0 door 0.028 tip-
ret0      [-0.236 -0.549  1.038] -> [-0.991  1.29  -0.212 -0.921  1.388  1.037 -1.525]  dist 0.10 bad 0 door 0.033 l6
ret_hi    [-0.236 -0.549  1.25 ] -> [-0.968  0.88  -0.23  -1.148  1.439  0.968 -1.325]  dist 0.41 bad 0 door 9.000 
>> pre_ins
  move_q: error_code=0 max_joint_err=0.0026
   reached hand [-0.236  -0.549   1.0372] fingers 0.0082 wrench [ 0.   5.4 -0. ]
>> ins1
  move_q: error_code=0 max_joint_err=0.0027
   reached hand [-0.2224 -0.5161  1.0374] fingers 0.0082 wrench [ 0.   5.4 -0. ]
>> ins2
  move_q: error_code=0 max_joint_err=0.0039
   reached hand [-0.2091 -0.4935  1.0387] fingers 0.0082 wrench [0.1 4.9 1.2]
>> ins3
  move_q: error_code=0 max_joint_err=0.0061
  retry 1: max_joint_err=0.006
  move_q: error_code=0 max_joint_err=0.0095
   reached hand [-0.1793 -0.4606  1.042 ] fingers 0.0084 wrench [0.5 0.4 3.7]
>> ins4
  move_q: error_code=0 max_joint_err=0.0050
   reached hand [-0.1652 -0.4443  1.0425] fingers 0.0083 wrench [0.  2.4 2.5]
>> ins5
  move_q: error_code=0 max_joint_err=0.0045
   reached hand [-0.15   -0.4246  1.0421] fingers 0.0082 wrench [0.3 3.5 1.4]
>> lower0
  move_q: error_code=0 max_joint_err=0.0143
  retry 1: max_joint_err=0.014
  move_q: error_code=0 max_joint_err=0.0291
  retry 2: max_joint_err=0.015
  move_q: error_code=0 max_joint_err=0.0427
  retry 3: max_joint_err=0.014
  move_q: error_code=-5 max_joint_err=0.0541
  retry 4: max_joint_err=0.011
  move_q: error_code=-5 max_joint_err=0.0696
  retry 5: max_joint_err=0.015
   NOT reached hand [-0.1515 -0.4212  1.0294] fingers 0.0082 wrench [ -0.8 -13.    5.1]
   |F| = 14.0
   contact with floor -> stop lowering
  gripper(0.04): reached=True stalled=False fingers=0.0359,-0.0359
>> ret4
  move_q: error_code=0 max_joint_err=0.0026
   reached hand [-0.1651 -0.4421  1.0394] fingers 0.0400 wrench [-0.   4.1  1.4]
>> ret3
  move_q: error_code=0 max_joint_err=0.0025
   reached hand [-0.18   -0.46    1.0392] fingers 0.0400 wrench [0.  5.1 0.1]
>> ret2
  move_q: error_code=0 max_joint_err=0.0022
   reached hand [-0.2086 -0.4913  1.0381] fingers 0.0400 wrench [0.  5.1 0. ]
>> ret1
  move_q: error_code=0 max_joint_err=0.0024
   reached hand [-0.2229 -0.5154  1.038 ] fingers 0.0400 wrench [-0.   5.1  0. ]
>> ret0
  move_q: error_code=0 max_joint_err=0.0025
   reached hand [-0.2364 -0.5487  1.038 ] fingers 0.0400 wrench [-0.   5.1  0. ]
>> ret_hi
  move_q: error_code=0 max_joint_err=0.0023
   reached hand [-0.2358 -0.5491  1.2497] fingers 0.0400 wrench [-0.   5.1 -0. ]
