start q [-0.875  0.965 -0.223 -1.106  1.303  0.852 -1.448] hand [-0.197 -0.49   1.199]
hi       hand [-0.197 -0.49   1.25 ] -> [-0.882  0.893 -0.215 -1.113  1.334  0.831 -1.371] dist 0.08 bad 0 door 9.000 
over     hand [-0.222 -0.5    1.2  ] -> [-0.867  0.815 -0.257 -1.375  1.396  1.045 -1.485] dist 0.26 bad 0 door 9.000 
behind   hand [-0.222 -0.5    0.98 ] -> [-0.902  1.284 -0.226 -1.083  1.383  1.115 -1.667] dist 0.47 bad 0 door 0.026 l6
push1    hand [-0.214 -0.484  0.98 ] -> [-0.878  1.291 -0.229 -1.067  1.335  1.072 -1.682] dist 0.05 bad 0 door 0.017 tip-
   10 hand [-0.208 -0.476  0.98 ] tip [-0.17 -0.38  0.98] tip in microwave box
   11 hand [-0.207 -0.475  0.98 ] tip [-0.17  -0.379  0.98 ] tip in microwave box
   12 hand [-0.207 -0.474  0.98 ] tip [-0.17  -0.378  0.98 ] tip in microwave box
   13 hand [-0.206 -0.474  0.98 ] tip [-0.17  -0.377  0.98 ] tip in microwave box
   14 hand [-0.206 -0.473  0.98 ] tip [-0.17  -0.376  0.98 ] tip in microwave box
   15 hand [-0.205 -0.472  0.98 ] tip [-0.17  -0.375  0.98 ] tip in microwave box
push2    hand [-0.205 -0.472  0.98 ] -> [-0.861  1.316 -0.229 -1.016  1.292  1.024 -1.684] dist 0.05 bad 6 door 0.011 tip-
    0 hand [-0.205 -0.472  0.98 ] tip [-0.17  -0.375  0.98 ] tip in microwave box
    1 hand [-0.205 -0.472  0.98 ] tip [-0.17  -0.374  0.98 ] tip in microwave box
    2 hand [-0.204 -0.471  0.98 ] tip [-0.17  -0.374  0.98 ] tip in microwave box
    3 hand [-0.203 -0.471  0.98 ] tip [-0.169 -0.373  0.98 ] tip in microwave box
    4 hand [-0.202 -0.47   0.98 ] tip [-0.169 -0.372  0.98 ] tip in microwave box
    5 hand [-0.202 -0.47   0.98 ] tip [-0.169 -0.372  0.98 ] tip in microwave box
    6 hand [-0.201 -0.469  0.98 ] tip [-0.169 -0.371  0.98 ] tip in microwave box
    7 hand [-0.2   -0.469  0.98 ] tip [-0.169 -0.37   0.98 ] tip in microwave box
    8 hand [-0.199 -0.468  0.98 ] tip [-0.169 -0.37   0.98 ] tip in microwave box
    9 hand [-0.199 -0.468  0.98 ] tip [-0.169 -0.369  0.98 ] tip in microwave box
   10 hand [-0.198 -0.467  0.98 ] tip [-0.168 -0.368  0.98 ] tip in microwave box
   11 hand [-0.197 -0.467  0.98 ] tip [-0.168 -0.368  0.98 ] tip in microwave box
   12 hand [-0.197 -0.466  0.98 ] tip [-0.168 -0.367  0.98 ] tip in microwave box
   13 hand [-0.196 -0.466  0.98 ] tip [-0.168 -0.366  0.98 ] tip in microwave box
   14 hand [-0.195 -0.465  0.98 ] tip [-0.168 -0.366  0.98 ] tip in microwave box
   15 hand [-0.195 -0.465  0.98 ] tip [-0.168 -0.365  0.98 ] tip in microwave box
push3    hand [-0.195 -0.465  0.98 ] -> [-0.855  1.368 -0.223 -0.914  1.257  0.969 -1.662] dist 0.10 bad 16 door 0.009 tip-
    0 hand [-0.195 -0.465  0.98 ] tip [-0.168 -0.365  0.98 ] tip in microwave box
    1 hand [-0.194 -0.464  0.98 ] tip [-0.168 -0.364  0.98 ] tip in microwave box
    2 hand [-0.193 -0.464  0.98 ] tip [-0.167 -0.364  0.98 ] tip in microwave box
    3 hand [-0.192 -0.463  0.98 ] tip [-0.167 -0.363  0.98 ] tip in microwave box
    4 hand [-0.191 -0.463  0.98 ] tip [-0.167 -0.362  0.98 ] tip in microwave box
    5 hand [-0.191 -0.462  0.98 ] tip [-0.167 -0.362  0.98 ] tip in microwave box
    6 hand [-0.19  -0.462  0.98 ] tip [-0.166 -0.361  0.98 ] tip in microwave box
    7 hand [-0.189 -0.461  0.98 ] tip [-0.166 -0.36   0.98 ] tip in microwave box
    8 hand [-0.188 -0.461  0.98 ] tip [-0.166 -0.36   0.98 ] tip in microwave box
    9 hand [-0.187 -0.46   0.98 ] tip [-0.166 -0.359  0.98 ] tip in microwave box
   10 hand [-0.187 -0.46   0.98 ] tip [-0.166 -0.358  0.98 ] tip in microwave box
   11 hand [-0.186 -0.459  0.98 ] tip [-0.166 -0.358  0.98 ] tip in microwave box
   12 hand [-0.185 -0.459  0.98 ] tip [-0.165 -0.357  0.98 ] tip in microwave box
   13 hand [-0.184 -0.458  0.98 ] tip [-0.165 -0.356  0.98 ] tip in microwave box
   14 hand [-0.184 -0.457  0.98 ] tip [-0.165 -0.356  0.98 ] tip in microwave box
   15 hand [-0.183 -0.457  0.98 ] tip [-0.165 -0.355  0.98 ] tip in microwave box
push4    hand [-0.183 -0.457  0.98 ] -> [-0.853  1.438 -0.211 -0.78   1.23   0.91  -1.625] dist 0.13 bad 16 door 0.009 tip-
    0 hand [-0.183 -0.457  0.98 ] tip [-0.165 -0.355  0.98 ] tip in microwave box
    1 hand [-0.182 -0.456  0.98 ] tip [-0.165 -0.354  0.98 ] tip in microwave box
    2 hand [-0.182 -0.456  0.98 ] tip [-0.165 -0.354  0.98 ] tip in microwave box
    3 hand [-0.181 -0.455  0.98 ] tip [-0.165 -0.353  0.98 ] tip in microwave box
    4 hand [-0.181 -0.454  0.98 ] tip [-0.164 -0.352  0.98 ] tip in microwave box
    5 hand [-0.18  -0.454  0.98 ] tip [-0.164 -0.352  0.98 ] tip in microwave box
    6 hand [-0.18  -0.453  0.98 ] tip [-0.164 -0.351  0.98 ] tip in microwave box
    7 hand [-0.179 -0.453  0.98 ] tip [-0.164 -0.35   0.98 ] tip in microwave box
    8 hand [-0.179 -0.452  0.98 ] tip [-0.164 -0.35   0.98 ] tip in microwave box
    9 hand [-0.178 -0.451  0.98 ] tip [-0.164 -0.349  0.98 ] tip in microwave box
   10 hand [-0.178 -0.451  0.98 ] tip [-0.164 -0.348  0.98 ] tip in microwave box
   11 hand [-0.178 -0.45   0.98 ] tip [-0.163 -0.348  0.98 ] tip in microwave box
   12 hand [-0.177 -0.449  0.98 ] tip [-0.163 -0.347  0.98 ] tip in microwave box
   13 hand [-0.177 -0.449  0.98 ] tip [-0.163 -0.346  0.98 ] tip in microwave box
   14 hand [-0.176 -0.448  0.98 ] tip [-0.163 -0.346  0.98 ] tip in microwave box
   15 hand [-0.176 -0.448  0.98 ] tip [-0.163 -0.345  0.98 ] tip in microwave box
push5    hand [-0.176 -0.448  0.98 ] -> [-0.842  1.466 -0.206 -0.727  1.213  0.88  -1.615] dist 0.05 bad 16 door 0.008 tip-
    0 hand [-0.176 -0.448  0.98 ] tip [-0.163 -0.345  0.98 ] tip in microwave box
    1 hand [-0.175 -0.447  0.98 ] tip [-0.163 -0.344  0.98 ] tip in microwave box
    2 hand [-0.175 -0.446  0.98 ] tip [-0.163 -0.344  0.98 ] tip in microwave box
    3 hand [-0.174 -0.446  0.98 ] tip [-0.162 -0.343  0.98 ] tip in microwave box
    4 hand [-0.174 -0.445  0.98 ] tip [-0.162 -0.342  0.98 ] tip in microwave box
    5 hand [-0.173 -0.444  0.98 ] tip [-0.162 -0.342  0.98 ] tip in microwave box
    6 hand [-0.173 -0.444  0.98 ] tip [-0.162 -0.341  0.98 ] tip in microwave box
    7 hand [-0.172 -0.443  0.98 ] tip [-0.162 -0.34   0.98 ] tip in microwave box
    8 hand [-0.172 -0.443  0.98 ] tip [-0.161 -0.34   0.98 ] tip in microwave box
    9 hand [-0.172 -0.442  0.98 ] tip [-0.161 -0.339  0.98 ] tip in microwave box
   10 hand [-0.171 -0.441  0.98 ] tip [-0.161 -0.338  0.98 ] tip in microwave box
   11 hand [-0.171 -0.441  0.98 ] tip [-0.161 -0.338  0.98 ] tip in microwave box
   12 hand [-0.17 -0.44  0.98] tip [-0.161 -0.337  0.98 ] tip in microwave box
   13 hand [-0.17  -0.439  0.98 ] tip [-0.16  -0.336  0.98 ] tip in microwave box
   14 hand [-0.169 -0.439  0.98 ] tip [-0.16  -0.336  0.98 ] tip in microwave box
   15 hand [-0.169 -0.438  0.98 ] tip [-0.16  -0.335  0.98 ] tip in microwave box
push6    hand [-0.169 -0.438  0.98 ] -> [-0.825  1.472 -0.205 -0.715  1.2    0.867 -1.618] dist 0.02 bad 16 door 0.006 tip-
    0 hand [-0.169 -0.438  0.98 ] tip [-0.16  -0.335  0.98 ] tip in microwave box
    1 hand [-0.171 -0.441  0.98 ] tip [-0.16  -0.339  0.98 ] tip in microwave box
    2 hand [-0.172 -0.445  0.98 ] tip [-0.161 -0.342  0.98 ] tip in microwave box
    3 hand [-0.174 -0.448  0.98 ] tip [-0.161 -0.346  0.98 ] tip in microwave box
    4 hand [-0.176 -0.452  0.98 ] tip [-0.162 -0.349  0.98 ] tip in microwave box
    5 hand [-0.177 -0.455  0.98 ] tip [-0.162 -0.353  0.98 ] tip in microwave box
    6 hand [-0.179 -0.459  0.98 ] tip [-0.163 -0.357  0.98 ] tip in microwave box
    7 hand [-0.181 -0.462  0.98 ] tip [-0.164 -0.36   0.98 ] tip in microwave box
    8 hand [-0.183 -0.466  0.98 ] tip [-0.164 -0.364  0.98 ] tip in microwave box
    9 hand [-0.185 -0.469  0.98 ] tip [-0.165 -0.368  0.98 ] tip in microwave box
   10 hand [-0.187 -0.473  0.98 ] tip [-0.166 -0.371  0.98 ] tip in microwave box
   11 hand [-0.189 -0.476  0.98 ] tip [-0.167 -0.375  0.98 ] tip in microwave box
   12 hand [-0.191 -0.48   0.98 ] tip [-0.167 -0.379  0.98 ] tip in microwave box
back1    hand [-0.197 -0.49   0.98 ] -> [-0.93   1.519 -0.187 -0.637  1.284  0.924 -1.533] dist 0.10 bad 13 door 0.022 tip-
up       hand [-0.197 -0.49   1.2  ] -> [-0.869  0.965 -0.234 -1.107  1.311  0.846 -1.447] dist 0.55 bad 0 door 9.000 
  gripper(0.0): reached=True stalled=False fingers=0.0005,-0.0005
>> hi
  move_q: error_code=0 max_joint_err=0.0024
   reached hand [-0.1965 -0.4902  1.2497] F [-0.   5.1 -0. ] |F| 5.1
>> over
  move_q: error_code=0 max_joint_err=0.0023
   reached hand [-0.2216 -0.4994  1.2001] F [0.  5.1 0. ] |F| 5.1
>> behind
  move_q: error_code=0 max_joint_err=0.0067
   reached hand [-0.2204 -0.5009  0.985 ] F [-0.   5.1 -0. ] |F| 5.1
>> push1
  move_q: error_code=0 max_joint_err=0.0024
   reached hand [-0.2136 -0.484   0.9804] F [ 0.   5.1 -0. ] |F| 5.1
>> push2
  move_q: error_code=0 max_joint_err=0.0023
   reached hand [-0.2052 -0.4722  0.98  ] F [0.  5.1 0. ] |F| 5.1
>> push3
  move_q: error_code=0 max_joint_err=0.0022
   reached hand [-0.195  -0.4652  0.98  ] F [-0.   5.1 -0. ] |F| 5.1
>> push4
  move_q: error_code=0 max_joint_err=0.0149
  retry 1: max_joint_err=0.015
  move_q: error_code=0 max_joint_err=0.0277
  retry 2: max_joint_err=0.013
  move_q: error_code=0 max_joint_err=0.0380
   reached hand [-0.1813 -0.4597  0.9885] F [-0.   5.1 -0. ] |F| 5.1
>> push5
  move_q: error_code=0 max_joint_err=0.0175
  retry 1: max_joint_err=0.017
  move_q: error_code=0 max_joint_err=0.0327
  retry 2: max_joint_err=0.015
  move_q: error_code=0 max_joint_err=0.0462
  retry 3: max_joint_err=0.014
   NOT reached hand [-0.174  -0.4516  0.9908] F [-0.   5.1  0. ] |F| 5.1
>> push6
  move_q: error_code=0 max_joint_err=0.0151
  retry 1: max_joint_err=0.015
  move_q: error_code=0 max_joint_err=0.0281
  retry 2: max_joint_err=0.013
  move_q: error_code=0 max_joint_err=0.0393
   reached hand [-0.1677 -0.4413  0.9886] F [-0.1  5.1  0.1] |F| 5.1
>> back1
  move_q: error_code=0 max_joint_err=0.0272
  retry 1: max_joint_err=0.027
  move_q: error_code=-5 max_joint_err=0.0538
  retry 2: max_joint_err=0.027
  move_q: error_code=-5 max_joint_err=0.0862
  retry 3: max_joint_err=0.032
   NOT reached hand [-0.1869 -0.4937  1.0038] F [-0.1  5.1 -0.1] |F| 5.1
>> up
  move_q: error_code=0 max_joint_err=0.0022
   reached hand [-0.1966 -0.49    1.1993] F [-0.   5.1 -0. ] |F| 5.1
