[robosuite WARNING] No private macro file found! (__init__.py:7)
[robosuite WARNING] It is recommended to use a private macro file (__init__.py:8)
[robosuite WARNING] To setup, run: python /storage/home/yehe8/.openrua/simulators/cap-x/capx/third_party/libero_dependencies/robosuite/robosuite/scripts/setup_macros.py (__init__.py:9)
Gym has been unmaintained since 2022 and does not support NumPy 2.0 amongst other critical functionality.
Please upgrade to Gymnasium, the maintained drop-in replacement of Gym, or contact the authors of your software and request that they upgrade.
See the migration guide at https://gymnasium.farama.org/introduction/migration_guide/ for additional information.
[info] Using default task order for benchmark 'libero_10_task' (10 tasks).
[Warning]: datasets path /storage/home/yehe8/.openrua/simulators/cap-x/capx/third_party/LIBERO-PRO/libero/datasets does not exist!
[Warning]: datasets path /storage/home/yehe8/.openrua/simulators/cap-x/capx/third_party/LIBERO-PRO/libero/datasets does not exist!
robot ready
[Warning]: datasets path /storage/home/yehe8/.openrua/simulators/cap-x/capx/third_party/LIBERO-PRO/libero/datasets does not exist!
[fjt] names=['panda_joint1', 'panda_joint2', 'panda_joint3', 'panda_joint4', 'panda_joint5', 'panda_joint6', 'panda_joint7'] pts=1
[fjt] times[0..2]=[0. 4.] times[-3:]=[0. 4.]
[fjt] goal=[ 0.142 -0.693  0.104 -2.974  0.087  2.281  0.951]
[fjt] final=[ 0.142 -0.693  0.103 -2.972  0.086  2.279  0.948]
[fjt] err=[-0.     0.001 -0.001  0.001 -0.002 -0.002 -0.002]
[fjt] names=['panda_joint1', 'panda_joint2', 'panda_joint3', 'panda_joint4', 'panda_joint5', 'panda_joint6', 'panda_joint7'] pts=1
[fjt] times[0..2]=[0. 3.] times[-3:]=[0. 3.]
[fjt] goal=[ 0.428 -0.166 -0.252 -3.048 -0.162  2.883  1.122]
[fjt] final=[ 0.426 -0.223 -0.247 -3.016 -0.165  2.819  1.133]
[fjt] err=[-0.002 -0.057  0.005  0.032 -0.002 -0.064  0.012]
[fjt] names=['panda_joint1', 'panda_joint2', 'panda_joint3', 'panda_joint4', 'panda_joint5', 'panda_joint6', 'panda_joint7'] pts=1
[fjt] times[0..2]=[0. 3.] times[-3:]=[0. 3.]
[fjt] goal=[ 0.416 -0.703 -0.222 -2.971 -0.188  2.272  1.153]
[fjt] final=[ 0.417 -0.702 -0.223 -2.973 -0.186  2.277  1.15 ]
[fjt] err=[ 0.     0.001 -0.001 -0.001  0.001  0.005 -0.002]
[fjt] names=['panda_joint1', 'panda_joint2', 'panda_joint3', 'panda_joint4', 'panda_joint5', 'panda_joint6', 'panda_joint7'] pts=1
[fjt] times[0..2]=[0.  2.5] times[-3:]=[0.  2.5]
[fjt] goal=[ 0.427 -0.828 -0.194 -2.85  -0.159  2.027  1.151]
[fjt] final=[ 0.427 -0.827 -0.195 -2.852 -0.16   2.029  1.15 ]
[fjt] err=[-0.     0.001 -0.001 -0.002 -0.002  0.002 -0.   ]
[fjt] names=['panda_joint1', 'panda_joint2', 'panda_joint3', 'panda_joint4', 'panda_joint5', 'panda_joint6', 'panda_joint7'] pts=1
[fjt] times[0..2]=[0. 3.] times[-3:]=[0. 3.]
[fjt] goal=[ 0.466 -0.259 -0.341 -2.36  -0.1    2.113  0.972]
[fjt] final=[ 0.466 -0.262 -0.341 -2.362 -0.102  2.112  0.975]
[fjt] err=[-0.    -0.003  0.001 -0.002 -0.001 -0.001  0.002]
[fjt] names=['panda_joint1', 'panda_joint2', 'panda_joint3', 'panda_joint4', 'panda_joint5', 'panda_joint6', 'panda_joint7'] pts=1
[fjt] times[0..2]=[0. 3.] times[-3:]=[0. 3.]
[fjt] goal=[ 0.464  0.31  -0.463 -1.766  0.153  2.04   0.736]
[fjt] final=[ 0.464  0.307 -0.462 -1.781  0.152  2.042  0.738]
[fjt] err=[ 0.    -0.003  0.001 -0.015 -0.001  0.002  0.003]
[fjt] names=['panda_joint1', 'panda_joint2', 'panda_joint3', 'panda_joint4', 'panda_joint5', 'panda_joint6', 'panda_joint7'] pts=1
[fjt] times[0..2]=[0.  3.5] times[-3:]=[0.  3.5]
[fjt] goal=[ 0.412  0.55  -0.388 -1.886  0.291  2.38   0.648]
[fjt] final=[ 0.413  0.541 -0.388 -1.879  0.289  2.375  0.652]
[fjt] err=[ 0.002 -0.009 -0.     0.006 -0.002 -0.005  0.003]
[fjt] names=['panda_joint1', 'panda_joint2', 'panda_joint3', 'panda_joint4', 'panda_joint5', 'panda_joint6', 'panda_joint7'] pts=1
[fjt] times[0..2]=[0. 3.] times[-3:]=[0. 3.]
[fjt] goal=[ 0.477  0.332 -0.476 -1.792  0.172  2.083  0.723]
[fjt] final=[ 0.476  0.332 -0.475 -1.793  0.174  2.085  0.721]
[fjt] err=[-0.     0.     0.001 -0.001  0.002  0.002 -0.002]
[fjt] names=['panda_joint1', 'panda_joint2', 'panda_joint3', 'panda_joint4', 'panda_joint5', 'panda_joint6', 'panda_joint7'] pts=1
[fjt] times[0..2]=[0. 3.] times[-3:]=[0. 3.]
[fjt] goal=[ 0.565 -0.678 -0.513 -2.621 -0.343  1.986  1.081]
[fjt] final=[ 0.565 -0.29  -0.512 -2.409 -0.341  1.988  1.078]
[fjt] err=[-0.001  0.388  0.001  0.211  0.002  0.002 -0.002]
[fjt] names=['panda_joint1', 'panda_joint2', 'panda_joint3', 'panda_joint4', 'panda_joint5', 'panda_joint6', 'panda_joint7'] pts=1
[fjt] times[0..2]=[0. 4.] times[-3:]=[0. 4.]
[fjt] goal=[ 0.757  0.09  -0.508 -2.466  0.077  2.543  0.972]
[fjt] final=[ 0.756  0.089 -0.508 -2.465  0.075  2.541  0.975]
[fjt] err=[-0.    -0.001 -0.001  0.001 -0.002 -0.002  0.002]
[fjt] names=['panda_joint1', 'panda_joint2', 'panda_joint3', 'panda_joint4', 'panda_joint5', 'panda_joint6', 'panda_joint7'] pts=1
[fjt] times[0..2]=[0. 3.] times[-3:]=[0. 3.]
[fjt] goal=[ 0.623  0.496 -0.299 -2.402  0.499  2.845  0.664]
[fjt] final=[ 0.624  0.489 -0.301 -2.404  0.496  2.841  0.666]
[fjt] err=[ 0.001 -0.007 -0.002 -0.002 -0.003 -0.004  0.003]
[fjt] names=['panda_joint1', 'panda_joint2', 'panda_joint3', 'panda_joint4', 'panda_joint5', 'panda_joint6', 'panda_joint7'] pts=1
[fjt] times[0..2]=[0. 3.] times[-3:]=[0. 3.]
[fjt] goal=[ 0.973 -0.012 -0.731 -2.447 -0.013  2.438  1.037]
[fjt] final=[ 0.972 -0.011 -0.73  -2.446 -0.01   2.439  1.035]
[fjt] err=[-0.001  0.001  0.001  0.     0.002  0.002 -0.003]
[fjt] names=['panda_joint1', 'panda_joint2', 'panda_joint3', 'panda_joint4', 'panda_joint5', 'panda_joint6', 'panda_joint7'] pts=1
[fjt] times[0..2]=[0.  3.5] times[-3:]=[0.  3.5]
[fjt] goal=[ 0.918  0.588 -0.84  -1.812  0.521  2.163  0.644]
[fjt] final=[ 0.918  0.587 -0.84  -1.817  0.52   2.165  0.647]
[fjt] err=[ 0.    -0.001  0.001 -0.004 -0.002  0.002  0.003]
[fjt] names=['panda_joint1', 'panda_joint2', 'panda_joint3', 'panda_joint4', 'panda_joint5', 'panda_joint6', 'panda_joint7'] pts=1
[fjt] times[0..2]=[0. 3.] times[-3:]=[0. 3.]
[fjt] goal=[ 0.76   0.891 -0.618 -1.775  0.746  2.416  0.52 ]
[fjt] final=[ 0.767  0.835 -0.643 -1.634  0.719  2.44   0.511]
[fjt] err=[ 0.007 -0.056 -0.025  0.141 -0.027  0.024 -0.009]
[fjt] names=['panda_joint1', 'panda_joint2', 'panda_joint3', 'panda_joint4', 'panda_joint5', 'panda_joint6', 'panda_joint7'] pts=1
[fjt] times[0..2]=[0. 3.] times[-3:]=[0. 3.]
[fjt] goal=[ 0.936  0.545 -0.868 -1.794  0.48   2.112  0.669]
[fjt] final=[ 0.935  0.546 -0.867 -1.793  0.481  2.114  0.666]
[fjt] err=[-0.001  0.001  0.001  0.001  0.002  0.002 -0.002]
[fjt] names=['panda_joint1', 'panda_joint2', 'panda_joint3', 'panda_joint4', 'panda_joint5', 'panda_joint6', 'panda_joint7'] pts=1
[fjt] times[0..2]=[0. 5.] times[-3:]=[0. 5.]
[fjt] goal=[ 0.    -0.161  0.    -2.445  0.     2.227  0.785]
[fjt] final=[ 1.300e-02 -1.600e-01 -2.000e-03 -2.443e+00  1.000e-03  2.225e+00
  7.830e-01]
[fjt] err=[ 0.013  0.001 -0.002  0.001  0.001 -0.002 -0.003]
[fjt] names=['panda_joint1', 'panda_joint2', 'panda_joint3', 'panda_joint4', 'panda_joint5', 'panda_joint6', 'panda_joint7'] pts=1
[fjt] times[0..2]=[0. 4.] times[-3:]=[0. 4.]
[fjt] goal=[ 0.09   0.597  0.077 -1.601 -0.053  2.195  1.659]
[fjt] final=[ 0.09   0.589  0.077 -1.682 -0.052  2.197  1.503]
[fjt] err=[ 0.    -0.008 -0.    -0.081  0.001  0.002 -0.156]
[fjt] names=['panda_joint1', 'panda_joint2', 'panda_joint3', 'panda_joint4', 'panda_joint5', 'panda_joint6', 'panda_joint7'] pts=1
[fjt] times[0..2]=[0.  2.8] times[-3:]=[0.  2.8]
[fjt] goal=[ 0.09   0.597  0.077 -1.601 -0.053  2.195  1.659]
[fjt] final=[ 0.09   0.596  0.077 -1.602 -0.053  2.197  1.657]
[fjt] err=[ 0.    -0.001 -0.    -0.001  0.001  0.002 -0.002]
[fjt] names=['panda_joint1', 'panda_joint2', 'panda_joint3', 'panda_joint4', 'panda_joint5', 'panda_joint6', 'panda_joint7'] pts=1
[fjt] times[0..2]=[0. 3.] times[-3:]=[0. 3.]
[fjt] goal=[ 0.098  0.792  0.065 -1.599 -0.067  2.389  1.667]
[fjt] final=[ 0.097  0.791  0.065 -1.6   -0.066  2.387  1.665]
[fjt] err=[-0.    -0.001  0.001 -0.001  0.001 -0.002 -0.002]
[fjt] names=['panda_joint1', 'panda_joint2', 'panda_joint3', 'panda_joint4', 'panda_joint5', 'panda_joint6', 'panda_joint7'] pts=1
[fjt] times[0..2]=[0.  2.5] times[-3:]=[0.  2.5]
[fjt] goal=[ 0.078  0.837  0.062 -1.514 -0.064  2.349  1.639]
[fjt] final=[ 0.078  0.836  0.063 -1.516 -0.065  2.351  1.642]
[fjt] err=[ 0.    -0.001  0.001 -0.002 -0.001  0.001  0.003]
[fjt] names=['panda_joint1', 'panda_joint2', 'panda_joint3', 'panda_joint4', 'panda_joint5', 'panda_joint6', 'panda_joint7'] pts=1
[fjt] times[0..2]=[0.  2.5] times[-3:]=[0.  2.5]
[fjt] goal=[ 0.058  0.887  0.06  -1.42  -0.063  2.305  1.613]
[fjt] final=[ 0.058  0.886  0.061 -1.422 -0.064  2.307  1.616]
[fjt] err=[ 0.    -0.001  0.001 -0.002 -0.001  0.001  0.003]
[fjt] names=['panda_joint1', 'panda_joint2', 'panda_joint3', 'panda_joint4', 'panda_joint5', 'panda_joint6', 'panda_joint7'] pts=1
[fjt] times[0..2]=[0.  2.5] times[-3:]=[0.  2.5]
[fjt] goal=[ 0.039  0.944  0.059 -1.314 -0.062  2.256  1.588]
[fjt] final=[ 0.039  0.943  0.06  -1.316 -0.063  2.258  1.59 ]
[fjt] err=[ 0.    -0.001  0.001 -0.002 -0.001  0.002  0.003]
[fjt] names=['panda_joint1', 'panda_joint2', 'panda_joint3', 'panda_joint4', 'panda_joint5', 'panda_joint6', 'panda_joint7'] pts=1
[fjt] times[0..2]=[0. 3.] times[-3:]=[0. 3.]
[fjt] goal=[ 0.033  0.763  0.069 -1.316 -0.054  2.077  1.584]
[fjt] final=[ 0.034  0.763  0.068 -1.316 -0.056  2.079  1.586]
[fjt] err=[ 0.     0.001 -0.001  0.    -0.001  0.002  0.002]
[fjt] names=['panda_joint1', 'panda_joint2', 'panda_joint3', 'panda_joint4', 'panda_joint5', 'panda_joint6', 'panda_joint7'] pts=1
[fjt] times[0..2]=[0. 5.] times[-3:]=[0. 5.]
[fjt] goal=[ 0.    -0.161  0.    -2.445  0.     2.227  0.785]
[fjt] final=[ 0.000e+00 -1.500e-01  0.000e+00 -2.236e+00 -1.000e-03  2.225e+00
  7.900e-01]
[fjt] err=[ 0.     0.011  0.     0.208 -0.001 -0.002  0.004]
[fjt] names=['panda_joint1', 'panda_joint2', 'panda_joint3', 'panda_joint4', 'panda_joint5', 'panda_joint6', 'panda_joint7'] pts=1
[fjt] times[0..2]=[0. 4.] times[-3:]=[0. 4.]
[fjt] goal=[ 0.    -0.161  0.    -2.445  0.     2.227  0.785]
[fjt] final=[ 0.000e+00 -1.600e-01  0.000e+00 -2.443e+00 -1.000e-03  2.225e+00
  7.880e-01]
[fjt] err=[ 0.     0.001  0.     0.001 -0.001 -0.002  0.002]
[fjt] names=['panda_joint1', 'panda_joint2', 'panda_joint3', 'panda_joint4', 'panda_joint5', 'panda_joint6', 'panda_joint7'] pts=1
[fjt] times[0..2]=[0. 4.] times[-3:]=[0. 4.]
[fjt] goal=[ 6.000e-03  7.210e-01 -2.100e-02 -1.387e+00  1.600e-02  2.108e+00
  1.000e-03]
[fjt] final=[ 0.006  0.616 -0.021 -1.676  0.015  2.11   0.085]
[fjt] err=[-0.001 -0.105  0.    -0.289 -0.001  0.002  0.083]
[fjt] names=['panda_joint1', 'panda_joint2', 'panda_joint3', 'panda_joint4', 'panda_joint5', 'panda_joint6', 'panda_joint7'] pts=1
[fjt] times[0..2]=[0.  2.8] times[-3:]=[0.  2.8]
[fjt] goal=[ 6.000e-03  7.210e-01 -2.100e-02 -1.387e+00  1.600e-02  2.108e+00
  1.000e-03]
[fjt] final=[ 0.006  0.72  -0.021 -1.389  0.015  2.11   0.004]
[fjt] err=[-0.    -0.001  0.    -0.002 -0.001  0.002  0.002]
[fjt] names=['panda_joint1', 'panda_joint2', 'panda_joint3', 'panda_joint4', 'panda_joint5', 'panda_joint6', 'panda_joint7'] pts=1
[fjt] times[0..2]=[0. 3.] times[-3:]=[0. 3.]
[fjt] goal=[ 0.005  0.868 -0.018 -1.395  0.018  2.264  0.   ]
[fjt] final=[ 0.005  0.868 -0.019 -1.395  0.016  2.262  0.003]
[fjt] err=[ 0.    -0.    -0.001  0.001 -0.001 -0.002  0.002]
[fjt] names=['panda_joint1', 'panda_joint2', 'panda_joint3', 'panda_joint4', 'panda_joint5', 'panda_joint6', 'panda_joint7'] pts=1
[fjt] times[0..2]=[0. 3.] times[-3:]=[0. 3.]
[fjt] goal=[ 4.000e-03  9.090e-01 -1.700e-02 -1.384e+00  1.800e-02  2.293e+00
  1.000e-03]
[fjt] final=[ 0.004  0.908 -0.018 -1.385  0.017  2.291  0.003]
[fjt] err=[ 0.    -0.001 -0.001 -0.001 -0.001 -0.002  0.002]
[fjt] names=['panda_joint1', 'panda_joint2', 'panda_joint3', 'panda_joint4', 'panda_joint5', 'panda_joint6', 'panda_joint7'] pts=1
[fjt] times[0..2]=[0. 2.] times[-3:]=[0. 2.]
[fjt] goal=[ 4.000e-03  8.810e-01 -1.700e-02 -1.392e+00  1.700e-02  2.273e+00
  1.000e-03]
[fjt] final=[ 4.000e-03  8.820e-01 -1.800e-02 -1.392e+00  1.700e-02  2.275e+00
  2.000e-03]
[fjt] err=[ 0.     0.001 -0.001  0.    -0.     0.002  0.001]
[fjt] names=['panda_joint1', 'panda_joint2', 'panda_joint3', 'panda_joint4', 'panda_joint5', 'panda_joint6', 'panda_joint7'] pts=1
[fjt] times[0..2]=[0. 3.] times[-3:]=[0. 3.]
[fjt] goal=[-0.403  0.839  0.418 -1.705  0.33   2.808 -0.442]
[fjt] final=[-0.403  0.839  0.416 -1.705  0.328  2.8   -0.44 ]
[fjt] err=[ 0.001  0.    -0.001  0.    -0.002 -0.007  0.003]
[fjt] names=['panda_joint1', 'panda_joint2', 'panda_joint3', 'panda_joint4', 'panda_joint5', 'panda_joint6', 'panda_joint7'] pts=1
[fjt] times[0..2]=[0. 3.] times[-3:]=[0. 3.]
[fjt] goal=[-0.949  1.258  1.055 -1.78   0.562  3.062 -1.151]
[fjt] final=[-0.948  1.256  1.049 -1.78   0.561  3.061 -1.003]
[fjt] err=[ 0.001 -0.002 -0.006  0.001 -0.001 -0.002  0.148]
[fjt] names=['panda_joint1', 'panda_joint2', 'panda_joint3', 'panda_joint4', 'panda_joint5', 'panda_joint6', 'panda_joint7'] pts=1
[fjt] times[0..2]=[0.  2.1] times[-3:]=[0.  2.1]
[fjt] goal=[-0.949  1.258  1.055 -1.78   0.562  3.062 -1.151]
[fjt] final=[-0.949  1.258  1.053 -1.78   0.561  3.061 -1.149]
[fjt] err=[ 0.    -0.    -0.002  0.    -0.001 -0.002  0.002]
[fjt] names=['panda_joint1', 'panda_joint2', 'panda_joint3', 'panda_joint4', 'panda_joint5', 'panda_joint6', 'panda_joint7'] pts=1
[fjt] times[0..2]=[0. 3.] times[-3:]=[0. 3.]
[fjt] goal=[-1.18   1.763  1.305 -1.715  0.668  2.851 -1.708]
[fjt] final=[-1.179  1.762  1.303 -1.716  0.667  2.854 -1.701]
[fjt] err=[ 0.    -0.001 -0.002 -0.001 -0.001  0.003  0.007]
[fjt] names=['panda_joint1', 'panda_joint2', 'panda_joint3', 'panda_joint4', 'panda_joint5', 'panda_joint6', 'panda_joint7'] pts=1
[fjt] times[0..2]=[0. 3.] times[-3:]=[0. 3.]
[fjt] goal=[-1.224  1.616  1.411 -1.85   0.729  2.95  -1.611]
[fjt] final=[-1.224  1.616  1.41  -1.848  0.728  2.948 -1.614]
[fjt] err=[ 0.     0.001 -0.002  0.001 -0.001 -0.002 -0.002]
[fjt] names=['panda_joint1', 'panda_joint2', 'panda_joint3', 'panda_joint4', 'panda_joint5', 'panda_joint6', 'panda_joint7'] pts=1
[fjt] times[0..2]=[0. 3.] times[-3:]=[0. 3.]
[fjt] goal=[-0.99   1.345  1.075 -1.437  0.604  2.104 -1.307]
[fjt] final=[-0.99   1.346  1.075 -1.438  0.605  2.357 -1.31 ]
[fjt] err=[-0.     0.001  0.    -0.001  0.001  0.252 -0.003]
[fjt] names=['panda_joint1', 'panda_joint2', 'panda_joint3', 'panda_joint4', 'panda_joint5', 'panda_joint6', 'panda_joint7'] pts=1
[fjt] times[0..2]=[0.  2.1] times[-3:]=[0.  2.1]
[fjt] goal=[-0.99   1.345  1.075 -1.437  0.604  2.104 -1.307]
[fjt] final=[-0.99   1.346  1.075 -1.438  0.604  2.107 -1.31 ]
[fjt] err=[-0.     0.001 -0.    -0.001  0.001  0.003 -0.003]
[fjt] names=['panda_joint1', 'panda_joint2', 'panda_joint3', 'panda_joint4', 'panda_joint5', 'panda_joint6', 'panda_joint7'] pts=1
[fjt] times[0..2]=[0.  3.5] times[-3:]=[0.  3.5]
[fjt] goal=[-1.265  1.223  1.121 -1.882  0.667  2.21  -1.447]
[fjt] final=[-1.265  1.224  1.12  -1.881  0.664  2.209 -1.445]
[fjt] err=[ 0.001  0.001 -0.001  0.001 -0.002 -0.002  0.002]
[fjt] names=['panda_joint1', 'panda_joint2', 'panda_joint3', 'panda_joint4', 'panda_joint5', 'panda_joint6', 'panda_joint7'] pts=1
[fjt] times[0..2]=[0.  3.5] times[-3:]=[0.  3.5]
[fjt] goal=[-1.164  1.401  0.984 -1.732  0.596  2.18  -1.547]
[fjt] final=[-1.165  1.4    0.984 -1.734  0.597  2.183 -1.545]
[fjt] err=[-0.    -0.    -0.    -0.001  0.001  0.003  0.002]
[fjt] names=['panda_joint1', 'panda_joint2', 'panda_joint3', 'panda_joint4', 'panda_joint5', 'panda_joint6', 'panda_joint7'] pts=1
[fjt] times[0..2]=[0.  2.5] times[-3:]=[0.  2.5]
[fjt] goal=[-1.246  1.373  0.943 -1.693  0.552  2.051 -1.522]
[fjt] final=[-1.245  1.373  0.944 -1.694  0.554  2.053 -1.524]
[fjt] err=[ 0.     0.     0.001 -0.001  0.001  0.002 -0.002]
[fjt] names=['panda_joint1', 'panda_joint2', 'panda_joint3', 'panda_joint4', 'panda_joint5', 'panda_joint6', 'panda_joint7'] pts=1
[fjt] times[0..2]=[0. 3.] times[-3:]=[0. 3.]
[fjt] goal=[-1.364  1.154  1.099 -1.862  0.648  2.067 -1.409]
[fjt] final=[-1.364  1.155  1.099 -1.86   0.647  2.065 -1.411]
[fjt] err=[ 0.     0.001 -0.001  0.001 -0.001 -0.002 -0.002]
[fjt] names=['panda_joint1', 'panda_joint2', 'panda_joint3', 'panda_joint4', 'panda_joint5', 'panda_joint6', 'panda_joint7'] pts=1
[fjt] times[0..2]=[0.        6.9748409] times[-3:]=[0.        6.9748409]
[fjt] goal=[ 1.129 -1.635 -1.055 -2.196 -1.305  1.119  1.013]
[fjt] final=[-0.106 -0.088 -0.136 -2.196 -0.466  1.119 -0.348]
[fjt] err=[-1.235  1.547  0.919 -0.     0.839 -0.    -1.361]
[fjt] names=['panda_joint1', 'panda_joint2', 'panda_joint3', 'panda_joint4', 'panda_joint5', 'panda_joint6', 'panda_joint7'] pts=1
[fjt] times[0..2]=[0.         4.88238863] times[-3:]=[0.         4.88238863]
[fjt] goal=[ 1.129 -1.635 -1.055 -2.196 -1.305  1.119  1.013]
[fjt] final=[ 0.821 -1.013 -1.036 -2.196 -1.3    1.118  0.478]
[fjt] err=[-0.308  0.622  0.019 -0.001  0.005 -0.001 -0.535]
[fjt] names=['panda_joint1', 'panda_joint2', 'panda_joint3', 'panda_joint4', 'panda_joint5', 'panda_joint6', 'panda_joint7'] pts=1
[fjt] times[0..2]=[0.         3.41767204] times[-3:]=[0.         3.41767204]
[fjt] goal=[ 1.129 -1.635 -1.055 -2.196 -1.305  1.119  1.013]
[fjt] final=[ 1.128 -1.632 -1.055 -2.196 -1.305  1.118  1.011]
[fjt] err=[-0.     0.003  0.001 -0.001  0.    -0.001 -0.002]
[fjt] names=['panda_joint1', 'panda_joint2', 'panda_joint3', 'panda_joint4', 'panda_joint5', 'panda_joint6', 'panda_joint7'] pts=1
[fjt] times[0..2]=[0. 5.] times[-3:]=[0. 5.]
[fjt] goal=[ 2.581 -1.45  -1.578 -1.292 -1.452  1.545  1.518]
[fjt] final=[ 2.076 -1.45  -1.577 -1.3   -1.451  1.542  1.516]
[fjt] err=[-0.505 -0.     0.001 -0.008  0.001 -0.002 -0.002]
[fjt] names=['panda_joint1', 'panda_joint2', 'panda_joint3', 'panda_joint4', 'panda_joint5', 'panda_joint6', 'panda_joint7'] pts=1
[fjt] times[0..2]=[0.  3.5] times[-3:]=[0.  3.5]
[fjt] goal=[ 2.581 -1.45  -1.578 -1.292 -1.452  1.545  1.518]
[fjt] final=[ 2.58  -1.45  -1.577 -1.292 -1.452  1.543  1.518]
[fjt] err=[-0.    -0.     0.001 -0.     0.001 -0.002  0.001]
[fjt] names=['panda_joint1', 'panda_joint2', 'panda_joint3', 'panda_joint4', 'panda_joint5', 'panda_joint6', 'panda_joint7'] pts=1
[fjt] times[0..2]=[0. 3.] times[-3:]=[0. 3.]
[fjt] goal=[ 2.608 -1.643 -1.735 -1.252 -1.588  1.749  1.511]
[fjt] final=[ 2.607 -1.64  -1.733 -1.254 -1.585  1.745  1.513]
[fjt] err=[-0.001  0.002  0.002 -0.002  0.003 -0.004  0.002]
[fjt] names=['panda_joint1', 'panda_joint2', 'panda_joint3', 'panda_joint4', 'panda_joint5', 'panda_joint6', 'panda_joint7'] pts=1
[fjt] times[0..2]=[0. 3.] times[-3:]=[0. 3.]
[fjt] goal=[ 2.581 -1.448 -1.58  -1.292 -1.451  1.546  1.518]
[fjt] final=[ 2.581 -1.449 -1.581 -1.291 -1.452  1.548  1.516]
[fjt] err=[ 0.    -0.001 -0.001  0.001 -0.001  0.002 -0.002]
[fjt] names=['panda_joint1', 'panda_joint2', 'panda_joint3', 'panda_joint4', 'panda_joint5', 'panda_joint6', 'panda_joint7'] pts=1
[fjt] times[0..2]=[0.         3.91660844] times[-3:]=[0.         3.91660844]
[fjt] goal=[ 2.581 -1.475 -1.549 -1.292 -1.484  1.523 -0.051]
[fjt] final=[ 2.581 -1.474 -1.55  -1.291 -1.483  1.525  0.816]
[fjt] err=[ 0.     0.001 -0.001  0.001  0.002  0.002  0.867]
[fjt] names=['panda_joint1', 'panda_joint2', 'panda_joint3', 'panda_joint4', 'panda_joint5', 'panda_joint6', 'panda_joint7'] pts=1
[fjt] times[0..2]=[0.         2.74162591] times[-3:]=[0.         2.74162591]
[fjt] goal=[ 2.581 -1.475 -1.549 -1.292 -1.484  1.523 -0.051]
[fjt] final=[ 2.581 -1.474 -1.55  -1.291 -1.483  1.525  0.287]
[fjt] err=[ 0.     0.    -0.001  0.001  0.001  0.002  0.338]
[fjt] names=['panda_joint1', 'panda_joint2', 'panda_joint3', 'panda_joint4', 'panda_joint5', 'panda_joint6', 'panda_joint7'] pts=1
[fjt] times[0..2]=[0. 2.] times[-3:]=[0. 2.]
[fjt] goal=[ 2.581 -1.475 -1.549 -1.292 -1.484  1.523 -0.051]
[fjt] final=[ 2.581 -1.474 -1.55  -1.291 -1.483  1.525 -0.048]
[fjt] err=[ 0.     0.    -0.001  0.001  0.001  0.002  0.003]
[fjt] names=['panda_joint1', 'panda_joint2', 'panda_joint3', 'panda_joint4', 'panda_joint5', 'panda_joint6', 'panda_joint7'] pts=1
[fjt] times[0..2]=[0.  3.5] times[-3:]=[0.  3.5]
[fjt] goal=[ 2.314 -1.472 -1.52  -1.715 -1.466  1.535  0.107]
[fjt] final=[ 2.315 -1.473 -1.521 -1.714 -1.468  1.534  0.104]
[fjt] err=[ 0.001 -0.001 -0.001  0.001 -0.001 -0.002 -0.002]
[fjt] names=['panda_joint1', 'panda_joint2', 'panda_joint3', 'panda_joint4', 'panda_joint5', 'panda_joint6', 'panda_joint7'] pts=1
[fjt] times[0..2]=[0. 3.] times[-3:]=[0. 3.]
[fjt] goal=[ 2.333 -1.634 -1.735 -1.688 -1.654  1.726  0.106]
[fjt] final=[ 2.333 -1.634 -1.735 -1.689 -1.652  1.724  0.105]
[fjt] err=[-0.     0.     0.001 -0.001  0.002 -0.002 -0.002]
[fjt] names=['panda_joint1', 'panda_joint2', 'panda_joint3', 'panda_joint4', 'panda_joint5', 'panda_joint6', 'panda_joint7'] pts=1
[fjt] times[0..2]=[0. 3.] times[-3:]=[0. 3.]
[fjt] goal=[ 2.314 -1.471 -1.522 -1.715 -1.465  1.537  0.107]
[fjt] final=[ 2.314 -1.471 -1.522 -1.714 -1.466  1.539  0.105]
[fjt] err=[ 0.    -0.001 -0.001  0.001 -0.002  0.002 -0.002]
[fjt] names=['panda_joint1', 'panda_joint2', 'panda_joint3', 'panda_joint4', 'panda_joint5', 'panda_joint6', 'panda_joint7'] pts=1
[fjt] times[0..2]=[0.         5.80557894] times[-3:]=[0.         5.80557894]
[fjt] goal=[-0.008 -0.298 -0.647 -2.322 -0.204  2.073  0.251]
[fjt] final=[ 1.237 -0.407 -0.647 -2.321 -0.42   2.073  0.247]
[fjt] err=[ 1.245e+00 -1.090e-01  0.000e+00  1.000e-03 -2.170e-01 -0.000e+00
 -4.000e-03]
[fjt] names=['panda_joint1', 'panda_joint2', 'panda_joint3', 'panda_joint4', 'panda_joint5', 'panda_joint6', 'panda_joint7'] pts=1
[fjt] times[0..2]=[0.         4.06390526] times[-3:]=[0.         4.06390526]
[fjt] goal=[-0.008 -0.298 -0.647 -2.322 -0.204  2.073  0.251]
[fjt] final=[ 0.44  -0.299 -0.647 -2.322 -0.206  2.073  0.245]
[fjt] err=[ 0.448 -0.001  0.     0.    -0.002 -0.    -0.005]
[fjt] names=['panda_joint1', 'panda_joint2', 'panda_joint3', 'panda_joint4', 'panda_joint5', 'panda_joint6', 'panda_joint7'] pts=1
[fjt] times[0..2]=[0.         2.84473368] times[-3:]=[0.         2.84473368]
[fjt] goal=[-0.008 -0.298 -0.647 -2.322 -0.204  2.073  0.251]
[fjt] final=[-0.007 -0.299 -0.647 -2.322 -0.205  2.073  0.249]
[fjt] err=[ 0.    -0.     0.     0.    -0.001 -0.    -0.002]
