[robosuite WARNING] No private macro file found! (__init__.py:7)
[robosuite WARNING] It is recommended to use a private macro file (__init__.py:8)
[robosuite WARNING] To setup, run: python /storage/home/yehe8/.openrua/simulators/cap-x/capx/third_party/libero_dependencies/robosuite/robosuite/scripts/setup_macros.py (__init__.py:9)
Gym has been unmaintained since 2022 and does not support NumPy 2.0 amongst other critical functionality.
Please upgrade to Gymnasium, the maintained drop-in replacement of Gym, or contact the authors of your software and request that they upgrade.
See the migration guide at https://gymnasium.farama.org/introduction/migration_guide/ for additional information.
[info] Using default task order for benchmark 'libero_10_swap' (10 tasks).
[Warning]: datasets path /storage/home/yehe8/.openrua/simulators/cap-x/capx/third_party/LIBERO-PRO/libero/datasets does not exist!
[Warning]: datasets path /storage/home/yehe8/.openrua/simulators/cap-x/capx/third_party/LIBERO-PRO/libero/datasets does not exist!
robot ready
[Warning]: datasets path /storage/home/yehe8/.openrua/simulators/cap-x/capx/third_party/LIBERO-PRO/libero/datasets does not exist!
[fjt] names=['panda_joint1', 'panda_joint2', 'panda_joint3', 'panda_joint4', 'panda_joint5', 'panda_joint6', 'panda_joint7'] pts=1
[fjt] times[0..2]=[0. 4.] times[-3:]=[0. 4.]
[fjt] goal=[ 0.231  0.225  0.161 -2.448 -0.079  2.669  0.458]
[fjt] final=[ 0.231  0.224  0.161 -2.448 -0.078  2.667  0.46 ]
[fjt] err=[-0.    -0.    -0.     0.001  0.001 -0.002  0.002]
[fjt] names=['panda_joint1', 'panda_joint2', 'panda_joint3', 'panda_joint4', 'panda_joint5', 'panda_joint6', 'panda_joint7'] pts=1
[fjt] times[0..2]=[0. 2.] times[-3:]=[0. 2.]
[fjt] goal=[ 0.231  0.224  0.161 -2.448 -0.078  2.667  1.244]
[fjt] final=[ 0.231  0.224  0.161 -2.448 -0.078  2.667  0.875]
[fjt] err=[ 0.     0.     0.    -0.    -0.     0.    -0.369]
[fjt] names=['panda_joint1', 'panda_joint2', 'panda_joint3', 'panda_joint4', 'panda_joint5', 'panda_joint6', 'panda_joint7'] pts=1
[fjt] times[0..2]=[0. 3.] times[-3:]=[0. 3.]
[fjt] goal=[ 0.231  0.224  0.161 -2.448 -0.078  2.667  1.244]
[fjt] final=[ 0.231  0.224  0.161 -2.448 -0.078  2.667  1.242]
[fjt] err=[ 0.     0.     0.    -0.    -0.    -0.    -0.002]
[fjt] names=['panda_joint1', 'panda_joint2', 'panda_joint3', 'panda_joint4', 'panda_joint5', 'panda_joint6', 'panda_joint7'] pts=1
[fjt] times[0..2]=[0. 3.] times[-3:]=[0. 3.]
[fjt] goal=[ 0.166  0.433  0.193 -2.411 -0.263  2.827  0.593]
[fjt] final=[ 0.167  0.432  0.192 -2.412 -0.261  2.825  0.693]
[fjt] err=[ 0.    -0.001 -0.001 -0.001  0.003 -0.002  0.1  ]
[fjt] names=['panda_joint1', 'panda_joint2', 'panda_joint3', 'panda_joint4', 'panda_joint5', 'panda_joint6', 'panda_joint7'] pts=1
[fjt] times[0..2]=[0. 3.] times[-3:]=[0. 3.]
[fjt] goal=[ 0.28   0.276  0.111 -2.444 -0.074  2.718  1.24 ]
[fjt] final=[ 0.28   0.277  0.112 -2.444 -0.076  2.72   1.224]
[fjt] err=[-0.     0.001  0.001  0.001 -0.002  0.002 -0.016]
[fjt] names=['panda_joint1', 'panda_joint2', 'panda_joint3', 'panda_joint4', 'panda_joint5', 'panda_joint6', 'panda_joint7'] pts=1
[fjt] times[0..2]=[0. 3.] times[-3:]=[0. 3.]
[fjt] goal=[ 0.3    0.424  0.083 -2.416 -0.114  2.837  1.271]
[fjt] final=[ 0.3    0.423  0.084 -2.417 -0.113  2.835  1.268]
[fjt] err=[-0.    -0.001  0.001 -0.001  0.002 -0.002 -0.002]
[fjt] names=['panda_joint1', 'panda_joint2', 'panda_joint3', 'panda_joint4', 'panda_joint5', 'panda_joint6', 'panda_joint7'] pts=1
[fjt] times[0..2]=[0. 3.] times[-3:]=[0. 3.]
[fjt] goal=[ 0.3    0.425  0.087 -2.415 -0.112  2.837  2.569]
[fjt] final=[ 0.301  0.426  0.088 -2.413 -0.128  2.837  1.546]
[fjt] err=[ 1.000e-03  1.000e-03  1.000e-03  2.000e-03 -1.600e-02 -0.000e+00
 -1.023e+00]
[fjt] names=['panda_joint1', 'panda_joint2', 'panda_joint3', 'panda_joint4', 'panda_joint5', 'panda_joint6', 'panda_joint7'] pts=1
[fjt] times[0..2]=[0. 4.] times[-3:]=[0. 4.]
[fjt] goal=[ 0.301  0.426  0.088 -2.413 -0.128  2.837  2.046]
[fjt] final=[ 0.301  0.426  0.088 -2.412 -0.148  2.837  1.607]
[fjt] err=[ 0.     0.    -0.     0.001 -0.019  0.    -0.439]
[fjt] names=['panda_joint1', 'panda_joint2', 'panda_joint3', 'panda_joint4', 'panda_joint5', 'panda_joint6', 'panda_joint7'] pts=1
[fjt] times[0..2]=[0. 5.] times[-3:]=[0. 5.]
[fjt] goal=[ 0.301  0.426  0.088 -2.412 -0.148  2.837  0.507]
[fjt] final=[ 0.298  0.424  0.077 -2.416 -0.146  2.837  0.79 ]
[fjt] err=[-0.003 -0.003 -0.011 -0.004  0.001  0.001  0.283]
[fjt] names=['panda_joint1', 'panda_joint2', 'panda_joint3', 'panda_joint4', 'panda_joint5', 'panda_joint6', 'panda_joint7'] pts=1
[fjt] times[0..2]=[0. 5.] times[-3:]=[0. 5.]
[fjt] goal=[ 0.298  0.424  0.077 -2.416 -0.146  2.837  0.19 ]
[fjt] final=[ 0.296  0.427  0.066 -2.411 -0.147  2.839  0.19 ]
[fjt] err=[-0.002  0.003 -0.011  0.005 -0.001  0.001 -0.   ]
[fjt] names=['panda_joint1', 'panda_joint2', 'panda_joint3', 'panda_joint4', 'panda_joint5', 'panda_joint6', 'panda_joint7'] pts=1
[fjt] times[0..2]=[0. 3.] times[-3:]=[0. 3.]
[fjt] goal=[ 0.5    0.147 -0.096 -2.449  0.027  2.595  1.168]
[fjt] final=[ 0.5    0.148 -0.095 -2.448  0.025  2.597  0.748]
[fjt] err=[-0.     0.001  0.001  0.001 -0.002  0.002 -0.42 ]
[fjt] names=['panda_joint1', 'panda_joint2', 'panda_joint3', 'panda_joint4', 'panda_joint5', 'panda_joint6', 'panda_joint7'] pts=1
[fjt] times[0..2]=[0. 4.] times[-3:]=[0. 4.]
[fjt] goal=[-0.111  0.557 -0.28  -1.728  0.19   2.258 -1.257]
[fjt] final=[-1.100e-01  5.560e-01 -2.800e-01 -1.733e+00  1.900e-01  2.260e+00
 -1.000e-03]
[fjt] err=[ 0.000e+00 -1.000e-03  0.000e+00 -5.000e-03 -1.000e-03  2.000e-03
  1.256e+00]
[fjt] names=['panda_joint1', 'panda_joint2', 'panda_joint3', 'panda_joint4', 'panda_joint5', 'panda_joint6', 'panda_joint7'] pts=1
[fjt] times[0..2]=[0. 4.] times[-3:]=[0. 4.]
[fjt] goal=[-0.111  0.557 -0.28  -1.728  0.19   2.258 -1.257]
[fjt] final=[-0.111  0.556 -0.28  -1.729  0.19   2.259 -0.718]
[fjt] err=[ 0.    -0.001  0.    -0.001 -0.     0.001  0.54 ]
[fjt] names=['panda_joint1', 'panda_joint2', 'panda_joint3', 'panda_joint4', 'panda_joint5', 'panda_joint6', 'panda_joint7'] pts=1
[fjt] times[0..2]=[0. 6.] times[-3:]=[0. 6.]
[fjt] goal=[-0.111  0.557 -0.28  -1.728  0.19   2.258 -1.257]
[fjt] final=[-0.111  0.556 -0.28  -1.729  0.19   2.259 -1.255]
[fjt] err=[ 0.    -0.001  0.    -0.001 -0.     0.001  0.002]
[fjt] names=['panda_joint1', 'panda_joint2', 'panda_joint3', 'panda_joint4', 'panda_joint5', 'panda_joint6', 'panda_joint7'] pts=1
[fjt] times[0..2]=[0. 4.] times[-3:]=[0. 4.]
[fjt] goal=[-0.144  0.76  -0.233 -1.714  0.251  2.445 -1.294]
[fjt] final=[-0.142  0.644 -0.249 -1.707  0.237  2.332 -1.289]
[fjt] err=[ 0.001 -0.117 -0.015  0.007 -0.014 -0.113  0.005]
[fjt] names=['panda_joint1', 'panda_joint2', 'panda_joint3', 'panda_joint4', 'panda_joint5', 'panda_joint6', 'panda_joint7'] pts=1
[fjt] times[0..2]=[0. 3.] times[-3:]=[0. 3.]
[fjt] goal=[-0.112  0.567 -0.278 -1.725  0.193  2.265 -1.258]
[fjt] final=[-0.113  0.568 -0.277 -1.724  0.195  2.267 -1.261]
[fjt] err=[-0.     0.001  0.001  0.001  0.002  0.002 -0.002]
[fjt] names=['panda_joint1', 'panda_joint2', 'panda_joint3', 'panda_joint4', 'panda_joint5', 'panda_joint6', 'panda_joint7'] pts=1
[fjt] times[0..2]=[0. 3.] times[-3:]=[0. 3.]
[fjt] goal=[-0.12   0.619 -0.267 -1.731  0.211  2.321 -1.269]
[fjt] final=[-0.119  0.618 -0.267 -1.73   0.209  2.319 -1.266]
[fjt] err=[ 0.    -0.    -0.001  0.001 -0.002 -0.002  0.002]
[fjt] names=['panda_joint1', 'panda_joint2', 'panda_joint3', 'panda_joint4', 'panda_joint5', 'panda_joint6', 'panda_joint7'] pts=1
[fjt] times[0..2]=[0. 3.] times[-3:]=[0. 3.]
[fjt] goal=[-0.108  0.545 -0.284 -1.719  0.186  2.238 -1.254]
[fjt] final=[-0.108  0.546 -0.283 -1.722  0.188  2.24  -1.256]
[fjt] err=[-0.     0.001  0.001 -0.002  0.002  0.002 -0.002]
[fjt] names=['panda_joint1', 'panda_joint2', 'panda_joint3', 'panda_joint4', 'panda_joint5', 'panda_joint6', 'panda_joint7'] pts=1
[fjt] times[0..2]=[0. 4.] times[-3:]=[0. 4.]
[fjt] goal=[-0.085  0.387 -0.328 -1.537  0.129  1.903 -1.217]
[fjt] final=[-0.085  0.388 -0.327 -1.539  0.13   1.905 -1.22 ]
[fjt] err=[-0.     0.001  0.001 -0.003  0.001  0.002 -0.002]
[fjt] names=['panda_joint1', 'panda_joint2', 'panda_joint3', 'panda_joint4', 'panda_joint5', 'panda_joint6', 'panda_joint7'] pts=1
[fjt] times[0..2]=[0. 5.] times[-3:]=[0. 5.]
[fjt] goal=[ 0.528  0.231 -0.241 -1.747  0.059  1.971 -0.515]
[fjt] final=[ 0.528  0.233 -0.242 -1.747  0.061  1.969 -0.518]
[fjt] err=[-0.     0.002 -0.001 -0.     0.002 -0.002 -0.003]
[fjt] names=['panda_joint1', 'panda_joint2', 'panda_joint3', 'panda_joint4', 'panda_joint5', 'panda_joint6', 'panda_joint7'] pts=1
[fjt] times[0..2]=[0. 4.] times[-3:]=[0. 4.]
[fjt] goal=[ 0.519  0.368 -0.226 -1.903  0.105  2.259 -0.545]
[fjt] final=[ 0.519  0.368 -0.227 -1.903  0.103  2.257 -0.542]
[fjt] err=[ 0.     0.001 -0.001 -0.001 -0.001 -0.002  0.002]
[fjt] names=['panda_joint1', 'panda_joint2', 'panda_joint3', 'panda_joint4', 'panda_joint5', 'panda_joint6', 'panda_joint7'] pts=1
[fjt] times[0..2]=[0. 3.] times[-3:]=[0. 3.]
[fjt] goal=[ 0.511  0.438 -0.215 -1.924  0.127  2.35  -0.559]
[fjt] final=[ 0.511  0.439 -0.215 -1.925  0.126  2.347 -0.557]
[fjt] err=[ 0.     0.    -0.001 -0.    -0.001 -0.002  0.002]
[fjt] names=['panda_joint1', 'panda_joint2', 'panda_joint3', 'panda_joint4', 'panda_joint5', 'panda_joint6', 'panda_joint7'] pts=1
[fjt] times[0..2]=[0. 3.] times[-3:]=[0. 3.]
[fjt] goal=[ 0.535  0.271 -0.247 -1.824  0.075  2.086 -0.526]
[fjt] final=[ 0.535  0.272 -0.246 -1.825  0.077  2.088 -0.528]
[fjt] err=[-0.     0.     0.001 -0.001  0.001  0.002 -0.002]
[fjt] names=['panda_joint1', 'panda_joint2', 'panda_joint3', 'panda_joint4', 'panda_joint5', 'panda_joint6', 'panda_joint7'] pts=1
[fjt] times[0..2]=[0. 5.] times[-3:]=[0. 5.]
[fjt] goal=[ 0.    -0.161  0.    -2.445  0.     2.227  0.785]
[fjt] final=[ 1.000e-03 -1.600e-01 -0.000e+00 -2.443e+00  1.000e-03  2.225e+00
  2.910e-01]
[fjt] err=[ 0.001  0.001 -0.     0.001  0.001 -0.002 -0.494]
