[robosuite WARNING] No private macro file found! (__init__.py:7)
[robosuite WARNING] It is recommended to use a private macro file (__init__.py:8)
[robosuite WARNING] To setup, run: python /storage/home/yehe8/.openrua/simulators/cap-x/capx/third_party/libero_dependencies/robosuite/robosuite/scripts/setup_macros.py (__init__.py:9)
Gym has been unmaintained since 2022 and does not support NumPy 2.0 amongst other critical functionality.
Please upgrade to Gymnasium, the maintained drop-in replacement of Gym, or contact the authors of your software and request that they upgrade.
See the migration guide at https://gymnasium.farama.org/introduction/migration_guide/ for additional information.
[info] Using default task order for benchmark 'libero_10_swap' (10 tasks).
[Warning]: datasets path /storage/home/yehe8/.openrua/simulators/cap-x/capx/third_party/LIBERO-PRO/libero/datasets does not exist!
[Warning]: datasets path /storage/home/yehe8/.openrua/simulators/cap-x/capx/third_party/LIBERO-PRO/libero/datasets does not exist!
robot ready
[Warning]: datasets path /storage/home/yehe8/.openrua/simulators/cap-x/capx/third_party/LIBERO-PRO/libero/datasets does not exist!
[fjt] names=['panda_joint1', 'panda_joint2', 'panda_joint3', 'panda_joint4', 'panda_joint5', 'panda_joint6', 'panda_joint7'] pts=1
[fjt] times[0..2]=[0. 4.] times[-3:]=[0. 4.]
[fjt] goal=[ 0.123  0.114 -0.074 -2.497  0.017  2.61  -0.751]
[fjt] final=[ 0.122  0.113 -0.074 -2.496  0.016  2.608  0.077]
[fjt] err=[-0.001 -0.     0.     0.001 -0.    -0.002  0.828]
[fjt] names=['panda_joint1', 'panda_joint2', 'panda_joint3', 'panda_joint4', 'panda_joint5', 'panda_joint6', 'panda_joint7'] pts=1
[fjt] times[0..2]=[0. 3.] times[-3:]=[0. 3.]
[fjt] goal=[ 0.123  0.114 -0.074 -2.497  0.017  2.61  -0.751]
[fjt] final=[ 0.122  0.114 -0.074 -2.496  0.017  2.608 -0.492]
[fjt] err=[-0.001 -0.     0.     0.001 -0.    -0.002  0.259]
[fjt] names=['panda_joint1', 'panda_joint2', 'panda_joint3', 'panda_joint4', 'panda_joint5', 'panda_joint6', 'panda_joint7'] pts=1
[fjt] times[0..2]=[0. 3.] times[-3:]=[0. 3.]
[fjt] goal=[ 0.123  0.114 -0.074 -2.497  0.017  2.61  -0.751]
[fjt] final=[ 0.123  0.114 -0.074 -2.496  0.017  2.608 -0.749]
[fjt] err=[-0.    -0.     0.     0.001 -0.    -0.002  0.002]
[fjt] names=['panda_joint1', 'panda_joint2', 'panda_joint3', 'panda_joint4', 'panda_joint5', 'panda_joint6', 'panda_joint7'] pts=1
[fjt] times[0..2]=[0. 2.] times[-3:]=[0. 2.]
[fjt] goal=[ 0.146  0.11  -0.057 -2.502  0.012  2.612 -0.707]
[fjt] final=[ 0.146  0.11  -0.058 -2.501  0.014  2.61  -0.71 ]
[fjt] err=[-0.     0.001 -0.     0.001  0.001 -0.002 -0.003]
[fjt] names=['panda_joint1', 'panda_joint2', 'panda_joint3', 'panda_joint4', 'panda_joint5', 'panda_joint6', 'panda_joint7'] pts=6
[fjt] times[0..2]=[0.         0.66666667 1.33333333] times[-3:]=[2.66666667 3.33333333 4.        ]
[fjt] goal=[ 0.13   0.424 -0.033 -2.463  0.054  2.886 -0.738]
[fjt] final=[ 0.131  0.423 -0.034 -2.464  0.053  2.884 -0.735]
[fjt] err=[ 0.    -0.001 -0.001 -0.001 -0.002 -0.002  0.002]
[fjt] names=['panda_joint1', 'panda_joint2', 'panda_joint3', 'panda_joint4', 'panda_joint5', 'panda_joint6', 'panda_joint7'] pts=7
[fjt] times[0..2]=[0.         0.42857143 0.85714286] times[-3:]=[2.14285714 2.57142857 3.        ]
[fjt] goal=[ 0.151  0.084 -0.063 -2.502  0.01   2.586 -0.706]
[fjt] final=[ 0.15   0.084 -0.062 -2.503  0.012  2.588 -0.708]
[fjt] err=[-0.     0.001  0.001 -0.001  0.002  0.002 -0.002]
[fjt] names=['panda_joint1', 'panda_joint2', 'panda_joint3', 'panda_joint4', 'panda_joint5', 'panda_joint6', 'panda_joint7'] pts=11
[fjt] times[0..2]=[0.         0.36363636 0.72727273] times[-3:]=[3.27272727 3.63636364 4.        ]
[fjt] goal=[-0.093  0.248 -0.203 -2.268  0.084  2.509 -1.143]
[fjt] final=[-0.093  0.247 -0.202 -2.269  0.082  2.511 -1.14 ]
[fjt] err=[ 0.    -0.001  0.001 -0.002 -0.002  0.002  0.003]
[fjt] names=['panda_joint1', 'panda_joint2', 'panda_joint3', 'panda_joint4', 'panda_joint5', 'panda_joint6', 'panda_joint7'] pts=3
[fjt] times[0..2]=[0.         0.83333333 1.66666667] times[-3:]=[0.83333333 1.66666667 2.5       ]
[fjt] goal=[-0.113  0.384 -0.175 -2.264  0.136  2.639 -1.179]
[fjt] final=[-0.109  0.349 -0.171 -2.256  0.133  2.639 -1.174]
[fjt] err=[ 0.003 -0.035  0.004  0.009 -0.003 -0.001  0.005]
[fjt] names=['panda_joint1', 'panda_joint2', 'panda_joint3', 'panda_joint4', 'panda_joint5', 'panda_joint6', 'panda_joint7'] pts=3
[fjt] times[0..2]=[0.         0.83333333 1.66666667] times[-3:]=[0.83333333 1.66666667 2.5       ]
[fjt] goal=[-0.085  0.237 -0.204 -2.217  0.074  2.448 -1.126]
[fjt] final=[-0.085  0.256 -0.199 -2.238  0.08   2.446 -1.13 ]
[fjt] err=[-0.     0.019  0.005 -0.021  0.005 -0.002 -0.004]
[fjt] names=['panda_joint1', 'panda_joint2', 'panda_joint3', 'panda_joint4', 'panda_joint5', 'panda_joint6', 'panda_joint7'] pts=6
[fjt] times[0..2]=[0.         0.41666667 0.83333333] times[-3:]=[1.66666667 2.08333333 2.5       ]
[fjt] goal=[ 0.044  0.119 -0.142 -2.384  0.028  2.501 -0.905]
[fjt] final=[ 0.044  0.12  -0.143 -2.383  0.03   2.503 -0.908]
[fjt] err=[-0.     0.001 -0.001  0.001  0.001  0.002 -0.003]
[fjt] names=['panda_joint1', 'panda_joint2', 'panda_joint3', 'panda_joint4', 'panda_joint5', 'panda_joint6', 'panda_joint7'] pts=5
[fjt] times[0..2]=[0.  0.6 1.2] times[-3:]=[1.8 2.4 3. ]
[fjt] goal=[ 0.148  0.044 -0.065 -2.485  0.005  2.529 -0.706]
[fjt] final=[ 0.147  0.045 -0.065 -2.484  0.006  2.527 -0.709]
[fjt] err=[-0.     0.001 -0.001  0.001  0.001 -0.002 -0.003]
[fjt] names=['panda_joint1', 'panda_joint2', 'panda_joint3', 'panda_joint4', 'panda_joint5', 'panda_joint6', 'panda_joint7'] pts=5
[fjt] times[0..2]=[0.  0.4 0.8] times[-3:]=[1.2 1.6 2. ]
[fjt] goal=[ 0.141  0.291 -0.052 -2.483  0.041  2.774 -0.733]
[fjt] final=[ 0.142  0.29  -0.053 -2.484  0.04   2.772 -0.73 ]
[fjt] err=[ 0.    -0.001 -0.001 -0.001 -0.002 -0.002  0.002]
[fjt] names=['panda_joint1', 'panda_joint2', 'panda_joint3', 'panda_joint4', 'panda_joint5', 'panda_joint6', 'panda_joint7'] pts=3
[fjt] times[0..2]=[0.         0.66666667 1.33333333] times[-3:]=[0.66666667 1.33333333 2.        ]
[fjt] goal=[ 0.129  0.428 -0.036 -2.453  0.059  2.881 -0.746]
[fjt] final=[ 0.13   0.422 -0.038 -2.46   0.057  2.876 -0.744]
[fjt] err=[ 0.    -0.006 -0.002 -0.007 -0.002 -0.005  0.002]
[fjt] names=['panda_joint1', 'panda_joint2', 'panda_joint3', 'panda_joint4', 'panda_joint5', 'panda_joint6', 'panda_joint7'] pts=4
[fjt] times[0..2]=[0.  0.5 1. ] times[-3:]=[1.  1.5 2. ]
[fjt] goal=[ 0.145  0.249 -0.057 -2.489  0.035  2.737 -0.728]
[fjt] final=[ 0.144  0.25  -0.056 -2.488  0.037  2.739 -0.731]
[fjt] err=[-0.     0.001  0.001  0.001  0.002  0.002 -0.002]
[fjt] names=['panda_joint1', 'panda_joint2', 'panda_joint3', 'panda_joint4', 'panda_joint5', 'panda_joint6', 'panda_joint7'] pts=1
[fjt] times[0..2]=[0. 2.] times[-3:]=[0. 2.]
[fjt] goal=[ 0.134  0.226 -0.061 -2.527  0.036  2.753 -0.744]
[fjt] final=[ 0.135  0.227 -0.061 -2.526  0.037  2.751 -0.742]
[fjt] err=[ 0.     0.001  0.001  0.001  0.001 -0.002  0.002]
[fjt] names=['panda_joint1', 'panda_joint2', 'panda_joint3', 'panda_joint4', 'panda_joint5', 'panda_joint6', 'panda_joint7'] pts=3
[fjt] times[0..2]=[0.         0.66666667 1.33333333] times[-3:]=[0.66666667 1.33333333 2.        ]
[fjt] goal=[ 0.121  0.383 -0.042 -2.498  0.062  2.881 -0.763]
[fjt] final=[ 0.121  0.383 -0.043 -2.499  0.06   2.879 -0.761]
[fjt] err=[ 0.    -0.001 -0.001 -0.001 -0.002 -0.002  0.002]
[fjt] names=['panda_joint1', 'panda_joint2', 'panda_joint3', 'panda_joint4', 'panda_joint5', 'panda_joint6', 'panda_joint7'] pts=7
[fjt] times[0..2]=[0.         0.35714286 0.71428571] times[-3:]=[1.78571429 2.14285714 2.5       ]
[fjt] goal=[ 1.440e-01  1.500e-02 -7.600e-02 -2.523e+00  2.000e-03  2.538e+00
 -7.200e-01]
[fjt] final=[ 0.143  0.015 -0.075 -2.524  0.004  2.54  -0.722]
[fjt] err=[-0.     0.001  0.001 -0.001  0.002  0.002 -0.002]
[fjt] names=['panda_joint1', 'panda_joint2', 'panda_joint3', 'panda_joint4', 'panda_joint5', 'panda_joint6', 'panda_joint7'] pts=5
[fjt] times[0..2]=[0.  0.6 1.2] times[-3:]=[1.8 2.4 3. ]
[fjt] goal=[ 0.052  0.129 -0.149 -2.37   0.032  2.497 -0.907]
[fjt] final=[ 0.052  0.128 -0.149 -2.372  0.03   2.499 -0.904]
[fjt] err=[ 0.    -0.001  0.001 -0.002 -0.001  0.002  0.003]
[fjt] names=['panda_joint1', 'panda_joint2', 'panda_joint3', 'panda_joint4', 'panda_joint5', 'panda_joint6', 'panda_joint7'] pts=5
[fjt] times[0..2]=[0.  0.5 1. ] times[-3:]=[1.5 2.  2.5]
[fjt] goal=[-0.067  0.27  -0.193 -2.322  0.097  2.585 -1.121]
[fjt] final=[-0.067  0.269 -0.193 -2.323  0.096  2.583 -1.119]
[fjt] err=[ 0.    -0.001  0.    -0.001 -0.002 -0.002  0.003]
[fjt] names=['panda_joint1', 'panda_joint2', 'panda_joint3', 'panda_joint4', 'panda_joint5', 'panda_joint6', 'panda_joint7'] pts=1
[fjt] times[0..2]=[0.  1.5] times[-3:]=[0.  1.5]
[fjt] goal=[-0.074  0.317 -0.183 -2.32   0.116  2.629 -1.135]
[fjt] final=[-0.074  0.317 -0.184 -2.321  0.114  2.627 -1.132]
[fjt] err=[ 0.    -0.001 -0.001 -0.001 -0.002 -0.002  0.002]
[fjt] names=['panda_joint1', 'panda_joint2', 'panda_joint3', 'panda_joint4', 'panda_joint5', 'panda_joint6', 'panda_joint7'] pts=1
[fjt] times[0..2]=[0.  1.5] times[-3:]=[0.  1.5]
[fjt] goal=[-0.082  0.361 -0.172 -2.315  0.133  2.668 -1.147]
[fjt] final=[-0.082  0.361 -0.173 -2.316  0.131  2.666 -1.144]
[fjt] err=[ 0.    -0.001 -0.001 -0.001 -0.002 -0.002  0.002]
[fjt] names=['panda_joint1', 'panda_joint2', 'panda_joint3', 'panda_joint4', 'panda_joint5', 'panda_joint6', 'panda_joint7'] pts=1
[fjt] times[0..2]=[0.  1.5] times[-3:]=[0.  1.5]
[fjt] goal=[-0.109  0.371 -0.176 -2.298  0.138  2.661 -1.181]
[fjt] final=[-0.109  0.371 -0.175 -2.3    0.136  2.662 -1.178]
[fjt] err=[ 0.    -0.001  0.001 -0.001 -0.001  0.002  0.003]
[fjt] names=['panda_joint1', 'panda_joint2', 'panda_joint3', 'panda_joint4', 'panda_joint5', 'panda_joint6', 'panda_joint7'] pts=5
[fjt] times[0..2]=[0.  0.4 0.8] times[-3:]=[1.2 1.6 2. ]
[fjt] goal=[-0.082  0.182 -0.215 -2.297  0.063  2.475 -1.128]
[fjt] final=[-0.082  0.183 -0.214 -2.298  0.064  2.477 -1.131]
[fjt] err=[-0.     0.     0.001 -0.001  0.002  0.002 -0.002]
[fjt] names=['panda_joint1', 'panda_joint2', 'panda_joint3', 'panda_joint4', 'panda_joint5', 'panda_joint6', 'panda_joint7'] pts=6
[fjt] times[0..2]=[0.         0.33333333 0.66666667] times[-3:]=[1.33333333 1.66666667 2.        ]
[fjt] goal=[ 0.042  0.087 -0.141 -2.361  0.019  2.447 -0.898]
[fjt] final=[ 0.042  0.088 -0.141 -2.36   0.02   2.449 -0.901]
[fjt] err=[-0.     0.001 -0.001  0.001  0.001  0.002 -0.003]
[fjt] names=['panda_joint1', 'panda_joint2', 'panda_joint3', 'panda_joint4', 'panda_joint5', 'panda_joint6', 'panda_joint7'] pts=10
[fjt] times[0..2]=[0.  0.3 0.6] times[-3:]=[2.4 2.7 3. ]
[fjt] goal=[ 0.139 -0.231 -0.032 -2.3   -0.008  2.069 -0.673]
[fjt] final=[ 0.139 -0.231 -0.032 -2.301 -0.01   2.071 -0.675]
[fjt] err=[-0.     0.    -0.001 -0.001 -0.001  0.002 -0.002]
[fjt] names=['panda_joint1', 'panda_joint2', 'panda_joint3', 'panda_joint4', 'panda_joint5', 'panda_joint6', 'panda_joint7'] pts=1
[fjt] times[0..2]=[ 0. 12.] times[-3:]=[ 0. 12.]
[fjt] goal=[ 0.104  0.627  0.48  -2.031 -1.238  1.103 -2.744]
[fjt] final=[ 0.084  0.415  0.429 -2.06  -1.24   1.081 -2.55 ]
[fjt] err=[-0.02  -0.212 -0.05  -0.029 -0.003 -0.022  0.194]
[fjt] names=['panda_joint1', 'panda_joint2', 'panda_joint3', 'panda_joint4', 'panda_joint5', 'panda_joint6', 'panda_joint7'] pts=1
[fjt] times[0..2]=[0. 4.] times[-3:]=[0. 4.]
[fjt] goal=[ 0.104  0.627  0.48  -2.031 -1.238  1.103 -2.744]
[fjt] final=[ 0.082  0.415  0.431 -2.06  -1.24   1.079 -2.748]
[fjt] err=[-0.022 -0.212 -0.048 -0.028 -0.002 -0.024 -0.004]
[fjt] names=['panda_joint1', 'panda_joint2', 'panda_joint3', 'panda_joint4', 'panda_joint5', 'panda_joint6', 'panda_joint7'] pts=1
[fjt] times[0..2]=[0. 4.] times[-3:]=[0. 4.]
[fjt] goal=[ 0.104  0.627  0.48  -2.031 -1.238  1.103 -2.744]
[fjt] final=[ 0.082  0.415  0.431 -2.06  -1.24   1.079 -2.753]
[fjt] err=[-0.022 -0.212 -0.048 -0.028 -0.002 -0.024 -0.008]
[fjt] names=['panda_joint1', 'panda_joint2', 'panda_joint3', 'panda_joint4', 'panda_joint5', 'panda_joint6', 'panda_joint7'] pts=1
[fjt] times[0..2]=[0. 4.] times[-3:]=[0. 4.]
[fjt] goal=[ 0.104  0.627  0.48  -2.031 -1.238  1.103 -2.744]
[fjt] final=[ 0.082  0.415  0.431 -2.06  -1.24   1.079 -2.753]
[fjt] err=[-0.022 -0.212 -0.048 -0.028 -0.002 -0.024 -0.008]
[fjt] names=['panda_joint1', 'panda_joint2', 'panda_joint3', 'panda_joint4', 'panda_joint5', 'panda_joint6', 'panda_joint7'] pts=12
[fjt] times[0..2]=[0.   0.25 0.5 ] times[-3:]=[2.5  2.75 3.  ]
[fjt] goal=[ 0.133  0.974  0.431 -1.853 -1.302  1.123 -2.585]
[fjt] final=[ 0.117  0.422  0.4   -2.095 -1.298  1.105 -2.588]
[fjt] err=[-0.016 -0.552 -0.031 -0.242  0.004 -0.019 -0.003]
[fjt] names=['panda_joint1', 'panda_joint2', 'panda_joint3', 'panda_joint4', 'panda_joint5', 'panda_joint6', 'panda_joint7'] pts=12
[fjt] times[0..2]=[0.         0.16666667 0.33333333] times[-3:]=[1.66666667 1.83333333 2.        ]
[fjt] goal=[ 0.077  0.884  0.316 -1.99  -1.36   1.265 -2.581]
[fjt] final=[ 0.086  0.425  0.394 -2.112 -1.341  1.264 -2.583]
[fjt] err=[ 0.009 -0.459  0.078 -0.122  0.019 -0.001 -0.002]
[fjt] names=['panda_joint1', 'panda_joint2', 'panda_joint3', 'panda_joint4', 'panda_joint5', 'panda_joint6', 'panda_joint7'] pts=1
[fjt] times[0..2]=[0. 8.] times[-3:]=[0. 8.]
[fjt] goal=[ 0.187 -0.232 -0.077 -2.3   -0.02   2.069 -0.664]
[fjt] final=[ 0.187 -0.231 -0.075 -2.299 -0.04   2.067 -1.385]
[fjt] err=[-0.     0.001  0.002  0.001 -0.019 -0.002 -0.722]
[fjt] names=['panda_joint1', 'panda_joint2', 'panda_joint3', 'panda_joint4', 'panda_joint5', 'panda_joint6', 'panda_joint7'] pts=1
[fjt] times[0..2]=[0. 4.] times[-3:]=[0. 4.]
[fjt] goal=[ 0.187 -0.232 -0.077 -2.3   -0.02   2.069 -0.664]
[fjt] final=[ 0.187 -0.231 -0.076 -2.299 -0.022  2.067 -0.686]
[fjt] err=[-0.     0.001  0.001  0.001 -0.002 -0.002 -0.023]
[fjt] names=['panda_joint1', 'panda_joint2', 'panda_joint3', 'panda_joint4', 'panda_joint5', 'panda_joint6', 'panda_joint7'] pts=1
[fjt] times[0..2]=[0. 4.] times[-3:]=[0. 4.]
[fjt] goal=[ 0.187 -0.232 -0.077 -2.3   -0.02   2.069 -0.664]
[fjt] final=[ 0.187 -0.231 -0.077 -2.299 -0.021  2.067 -0.666]
[fjt] err=[-0.     0.     0.     0.001 -0.001 -0.002 -0.002]
[fjt] names=['panda_joint1', 'panda_joint2', 'panda_joint3', 'panda_joint4', 'panda_joint5', 'panda_joint6', 'panda_joint7'] pts=1
[fjt] times[0..2]=[ 0. 12.] times[-3:]=[ 0. 12.]
[fjt] goal=[ 1.479  0.47  -1.039 -2.622 -1.772  2.023 -2.517]
[fjt] final=[ 1.478  0.47  -1.038 -2.62  -1.77   2.025 -2.318]
[fjt] err=[-0.001 -0.001  0.001  0.002  0.002  0.002  0.199]
[fjt] names=['panda_joint1', 'panda_joint2', 'panda_joint3', 'panda_joint4', 'panda_joint5', 'panda_joint6', 'panda_joint7'] pts=1
[fjt] times[0..2]=[0. 4.] times[-3:]=[0. 4.]
[fjt] goal=[ 1.479  0.47  -1.039 -2.622 -1.772  2.023 -2.517]
[fjt] final=[ 1.479  0.47  -1.038 -2.621 -1.771  2.024 -2.515]
[fjt] err=[-0.    -0.     0.001  0.001  0.001  0.001  0.002]
[fjt] names=['panda_joint1', 'panda_joint2', 'panda_joint3', 'panda_joint4', 'panda_joint5', 'panda_joint6', 'panda_joint7'] pts=7
[fjt] times[0..2]=[0.         0.42857143 0.85714286] times[-3:]=[2.14285714 2.57142857 3.        ]
[fjt] goal=[ 1.257  0.909 -0.723 -2.425 -1.631  2.117 -2.282]
[fjt] final=[ 1.258  0.908 -0.724 -2.426 -1.632  2.116 -2.284]
[fjt] err=[ 0.    -0.001 -0.001 -0.001 -0.001 -0.002 -0.002]
[fjt] names=['panda_joint1', 'panda_joint2', 'panda_joint3', 'panda_joint4', 'panda_joint5', 'panda_joint6', 'panda_joint7'] pts=1
[fjt] times[0..2]=[0. 1.] times[-3:]=[0. 1.]
[fjt] goal=[ 1.237  0.923 -0.741 -2.439 -1.678  2.133 -2.24 ]
[fjt] final=[ 1.237  0.923 -0.74  -2.438 -1.676  2.131 -2.242]
[fjt] err=[ 0.    -0.     0.001  0.001  0.002 -0.002 -0.003]
[fjt] names=['panda_joint1', 'panda_joint2', 'panda_joint3', 'panda_joint4', 'panda_joint5', 'panda_joint6', 'panda_joint7'] pts=2
[fjt] times[0..2]=[0.  0.5 1. ] times[-3:]=[0.  0.5 1. ]
[fjt] goal=[ 1.215  0.94  -0.758 -2.449 -1.725  2.146 -2.196]
[fjt] final=[ 1.215  0.939 -0.757 -2.448 -1.724  2.144 -2.199]
[fjt] err=[ 0.    -0.     0.001  0.001  0.002 -0.002 -0.003]
[fjt] names=['panda_joint1', 'panda_joint2', 'panda_joint3', 'panda_joint4', 'panda_joint5', 'panda_joint6', 'panda_joint7'] pts=2
[fjt] times[0..2]=[0.  0.5 1. ] times[-3:]=[0.  0.5 1. ]
[fjt] goal=[ 1.19   0.958 -0.775 -2.457 -1.774  2.158 -2.152]
[fjt] final=[ 1.191  0.957 -0.774 -2.456 -1.773  2.156 -2.155]
[fjt] err=[ 0.    -0.     0.001  0.001  0.002 -0.002 -0.003]
[fjt] names=['panda_joint1', 'panda_joint2', 'panda_joint3', 'panda_joint4', 'panda_joint5', 'panda_joint6', 'panda_joint7'] pts=2
[fjt] times[0..2]=[0.  0.5 1. ] times[-3:]=[0.  0.5 1. ]
[fjt] goal=[ 1.164  0.977 -0.79  -2.461 -1.824  2.167 -2.108]
[fjt] final=[ 1.164  0.977 -0.789 -2.46  -1.822  2.166 -2.11 ]
[fjt] err=[ 0.    -0.001  0.001  0.001  0.002 -0.002 -0.003]
[fjt] names=['panda_joint1', 'panda_joint2', 'panda_joint3', 'panda_joint4', 'panda_joint5', 'panda_joint6', 'panda_joint7'] pts=2
[fjt] times[0..2]=[0.  0.5 1. ] times[-3:]=[0.  0.5 1. ]
[fjt] goal=[ 1.135  0.998 -0.804 -2.463 -1.874  2.175 -2.063]
[fjt] final=[ 1.135  0.997 -0.803 -2.462 -1.872  2.173 -2.066]
[fjt] err=[ 0.    -0.001  0.001  0.001  0.002 -0.002 -0.003]
[fjt] names=['panda_joint1', 'panda_joint2', 'panda_joint3', 'panda_joint4', 'panda_joint5', 'panda_joint6', 'panda_joint7'] pts=2
[fjt] times[0..2]=[0.  0.5 1. ] times[-3:]=[0.  0.5 1. ]
[fjt] goal=[ 1.104  1.02  -0.817 -2.462 -1.924  2.18  -2.018]
[fjt] final=[ 1.104  1.019 -0.816 -2.462 -1.922  2.178 -2.021]
[fjt] err=[ 0.    -0.001  0.001  0.     0.002 -0.002 -0.002]
[fjt] names=['panda_joint1', 'panda_joint2', 'panda_joint3', 'panda_joint4', 'panda_joint5', 'panda_joint6', 'panda_joint7'] pts=2
[fjt] times[0..2]=[0.  0.5 1. ] times[-3:]=[0.  0.5 1. ]
[fjt] goal=[ 1.07   1.042 -0.829 -2.458 -1.974  2.183 -1.974]
[fjt] final=[ 1.071  1.041 -0.828 -2.458 -1.972  2.181 -1.977]
[fjt] err=[ 0.    -0.001  0.001 -0.     0.002 -0.002 -0.002]
[fjt] names=['panda_joint1', 'panda_joint2', 'panda_joint3', 'panda_joint4', 'panda_joint5', 'panda_joint6', 'panda_joint7'] pts=2
[fjt] times[0..2]=[0.  0.5 1. ] times[-3:]=[0.  0.5 1. ]
[fjt] goal=[ 1.035  1.065 -0.84  -2.452 -2.023  2.184 -1.931]
[fjt] final=[ 1.035  1.064 -0.839 -2.452 -2.022  2.181 -1.934]
[fjt] err=[ 0.    -0.001  0.001 -0.001  0.002 -0.002 -0.002]
[fjt] names=['panda_joint1', 'panda_joint2', 'panda_joint3', 'panda_joint4', 'panda_joint5', 'panda_joint6', 'panda_joint7'] pts=2
[fjt] times[0..2]=[0.  0.5 1. ] times[-3:]=[0.  0.5 1. ]
[fjt] goal=[ 0.998  1.088 -0.851 -2.443 -2.072  2.182 -1.889]
[fjt] final=[ 0.998  1.087 -0.85  -2.444 -2.07   2.181 -1.892]
[fjt] err=[ 0.    -0.001  0.001 -0.001  0.002 -0.001 -0.002]
[fjt] names=['panda_joint1', 'panda_joint2', 'panda_joint3', 'panda_joint4', 'panda_joint5', 'panda_joint6', 'panda_joint7'] pts=2
[fjt] times[0..2]=[0.  0.5 1. ] times[-3:]=[0.  0.5 1. ]
[fjt] goal=[ 0.959  1.111 -0.861 -2.432 -2.119  2.179 -1.849]
[fjt] final=[ 0.96   1.11  -0.86  -2.433 -2.117  2.18  -1.851]
[fjt] err=[ 0.    -0.001  0.001 -0.001  0.002  0.    -0.002]
[fjt] names=['panda_joint1', 'panda_joint2', 'panda_joint3', 'panda_joint4', 'panda_joint5', 'panda_joint6', 'panda_joint7'] pts=2
[fjt] times[0..2]=[0.  0.5 1. ] times[-3:]=[0.  0.5 1. ]
[fjt] goal=[ 0.92   1.135 -0.871 -2.418 -2.165  2.175 -1.81 ]
[fjt] final=[ 0.93   1.125 -0.864 -2.427 -2.16   2.168 -1.817]
[fjt] err=[ 0.01  -0.01   0.006 -0.009  0.005 -0.007 -0.007]
[fjt] names=['panda_joint1', 'panda_joint2', 'panda_joint3', 'panda_joint4', 'panda_joint5', 'panda_joint6', 'panda_joint7'] pts=2
[fjt] times[0..2]=[0.  0.5 1. ] times[-3:]=[0.  0.5 1. ]
[fjt] goal=[ 0.875  1.155 -0.878 -2.403 -2.211  2.167 -1.775]
[fjt] final=[ 0.914  1.114 -0.852 -2.438 -2.198  2.129 -1.799]
[fjt] err=[ 0.038 -0.041  0.027 -0.035  0.013 -0.038 -0.024]
[fjt] names=['panda_joint1', 'panda_joint2', 'panda_joint3', 'panda_joint4', 'panda_joint5', 'panda_joint6', 'panda_joint7'] pts=1
[fjt] times[0..2]=[0.  1.5] times[-3:]=[0.  1.5]
[fjt] goal=[ 0.937  1.087 -0.846 -2.435 -2.128  2.155 -1.863]
[fjt] final=[ 0.936  1.087 -0.847 -2.436 -2.13   2.153 -1.861]
[fjt] err=[-0.     0.    -0.001 -0.001 -0.002 -0.002  0.003]
[fjt] names=['panda_joint1', 'panda_joint2', 'panda_joint3', 'panda_joint4', 'panda_joint5', 'panda_joint6', 'panda_joint7'] pts=11
[fjt] times[0..2]=[0.         0.27272727 0.54545455] times[-3:]=[2.45454545 2.72727273 3.        ]
[fjt] goal=[ 1.229  0.89  -0.699 -2.426 -1.645  2.091 -2.284]
[fjt] final=[ 1.229  0.89  -0.7   -2.426 -1.647  2.093 -2.281]
[fjt] err=[-0.     0.    -0.001 -0.001 -0.002  0.002  0.003]
[fjt] names=['panda_joint1', 'panda_joint2', 'panda_joint3', 'panda_joint4', 'panda_joint5', 'panda_joint6', 'panda_joint7'] pts=7
[fjt] times[0..2]=[0.         0.28571429 0.57142857] times[-3:]=[1.42857143 1.71428571 2.        ]
[fjt] goal=[ 1.44   0.442 -1.001 -2.623 -1.785  1.993 -2.523]
[fjt] final=[ 1.439  0.458 -1.    -2.622 -1.784  1.995 -2.522]
[fjt] err=[-0.001  0.016  0.001  0.001  0.001  0.001  0.001]
[fjt] names=['panda_joint1', 'panda_joint2', 'panda_joint3', 'panda_joint4', 'panda_joint5', 'panda_joint6', 'panda_joint7'] pts=1
[fjt] times[0..2]=[ 0. 12.] times[-3:]=[ 0. 12.]
[fjt] goal=[ 0.187 -0.232 -0.077 -2.3   -0.02   2.069 -0.664]
[fjt] final=[ 0.188 -0.232 -0.078 -2.301 -0.022  2.067 -0.868]
[fjt] err=[ 0.001  0.    -0.001 -0.    -0.002 -0.002 -0.204]
[fjt] names=['panda_joint1', 'panda_joint2', 'panda_joint3', 'panda_joint4', 'panda_joint5', 'panda_joint6', 'panda_joint7'] pts=1
[fjt] times[0..2]=[0. 4.] times[-3:]=[0. 4.]
[fjt] goal=[ 0.187 -0.232 -0.077 -2.3   -0.02   2.069 -0.664]
[fjt] final=[ 0.188 -0.232 -0.078 -2.301 -0.021  2.068 -0.666]
[fjt] err=[ 0.     0.    -0.001 -0.    -0.001 -0.001 -0.002]
