open gripper
  gripper open: reached=True stalled=False fingers=0.0387,-0.0387
pre-grasp
  tcp->(-0.122,-0.163,0.620) yaw=0 joints=[-0.175, -0.173, -0.229, -2.634, -0.062, 2.465, 0.433]
  fjt error_code=0 max_joint_err=0.0023
descend
  tcp->(-0.122,-0.163,0.465) yaw=0 joints=[-0.228, 0.293, -0.133, -2.631, 0.174, 2.919, 0.26]
  fjt error_code=0 max_joint_err=0.0265
close
  gripper close: reached=True stalled=False fingers=0.0320,-0.0310
lift
  tcp->(-0.122,-0.163,0.760) yaw=0 joints=[0.288, -0.491, -0.624, -2.44, -0.31, 2.012, 0.643]
  fjt error_code=-5 max_joint_err=0.3668
  fingers after lift 0.031669115857337886
to basket
  tcp->(-0.015,0.232,0.760) yaw=0 joints=[0.567, -0.012, -0.128, -2.051, -0.002, 2.039, 1.225]
  fjt error_code=0 max_joint_err=0.0024
lower
  tcp->(-0.015,0.232,0.700) yaw=0 joints=[0.566, 0.048, -0.129, -2.138, 0.008, 2.186, 1.218]
  fjt error_code=0 max_joint_err=0.0025
release
  gripper open: reached=True stalled=False fingers=0.0372,-0.0372
retreat
  tcp->(-0.015,0.232,0.760) yaw=0 joints=[0.568, -0.012, -0.129, -2.051, -0.002, 2.039, 1.225]
  fjt error_code=0 max_joint_err=0.0024
DONE
