20:02:43 plan_descent: 15 distinct grasp solutions
20:02:43   candidate q=[-0.57  0.1   0.13 -2.95 -0.13  3.04 -1.09] pathlen=2.22 limit-margin=0.12
20:02:44     approach-jump=0.51 score=2.92
20:02:44   candidate q=[ 1.03  0.38 -1.12 -2.83  1.2   2.78 -2.03] pathlen=4.02 limit-margin=0.24
20:02:44     approach-jump=2.06 score=6.98
20:02:44   candidate q=[ 1.1  -0.69 -1.86 -2.81 -1.44  2.48 -0.23] pathlen=3.09 limit-margin=0.26
20:02:45     approach-jump=0.74 score=4.08
20:02:45   candidate q=[-0.33  0.1  -0.05 -2.95  0.05  3.04 -1.22] pathlen=1.76 limit-margin=0.12
20:02:45     approach-jump=0.21 score=2.01
20:02:45   candidate q=[-1.72 -1.26  1.8  -2.81  1.68  1.94 -2.15] pathlen=1.83 limit-margin=0.26
20:02:46     approach-jump=1.49 score=3.94
20:02:46   candidate q=[-0.73  0.1   0.26 -2.94 -0.26  3.04 -1.  ] pathlen=3.04 limit-margin=0.13
20:02:46     approach-jump=0.70 score=4.03
20:02:46   candidate q=[-1.96  0.52  1.22 -2.82 -1.34  2.64 -0.27] pathlen=3.54 limit-margin=0.25
20:02:47     approach-jump=2.48 score=7.14
20:02:47   candidate q=[-0.15  0.1  -0.2  -2.94  0.2   3.04 -1.32] pathlen=2.63 limit-margin=0.13
20:02:47     approach-jump=0.03 score=2.62
20:02:47   candidate q=[ 0.05  0.11 -0.35 -2.94  0.35  3.03 -1.43] pathlen=3.56 limit-margin=0.13
20:02:48     approach-jump=0.20 score=3.78
20:02:48 top [-0.326 -0.557 -0.087 -2.916 -0.065  2.359 -1.139] grasp [-0.33   0.097 -0.055 -2.946  0.055  3.043 -1.224]
20:02:59 move done code=0 max joint err=0.0024
20:02:59 tcp top [-0.2156 -0.125   0.6398]
20:03:14 move done code=-5 max joint err=0.1418
20:03:14 retrying slower: 7.2s
20:03:35 move done code=0 max joint err=0.0025
20:03:35 descent ok True tcp [-0.2155 -0.1249  0.475 ]
20:03:37 gripper(0.0) reached=True stalled=False fingers=0.0041,-0.0041
20:03:37 fingers after close (0.004127077710041978, -0.004123681041545069)
