20:07:58 plan_descent: 22 distinct grasp solutions
20:07:58   candidate q=[-2.18 -0.77  2.11 -2.58  1.44  2.5  -0.54] pathlen=2.82 limit-margin=0.49
20:07:59     approach-jump=1.74 score=5.18
20:07:59   candidate q=[ 1.14 -1.43 -1.88 -2.59 -1.76  1.85  1.38] pathlen=1.37 limit-margin=0.33
20:07:59     approach-jump=1.92 score=4.08
20:07:59   candidate q=[-2.05  1.57  1.28 -2.6  -1.83  1.72  1.36] pathlen=1.24 limit-margin=0.19
20:08:00     approach-jump=2.93 score=5.54
20:08:00   candidate q=[ 0.8   0.61 -0.89 -2.6   1.32  2.66 -0.5 ] pathlen=3.58 limit-margin=0.47
20:08:00     approach-jump=2.39 score=6.92
20:08:00   candidate q=[-0.35  0.33 -0.   -2.73  0.01  3.05  0.43] pathlen=1.17 limit-margin=0.34
20:08:01     approach-jump=1.17 score=2.75
20:08:01   candidate q=[-0.24  0.33 -0.06 -2.72  0.21  3.05  0.27] pathlen=2.04 limit-margin=0.35
20:08:01     approach-jump=1.16 score=3.61
20:08:01   candidate q=[ 1.32  1.53 -1.27 -2.59  1.81  1.76 -0.5 ] pathlen=1.27 limit-margin=0.23
20:08:02     approach-jump=2.89 score=5.48
20:08:02   candidate q=[-0.86  0.37  0.34 -2.67 -0.79  2.97  1.02] pathlen=4.79 limit-margin=0.40
20:08:02     approach-jump=1.33 score=6.58
20:08:02   candidate q=[-0.19  0.33 -0.09 -2.72  0.3   3.04  0.2 ] pathlen=2.42 limit-margin=0.35
20:08:03     approach-jump=1.16 score=3.98
20:08:03   candidate q=[-0.4   0.33  0.02 -2.73 -0.09  3.05  0.5 ] pathlen=1.51 limit-margin=0.34
20:08:03     approach-jump=1.17 score=3.09
20:08:03   candidate q=[-1.96  1.31  1.24 -2.59 -1.71  1.96  1.4 ] pathlen=1.52 limit-margin=0.45
20:08:04     approach-jump=2.66 score=5.28
20:08:04   candidate q=[-2.07  1.65  1.28 -2.6  -1.86  1.65  1.34] pathlen=1.24 limit-margin=0.11
20:08:04     approach-jump=3.01 score=5.69
20:08:04   candidate q=[-1.92 -1.23  1.92 -2.58  1.68  2.04 -0.54] pathlen=1.64 limit-margin=0.49
20:08:05     approach-jump=1.87 score=4.20
20:08:05   candidate q=[-1.94  1.26  1.23 -2.58 -1.69  2.02  1.41] pathlen=1.60 limit-margin=0.49
20:08:05     approach-jump=2.60 score=5.26
20:08:05   candidate q=[-2.43 -0.56  2.33 -2.6   1.26  2.73 -0.47] pathlen=4.04 limit-margin=0.47
20:08:06     approach-jump=1.60 score=6.22
20:08:06   candidate q=[-0.68  0.35  0.2  -2.7  -0.57  3.02  0.86] pathlen=3.58 limit-margin=0.37
20:08:06     approach-jump=1.12 score=5.08
20:08:06   candidate q=[ 1.32 -0.99 -1.99 -2.58 -1.57  2.27  1.42] pathlen=2.11 limit-margin=0.49
20:08:07     approach-jump=1.87 score=4.67
20:08:07   candidate q=[ 1.25  1.31 -1.24 -2.59  1.71  1.97 -0.54] pathlen=1.52 limit-margin=0.45
20:08:07     approach-jump=2.65 score=5.28
20:08:07 top [-0.348 -0.226 -0.007 -2.763 -0.003  2.537  0.433] grasp [-3.510e-01  3.280e-01 -2.000e-03 -2.726e+00  6.000e-03  3.053e+00
  4.270e-01]
20:08:24 move done code=-5 max joint err=0.2533
20:08:24 retrying slower: 6.4s with 0 waypoints
20:08:46 move done code=0 max joint err=0.0021
20:08:47 tcp top [-0.1503 -0.1326  0.6   ]
20:09:06 move done code=0 max joint err=0.0023
20:09:06 descent ok True tcp [-0.1505 -0.133   0.44  ]
20:09:08 gripper(0.0) reached=True stalled=False fingers=0.0286,-0.0287
20:09:08 fingers after close (0.028580581594195385, -0.028712808462234698)
