[robosuite WARNING] No private macro file found! (__init__.py:7)
[robosuite WARNING] It is recommended to use a private macro file (__init__.py:8)
[robosuite WARNING] To setup, run: python /storage/home/yehe8/.openrua/simulators/cap-x/capx/third_party/libero_dependencies/robosuite/robosuite/scripts/setup_macros.py (__init__.py:9)
Gym has been unmaintained since 2022 and does not support NumPy 2.0 amongst other critical functionality.
Please upgrade to Gymnasium, the maintained drop-in replacement of Gym, or contact the authors of your software and request that they upgrade.
See the migration guide at https://gymnasium.farama.org/introduction/migration_guide/ for additional information.
[info] Using default task order for benchmark 'libero_10_swap' (10 tasks).
[Warning]: datasets path /storage/home/yehe8/.openrua/simulators/cap-x/capx/third_party/LIBERO-PRO/libero/datasets does not exist!
[Warning]: datasets path /storage/home/yehe8/.openrua/simulators/cap-x/capx/third_party/LIBERO-PRO/libero/datasets does not exist!
robot ready
[Warning]: datasets path /storage/home/yehe8/.openrua/simulators/cap-x/capx/third_party/LIBERO-PRO/libero/datasets does not exist!
[fjt] names=['panda_joint1', 'panda_joint2', 'panda_joint3', 'panda_joint4', 'panda_joint5', 'panda_joint6', 'panda_joint7'] pts=1
[fjt] times[0..2]=[0. 4.] times[-3:]=[0. 4.]
[fjt] goal=[ 0.185  0.213  0.235 -2.431 -0.102  2.637  1.289]
[fjt] final=[ 0.185  0.213  0.234 -2.432 -0.101  2.635  1.286]
[fjt] err=[-0.    -0.001 -0.001 -0.001  0.002 -0.002 -0.003]
[fjt] names=['panda_joint1', 'panda_joint2', 'panda_joint3', 'panda_joint4', 'panda_joint5', 'panda_joint6', 'panda_joint7'] pts=1
[fjt] times[0..2]=[0. 3.] times[-3:]=[0. 3.]
[fjt] goal=[ 0.24   0.471  0.155 -2.39  -0.245  2.847  1.398]
[fjt] final=[ 0.239  0.47   0.156 -2.391 -0.243  2.846  1.396]
[fjt] err=[-0.    -0.001  0.001 -0.001  0.002 -0.002 -0.003]
[fjt] names=['panda_joint1', 'panda_joint2', 'panda_joint3', 'panda_joint4', 'panda_joint5', 'panda_joint6', 'panda_joint7'] pts=1
[fjt] times[0..2]=[0. 3.] times[-3:]=[0. 3.]
[fjt] goal=[ 0.239  0.47   0.156 -2.391 -0.243  2.846 -0.175]
[fjt] final=[ 0.238  0.469  0.154 -2.392 -0.241  2.845  0.862]
[fjt] err=[-1.000e-03 -1.000e-03 -3.000e-03 -2.000e-03  2.000e-03 -0.000e+00
  1.037e+00]
[fjt] names=['panda_joint1', 'panda_joint2', 'panda_joint3', 'panda_joint4', 'panda_joint5', 'panda_joint6', 'panda_joint7'] pts=1
[fjt] times[0..2]=[0. 3.] times[-3:]=[0. 3.]
[fjt] goal=[ 0.254  0.157  0.176 -2.436 -0.052  2.59   1.257]
[fjt] final=[ 0.253  0.158  0.175 -2.435 -0.054  2.592  1.255]
[fjt] err=[-0.     0.001 -0.001  0.001 -0.001  0.002 -0.002]
[fjt] names=['panda_joint1', 'panda_joint2', 'panda_joint3', 'panda_joint4', 'panda_joint5', 'panda_joint6', 'panda_joint7'] pts=1
[fjt] times[0..2]=[0. 4.] times[-3:]=[0. 4.]
[fjt] goal=[-0.467  0.448  0.125 -1.658 -0.063  2.103 -1.109]
[fjt] final=[-0.465  0.448  0.125 -1.681 -0.061  2.103  0.491]
[fjt] err=[ 2.0e-03 -1.0e-03  0.0e+00 -2.3e-02  1.0e-03  0.0e+00  1.6e+00]
[fjt] names=['panda_joint1', 'panda_joint2', 'panda_joint3', 'panda_joint4', 'panda_joint5', 'panda_joint6', 'panda_joint7'] pts=1
[fjt] times[0..2]=[0. 4.] times[-3:]=[0. 4.]
[fjt] goal=[-0.467  0.448  0.124 -1.658 -0.062  2.103 -1.109]
[fjt] final=[-0.467  0.448  0.125 -1.659 -0.061  2.103 -0.231]
[fjt] err=[ 0.    -0.001  0.    -0.001  0.001  0.     0.878]
[fjt] names=['panda_joint1', 'panda_joint2', 'panda_joint3', 'panda_joint4', 'panda_joint5', 'panda_joint6', 'panda_joint7'] pts=1
[fjt] times[0..2]=[0. 6.] times[-3:]=[0. 6.]
[fjt] goal=[-0.467  0.448  0.124 -1.658 -0.062  2.103 -1.109]
[fjt] final=[-0.467  0.448  0.124 -1.659 -0.061  2.103 -1.106]
[fjt] err=[-0.    -0.    -0.    -0.001  0.001  0.     0.002]
[fjt] names=['panda_joint1', 'panda_joint2', 'panda_joint3', 'panda_joint4', 'panda_joint5', 'panda_joint6', 'panda_joint7'] pts=1
[fjt] times[0..2]=[0. 5.] times[-3:]=[0. 5.]
[fjt] goal=[-0.412  0.57   0.063 -1.708 -0.045  2.277 -0.722]
[fjt] final=[-0.412  0.569  0.064 -1.707 -0.046  2.274 -0.724]
[fjt] err=[-0.001 -0.     0.001  0.001 -0.001 -0.002 -0.002]
[fjt] names=['panda_joint1', 'panda_joint2', 'panda_joint3', 'panda_joint4', 'panda_joint5', 'panda_joint6', 'panda_joint7'] pts=1
[fjt] times[0..2]=[0. 4.] times[-3:]=[0. 4.]
[fjt] goal=[-0.405  0.777  0.053 -1.687 -0.059  2.463 -0.714]
[fjt] final=[-0.406  0.683  0.055 -1.68  -0.056  2.387 -0.713]
[fjt] err=[-0.001 -0.094  0.002  0.007  0.003 -0.076  0.001]
[fjt] names=['panda_joint1', 'panda_joint2', 'panda_joint3', 'panda_joint4', 'panda_joint5', 'panda_joint6', 'panda_joint7'] pts=1
[fjt] times[0..2]=[0. 4.] times[-3:]=[0. 4.]
[fjt] goal=[-0.414  0.526  0.067 -1.696 -0.042  2.22  -0.724]
[fjt] final=[-0.414  0.527  0.066 -1.695 -0.044  2.222 -0.721]
[fjt] err=[ 0.     0.001 -0.001  0.001 -0.001  0.002  0.002]
[fjt] names=['panda_joint1', 'panda_joint2', 'panda_joint3', 'panda_joint4', 'panda_joint5', 'panda_joint6', 'panda_joint7'] pts=1
[fjt] times[0..2]=[0. 5.] times[-3:]=[0. 5.]
[fjt] goal=[-0.529  0.629  0.111 -1.583 -0.081  2.207 -1.176]
[fjt] final=[-0.528  0.628  0.11  -1.584 -0.08   2.209 -1.174]
[fjt] err=[ 0.001 -0.001 -0.001 -0.001  0.001  0.002  0.002]
[fjt] names=['panda_joint1', 'panda_joint2', 'panda_joint3', 'panda_joint4', 'panda_joint5', 'panda_joint6', 'panda_joint7'] pts=1
[fjt] times[0..2]=[0. 4.] times[-3:]=[0. 4.]
[fjt] goal=[-0.523  0.76   0.099 -1.582 -0.095  2.337 -1.171]
[fjt] final=[-0.523  0.759  0.1   -1.583 -0.093  2.335 -1.173]
[fjt] err=[-0.    -0.001  0.001 -0.001  0.001 -0.002 -0.002]
[fjt] names=['panda_joint1', 'panda_joint2', 'panda_joint3', 'panda_joint4', 'panda_joint5', 'panda_joint6', 'panda_joint7'] pts=1
[fjt] times[0..2]=[0. 4.] times[-3:]=[0. 4.]
[fjt] goal=[-0.529  0.66   0.108 -1.585 -0.084  2.24  -1.177]
[fjt] final=[-0.528  0.662  0.107 -1.585 -0.086  2.242 -1.174]
[fjt] err=[ 0.     0.002 -0.001 -0.    -0.002  0.002  0.002]
[fjt] names=['panda_joint1', 'panda_joint2', 'panda_joint3', 'panda_joint4', 'panda_joint5', 'panda_joint6', 'panda_joint7'] pts=1
[fjt] times[0..2]=[0. 4.] times[-3:]=[0. 4.]
[fjt] goal=[-0.535  0.546  0.119 -1.529 -0.07   2.071 -1.185]
[fjt] final=[-0.534  0.548  0.118 -1.531 -0.072  2.074 -1.183]
[fjt] err=[ 0.     0.001 -0.001 -0.002 -0.002  0.002  0.002]
[fjt] names=['panda_joint1', 'panda_joint2', 'panda_joint3', 'panda_joint4', 'panda_joint5', 'panda_joint6', 'panda_joint7'] pts=1
[fjt] times[0..2]=[0. 6.] times[-3:]=[0. 6.]
[fjt] goal=[-0.078  0.294  0.356 -1.94  -0.127  2.213 -0.446]
[fjt] final=[-0.078  0.296  0.355 -1.94  -0.126  2.211 -0.448]
[fjt] err=[-0.     0.001 -0.001 -0.     0.001 -0.002 -0.003]
[fjt] names=['panda_joint1', 'panda_joint2', 'panda_joint3', 'panda_joint4', 'panda_joint5', 'panda_joint6', 'panda_joint7'] pts=1
[fjt] times[0..2]=[0. 4.] times[-3:]=[0. 4.]
[fjt] goal=[-0.047  0.476  0.312 -1.989 -0.218  2.434 -0.386]
[fjt] final=[-0.048  0.472  0.313 -1.987 -0.216  2.431 -0.389]
[fjt] err=[-0.001 -0.005  0.     0.002  0.002 -0.002 -0.003]
[fjt] names=['panda_joint1', 'panda_joint2', 'panda_joint3', 'panda_joint4', 'panda_joint5', 'panda_joint6', 'panda_joint7'] pts=1
[fjt] times[0..2]=[0. 3.] times[-3:]=[0. 3.]
[fjt] goal=[-0.042  0.496  0.305 -1.989 -0.227  2.452 -0.38 ]
[fjt] final=[-0.044  0.482  0.307 -1.979 -0.222  2.449 -0.385]
[fjt] err=[-0.002 -0.014  0.001  0.01   0.005 -0.003 -0.005]
[fjt] names=['panda_joint1', 'panda_joint2', 'panda_joint3', 'panda_joint4', 'panda_joint5', 'panda_joint6', 'panda_joint7'] pts=1
[fjt] times[0..2]=[0. 4.] times[-3:]=[0. 4.]
[fjt] goal=[-0.091  0.296  0.37  -1.94  -0.132  2.213 -0.442]
[fjt] final=[-0.09   0.297  0.369 -1.942 -0.134  2.215 -0.44 ]
[fjt] err=[ 0.     0.001 -0.001 -0.002 -0.002  0.002  0.002]
[fjt] names=['panda_joint1', 'panda_joint2', 'panda_joint3', 'panda_joint4', 'panda_joint5', 'panda_joint6', 'panda_joint7'] pts=1
[fjt] times[0..2]=[0. 4.] times[-3:]=[0. 4.]
[fjt] goal=[-0.063  0.459  0.33  -1.988 -0.218  2.414 -0.386]
[fjt] final=[-0.063  0.459  0.331 -1.988 -0.217  2.411 -0.389]
[fjt] err=[-0.001 -0.001  0.     0.     0.001 -0.003 -0.003]
[fjt] names=['panda_joint1', 'panda_joint2', 'panda_joint3', 'panda_joint4', 'panda_joint5', 'panda_joint6', 'panda_joint7'] pts=1
[fjt] times[0..2]=[0. 4.] times[-3:]=[0. 4.]
[fjt] goal=[-0.039  0.558  0.298 -1.983 -0.264  2.503 -0.356]
[fjt] final=[-0.046  0.483  0.299 -1.965 -0.253  2.45  -0.376]
[fjt] err=[-0.007 -0.074  0.001  0.018  0.011 -0.053 -0.02 ]
[fjt] names=['panda_joint1', 'panda_joint2', 'panda_joint3', 'panda_joint4', 'panda_joint5', 'panda_joint6', 'panda_joint7'] pts=1
[fjt] times[0..2]=[0. 4.] times[-3:]=[0. 4.]
[fjt] goal=[-0.145  0.425  0.311 -2.039 -0.196  2.437 -0.496]
[fjt] final=[-0.145  0.427  0.31  -2.038 -0.198  2.435 -0.494]
[fjt] err=[ 0.001  0.001 -0.001  0.001 -0.002 -0.001  0.003]
[fjt] names=['panda_joint1', 'panda_joint2', 'panda_joint3', 'panda_joint4', 'panda_joint5', 'panda_joint6', 'panda_joint7'] pts=1
[fjt] times[0..2]=[0. 3.] times[-3:]=[0. 3.]
[fjt] goal=[-0.133  0.485  0.293 -2.038 -0.225  2.493 -0.477]
[fjt] final=[-0.137  0.441  0.301 -2.024 -0.208  2.448 -0.489]
[fjt] err=[-0.004 -0.043  0.008  0.014  0.016 -0.045 -0.012]
[fjt] names=['panda_joint1', 'panda_joint2', 'panda_joint3', 'panda_joint4', 'panda_joint5', 'panda_joint6', 'panda_joint7'] pts=1
[fjt] times[0..2]=[0. 3.] times[-3:]=[0. 3.]
[fjt] goal=[-0.152  0.388  0.32  -2.035 -0.177  2.398 -0.509]
[fjt] final=[-0.151  0.39   0.319 -2.036 -0.179  2.399 -0.506]
[fjt] err=[ 0.     0.002 -0.001 -0.    -0.002  0.002  0.002]
[fjt] names=['panda_joint1', 'panda_joint2', 'panda_joint3', 'panda_joint4', 'panda_joint5', 'panda_joint6', 'panda_joint7'] pts=1
[fjt] times[0..2]=[0. 4.] times[-3:]=[0. 4.]
[fjt] goal=[-0.297  0.279  0.309 -2.043 -0.113  2.306 -0.708]
[fjt] final=[-0.297  0.281  0.31  -2.043 -0.115  2.308 -0.706]
[fjt] err=[ 0.     0.002  0.    -0.001 -0.002  0.002  0.003]
[fjt] names=['panda_joint1', 'panda_joint2', 'panda_joint3', 'panda_joint4', 'panda_joint5', 'panda_joint6', 'panda_joint7'] pts=1
[fjt] times[0..2]=[0. 4.] times[-3:]=[0. 4.]
[fjt] goal=[-0.408  0.038  0.323 -1.997 -0.013  2.033 -0.865]
[fjt] final=[-0.407  0.039  0.322 -2.    -0.015  2.036 -0.862]
[fjt] err=[ 0.001  0.001 -0.001 -0.003 -0.002  0.003  0.002]
[fjt] names=['panda_joint1', 'panda_joint2', 'panda_joint3', 'panda_joint4', 'panda_joint5', 'panda_joint6', 'panda_joint7'] pts=1
[fjt] times[0..2]=[0. 4.] times[-3:]=[0. 4.]
[fjt] goal=[-0.183  0.397  0.469 -1.68  -0.196  2.03  -0.443]
[fjt] final=[-0.183  0.397  0.468 -1.683 -0.195  2.032 -0.446]
[fjt] err=[-0.     0.    -0.001 -0.003  0.001  0.002 -0.003]
[fjt] names=['panda_joint1', 'panda_joint2', 'panda_joint3', 'panda_joint4', 'panda_joint5', 'panda_joint6', 'panda_joint7'] pts=1
[fjt] times[0..2]=[0. 4.] times[-3:]=[0. 4.]
[fjt] goal=[-0.138  0.604  0.4   -1.786 -0.309  2.328 -0.374]
[fjt] final=[-0.14   0.583  0.406 -1.777 -0.302  2.302 -0.378]
[fjt] err=[-0.002 -0.021  0.007  0.009  0.007 -0.026 -0.004]
[fjt] names=['panda_joint1', 'panda_joint2', 'panda_joint3', 'panda_joint4', 'panda_joint5', 'panda_joint6', 'panda_joint7'] pts=1
[fjt] times[0..2]=[0. 3.] times[-3:]=[0. 3.]
[fjt] goal=[-0.15   0.559  0.416 -1.782 -0.287  2.281 -0.387]
[fjt] final=[-0.149  0.561  0.415 -1.782 -0.289  2.283 -0.385]
[fjt] err=[ 0.001  0.002 -0.001 -0.    -0.002  0.002  0.002]
[fjt] names=['panda_joint1', 'panda_joint2', 'panda_joint3', 'panda_joint4', 'panda_joint5', 'panda_joint6', 'panda_joint7'] pts=1
[fjt] times[0..2]=[0. 3.] times[-3:]=[0. 3.]
[fjt] goal=[-0.173  0.636  0.394 -1.649 -0.292  2.227 -0.454]
[fjt] final=[-0.173  0.636  0.394 -1.652 -0.291  2.229 -0.452]
[fjt] err=[ 0.     0.    -0.    -0.003  0.001  0.002  0.002]
[fjt] names=['panda_joint1', 'panda_joint2', 'panda_joint3', 'panda_joint4', 'panda_joint5', 'panda_joint6', 'panda_joint7'] pts=1
[fjt] times[0..2]=[0. 3.] times[-3:]=[0. 3.]
[fjt] goal=[-0.189  0.558  0.421 -1.619 -0.256  2.121 -0.476]
[fjt] final=[-0.189  0.559  0.419 -1.621 -0.258  2.123 -0.473]
[fjt] err=[ 0.     0.001 -0.001 -0.002 -0.002  0.002  0.002]
[fjt] names=['panda_joint1', 'panda_joint2', 'panda_joint3', 'panda_joint4', 'panda_joint5', 'panda_joint6', 'panda_joint7'] pts=1
[fjt] times[0..2]=[0. 4.] times[-3:]=[0. 4.]
[fjt] goal=[-0.191  0.369  0.478 -1.914 -0.212  2.234 -0.395]
[fjt] final=[-0.191  0.371  0.476 -1.914 -0.214  2.232 -0.397]
[fjt] err=[ 0.     0.002 -0.001 -0.    -0.002 -0.002 -0.002]
[fjt] names=['panda_joint1', 'panda_joint2', 'panda_joint3', 'panda_joint4', 'panda_joint5', 'panda_joint6', 'panda_joint7'] pts=1
[fjt] times[0..2]=[0. 3.] times[-3:]=[0. 3.]
[fjt] goal=[-0.169  0.458  0.447 -1.941 -0.269  2.341 -0.358]
[fjt] final=[-0.169  0.458  0.447 -1.941 -0.268  2.338 -0.361]
[fjt] err=[-0.     0.001  0.    -0.001  0.001 -0.002 -0.002]
[fjt] names=['panda_joint1', 'panda_joint2', 'panda_joint3', 'panda_joint4', 'panda_joint5', 'panda_joint6', 'panda_joint7'] pts=1
[fjt] times[0..2]=[0. 3.] times[-3:]=[0. 3.]
[fjt] goal=[-0.162  0.481  0.438 -1.944 -0.283  2.365 -0.35 ]
[fjt] final=[-0.163  0.48   0.439 -1.944 -0.282  2.361 -0.352]
[fjt] err=[-0.    -0.001  0.001 -0.     0.002 -0.004 -0.002]
[fjt] names=['panda_joint1', 'panda_joint2', 'panda_joint3', 'panda_joint4', 'panda_joint5', 'panda_joint6', 'panda_joint7'] pts=1
[fjt] times[0..2]=[0. 3.] times[-3:]=[0. 3.]
[fjt] goal=[-0.159  0.491  0.433 -1.944 -0.29   2.375 -0.345]
[fjt] final=[-0.16   0.482  0.436 -1.943 -0.286  2.366 -0.348]
[fjt] err=[-0.001 -0.009  0.003  0.002  0.003 -0.01  -0.003]
[fjt] names=['panda_joint1', 'panda_joint2', 'panda_joint3', 'panda_joint4', 'panda_joint5', 'panda_joint6', 'panda_joint7'] pts=1
[fjt] times[0..2]=[0. 3.] times[-3:]=[0. 3.]
[fjt] goal=[-0.289  0.436  0.421 -2.008 -0.257  2.394 -0.499]
[fjt] final=[-0.289  0.437  0.422 -2.006 -0.258  2.391 -0.496]
[fjt] err=[ 0.     0.001  0.001  0.001 -0.002 -0.002  0.003]
[fjt] names=['panda_joint1', 'panda_joint2', 'panda_joint3', 'panda_joint4', 'panda_joint5', 'panda_joint6', 'panda_joint7'] pts=1
[fjt] times[0..2]=[0. 4.] times[-3:]=[0. 4.]
[fjt] goal=[-0.461  0.215  0.489 -1.925 -0.117  2.112 -0.706]
[fjt] final=[-0.46   0.216  0.489 -1.926 -0.119  2.115 -0.703]
[fjt] err=[ 0.001  0.    -0.001 -0.001 -0.002  0.002  0.002]
[fjt] names=['panda_joint1', 'panda_joint2', 'panda_joint3', 'panda_joint4', 'panda_joint5', 'panda_joint6', 'panda_joint7'] pts=1
[fjt] times[0..2]=[0. 4.] times[-3:]=[0. 4.]
[fjt] goal=[-0.679 -0.137  0.462 -2.053  0.065  1.93  -1.029]
[fjt] final=[-0.679 -0.137  0.463 -2.053  0.064  1.931 -1.027]
[fjt] err=[ 0.     0.001  0.001  0.001 -0.001  0.002  0.003]
[fjt] names=['panda_joint1', 'panda_joint2', 'panda_joint3', 'panda_joint4', 'panda_joint5', 'panda_joint6', 'panda_joint7'] pts=1
[fjt] times[0..2]=[0. 4.] times[-3:]=[0. 4.]
[fjt] goal=[-0.366  0.634  0.922 -1.686 -0.557  2.036 -0.064]
[fjt] final=[-0.366  0.62   0.921 -1.687 -0.556  2.035 -0.271]
[fjt] err=[-0.    -0.014 -0.    -0.001  0.001 -0.001 -0.208]
[fjt] names=['panda_joint1', 'panda_joint2', 'panda_joint3', 'panda_joint4', 'panda_joint5', 'panda_joint6', 'panda_joint7'] pts=1
[fjt] times[0..2]=[0. 3.] times[-3:]=[0. 3.]
[fjt] goal=[-0.277  0.751  0.781 -1.732 -0.641  2.209 -0.016]
[fjt] final=[-0.277  0.751  0.782 -1.731 -0.64   2.206 -0.019]
[fjt] err=[-0.    -0.     0.001  0.001  0.002 -0.002 -0.003]
[fjt] names=['panda_joint1', 'panda_joint2', 'panda_joint3', 'panda_joint4', 'panda_joint5', 'panda_joint6', 'panda_joint7'] pts=1
[fjt] times[0..2]=[0. 4.] times[-3:]=[0. 4.]
[fjt] goal=[-0.364  0.514  0.974 -1.495 -0.429  1.781 -0.145]
[fjt] final=[-0.363  0.515  0.973 -1.497 -0.431  1.784 -0.143]
[fjt] err=[ 0.     0.001 -0.001 -0.003 -0.002  0.002  0.002]
[fjt] names=['panda_joint1', 'panda_joint2', 'panda_joint3', 'panda_joint4', 'panda_joint5', 'panda_joint6', 'panda_joint7'] pts=1
[fjt] times[0..2]=[0. 6.] times[-3:]=[0. 6.]
[fjt] goal=[-1.017  1.387  1.572 -1.967  0.266  2.512 -0.903]
[fjt] final=[-1.016  1.386  1.569 -1.966  0.263  2.51  -0.901]
[fjt] err=[ 0.001 -0.001 -0.003  0.001 -0.003 -0.002  0.002]
[fjt] names=['panda_joint1', 'panda_joint2', 'panda_joint3', 'panda_joint4', 'panda_joint5', 'panda_joint6', 'panda_joint7'] pts=1
[fjt] times[0..2]=[0. 4.] times[-3:]=[0. 4.]
[fjt] goal=[-1.275  1.454  1.453 -1.993  0.19   2.267 -0.988]
[fjt] final=[-1.275  1.454  1.451 -1.992  0.19   2.269 -0.986]
[fjt] err=[ 0.001 -0.001 -0.002  0.001 -0.     0.002  0.002]
[fjt] names=['panda_joint1', 'panda_joint2', 'panda_joint3', 'panda_joint4', 'panda_joint5', 'panda_joint6', 'panda_joint7'] pts=1
[fjt] times[0..2]=[0. 4.] times[-3:]=[0. 4.]
[fjt] goal=[-1.207  1.595  1.256 -1.887  0.113  2.238 -1.158]
[fjt] final=[-1.207  1.595  1.255 -1.888  0.113  2.241 -1.156]
[fjt] err=[-0.    -0.001 -0.002 -0.001 -0.     0.003  0.002]
[fjt] names=['panda_joint1', 'panda_joint2', 'panda_joint3', 'panda_joint4', 'panda_joint5', 'panda_joint6', 'panda_joint7'] pts=1
[fjt] times[0..2]=[0. 3.] times[-3:]=[0. 3.]
[fjt] goal=[-1.197  1.613  1.238 -1.868  0.105  2.232 -1.175]
[fjt] final=[-1.197  1.612  1.236 -1.869  0.104  2.235 -1.173]
[fjt] err=[-0.    -0.001 -0.002 -0.001 -0.     0.003  0.002]
[fjt] names=['panda_joint1', 'panda_joint2', 'panda_joint3', 'panda_joint4', 'panda_joint5', 'panda_joint6', 'panda_joint7'] pts=1
[fjt] times[0..2]=[0. 3.] times[-3:]=[0. 3.]
[fjt] goal=[-1.191  1.625  1.226 -1.854  0.099  2.227 -1.186]
[fjt] final=[-1.191  1.624  1.224 -1.855  0.099  2.231 -1.184]
[fjt] err=[-0.    -0.001 -0.002 -0.001 -0.     0.003  0.002]
[fjt] names=['panda_joint1', 'panda_joint2', 'panda_joint3', 'panda_joint4', 'panda_joint5', 'panda_joint6', 'panda_joint7'] pts=1
[fjt] times[0..2]=[0. 3.] times[-3:]=[0. 3.]
[fjt] goal=[-1.184  1.637  1.214 -1.839  0.094  2.223 -1.197]
[fjt] final=[-1.186  1.635  1.221 -1.841  0.098  2.218 -1.192]
[fjt] err=[-0.003 -0.002  0.007 -0.002  0.004 -0.004  0.005]
[fjt] names=['panda_joint1', 'panda_joint2', 'panda_joint3', 'panda_joint4', 'panda_joint5', 'panda_joint6', 'panda_joint7'] pts=1
[fjt] times[0..2]=[0. 3.] times[-3:]=[0. 3.]
[fjt] goal=[-1.177  1.649  1.203 -1.824  0.089  2.217 -1.209]
[fjt] final=[-1.182  1.644  1.22  -1.824  0.098  2.206 -1.201]
[fjt] err=[-0.006 -0.005  0.017 -0.001  0.009 -0.011  0.008]
[fjt] names=['panda_joint1', 'panda_joint2', 'panda_joint3', 'panda_joint4', 'panda_joint5', 'panda_joint6', 'panda_joint7'] pts=1
[fjt] times[0..2]=[0. 3.] times[-3:]=[0. 3.]
[fjt] goal=[-1.169  1.661  1.191 -1.808  0.085  2.212 -1.22 ]
[fjt] final=[-1.178  1.654  1.216 -1.805  0.098  2.195 -1.211]
[fjt] err=[-0.009 -0.008  0.025  0.003  0.014 -0.017  0.009]
[fjt] names=['panda_joint1', 'panda_joint2', 'panda_joint3', 'panda_joint4', 'panda_joint5', 'panda_joint6', 'panda_joint7'] pts=1
[fjt] times[0..2]=[0. 3.] times[-3:]=[0. 3.]
[fjt] goal=[-1.185  1.632  1.217 -1.844  0.098  2.224 -1.196]
[fjt] final=[-1.185  1.632  1.216 -1.842  0.098  2.223 -1.198]
[fjt] err=[ 0.001  0.    -0.001  0.002  0.    -0.001 -0.003]
[fjt] names=['panda_joint1', 'panda_joint2', 'panda_joint3', 'panda_joint4', 'panda_joint5', 'panda_joint6', 'panda_joint7'] pts=1
[fjt] times[0..2]=[0. 4.] times[-3:]=[0. 4.]
[fjt] goal=[-1.274  1.602  1.2   -1.748  0.088  2.035 -1.189]
[fjt] final=[-1.274  1.602  1.2   -1.749  0.089  2.037 -1.191]
[fjt] err=[ 0.     0.     0.001 -0.001  0.001  0.002 -0.002]
[fjt] names=['panda_joint1', 'panda_joint2', 'panda_joint3', 'panda_joint4', 'panda_joint5', 'panda_joint6', 'panda_joint7'] pts=1
[fjt] times[0..2]=[0. 5.] times[-3:]=[0. 5.]
[fjt] goal=[-1.522  0.839  1.434 -1.993 -0.055  2.034 -0.865]
[fjt] final=[-1.521  0.84   1.433 -1.992 -0.054  2.035 -0.868]
[fjt] err=[ 0.001  0.    -0.001  0.001  0.001  0.001 -0.002]
[fjt] names=['panda_joint1', 'panda_joint2', 'panda_joint3', 'panda_joint4', 'panda_joint5', 'panda_joint6', 'panda_joint7'] pts=1
[fjt] times[0..2]=[0. 5.] times[-3:]=[0. 5.]
[fjt] goal=[-2.193  0.549  2.155 -2.187 -0.467  1.832 -0.619]
[fjt] final=[-2.193  0.549  2.154 -2.186 -0.466  1.834 -0.622]
[fjt] err=[ 0.001  0.    -0.001  0.001  0.001  0.002 -0.002]
