[robosuite WARNING] No private macro file found! (__init__.py:7)
[robosuite WARNING] It is recommended to use a private macro file (__init__.py:8)
[robosuite WARNING] To setup, run: python /storage/home/yehe8/.openrua/simulators/cap-x/capx/third_party/libero_dependencies/robosuite/robosuite/scripts/setup_macros.py (__init__.py:9)
Gym has been unmaintained since 2022 and does not support NumPy 2.0 amongst other critical functionality.
Please upgrade to Gymnasium, the maintained drop-in replacement of Gym, or contact the authors of your software and request that they upgrade.
See the migration guide at https://gymnasium.farama.org/introduction/migration_guide/ for additional information.
[info] Using default task order for benchmark 'libero_10_swap' (10 tasks).
[Warning]: datasets path /storage/home/yehe8/.openrua/simulators/cap-x/capx/third_party/LIBERO-PRO/libero/datasets does not exist!
[Warning]: datasets path /storage/home/yehe8/.openrua/simulators/cap-x/capx/third_party/LIBERO-PRO/libero/datasets does not exist!
robot ready
[Warning]: datasets path /storage/home/yehe8/.openrua/simulators/cap-x/capx/third_party/LIBERO-PRO/libero/datasets does not exist!
[fjt] names=['panda_joint1', 'panda_joint2', 'panda_joint3', 'panda_joint4', 'panda_joint5', 'panda_joint6', 'panda_joint7'] pts=1
[fjt] times[0..2]=[0. 3.] times[-3:]=[0. 3.]
[fjt] goal=[-0.208 -0.333 -0.204 -2.861 -0.116  2.531  0.479]
[fjt] final=[-0.208 -0.333 -0.203 -2.86  -0.114  2.529  0.481]
[fjt] err=[ 0.     0.001  0.001  0.001  0.002 -0.002  0.002]
[fjt] names=['panda_joint1', 'panda_joint2', 'panda_joint3', 'panda_joint4', 'panda_joint5', 'panda_joint6', 'panda_joint7'] pts=1
[fjt] times[0..2]=[0. 2.] times[-3:]=[0. 2.]
[fjt] goal=[-0.153  0.041 -0.225 -2.871  0.04   2.911  0.369]
[fjt] final=[-0.153  0.04  -0.224 -2.87   0.039  2.907  0.371]
[fjt] err=[-0.001 -0.002  0.001  0.001 -0.002 -0.004  0.003]
[fjt] names=['panda_joint1', 'panda_joint2', 'panda_joint3', 'panda_joint4', 'panda_joint5', 'panda_joint6', 'panda_joint7'] pts=1
[fjt] times[0..2]=[0.  1.5] times[-3:]=[0.  1.5]
[fjt] goal=[-0.236  0.254 -0.077 -2.825  0.294  3.075  0.181]
[fjt] final=[-0.235  0.163 -0.082 -2.86   0.294  3.07   0.18 ]
[fjt] err=[ 0.    -0.091 -0.004 -0.035 -0.    -0.004 -0.001]
[fjt] names=['panda_joint1', 'panda_joint2', 'panda_joint3', 'panda_joint4', 'panda_joint5', 'panda_joint6', 'panda_joint7'] pts=1
[fjt] times[0..2]=[0.  1.5] times[-3:]=[0.  1.5]
[fjt] goal=[-0.236  0.254 -0.077 -2.825  0.294  3.075  0.181]
[fjt] final=[-0.235  0.166 -0.081 -2.856  0.295  3.073  0.18 ]
[fjt] err=[ 0.    -0.088 -0.004 -0.032  0.001 -0.002 -0.001]
[fjt] names=['panda_joint1', 'panda_joint2', 'panda_joint3', 'panda_joint4', 'panda_joint5', 'panda_joint6', 'panda_joint7'] pts=1
[fjt] times[0..2]=[0.  1.5] times[-3:]=[0.  1.5]
[fjt] goal=[-0.236  0.254 -0.077 -2.825  0.294  3.075  0.181]
[fjt] final=[-0.235  0.169 -0.081 -2.852  0.295  3.074  0.18 ]
[fjt] err=[ 0.    -0.085 -0.003 -0.028  0.001 -0.    -0.001]
[fjt] names=['panda_joint1', 'panda_joint2', 'panda_joint3', 'panda_joint4', 'panda_joint5', 'panda_joint6', 'panda_joint7'] pts=1
[fjt] times[0..2]=[0. 2.] times[-3:]=[0. 2.]
[fjt] goal=[-0.091 -0.484 -0.323 -2.812 -0.207  2.339  0.551]
[fjt] final=[-0.092 -0.29  -0.322 -2.814 -0.142  2.63   0.548]
[fjt] err=[-0.001  0.194  0.001 -0.001  0.064  0.292 -0.003]
[fjt] names=['panda_joint1', 'panda_joint2', 'panda_joint3', 'panda_joint4', 'panda_joint5', 'panda_joint6', 'panda_joint7'] pts=1
[fjt] times[0..2]=[0. 2.] times[-3:]=[0. 2.]
[fjt] goal=[-0.091 -0.484 -0.323 -2.812 -0.207  2.339  0.551]
[fjt] final=[-0.092 -0.483 -0.322 -2.814 -0.205  2.341  0.549]
[fjt] err=[-0.     0.001  0.001 -0.001  0.002  0.002 -0.002]
[fjt] names=['panda_joint1', 'panda_joint2', 'panda_joint3', 'panda_joint4', 'panda_joint5', 'panda_joint6', 'panda_joint7'] pts=1
[fjt] times[0..2]=[0.  2.5] times[-3:]=[0.  2.5]
[fjt] goal=[ 0.152 -0.34  -0.01  -2.509 -0.004  2.169  0.931]
[fjt] final=[ 0.152 -0.34  -0.011 -2.511 -0.006  2.171  0.928]
[fjt] err=[-0.    -0.    -0.001 -0.002 -0.001  0.002 -0.002]
[fjt] names=['panda_joint1', 'panda_joint2', 'panda_joint3', 'panda_joint4', 'panda_joint5', 'panda_joint6', 'panda_joint7'] pts=1
[fjt] times[0..2]=[0.  2.5] times[-3:]=[0.  2.5]
[fjt] goal=[ 0.278  0.015  0.195 -2.071 -0.003  2.086  1.26 ]
[fjt] final=[ 0.278  0.015  0.194 -2.074 -0.005  2.088  1.257]
[fjt] err=[-0.    -0.    -0.001 -0.003 -0.001  0.002 -0.002]
[fjt] names=['panda_joint1', 'panda_joint2', 'panda_joint3', 'panda_joint4', 'panda_joint5', 'panda_joint6', 'panda_joint7'] pts=1
[fjt] times[0..2]=[0.  1.5] times[-3:]=[0.  1.5]
[fjt] goal=[ 0.276  0.084  0.191 -2.094 -0.019  2.176  1.263]
[fjt] final=[ 0.276  0.084  0.192 -2.093 -0.018  2.174  1.261]
[fjt] err=[ 0.    -0.     0.     0.     0.002 -0.002 -0.002]
[fjt] names=['panda_joint1', 'panda_joint2', 'panda_joint3', 'panda_joint4', 'panda_joint5', 'panda_joint6', 'panda_joint7'] pts=1
[fjt] times[0..2]=[0.  1.5] times[-3:]=[0.  1.5]
[fjt] goal=[ 0.272  0.011  0.193 -1.97  -0.002  1.981  1.251]
[fjt] final=[ 0.272  0.012  0.192 -1.971 -0.004  1.984  1.253]
[fjt] err=[ 0.     0.    -0.001 -0.001 -0.001  0.002  0.002]
[fjt] names=['panda_joint1', 'panda_joint2', 'panda_joint3', 'panda_joint4', 'panda_joint5', 'panda_joint6', 'panda_joint7'] pts=1
[fjt] times[0..2]=[0.  2.5] times[-3:]=[0.  2.5]
[fjt] goal=[ 0.082  0.041  0.009 -2.092 -0.     2.133  0.876]
[fjt] final=[ 8.200e-02  4.100e-02  9.000e-03 -2.091e+00 -2.000e-03  2.131e+00
  8.790e-01]
[fjt] err=[ 0.    -0.     0.001  0.001 -0.001 -0.002  0.003]
[fjt] names=['panda_joint1', 'panda_joint2', 'panda_joint3', 'panda_joint4', 'panda_joint5', 'panda_joint6', 'panda_joint7'] pts=1
[fjt] times[0..2]=[0.  2.5] times[-3:]=[0.  2.5]
[fjt] goal=[-0.152  0.419 -0.166 -1.898  0.091  2.31   0.42 ]
[fjt] final=[-0.152  0.418 -0.166 -1.899  0.09   2.309  0.424]
[fjt] err=[ 0.    -0.001  0.001 -0.001 -0.001 -0.002  0.005]
[fjt] names=['panda_joint1', 'panda_joint2', 'panda_joint3', 'panda_joint4', 'panda_joint5', 'panda_joint6', 'panda_joint7'] pts=1
[fjt] times[0..2]=[0. 2.] times[-3:]=[0. 2.]
[fjt] goal=[-0.171  0.6   -0.14  -1.903  0.131  2.495  0.394]
[fjt] final=[-0.17   0.6   -0.141 -1.903  0.13   2.493  0.396]
[fjt] err=[ 0.    -0.    -0.001  0.001 -0.002 -0.002  0.002]
[fjt] names=['panda_joint1', 'panda_joint2', 'panda_joint3', 'panda_joint4', 'panda_joint5', 'panda_joint6', 'panda_joint7'] pts=1
[fjt] times[0..2]=[0. 2.] times[-3:]=[0. 2.]
[fjt] goal=[-0.186  0.735 -0.119 -1.866  0.153  2.593  0.379]
[fjt] final=[-0.186  0.73  -0.12  -1.868  0.152  2.588  0.381]
[fjt] err=[ 0.    -0.005 -0.001 -0.002 -0.001 -0.005  0.002]
[fjt] names=['panda_joint1', 'panda_joint2', 'panda_joint3', 'panda_joint4', 'panda_joint5', 'panda_joint6', 'panda_joint7'] pts=1
[fjt] times[0..2]=[0. 2.] times[-3:]=[0. 2.]
[fjt] goal=[-0.143  0.42  -0.176 -1.898  0.097  2.31   0.416]
[fjt] final=[-0.144  0.421 -0.175 -1.898  0.098  2.312  0.414]
[fjt] err=[-0.     0.001  0.001  0.001  0.002  0.002 -0.002]
[fjt] names=['panda_joint1', 'panda_joint2', 'panda_joint3', 'panda_joint4', 'panda_joint5', 'panda_joint6', 'panda_joint7'] pts=1
[fjt] times[0..2]=[0.  2.5] times[-3:]=[0.  2.5]
[fjt] goal=[ 0.175  0.095 -0.125 -2.024  0.014  2.118  0.828]
[fjt] final=[ 0.175  0.096 -0.126 -2.023  0.015  2.12   0.825]
[fjt] err=[-0.     0.001 -0.001  0.001  0.001  0.002 -0.003]
[fjt] names=['panda_joint1', 'panda_joint2', 'panda_joint3', 'panda_joint4', 'panda_joint5', 'panda_joint6', 'panda_joint7'] pts=1
[fjt] times[0..2]=[0.  2.5] times[-3:]=[0.  2.5]
[fjt] goal=[ 0.398  0.178  0.054 -1.913 -0.011  2.09   1.242]
[fjt] final=[ 0.398  0.177  0.053 -1.914 -0.01   2.092  1.239]
[fjt] err=[-0.    -0.001 -0.001 -0.002  0.001  0.002 -0.003]
[fjt] names=['panda_joint1', 'panda_joint2', 'panda_joint3', 'panda_joint4', 'panda_joint5', 'panda_joint6', 'panda_joint7'] pts=1
[fjt] times[0..2]=[0.  1.5] times[-3:]=[0.  1.5]
[fjt] goal=[ 0.399  0.221  0.052 -1.962 -0.014  2.182  1.244]
[fjt] final=[ 0.399  0.22   0.053 -1.961 -0.013  2.18   1.241]
[fjt] err=[-0.    -0.     0.001  0.001  0.001 -0.002 -0.002]
[fjt] names=['panda_joint1', 'panda_joint2', 'panda_joint3', 'panda_joint4', 'panda_joint5', 'panda_joint6', 'panda_joint7'] pts=1
[fjt] times[0..2]=[0. 2.] times[-3:]=[0. 2.]
[fjt] goal=[ 3.460e-01 -3.400e-02  2.800e-02 -1.972e+00  1.000e-03  1.939e+00
  1.158e+00]
[fjt] final=[ 0.346 -0.033  0.028 -1.972 -0.     1.941  1.161]
[fjt] err=[ 0.     0.001  0.001  0.001 -0.001  0.002  0.003]
[fjt] names=['panda_joint1', 'panda_joint2', 'panda_joint3', 'panda_joint4', 'panda_joint5', 'panda_joint6', 'panda_joint7'] pts=1
[fjt] times[0..2]=[0.  2.5] times[-3:]=[0.  2.5]
[fjt] goal=[ 0.07  -0.589 -0.192 -2.623 -0.119  2.039  0.749]
[fjt] final=[ 0.07  -0.565 -0.191 -2.502 -0.118  2.037  0.752]
[fjt] err=[ 0.     0.024  0.001  0.121  0.001 -0.002  0.003]
[fjt] names=['panda_joint1', 'panda_joint2', 'panda_joint3', 'panda_joint4', 'panda_joint5', 'panda_joint6', 'panda_joint7'] pts=1
[fjt] times[0..2]=[0.  2.5] times[-3:]=[0.  2.5]
[fjt] goal=[ 0.07  -0.589 -0.192 -2.623 -0.119  2.039  0.749]
[fjt] final=[ 0.07  -0.589 -0.191 -2.622 -0.118  2.037  0.751]
[fjt] err=[ 0.     0.001  0.001  0.001  0.001 -0.002  0.002]
