[robosuite WARNING] No private macro file found! (__init__.py:7)
[robosuite WARNING] It is recommended to use a private macro file (__init__.py:8)
[robosuite WARNING] To setup, run: python /storage/home/yehe8/.openrua/simulators/cap-x/capx/third_party/libero_dependencies/robosuite/robosuite/scripts/setup_macros.py (__init__.py:9)
Gym has been unmaintained since 2022 and does not support NumPy 2.0 amongst other critical functionality.
Please upgrade to Gymnasium, the maintained drop-in replacement of Gym, or contact the authors of your software and request that they upgrade.
See the migration guide at https://gymnasium.farama.org/introduction/migration_guide/ for additional information.
[info] Using default task order for benchmark 'libero_10_swap' (10 tasks).
[Warning]: datasets path /storage/home/yehe8/.openrua/simulators/cap-x/capx/third_party/LIBERO-PRO/libero/datasets does not exist!
[Warning]: datasets path /storage/home/yehe8/.openrua/simulators/cap-x/capx/third_party/LIBERO-PRO/libero/datasets does not exist!
robot ready
[Warning]: datasets path /storage/home/yehe8/.openrua/simulators/cap-x/capx/third_party/LIBERO-PRO/libero/datasets does not exist!
[fjt] names=['panda_joint1', 'panda_joint2', 'panda_joint3', 'panda_joint4', 'panda_joint5', 'panda_joint6', 'panda_joint7'] pts=1
[fjt] times[0..2]=[0. 4.] times[-3:]=[0. 4.]
[fjt] goal=[-0.212 -0.503 -0.261 -2.928 -0.192  2.43  -0.295]
[fjt] final=[-0.211 -0.503 -0.26  -2.926 -0.189  2.428  0.047]
[fjt] err=[ 0.     0.001  0.001  0.001  0.002 -0.002  0.342]
[fjt] names=['panda_joint1', 'panda_joint2', 'panda_joint3', 'panda_joint4', 'panda_joint5', 'panda_joint6', 'panda_joint7'] pts=1
[fjt] times[0..2]=[0. 4.] times[-3:]=[0. 4.]
[fjt] goal=[-0.212 -0.503 -0.261 -2.928 -0.192  2.43  -0.295]
[fjt] final=[-0.211 -0.503 -0.26  -2.927 -0.19   2.428 -0.293]
[fjt] err=[ 0.     0.001  0.001  0.001  0.001 -0.002  0.002]
[fjt] names=['panda_joint1', 'panda_joint2', 'panda_joint3', 'panda_joint4', 'panda_joint5', 'panda_joint6', 'panda_joint7'] pts=1
[fjt] times[0..2]=[0. 3.] times[-3:]=[0. 3.]
[fjt] goal=[-0.585  0.165  0.084 -2.923 -0.246  3.085 -0.256]
[fjt] final=[-0.584 -0.052  0.082 -2.93  -0.244  2.893 -0.261]
[fjt] err=[ 0.    -0.217 -0.002 -0.008  0.002 -0.192 -0.005]
[fjt] names=['panda_joint1', 'panda_joint2', 'panda_joint3', 'panda_joint4', 'panda_joint5', 'panda_joint6', 'panda_joint7'] pts=1
[fjt] times[0..2]=[0. 3.] times[-3:]=[0. 3.]
[fjt] goal=[-0.585  0.165  0.084 -2.923 -0.246  3.085 -0.256]
[fjt] final=[-0.587 -0.058  0.078 -2.95  -0.248  2.963 -0.265]
[fjt] err=[-0.002 -0.222 -0.007 -0.027 -0.001 -0.122 -0.01 ]
[fjt] names=['panda_joint1', 'panda_joint2', 'panda_joint3', 'panda_joint4', 'panda_joint5', 'panda_joint6', 'panda_joint7'] pts=1
[fjt] times[0..2]=[0. 3.] times[-3:]=[0. 3.]
[fjt] goal=[-0.585  0.165  0.084 -2.923 -0.246  3.085 -0.256]
[fjt] final=[-0.587 -0.054  0.075 -2.959 -0.249  3.017 -0.269]
[fjt] err=[-0.002 -0.219 -0.009 -0.037 -0.003 -0.068 -0.013]
[fjt] names=['panda_joint1', 'panda_joint2', 'panda_joint3', 'panda_joint4', 'panda_joint5', 'panda_joint6', 'panda_joint7'] pts=1
[fjt] times[0..2]=[0. 3.] times[-3:]=[0. 3.]
[fjt] goal=[-0.471 -0.491  0.047 -2.931  0.034  2.44  -0.456]
[fjt] final=[-0.472 -0.491  0.048 -2.932  0.033  2.449 -0.454]
[fjt] err=[-0.     0.     0.001 -0.001 -0.002  0.009  0.003]
[fjt] names=['panda_joint1', 'panda_joint2', 'panda_joint3', 'panda_joint4', 'panda_joint5', 'panda_joint6', 'panda_joint7'] pts=1
[fjt] times[0..2]=[0. 2.] times[-3:]=[0. 2.]
[fjt] goal=[-0.469 -0.479  0.049 -2.922  0.035  2.443  0.333]
[fjt] final=[-0.469 -0.48   0.049 -2.923  0.033  2.445 -0.037]
[fjt] err=[-0.    -0.001 -0.    -0.001 -0.002  0.002 -0.37 ]
[fjt] names=['panda_joint1', 'panda_joint2', 'panda_joint3', 'panda_joint4', 'panda_joint5', 'panda_joint6', 'panda_joint7'] pts=1
[fjt] times[0..2]=[0. 2.] times[-3:]=[0. 2.]
[fjt] goal=[-0.469 -0.479  0.049 -2.922  0.035  2.443  0.333]
[fjt] final=[-0.469 -0.479  0.049 -2.923  0.034  2.445  0.328]
[fjt] err=[-0.    -0.001 -0.    -0.001 -0.002  0.002 -0.005]
[fjt] names=['panda_joint1', 'panda_joint2', 'panda_joint3', 'panda_joint4', 'panda_joint5', 'panda_joint6', 'panda_joint7'] pts=1
[fjt] times[0..2]=[0.  1.5] times[-3:]=[0.  1.5]
[fjt] goal=[-0.332 -0.412 -0.111 -2.933 -0.076  2.523  0.414]
[fjt] final=[-0.333 -0.412 -0.11  -2.932 -0.074  2.52   0.411]
[fjt] err=[-0.001 -0.     0.001  0.001  0.002 -0.002 -0.002]
[fjt] names=['panda_joint1', 'panda_joint2', 'panda_joint3', 'panda_joint4', 'panda_joint5', 'panda_joint6', 'panda_joint7'] pts=10
[fjt] times[0..2]=[0.  0.3 0.6] times[-3:]=[2.4 2.7 3. ]
[fjt] goal=[ 1.555 -0.348 -2.268 -2.802 -1.183  2.856  1.21 ]
[fjt] final=[ 0.297 -0.338 -0.734 -2.804 -0.68   2.856  0.941]
[fjt] err=[-1.258e+00  1.000e-02  1.534e+00 -1.000e-03  5.040e-01  0.000e+00
 -2.690e-01]
[fjt] names=['panda_joint1', 'panda_joint2', 'panda_joint3', 'panda_joint4', 'panda_joint5', 'panda_joint6', 'panda_joint7'] pts=6
[fjt] times[0..2]=[0.   0.25 0.5 ] times[-3:]=[1.   1.25 1.5 ]
[fjt] goal=[ 0.229 -0.526 -0.778 -2.906 -0.57   2.43   0.761]
[fjt] final=[ 0.23  -0.526 -0.779 -2.904 -0.569  2.493  0.763]
[fjt] err=[ 0.001  0.001 -0.001  0.002  0.001  0.063  0.002]
[fjt] names=['panda_joint1', 'panda_joint2', 'panda_joint3', 'panda_joint4', 'panda_joint5', 'panda_joint6', 'panda_joint7'] pts=1
[fjt] times[0..2]=[0. 3.] times[-3:]=[0. 3.]
[fjt] goal=[ 0.224 -0.524 -0.772 -2.906 -0.565  2.431  0.757]
[fjt] final=[ 0.225 -0.524 -0.773 -2.906 -0.567  2.433  0.76 ]
[fjt] err=[ 0.    -0.    -0.001  0.    -0.002  0.001  0.002]
[fjt] names=['panda_joint1', 'panda_joint2', 'panda_joint3', 'panda_joint4', 'panda_joint5', 'panda_joint6', 'panda_joint7'] pts=10
[fjt] times[0..2]=[0.  0.3 0.6] times[-3:]=[2.4 2.7 3. ]
[fjt] goal=[ 0.121  0.2   -0.361 -2.871  0.704  3.033 -0.149]
[fjt] final=[ 0.208  0.032 -0.645 -2.864 -0.109  3.018  0.348]
[fjt] err=[ 0.087 -0.169 -0.284  0.006 -0.813 -0.014  0.497]
[fjt] names=['panda_joint1', 'panda_joint2', 'panda_joint3', 'panda_joint4', 'panda_joint5', 'panda_joint6', 'panda_joint7'] pts=1
[fjt] times[0..2]=[0. 2.] times[-3:]=[0. 2.]
[fjt] goal=[ 0.121  0.2   -0.361 -2.871  0.704  3.033 -0.149]
[fjt] final=[ 0.124  0.183 -0.354 -2.759  0.335  3.061 -0.076]
[fjt] err=[ 0.003 -0.017  0.006  0.112 -0.369  0.028  0.073]
[fjt] names=['panda_joint1', 'panda_joint2', 'panda_joint3', 'panda_joint4', 'panda_joint5', 'panda_joint6', 'panda_joint7'] pts=1
[fjt] times[0..2]=[0. 2.] times[-3:]=[0. 2.]
[fjt] goal=[ 0.121  0.2   -0.361 -2.871  0.704  3.033 -0.149]
[fjt] final=[ 0.124  0.181 -0.353 -2.744  0.699  3.051 -0.138]
[fjt] err=[ 0.003 -0.02   0.008  0.126 -0.005  0.019  0.011]
[fjt] names=['panda_joint1', 'panda_joint2', 'panda_joint3', 'panda_joint4', 'panda_joint5', 'panda_joint6', 'panda_joint7'] pts=8
[fjt] times[0..2]=[0.    0.375 0.75 ] times[-3:]=[2.25  2.625 3.   ]
[fjt] goal=[ 0.131 -0.31  -0.52  -2.642 -0.217  2.359  0.571]
[fjt] final=[ 0.131 -0.31  -0.521 -2.642  0.079  2.448  0.463]
[fjt] err=[ 0.     0.    -0.001 -0.     0.296  0.089 -0.108]
[fjt] names=['panda_joint1', 'panda_joint2', 'panda_joint3', 'panda_joint4', 'panda_joint5', 'panda_joint6', 'panda_joint7'] pts=1
[fjt] times[0..2]=[0. 2.] times[-3:]=[0. 2.]
[fjt] goal=[ 0.131 -0.31  -0.52  -2.642 -0.217  2.359  0.571]
[fjt] final=[ 0.131 -0.31  -0.521 -2.642 -0.215  2.361  0.569]
[fjt] err=[ 0.     0.    -0.001 -0.     0.002  0.002 -0.003]
[fjt] names=['panda_joint1', 'panda_joint2', 'panda_joint3', 'panda_joint4', 'panda_joint5', 'panda_joint6', 'panda_joint7'] pts=8
[fjt] times[0..2]=[0.    0.375 0.75 ] times[-3:]=[2.25  2.625 3.   ]
[fjt] goal=[-0.006 -0.248 -0.751 -2.714 -0.288  2.512  0.279]
[fjt] final=[-0.005 -0.248 -0.75  -2.714 -0.287  2.51   0.282]
[fjt] err=[ 0.    -0.     0.001  0.001  0.001 -0.002  0.002]
[fjt] names=['panda_joint1', 'panda_joint2', 'panda_joint3', 'panda_joint4', 'panda_joint5', 'panda_joint6', 'panda_joint7'] pts=10
[fjt] times[0..2]=[0.  0.3 0.6] times[-3:]=[2.4 2.7 3. ]
[fjt] goal=[-0.174  0.304 -0.413 -2.676  0.579  2.92  -0.352]
[fjt] final=[-0.173  0.301 -0.426 -2.676  0.285  2.919 -0.257]
[fjt] err=[ 0.001 -0.003 -0.013 -0.001 -0.294 -0.001  0.096]
[fjt] names=['panda_joint1', 'panda_joint2', 'panda_joint3', 'panda_joint4', 'panda_joint5', 'panda_joint6', 'panda_joint7'] pts=1
[fjt] times[0..2]=[0. 2.] times[-3:]=[0. 2.]
[fjt] goal=[-0.174  0.304 -0.413 -2.676  0.579  2.92  -0.352]
[fjt] final=[-0.173  0.303 -0.414 -2.676  0.577  2.919 -0.35 ]
[fjt] err=[ 0.    -0.001 -0.001 -0.001 -0.002 -0.001  0.002]
[fjt] names=['panda_joint1', 'panda_joint2', 'panda_joint3', 'panda_joint4', 'panda_joint5', 'panda_joint6', 'panda_joint7'] pts=7
[fjt] times[0..2]=[0.         0.57142857 1.14285714] times[-3:]=[2.85714286 3.42857143 4.        ]
[fjt] goal=[-0.125 -0.226 -0.623 -2.717 -0.226  2.521  0.235]
[fjt] final=[-0.125 -0.225 -0.624 -2.718 -0.178  2.523  0.234]
[fjt] err=[ 0.     0.001 -0.001 -0.001  0.048  0.002 -0.001]
[fjt] names=['panda_joint1', 'panda_joint2', 'panda_joint3', 'panda_joint4', 'panda_joint5', 'panda_joint6', 'panda_joint7'] pts=1
[fjt] times[0..2]=[0. 2.] times[-3:]=[0. 2.]
[fjt] goal=[-0.125 -0.226 -0.623 -2.717 -0.226  2.521  0.235]
[fjt] final=[-0.125 -0.225 -0.623 -2.718 -0.225  2.523  0.234]
[fjt] err=[ 0.     0.    -0.001 -0.001  0.001  0.002 -0.001]
[fjt] names=['panda_joint1', 'panda_joint2', 'panda_joint3', 'panda_joint4', 'panda_joint5', 'panda_joint6', 'panda_joint7'] pts=14
[fjt] times[0..2]=[0.         0.42857143 0.85714286] times[-3:]=[5.14285714 5.57142857 6.        ]
[fjt] goal=[-0.257  0.292 -0.347 -2.684  0.496  2.935 -0.292]
[fjt] final=[-0.256  0.291 -0.348 -2.684  0.494  2.933 -0.289]
[fjt] err=[ 0.001 -0.001 -0.001 -0.001 -0.002 -0.002  0.003]
[fjt] names=['panda_joint1', 'panda_joint2', 'panda_joint3', 'panda_joint4', 'panda_joint5', 'panda_joint6', 'panda_joint7'] pts=14
[fjt] times[0..2]=[0.         0.28571429 0.57142857] times[-3:]=[3.42857143 3.71428571 4.        ]
[fjt] goal=[-0.186 -0.217 -0.558 -2.718 -0.198  2.524  0.214]
[fjt] final=[-0.186 -0.217 -0.559 -2.719 -0.195  2.526  0.213]
[fjt] err=[ 0.     0.001 -0.001 -0.001  0.003  0.002 -0.002]
[fjt] names=['panda_joint1', 'panda_joint2', 'panda_joint3', 'panda_joint4', 'panda_joint5', 'panda_joint6', 'panda_joint7'] pts=7
[fjt] times[0..2]=[0.         0.57142857 1.14285714] times[-3:]=[2.85714286 3.42857143 4.        ]
[fjt] goal=[-0.138 -0.428 -0.342 -2.929 -0.238  2.509  0.527]
[fjt] final=[-0.139 -0.427 -0.343 -2.928 -0.24   2.511  0.524]
[fjt] err=[-0.     0.001 -0.001  0.001 -0.002  0.002 -0.002]
[fjt] names=['panda_joint1', 'panda_joint2', 'panda_joint3', 'panda_joint4', 'panda_joint5', 'panda_joint6', 'panda_joint7'] pts=4
[fjt] times[0..2]=[0. 1. 2.] times[-3:]=[2. 3. 4.]
[fjt] goal=[ 0.036 -0.247 -0.365 -2.768 -0.153  2.531  0.281]
[fjt] final=[ 0.035 -0.248 -0.366 -2.768 -0.154  2.529  0.279]
[fjt] err=[-0.    -0.001 -0.001 -0.001 -0.002 -0.002 -0.002]
[fjt] names=['panda_joint1', 'panda_joint2', 'panda_joint3', 'panda_joint4', 'panda_joint5', 'panda_joint6', 'panda_joint7'] pts=1
[fjt] times[0..2]=[0. 2.] times[-3:]=[0. 2.]
[fjt] goal=[ 0.048 -0.226 -0.356 -2.748 -0.137  2.531  0.3  ]
[fjt] final=[ 0.048 -0.226 -0.357 -2.749 -0.138  2.53   0.298]
[fjt] err=[-0.    -0.001 -0.001 -0.001 -0.001 -0.002 -0.002]
[fjt] names=['panda_joint1', 'panda_joint2', 'panda_joint3', 'panda_joint4', 'panda_joint5', 'panda_joint6', 'panda_joint7'] pts=14
[fjt] times[0..2]=[0.         0.42857143 0.85714286] times[-3:]=[5.14285714 5.57142857 6.        ]
[fjt] goal=[-0.032  0.267 -0.184 -2.723  0.3    2.978 -0.018]
[fjt] final=[-0.032  0.261 -0.187 -2.725  0.298  2.978 -0.016]
[fjt] err=[ 0.    -0.006 -0.003 -0.002 -0.002 -0.001  0.002]
[fjt] names=['panda_joint1', 'panda_joint2', 'panda_joint3', 'panda_joint4', 'panda_joint5', 'panda_joint6', 'panda_joint7'] pts=26
[fjt] times[0..2]=[0.         0.19230769 0.38461538] times[-3:]=[4.61538461 4.80769231 5.        ]
[fjt] goal=[-0.013 -0.474 -0.263 -2.61  -0.142  2.145  0.316]
[fjt] final=[-0.013 -0.474 -0.264 -2.612 -0.142  2.149  0.314]
[fjt] err=[ 0.     0.001 -0.001 -0.002 -0.     0.004 -0.002]
[fjt] names=['panda_joint1', 'panda_joint2', 'panda_joint3', 'panda_joint4', 'panda_joint5', 'panda_joint6', 'panda_joint7'] pts=20
[fjt] times[0..2]=[0.  0.3 0.6] times[-3:]=[5.4 5.7 6. ]
[fjt] goal=[ 0.317  0.065  0.154 -2.062 -0.012  2.127  0.964]
[fjt] final=[ 0.317  0.065  0.153 -2.065 -0.01   2.129  0.961]
[fjt] err=[-0.    -0.    -0.001 -0.002  0.001  0.002 -0.003]
[fjt] names=['panda_joint1', 'panda_joint2', 'panda_joint3', 'panda_joint4', 'panda_joint5', 'panda_joint6', 'panda_joint7'] pts=12
[fjt] times[0..2]=[0.         0.33333333 0.66666667] times[-3:]=[3.33333333 3.66666667 4.        ]
[fjt] goal=[ 0.325  0.239  0.145 -2.172 -0.051  2.409  0.991]
[fjt] final=[ 0.325  0.239  0.146 -2.172 -0.05   2.406  0.989]
[fjt] err=[-0.     0.     0.001  0.     0.002 -0.002 -0.002]
[fjt] names=['panda_joint1', 'panda_joint2', 'panda_joint3', 'panda_joint4', 'panda_joint5', 'panda_joint6', 'panda_joint7'] pts=19
[fjt] times[0..2]=[0.         0.21052632 0.42105263] times[-3:]=[3.57894737 3.78947368 4.        ]
[fjt] goal=[ 0.317  0.015  0.152 -1.965 -0.003  1.981  0.957]
[fjt] final=[ 0.317  0.016  0.152 -1.966 -0.004  1.983  0.96 ]
[fjt] err=[ 0.     0.    -0.    -0.001 -0.001  0.002  0.002]
[fjt] names=['panda_joint1', 'panda_joint2', 'panda_joint3', 'panda_joint4', 'panda_joint5', 'panda_joint6', 'panda_joint7'] pts=24
[fjt] times[0..2]=[0.   0.25 0.5 ] times[-3:]=[5.5  5.75 6.  ]
[fjt] goal=[-0.14   0.421 -0.157 -1.895  0.087  2.309  0.443]
[fjt] final=[-0.14   0.42  -0.157 -1.896  0.085  2.308  0.446]
[fjt] err=[ 0.    -0.001  0.001 -0.001 -0.002 -0.002  0.003]
[fjt] names=['panda_joint1', 'panda_joint2', 'panda_joint3', 'panda_joint4', 'panda_joint5', 'panda_joint6', 'panda_joint7'] pts=1
[fjt] times[0..2]=[0. 2.] times[-3:]=[0. 2.]
[fjt] goal=[-0.139  0.433 -0.154 -1.876  0.086  2.302  0.446]
[fjt] final=[-0.139  0.432 -0.154 -1.877  0.085  2.304  0.446]
[fjt] err=[-0.    -0.001 -0.    -0.001 -0.001  0.002 -0.   ]
[fjt] names=['panda_joint1', 'panda_joint2', 'panda_joint3', 'panda_joint4', 'panda_joint5', 'panda_joint6', 'panda_joint7'] pts=1
[fjt] times[0..2]=[0. 2.] times[-3:]=[0. 2.]
[fjt] goal=[-0.138  0.437 -0.155 -1.869  0.088  2.299  0.455]
[fjt] final=[-0.138  0.437 -0.154 -1.87   0.086  2.301  0.453]
[fjt] err=[-0.    -0.001  0.    -0.001 -0.001  0.002 -0.002]
[fjt] names=['panda_joint1', 'panda_joint2', 'panda_joint3', 'panda_joint4', 'panda_joint5', 'panda_joint6', 'panda_joint7'] pts=16
[fjt] times[0..2]=[0.    0.375 0.75 ] times[-3:]=[5.25  5.625 6.   ]
[fjt] goal=[-0.169  0.732 -0.113 -1.843  0.139  2.567  0.422]
[fjt] final=[-0.168  0.731 -0.113 -1.844  0.137  2.565  0.425]
[fjt] err=[ 0.    -0.001 -0.001 -0.001 -0.002 -0.002  0.002]
[fjt] names=['panda_joint1', 'panda_joint2', 'panda_joint3', 'panda_joint4', 'panda_joint5', 'panda_joint6', 'panda_joint7'] pts=28
[fjt] times[0..2]=[0.         0.17857143 0.35714286] times[-3:]=[4.64285714 4.82142857 5.        ]
[fjt] goal=[-0.131  0.292 -0.167 -1.756  0.054  2.044  0.477]
[fjt] final=[-0.131  0.293 -0.166 -1.758  0.055  2.046  0.475]
[fjt] err=[-0.     0.     0.001 -0.001  0.001  0.002 -0.002]
[fjt] names=['panda_joint1', 'panda_joint2', 'panda_joint3', 'panda_joint4', 'panda_joint5', 'panda_joint6', 'panda_joint7'] pts=23
[fjt] times[0..2]=[0.         0.26086957 0.52173913] times[-3:]=[5.47826087 5.73913043 6.        ]
[fjt] goal=[ 0.296  0.065  0.175 -2.062 -0.013  2.127  1.27 ]
[fjt] final=[ 0.296  0.065  0.175 -2.064 -0.012  2.129  1.267]
[fjt] err=[-0.    -0.001 -0.001 -0.002  0.001  0.002 -0.003]
[fjt] names=['panda_joint1', 'panda_joint2', 'panda_joint3', 'panda_joint4', 'panda_joint5', 'panda_joint6', 'panda_joint7'] pts=12
[fjt] times[0..2]=[0.         0.33333333 0.66666667] times[-3:]=[3.33333333 3.66666667 4.        ]
[fjt] goal=[ 0.305  0.24   0.165 -2.172 -0.058  2.408  1.301]
[fjt] final=[ 0.305  0.24   0.166 -2.172 -0.057  2.406  1.298]
[fjt] err=[-0.    -0.     0.001  0.001  0.002 -0.002 -0.002]
[fjt] names=['panda_joint1', 'panda_joint2', 'panda_joint3', 'panda_joint4', 'panda_joint5', 'panda_joint6', 'panda_joint7'] pts=20
[fjt] times[0..2]=[0.  0.2 0.4] times[-3:]=[3.6 3.8 4. ]
[fjt] goal=[ 2.950e-01  5.000e-03  1.730e-01 -1.927e+00 -1.000e-03  1.931e+00
  1.261e+00]
[fjt] final=[ 0.296  0.005  0.173 -1.928 -0.002  1.933  1.263]
[fjt] err=[ 0.     0.     0.    -0.001 -0.001  0.002  0.002]
