[robosuite WARNING] No private macro file found! (__init__.py:7)
[robosuite WARNING] It is recommended to use a private macro file (__init__.py:8)
[robosuite WARNING] To setup, run: python /storage/home/yehe8/.openrua/simulators/cap-x/capx/third_party/libero_dependencies/robosuite/robosuite/scripts/setup_macros.py (__init__.py:9)
Gym has been unmaintained since 2022 and does not support NumPy 2.0 amongst other critical functionality.
Please upgrade to Gymnasium, the maintained drop-in replacement of Gym, or contact the authors of your software and request that they upgrade.
See the migration guide at https://gymnasium.farama.org/introduction/migration_guide/ for additional information.
[info] Using default task order for benchmark 'libero_10_task' (10 tasks).
[Warning]: datasets path /storage/home/yehe8/.openrua/simulators/cap-x/capx/third_party/LIBERO-PRO/libero/datasets does not exist!
[Warning]: datasets path /storage/home/yehe8/.openrua/simulators/cap-x/capx/third_party/LIBERO-PRO/libero/datasets does not exist!
robot ready
[Warning]: datasets path /storage/home/yehe8/.openrua/simulators/cap-x/capx/third_party/LIBERO-PRO/libero/datasets does not exist!
[fjt] names=['panda_joint1', 'panda_joint2', 'panda_joint3', 'panda_joint4', 'panda_joint5', 'panda_joint6', 'panda_joint7'] pts=1
[fjt] times[0..2]=[0. 4.] times[-3:]=[0. 4.]
[fjt] goal=[-0.151 -0.061 -0.211 -2.575 -0.022  2.516  0.442]
[fjt] final=[-0.151 -0.061 -0.21  -2.574 -0.02   2.514  0.444]
[fjt] err=[ 0.    -0.     0.001  0.001  0.001 -0.002  0.002]
[fjt] names=['panda_joint1', 'panda_joint2', 'panda_joint3', 'panda_joint4', 'panda_joint5', 'panda_joint6', 'panda_joint7'] pts=1
[fjt] times[0..2]=[0. 3.] times[-3:]=[0. 3.]
[fjt] goal=[-0.141  0.124 -0.201 -2.575  0.058  2.697  0.393]
[fjt] final=[-0.141  0.124 -0.201 -2.574  0.056  2.694  0.395]
[fjt] err=[-0.    -0.    -0.001  0.001 -0.002 -0.002  0.002]
[fjt] names=['panda_joint1', 'panda_joint2', 'panda_joint3', 'panda_joint4', 'panda_joint5', 'panda_joint6', 'panda_joint7'] pts=1
[fjt] times[0..2]=[0. 2.] times[-3:]=[0. 2.]
[fjt] goal=[-0.154  0.243 -0.175 -2.564  0.126  2.801  0.343]
[fjt] final=[-0.153  0.243 -0.176 -2.565  0.124  2.8    0.346]
[fjt] err=[ 0.    -0.001 -0.001 -0.001 -0.002 -0.002  0.002]
[fjt] names=['panda_joint1', 'panda_joint2', 'panda_joint3', 'panda_joint4', 'panda_joint5', 'panda_joint6', 'panda_joint7'] pts=1
[fjt] times[0..2]=[0. 2.] times[-3:]=[0. 2.]
[fjt] goal=[-0.18   0.345 -0.137 -2.543  0.181  2.882  0.302]
[fjt] final=[-0.179  0.309 -0.141 -2.556  0.178  2.871  0.304]
[fjt] err=[ 0.001 -0.036 -0.004 -0.012 -0.003 -0.011  0.002]
[fjt] names=['panda_joint1', 'panda_joint2', 'panda_joint3', 'panda_joint4', 'panda_joint5', 'panda_joint6', 'panda_joint7'] pts=1
[fjt] times[0..2]=[0. 3.] times[-3:]=[0. 3.]
[fjt] goal=[ 0.128 -0.268 -0.469 -2.464 -0.151  2.219  0.55 ]
[fjt] final=[ 0.128 -0.264 -0.468 -2.466 -0.149  2.274  0.548]
[fjt] err=[-0.001  0.004  0.001 -0.001  0.002  0.055 -0.002]
[fjt] names=['panda_joint1', 'panda_joint2', 'panda_joint3', 'panda_joint4', 'panda_joint5', 'panda_joint6', 'panda_joint7'] pts=1
[fjt] times[0..2]=[0. 3.] times[-3:]=[0. 3.]
[fjt] goal=[ 0.32  -0.233 -0.183 -2.293 -0.048  2.063  0.95 ]
[fjt] final=[ 0.32  -0.234 -0.184 -2.295 -0.049  2.065  0.948]
[fjt] err=[-0.    -0.    -0.001 -0.002 -0.001  0.002 -0.002]
[fjt] names=['panda_joint1', 'panda_joint2', 'panda_joint3', 'panda_joint4', 'panda_joint5', 'panda_joint6', 'panda_joint7'] pts=1
[fjt] times[0..2]=[0. 3.] times[-3:]=[0. 3.]
[fjt] goal=[ 4.730e-01  1.180e-01  1.100e-02 -1.940e+00 -1.000e-03  2.058e+00
  1.270e+00]
[fjt] final=[ 0.473  0.117  0.01  -1.942 -0.003  2.06   1.268]
[fjt] err=[-0.    -0.    -0.001 -0.002 -0.001  0.002 -0.002]
[fjt] names=['panda_joint1', 'panda_joint2', 'panda_joint3', 'panda_joint4', 'panda_joint5', 'panda_joint6', 'panda_joint7'] pts=1
[fjt] times[0..2]=[0.  2.5] times[-3:]=[0.  2.5]
[fjt] goal=[ 0.474  0.235  0.01  -2.055 -0.003  2.29   1.271]
[fjt] final=[ 0.473  0.235  0.01  -2.054 -0.003  2.287  1.269]
[fjt] err=[-0.     0.    -0.     0.     0.    -0.002 -0.002]
[fjt] names=['panda_joint1', 'panda_joint2', 'panda_joint3', 'panda_joint4', 'panda_joint5', 'panda_joint6', 'panda_joint7'] pts=1
[fjt] times[0..2]=[0.  2.5] times[-3:]=[0.  2.5]
[fjt] goal=[ 4.730e-01  1.030e-01  1.100e-02 -1.907e+00 -1.000e-03  2.010e+00
  1.270e+00]
[fjt] final=[ 4.730e-01  1.030e-01  1.000e-02 -1.908e+00 -2.000e-03  2.012e+00
  1.269e+00]
[fjt] err=[ 0.     0.    -0.001 -0.001 -0.001  0.002 -0.001]
[fjt] names=['panda_joint1', 'panda_joint2', 'panda_joint3', 'panda_joint4', 'panda_joint5', 'panda_joint6', 'panda_joint7'] pts=1
[fjt] times[0..2]=[0. 3.] times[-3:]=[0. 3.]
[fjt] goal=[ 0.255  0.258 -0.164 -2.146  0.062  2.399  0.836]
[fjt] final=[ 0.255  0.258 -0.164 -2.145  0.06   2.397  0.839]
[fjt] err=[ 0.    -0.     0.001  0.001 -0.001 -0.002  0.003]
[fjt] names=['panda_joint1', 'panda_joint2', 'panda_joint3', 'panda_joint4', 'panda_joint5', 'panda_joint6', 'panda_joint7'] pts=1
[fjt] times[0..2]=[0.  2.5] times[-3:]=[0.  2.5]
[fjt] goal=[ 0.236  0.472 -0.136 -2.135  0.12   2.6    0.797]
[fjt] final=[ 0.236  0.471 -0.137 -2.136  0.118  2.599  0.799]
[fjt] err=[ 0.    -0.001 -0.001 -0.001 -0.002 -0.002  0.002]
[fjt] names=['panda_joint1', 'panda_joint2', 'panda_joint3', 'panda_joint4', 'panda_joint5', 'panda_joint6', 'panda_joint7'] pts=1
[fjt] times[0..2]=[0. 2.] times[-3:]=[0. 2.]
[fjt] goal=[ 0.217  0.608 -0.111 -2.102  0.149  2.703  0.776]
[fjt] final=[ 0.217  0.607 -0.112 -2.103  0.148  2.701  0.778]
[fjt] err=[ 0.    -0.001 -0.001 -0.001 -0.002 -0.002  0.002]
[fjt] names=['panda_joint1', 'panda_joint2', 'panda_joint3', 'panda_joint4', 'panda_joint5', 'panda_joint6', 'panda_joint7'] pts=1
[fjt] times[0..2]=[0.  2.5] times[-3:]=[0.  2.5]
[fjt] goal=[ 0.277  0.269 -0.186 -2.13   0.073  2.394  0.83 ]
[fjt] final=[ 0.277  0.27  -0.185 -2.13   0.074  2.396  0.827]
[fjt] err=[-0.     0.001  0.001  0.001  0.002  0.002 -0.002]
[fjt] names=['panda_joint1', 'panda_joint2', 'panda_joint3', 'panda_joint4', 'panda_joint5', 'panda_joint6', 'panda_joint7'] pts=1
[fjt] times[0..2]=[0. 3.] times[-3:]=[0. 3.]
[fjt] goal=[ 0.486  0.091 -0.135 -1.975  0.014  2.066  1.13 ]
[fjt] final=[ 0.486  0.092 -0.136 -1.976  0.015  2.068  1.128]
[fjt] err=[-0.     0.    -0.001 -0.001  0.001  0.002 -0.003]
[fjt] names=['panda_joint1', 'panda_joint2', 'panda_joint3', 'panda_joint4', 'panda_joint5', 'panda_joint6', 'panda_joint7'] pts=1
[fjt] times[0..2]=[0.  2.5] times[-3:]=[0.  2.5]
[fjt] goal=[ 0.555  0.245 -0.076 -1.82   0.021  2.064  1.257]
[fjt] final=[ 0.555  0.244 -0.077 -1.821  0.02   2.066  1.255]
[fjt] err=[-0.    -0.001 -0.001 -0.002 -0.001  0.002 -0.002]
[fjt] names=['panda_joint1', 'panda_joint2', 'panda_joint3', 'panda_joint4', 'panda_joint5', 'panda_joint6', 'panda_joint7'] pts=1
[fjt] times[0..2]=[0. 2.] times[-3:]=[0. 2.]
[fjt] goal=[ 0.553  0.335 -0.073 -1.907  0.031  2.241  1.251]
[fjt] final=[ 0.554  0.335 -0.074 -1.906  0.029  2.239  1.253]
[fjt] err=[ 0.    -0.    -0.001  0.001 -0.002 -0.002  0.002]
[fjt] names=['panda_joint1', 'panda_joint2', 'panda_joint3', 'panda_joint4', 'panda_joint5', 'panda_joint6', 'panda_joint7'] pts=1
[fjt] times[0..2]=[0.  2.5] times[-3:]=[0.  2.5]
[fjt] goal=[ 0.558  0.205 -0.08  -1.719  0.017  1.924  1.259]
[fjt] final=[ 0.558  0.205 -0.079 -1.72   0.019  1.926  1.257]
[fjt] err=[-0.     0.     0.001 -0.001  0.001  0.002 -0.002]
[fjt] names=['panda_joint1', 'panda_joint2', 'panda_joint3', 'panda_joint4', 'panda_joint5', 'panda_joint6', 'panda_joint7'] pts=1
[fjt] times[0..2]=[0. 3.] times[-3:]=[0. 3.]
[fjt] goal=[ 0.283 -0.436 -0.264 -2.498 -0.126  2.072  0.889]
[fjt] final=[ 0.284 -0.407 -0.263 -2.329 -0.125  2.07   0.891]
[fjt] err=[ 0.     0.028  0.001  0.169  0.001 -0.002  0.002]
[fjt] names=['panda_joint1', 'panda_joint2', 'panda_joint3', 'panda_joint4', 'panda_joint5', 'panda_joint6', 'panda_joint7'] pts=1
[fjt] times[0..2]=[0. 4.] times[-3:]=[0. 4.]
[fjt] goal=[ 0.283 -0.436 -0.264 -2.498 -0.126  2.072  0.889]
[fjt] final=[ 0.283 -0.435 -0.263 -2.496 -0.125  2.07   0.891]
[fjt] err=[ 0.     0.001  0.     0.001  0.001 -0.002  0.002]
