[robosuite WARNING] No private macro file found! (__init__.py:7)
[robosuite WARNING] It is recommended to use a private macro file (__init__.py:8)
[robosuite WARNING] To setup, run: python /storage/home/yehe8/.openrua/simulators/cap-x/capx/third_party/libero_dependencies/robosuite/robosuite/scripts/setup_macros.py (__init__.py:9)
Gym has been unmaintained since 2022 and does not support NumPy 2.0 amongst other critical functionality.
Please upgrade to Gymnasium, the maintained drop-in replacement of Gym, or contact the authors of your software and request that they upgrade.
See the migration guide at https://gymnasium.farama.org/introduction/migration_guide/ for additional information.
[info] Using default task order for benchmark 'libero_10_swap' (10 tasks).
[Warning]: datasets path /storage/home/yehe8/.openrua/simulators/cap-x/capx/third_party/LIBERO-PRO/libero/datasets does not exist!
[Warning]: datasets path /storage/home/yehe8/.openrua/simulators/cap-x/capx/third_party/LIBERO-PRO/libero/datasets does not exist!
robot ready
[Warning]: datasets path /storage/home/yehe8/.openrua/simulators/cap-x/capx/third_party/LIBERO-PRO/libero/datasets does not exist!
[fjt] names=['panda_joint1', 'panda_joint2', 'panda_joint3', 'panda_joint4', 'panda_joint5', 'panda_joint6', 'panda_joint7'] pts=1
[fjt] times[0..2]=[0. 3.] times[-3:]=[0. 3.]
[fjt] goal=[ 0.     0.242 -0.    -1.724  0.     1.966  0.785]
[fjt] final=[-0.     0.241 -0.    -1.838 -0.     1.966  0.785]
[fjt] err=[-0.    -0.001 -0.    -0.114 -0.     0.    -0.   ]
[fjt] names=['panda_joint1', 'panda_joint2', 'panda_joint3', 'panda_joint4', 'panda_joint5', 'panda_joint6', 'panda_joint7'] pts=1
[fjt] times[0..2]=[0. 3.] times[-3:]=[0. 3.]
[fjt] goal=[ 0.     0.242  0.    -1.724  0.     1.966  0.785]
[fjt] final=[-0.     0.241 -0.    -1.725 -0.     1.966  0.785]
[fjt] err=[-0.    -0.001 -0.    -0.001 -0.     0.    -0.   ]
[fjt] names=['panda_joint1', 'panda_joint2', 'panda_joint3', 'panda_joint4', 'panda_joint5', 'panda_joint6', 'panda_joint7'] pts=1
[fjt] times[0..2]=[0. 4.] times[-3:]=[0. 4.]
[fjt] goal=[-0.139  1.193 -0.997 -2.939  2.177  0.484 -2.256]
[fjt] final=[-0.133  0.59  -0.455 -1.61   0.991  1.178  0.138]
[fjt] err=[ 0.006 -0.603  0.542  1.329 -1.187  0.694  2.394]
[fjt] names=['panda_joint1', 'panda_joint2', 'panda_joint3', 'panda_joint4', 'panda_joint5', 'panda_joint6', 'panda_joint7'] pts=1
[fjt] times[0..2]=[0. 3.] times[-3:]=[0. 3.]
[fjt] goal=[-0.052  0.378 -0.462 -1.632  1.019  1.137  0.348]
[fjt] final=[-0.052  0.379 -0.461 -1.631  1.018  1.139  0.346]
[fjt] err=[-0.001  0.001  0.001  0.001 -0.001  0.002 -0.002]
[fjt] names=['panda_joint1', 'panda_joint2', 'panda_joint3', 'panda_joint4', 'panda_joint5', 'panda_joint6', 'panda_joint7'] pts=1
[fjt] times[0..2]=[0. 4.] times[-3:]=[0. 4.]
[fjt] goal=[ 0.     0.242  0.    -1.725  0.     1.966  0.785]
[fjt] final=[-0.000e+00  2.420e-01 -1.000e-03 -1.724e+00  2.890e-01  1.872e+00
  7.830e-01]
[fjt] err=[-0.     0.001 -0.001  0.001  0.289 -0.094 -0.002]
[fjt] names=['panda_joint1', 'panda_joint2', 'panda_joint3', 'panda_joint4', 'panda_joint5', 'panda_joint6', 'panda_joint7'] pts=1
[fjt] times[0..2]=[0. 5.] times[-3:]=[0. 5.]
[fjt] goal=[ 0.     0.242  0.    -1.725  0.     1.966  0.785]
[fjt] final=[-0.000e+00  2.420e-01 -0.000e+00 -1.724e+00  1.000e-03  1.964e+00
  7.830e-01]
[fjt] err=[-0.     0.    -0.     0.001  0.001 -0.002 -0.002]
[fjt] names=['panda_joint1', 'panda_joint2', 'panda_joint3', 'panda_joint4', 'panda_joint5', 'panda_joint6', 'panda_joint7'] pts=29
[fjt] times[0..2]=[0.   0.15 0.3 ] times[-3:]=[4.05       4.2        4.23294485]
[fjt] goal=[-0.968  1.064 -0.012 -0.738  0.645  0.948 -1.618]
[fjt] final=[-0.761  0.986 -0.011 -0.956  0.641  1.237  0.026]
[fjt] err=[ 2.080e-01 -7.700e-02  1.000e-03 -2.180e-01 -4.000e-03  2.890e-01
  1.643e+00]
[fjt] names=['panda_joint1', 'panda_joint2', 'panda_joint3', 'panda_joint4', 'panda_joint5', 'panda_joint6', 'panda_joint7'] pts=1
[fjt] times[0..2]=[0. 2.] times[-3:]=[0. 2.]
[fjt] goal=[-0.968  1.064 -0.012 -0.738  0.645  0.948 -1.618]
[fjt] final=[-0.968  1.063 -0.011 -0.74   0.643  0.951 -0.409]
[fjt] err=[ 0.000e+00 -1.000e-03  1.000e-03 -2.000e-03 -2.000e-03  2.000e-03
  1.209e+00]
[fjt] names=['panda_joint1', 'panda_joint2', 'panda_joint3', 'panda_joint4', 'panda_joint5', 'panda_joint6', 'panda_joint7'] pts=21
[fjt] times[0..2]=[0.  0.3 0.6] times[-3:]=[5.7        6.         6.29564698]
[fjt] goal=[-1.000e-03  2.440e-01  3.000e-03 -1.726e+00 -2.000e-03  1.963e+00
  7.810e-01]
[fjt] final=[-6.000e-03  2.440e-01  3.000e-03 -1.715e+00 -1.000e-03  1.891e+00
  5.680e-01]
[fjt] err=[-0.004  0.001 -0.001  0.011  0.001 -0.072 -0.213]
[fjt] names=['panda_joint1', 'panda_joint2', 'panda_joint3', 'panda_joint4', 'panda_joint5', 'panda_joint6', 'panda_joint7'] pts=1
[fjt] times[0..2]=[0. 2.] times[-3:]=[0. 2.]
[fjt] goal=[-1.000e-03  2.440e-01  3.000e-03 -1.726e+00 -2.000e-03  1.963e+00
  7.810e-01]
[fjt] final=[-2.000e-03  2.440e-01  3.000e-03 -1.725e+00 -1.000e-03  1.961e+00
  7.780e-01]
[fjt] err=[-0.     0.001 -0.     0.001  0.001 -0.002 -0.003]
[fjt] names=['panda_joint1', 'panda_joint2', 'panda_joint3', 'panda_joint4', 'panda_joint5', 'panda_joint6', 'panda_joint7'] pts=21
[fjt] times[0..2]=[0.   0.15 0.3 ] times[-3:]=[2.85       2.85071095 4.35071095]
[fjt] goal=[ 0.05   0.536 -0.137 -1.77   0.099  2.299  2.217]
[fjt] final=[ 0.05   0.536 -0.136 -1.769  0.097  2.297  1.507]
[fjt] err=[-0.    -0.     0.001  0.001 -0.002 -0.002 -0.711]
[fjt] names=['panda_joint1', 'panda_joint2', 'panda_joint3', 'panda_joint4', 'panda_joint5', 'panda_joint6', 'panda_joint7'] pts=2
[fjt] times[0..2]=[0.  2.  3.5] times[-3:]=[0.  2.  3.5]
[fjt] goal=[ 0.05   0.536 -0.137 -1.77   0.099  2.299  2.217]
[fjt] final=[ 0.05   0.536 -0.136 -1.769  0.097  2.297  2.157]
[fjt] err=[-0.    -0.     0.001  0.001 -0.002 -0.002 -0.06 ]
[fjt] names=['panda_joint1', 'panda_joint2', 'panda_joint3', 'panda_joint4', 'panda_joint5', 'panda_joint6', 'panda_joint7'] pts=13
[fjt] times[0..2]=[0.        0.2617976 0.5235952] times[-3:]=[2.87977357 3.         6.        ]
[fjt] goal=[ 0.039  0.72  -0.128 -1.753  0.135  2.465  2.193]
[fjt] final=[ 0.039  0.72  -0.129 -1.754  0.134  2.463  2.191]
[fjt] err=[ 0.    -0.001 -0.001 -0.001 -0.001 -0.001 -0.002]
[fjt] names=['panda_joint1', 'panda_joint2', 'panda_joint3', 'panda_joint4', 'panda_joint5', 'panda_joint6', 'panda_joint7'] pts=10
[fjt] times[0..2]=[0.         0.33828731 0.67657462] times[-3:]=[2.70629849 3.         6.        ]
[fjt] goal=[ 0.26   0.734 -0.109 -1.725  0.114  2.453  2.447]
[fjt] final=[ 0.259  0.733 -0.111 -1.726  0.115  2.454  2.444]
[fjt] err=[-0.001 -0.001 -0.002 -0.001  0.     0.002 -0.003]
[fjt] names=['panda_joint1', 'panda_joint2', 'panda_joint3', 'panda_joint4', 'panda_joint5', 'panda_joint6', 'panda_joint7'] pts=13
[fjt] times[0..2]=[0.         0.26678383 0.53356766] times[-3:]=[2.93462211 3.         6.        ]
[fjt] goal=[ 0.273  0.555 -0.131 -1.736  0.091  2.285  2.458]
[fjt] final=[ 0.273  0.555 -0.13  -1.737  0.092  2.287  2.456]
[fjt] err=[-0.     0.     0.001 -0.001  0.001  0.002 -0.002]
[fjt] names=['panda_joint1', 'panda_joint2', 'panda_joint3', 'panda_joint4', 'panda_joint5', 'panda_joint6', 'panda_joint7'] pts=18
[fjt] times[0..2]=[0.  0.3 0.6] times[-3:]=[4.8        4.89937933 7.89937933]
[fjt] goal=[-0.399  0.68   0.448 -1.846  1.071  2.363  1.709]
[fjt] final=[-0.399  0.679  0.447 -1.846  1.069  2.361  1.71 ]
[fjt] err=[ 0.    -0.    -0.001  0.001 -0.001 -0.002  0.001]
[fjt] names=['panda_joint1', 'panda_joint2', 'panda_joint3', 'panda_joint4', 'panda_joint5', 'panda_joint6', 'panda_joint7'] pts=13
[fjt] times[0..2]=[0.         0.26446764 0.52893529] times[-3:]=[2.90914408 3.         6.        ]
[fjt] goal=[-0.381  0.86   0.434 -1.767  1.085  2.424  1.6  ]
[fjt] final=[-0.379  0.802  0.451 -1.775  1.088  2.479  1.61 ]
[fjt] err=[ 0.002 -0.058  0.017 -0.008  0.003  0.055  0.011]
[fjt] names=['panda_joint1', 'panda_joint2', 'panda_joint3', 'panda_joint4', 'panda_joint5', 'panda_joint6', 'panda_joint7'] pts=2
[fjt] times[0..2]=[0. 3. 6.] times[-3:]=[0. 3. 6.]
[fjt] goal=[-0.381  0.86   0.434 -1.767  1.085  2.424  1.6  ]
[fjt] final=[-0.379  0.804  0.451 -1.773  1.088  2.481  1.61 ]
[fjt] err=[ 0.002 -0.057  0.017 -0.006  0.003  0.057  0.01 ]
[fjt] names=['panda_joint1', 'panda_joint2', 'panda_joint3', 'panda_joint4', 'panda_joint5', 'panda_joint6', 'panda_joint7'] pts=2
[fjt] times[0..2]=[0. 3. 6.] times[-3:]=[0. 3. 6.]
[fjt] goal=[-0.381  0.86   0.434 -1.767  1.085  2.424  1.6  ]
[fjt] final=[-0.379  0.805  0.452 -1.772  1.088  2.481  1.61 ]
[fjt] err=[ 0.002 -0.055  0.018 -0.005  0.002  0.057  0.01 ]
[fjt] names=['panda_joint1', 'panda_joint2', 'panda_joint3', 'panda_joint4', 'panda_joint5', 'panda_joint6', 'panda_joint7'] pts=9
[fjt] times[0..2]=[0.         0.38444606 0.76889212] times[-3:]=[2.69112242 3.         6.        ]
[fjt] goal=[-0.39   0.718  0.439 -1.773  1.028  2.351  1.751]
[fjt] final=[-0.39   0.718  0.439 -1.773  1.029  2.353  1.749]
[fjt] err=[ 0.     0.     0.001 -0.001  0.001  0.002 -0.002]
[fjt] names=['panda_joint1', 'panda_joint2', 'panda_joint3', 'panda_joint4', 'panda_joint5', 'panda_joint6', 'panda_joint7'] pts=6
[fjt] times[0..2]=[0.         0.62465147 1.24930293] times[-3:]=[2.49860586 3.         6.        ]
[fjt] goal=[-0.401  0.748  0.452 -1.822  1.07   2.395  1.667]
[fjt] final=[-0.401  0.748  0.451 -1.821  1.069  2.393  1.669]
[fjt] err=[ 0.    -0.    -0.001  0.001 -0.001 -0.002  0.002]
[fjt] names=['panda_joint1', 'panda_joint2', 'panda_joint3', 'panda_joint4', 'panda_joint5', 'panda_joint6', 'panda_joint7'] pts=11
[fjt] times[0..2]=[0.  0.6 1.2] times[-3:]=[5.4       5.4218133 8.4218133]
[fjt] goal=[-0.389  0.863  0.443 -1.768  1.078  2.429  1.603]
[fjt] final=[-0.388  0.804  0.459 -1.775  1.079  2.479  1.614]
[fjt] err=[ 0.001 -0.059  0.016 -0.007  0.002  0.05   0.011]
[fjt] names=['panda_joint1', 'panda_joint2', 'panda_joint3', 'panda_joint4', 'panda_joint5', 'panda_joint6', 'panda_joint7'] pts=2
[fjt] times[0..2]=[0. 3. 6.] times[-3:]=[0. 3. 6.]
[fjt] goal=[-0.389  0.863  0.443 -1.768  1.078  2.429  1.603]
[fjt] final=[-0.387  0.806  0.46  -1.772  1.079  2.483  1.614]
[fjt] err=[ 0.001 -0.057  0.017 -0.005  0.002  0.055  0.011]
[fjt] names=['panda_joint1', 'panda_joint2', 'panda_joint3', 'panda_joint4', 'panda_joint5', 'panda_joint6', 'panda_joint7'] pts=2
[fjt] times[0..2]=[0. 3. 6.] times[-3:]=[0. 3. 6.]
[fjt] goal=[-0.389  0.863  0.443 -1.768  1.078  2.429  1.603]
[fjt] final=[-0.387  0.807  0.46  -1.771  1.079  2.484  1.613]
[fjt] err=[ 0.002 -0.056  0.017 -0.003  0.001  0.055  0.011]
[fjt] names=['panda_joint1', 'panda_joint2', 'panda_joint3', 'panda_joint4', 'panda_joint5', 'panda_joint6', 'panda_joint7'] pts=13
[fjt] times[0..2]=[0.  0.3 0.6] times[-3:]=[3.3        3.44403955 6.44403955]
[fjt] goal=[-0.408  0.621  0.453 -1.797  1.007  2.308  1.826]
[fjt] final=[-0.408  0.621  0.453 -1.797  1.008  2.31   1.824]
[fjt] err=[ 0.     0.     0.001  0.     0.001  0.002 -0.002]
[fjt] names=['panda_joint1', 'panda_joint2', 'panda_joint3', 'panda_joint4', 'panda_joint5', 'panda_joint6', 'panda_joint7'] pts=15
[fjt] times[0..2]=[0.  0.3 0.6] times[-3:]=[3.9        4.04873725 7.04873725]
[fjt] goal=[-0.347  0.963  0.399 -1.365  0.602  1.876  1.734]
[fjt] final=[-0.348  0.962  0.4   -1.367  0.603  1.878  1.736]
[fjt] err=[-0.    -0.001  0.001 -0.001  0.001  0.002  0.002]
[fjt] names=['panda_joint1', 'panda_joint2', 'panda_joint3', 'panda_joint4', 'panda_joint5', 'panda_joint6', 'panda_joint7'] pts=11
[fjt] times[0..2]=[0.  0.6 1.2] times[-3:]=[5.4        5.68704174 8.68704174]
[fjt] goal=[-0.33   1.088  0.382 -1.298  0.589  1.911  1.694]
[fjt] final=[-0.323  1.057  0.399 -1.287  0.58   1.919  1.705]
[fjt] err=[ 0.007 -0.032  0.017  0.011 -0.009  0.008  0.012]
[fjt] names=['panda_joint1', 'panda_joint2', 'panda_joint3', 'panda_joint4', 'panda_joint5', 'panda_joint6', 'panda_joint7'] pts=2
[fjt] times[0..2]=[0. 3. 6.] times[-3:]=[0. 3. 6.]
[fjt] goal=[-0.33   1.088  0.382 -1.298  0.589  1.911  1.694]
[fjt] final=[-0.323  1.057  0.399 -1.286  0.58   1.919  1.705]
[fjt] err=[ 0.007 -0.031  0.017  0.012 -0.009  0.008  0.011]
[fjt] names=['panda_joint1', 'panda_joint2', 'panda_joint3', 'panda_joint4', 'panda_joint5', 'panda_joint6', 'panda_joint7'] pts=2
[fjt] times[0..2]=[0. 3. 6.] times[-3:]=[0. 3. 6.]
[fjt] goal=[-0.33   1.088  0.382 -1.298  0.589  1.911  1.694]
[fjt] final=[-0.323  1.058  0.399 -1.285  0.579  1.919  1.705]
[fjt] err=[ 0.007 -0.03   0.017  0.013 -0.009  0.008  0.011]
[fjt] names=['panda_joint1', 'panda_joint2', 'panda_joint3', 'panda_joint4', 'panda_joint5', 'panda_joint6', 'panda_joint7'] pts=2
[fjt] times[0..2]=[0. 3. 6.] times[-3:]=[0. 3. 6.]
[fjt] goal=[-0.349  1.108  0.383 -1.338  0.583  1.946  1.651]
[fjt] final=[-0.333  1.064  0.417 -1.287  0.555  1.942  1.674]
[fjt] err=[ 0.016 -0.044  0.034  0.05  -0.028 -0.004  0.023]
[fjt] names=['panda_joint1', 'panda_joint2', 'panda_joint3', 'panda_joint4', 'panda_joint5', 'panda_joint6', 'panda_joint7'] pts=2
[fjt] times[0..2]=[0. 3. 6.] times[-3:]=[0. 3. 6.]
[fjt] goal=[-0.376  1.121  0.393 -1.388  0.571  1.987  1.613]
[fjt] final=[-0.352  1.076  0.451 -1.286  0.536  1.981  1.641]
[fjt] err=[ 0.024 -0.045  0.057  0.102 -0.035 -0.006  0.027]
[fjt] names=['panda_joint1', 'panda_joint2', 'panda_joint3', 'panda_joint4', 'panda_joint5', 'panda_joint6', 'panda_joint7'] pts=2
[fjt] times[0..2]=[0. 3. 6.] times[-3:]=[0. 3. 6.]
[fjt] goal=[-0.418  1.124  0.412 -1.467  0.555  2.042  1.57 ]
[fjt] final=[-0.393  1.09   0.518 -1.296  0.517  2.027  1.595]
[fjt] err=[ 0.024 -0.034  0.106  0.171 -0.038 -0.015  0.026]
[fjt] names=['panda_joint1', 'panda_joint2', 'panda_joint3', 'panda_joint4', 'panda_joint5', 'panda_joint6', 'panda_joint7'] pts=2
[fjt] times[0..2]=[0. 3. 6.] times[-3:]=[0. 3. 6.]
[fjt] goal=[-0.482  1.139  0.44  -1.557  0.519  2.109  1.521]
[fjt] final=[-0.456  1.116  0.619 -1.314  0.48   2.083  1.545]
[fjt] err=[ 0.025 -0.023  0.179  0.243 -0.039 -0.026  0.024]
[fjt] names=['panda_joint1', 'panda_joint2', 'panda_joint3', 'panda_joint4', 'panda_joint5', 'panda_joint6', 'panda_joint7'] pts=17
[fjt] times[0..2]=[0.  0.3 0.6] times[-3:]=[4.5        4.67708828 7.67708828]
[fjt] goal=[-0.518  0.774  0.658 -1.666  0.77   2.395  1.993]
[fjt] final=[-0.518  0.774  0.657 -1.665  0.769  2.393  1.991]
[fjt] err=[ 0.     0.001 -0.001  0.001 -0.001 -0.002 -0.002]
[fjt] names=['panda_joint1', 'panda_joint2', 'panda_joint3', 'panda_joint4', 'panda_joint5', 'panda_joint6', 'panda_joint7'] pts=17
[fjt] times[0..2]=[0.  0.3 0.6] times[-3:]=[4.5        4.70011781 7.70011781]
[fjt] goal=[-2.000e-03  6.760e-01  1.700e-01 -1.602e+00 -1.400e-01  2.269e+00
  2.216e+00]
[fjt] final=[-0.003  0.676  0.171 -1.602 -0.139  2.271  2.215]
[fjt] err=[-0.     0.     0.001 -0.001  0.001  0.002 -0.001]
[fjt] names=['panda_joint1', 'panda_joint2', 'panda_joint3', 'panda_joint4', 'panda_joint5', 'panda_joint6', 'panda_joint7'] pts=12
[fjt] times[0..2]=[0.  0.3 0.6] times[-3:]=[3.         3.05650097 6.05650097]
[fjt] goal=[ 0.017  0.822  0.152 -1.581 -0.163  2.39   2.23 ]
[fjt] final=[ 0.016  0.821  0.152 -1.582 -0.161  2.389  2.228]
[fjt] err=[-0.    -0.001  0.001 -0.001  0.001 -0.001 -0.002]
[fjt] names=['panda_joint1', 'panda_joint2', 'panda_joint3', 'panda_joint4', 'panda_joint5', 'panda_joint6', 'panda_joint7'] pts=9
[fjt] times[0..2]=[0.         0.41369642 0.82739283] times[-3:]=[2.89587492 3.         6.        ]
[fjt] goal=[ 0.01   0.747  0.161 -1.598 -0.152  2.333  2.224]
[fjt] final=[ 0.01   0.748  0.161 -1.598 -0.153  2.334  2.226]
[fjt] err=[ 0.     0.001 -0.001  0.    -0.001  0.001  0.002]
[fjt] names=['panda_joint1', 'panda_joint2', 'panda_joint3', 'panda_joint4', 'panda_joint5', 'panda_joint6', 'panda_joint7'] pts=13
[fjt] times[0..2]=[0.  0.3 0.6] times[-3:]=[3.3        3.33691653 6.33691653]
[fjt] goal=[ 0.325  0.563 -0.07  -1.896  0.061  2.463  2.843]
[fjt] final=[ 0.325  0.564 -0.069 -1.895  0.06   2.461  2.841]
[fjt] err=[-0.     0.001  0.001  0.001 -0.001 -0.002 -0.002]
[fjt] names=['panda_joint1', 'panda_joint2', 'panda_joint3', 'panda_joint4', 'panda_joint5', 'panda_joint6', 'panda_joint7'] pts=9
[fjt] times[0..2]=[0.         0.38813422 0.77626844] times[-3:]=[2.71693953 3.         6.        ]
[fjt] goal=[ 0.324  0.648 -0.062 -1.886  0.066  2.532  2.839]
[fjt] final=[ 0.323  0.646 -0.065 -1.888  0.064  2.529  2.839]
[fjt] err=[-0.001 -0.002 -0.003 -0.002 -0.002 -0.003  0.   ]
[fjt] names=['panda_joint1', 'panda_joint2', 'panda_joint3', 'panda_joint4', 'panda_joint5', 'panda_joint6', 'panda_joint7'] pts=13
[fjt] times[0..2]=[0.         0.25925063 0.51850126] times[-3:]=[2.85175695 3.         6.        ]
[fjt] goal=[ 0.335  0.458 -0.077 -1.899  0.048  2.355  2.85 ]
[fjt] final=[ 0.334  0.458 -0.076 -1.899  0.049  2.356  2.848]
[fjt] err=[-0.     0.     0.001 -0.001  0.001  0.002 -0.002]
[fjt] names=['panda_joint1', 'panda_joint2', 'panda_joint3', 'panda_joint4', 'panda_joint5', 'panda_joint6', 'panda_joint7'] pts=21
[fjt] times[0..2]=[0.  0.3 0.6] times[-3:]=[5.7        5.83853963 8.83853963]
[fjt] goal=[-0.67   0.801  0.838 -2.008  0.851  2.617  1.75 ]
[fjt] final=[-0.67   0.801  0.837 -2.008  0.851  2.616  1.752]
[fjt] err=[ 0.    -0.    -0.001  0.    -0.    -0.001  0.002]
[fjt] names=['panda_joint1', 'panda_joint2', 'panda_joint3', 'panda_joint4', 'panda_joint5', 'panda_joint6', 'panda_joint7'] pts=12
[fjt] times[0..2]=[0.  0.6 1.2] times[-3:]=[6.        6.0660365 9.0660365]
[fjt] goal=[-0.634  0.944  0.791 -1.949  0.836  2.672  1.67 ]
[fjt] final=[-0.634  0.944  0.791 -1.95   0.837  2.671  1.672]
[fjt] err=[-0.    -0.001  0.    -0.001  0.001 -0.001  0.002]
[fjt] names=['panda_joint1', 'panda_joint2', 'panda_joint3', 'panda_joint4', 'panda_joint5', 'panda_joint6', 'panda_joint7'] pts=11
[fjt] times[0..2]=[0.         0.30665071 0.61330141] times[-3:]=[2.75985636 3.         6.        ]
[fjt] goal=[-0.673  0.809  0.834 -2.007  0.852  2.624  1.742]
[fjt] final=[-0.672  0.81   0.833 -2.007  0.851  2.626  1.74 ]
[fjt] err=[ 0.     0.001 -0.001  0.    -0.001  0.002 -0.002]
[fjt] names=['panda_joint1', 'panda_joint2', 'panda_joint3', 'panda_joint4', 'panda_joint5', 'panda_joint6', 'panda_joint7'] pts=35
[fjt] times[0..2]=[0.  0.3 0.6] times[-3:]=[ 9.9        10.17669091 13.17669091]
[fjt] goal=[-1.205  1.278  0.616 -0.861  0.186  1.483  1.759]
[fjt] final=[-1.205  1.278  0.616 -0.861  0.187  1.482  1.757]
[fjt] err=[ 0.    -0.     0.     0.     0.001 -0.001 -0.002]
[fjt] names=['panda_joint1', 'panda_joint2', 'panda_joint3', 'panda_joint4', 'panda_joint5', 'panda_joint6', 'panda_joint7'] pts=40
[fjt] times[0..2]=[0.  0.3 0.6] times[-3:]=[11.4        11.53879425 14.53879425]
[fjt] goal=[ 0.002  0.24   0.007 -1.727  0.004  1.961  0.775]
[fjt] final=[ 0.002  0.24   0.007 -1.727  0.005  1.962  0.773]
[fjt] err=[ 0.    -0.     0.     0.     0.001  0.001 -0.002]
[fjt] names=['panda_joint1', 'panda_joint2', 'panda_joint3', 'panda_joint4', 'panda_joint5', 'panda_joint6', 'panda_joint7'] pts=44
[fjt] times[0..2]=[0.  0.3 0.6] times[-3:]=[12.6        12.80685387 15.80685387]
[fjt] goal=[-0.842  1.322 -0.013 -0.534  0.468  1.321 -2.076]
[fjt] final=[-0.842  1.321 -0.014 -0.536  0.467  1.319 -1.645]
[fjt] err=[ 0.    -0.001 -0.001 -0.001 -0.001 -0.001  0.431]
[fjt] names=['panda_joint1', 'panda_joint2', 'panda_joint3', 'panda_joint4', 'panda_joint5', 'panda_joint6', 'panda_joint7'] pts=2
[fjt] times[0..2]=[0. 3. 6.] times[-3:]=[0. 3. 6.]
[fjt] goal=[-0.842  1.322 -0.013 -0.534  0.468  1.321 -2.076]
[fjt] final=[-0.842  1.321 -0.014 -0.535  0.468  1.32  -2.074]
[fjt] err=[ 0.    -0.001 -0.    -0.001 -0.001 -0.001  0.002]
[fjt] names=['panda_joint1', 'panda_joint2', 'panda_joint3', 'panda_joint4', 'panda_joint5', 'panda_joint6', 'panda_joint7'] pts=15
[fjt] times[0..2]=[0.  0.5 1. ] times[-3:]=[6.5        6.61027321 9.61027321]
[fjt] goal=[-0.789  1.15  -0.033 -0.945  0.489  1.547 -2.16 ]
[fjt] final=[-0.79   1.15  -0.032 -0.943  0.487  1.545 -2.158]
[fjt] err=[-0.     0.001  0.001  0.001 -0.001 -0.002  0.002]
[fjt] names=['panda_joint1', 'panda_joint2', 'panda_joint3', 'panda_joint4', 'panda_joint5', 'panda_joint6', 'panda_joint7'] pts=8
[fjt] times[0..2]=[0.         0.47419372 0.94838744] times[-3:]=[2.84516232 3.         6.        ]
[fjt] goal=[-0.788  1.092 -0.032 -0.967  0.488  1.515 -2.143]
[fjt] final=[-0.789  1.093 -0.032 -0.966  0.489  1.517 -2.145]
[fjt] err=[-0.     0.001  0.     0.     0.001  0.002 -0.002]
[fjt] names=['panda_joint1', 'panda_joint2', 'panda_joint3', 'panda_joint4', 'panda_joint5', 'panda_joint6', 'panda_joint7'] pts=37
[fjt] times[0..2]=[0.  0.3 0.6] times[-3:]=[10.5        10.79438872 13.79438872]
[fjt] goal=[-0.326  1.143 -0.895 -1.41   1.576  1.454  1.066]
[fjt] final=[-0.326  1.144 -0.894 -1.409  1.574  1.455 -0.171]
[fjt] err=[-0.000e+00  0.000e+00  1.000e-03  1.000e-03 -2.000e-03  1.000e-03
 -1.237e+00]
[fjt] names=['panda_joint1', 'panda_joint2', 'panda_joint3', 'panda_joint4', 'panda_joint5', 'panda_joint6', 'panda_joint7'] pts=2
[fjt] times[0..2]=[0. 3. 6.] times[-3:]=[0. 3. 6.]
[fjt] goal=[-0.326  1.143 -0.895 -1.41   1.576  1.454  1.066]
[fjt] final=[-0.326  1.144 -0.894 -1.409  1.574  1.455  0.844]
[fjt] err=[-0.     0.     0.001  0.001 -0.001  0.001 -0.222]
[fjt] names=['panda_joint1', 'panda_joint2', 'panda_joint3', 'panda_joint4', 'panda_joint5', 'panda_joint6', 'panda_joint7'] pts=2
[fjt] times[0..2]=[0. 3. 6.] times[-3:]=[0. 3. 6.]
[fjt] goal=[-0.326  1.143 -0.895 -1.41   1.576  1.454  1.066]
[fjt] final=[-0.326  1.144 -0.894 -1.41   1.574  1.455  1.064]
[fjt] err=[-0.     0.001  0.001  0.    -0.001  0.001 -0.002]
[fjt] names=['panda_joint1', 'panda_joint2', 'panda_joint3', 'panda_joint4', 'panda_joint5', 'panda_joint6', 'panda_joint7'] pts=3
[fjt] times[0..2]=[0.         1.71242729 3.        ] times[-3:]=[1.71242729 3.         6.        ]
[fjt] goal=[-0.328  1.148 -0.889 -1.408  1.579  1.457  1.066]
[fjt] final=[-0.327  1.148 -0.89  -1.409  1.577  1.456  1.065]
[fjt] err=[ 0.     0.    -0.    -0.001 -0.002 -0.001 -0.001]
[fjt] names=['panda_joint1', 'panda_joint2', 'panda_joint3', 'panda_joint4', 'panda_joint5', 'panda_joint6', 'panda_joint7'] pts=9
[fjt] times[0..2]=[0.         0.41670034 0.83340068] times[-3:]=[2.91690239 3.         6.        ]
[fjt] goal=[-0.384  1.076 -0.953 -1.377  1.513  1.353  1.098]
[fjt] final=[-0.384  1.076 -0.953 -1.378  1.514  1.355  1.096]
[fjt] err=[ 0.     0.     0.    -0.001  0.001  0.002 -0.002]
[fjt] names=['panda_joint1', 'panda_joint2', 'panda_joint3', 'panda_joint4', 'panda_joint5', 'panda_joint6', 'panda_joint7'] pts=9
[fjt] times[0..2]=[0.         0.42562573 0.85125147] times[-3:]=[2.97938014 3.         6.        ]
[fjt] goal=[-0.366  1.006 -0.99  -1.383  1.482  1.314  1.142]
[fjt] final=[-0.367  1.006 -0.989 -1.382  1.483  1.316  1.14 ]
[fjt] err=[-0.     0.     0.001  0.     0.001  0.002 -0.002]
[fjt] names=['panda_joint1', 'panda_joint2', 'panda_joint3', 'panda_joint4', 'panda_joint5', 'panda_joint6', 'panda_joint7'] pts=8
[fjt] times[0..2]=[0.         0.45021718 0.90043436] times[-3:]=[2.70130307 3.         6.        ]
[fjt] goal=[-0.358  0.944 -1.022 -1.366  1.455  1.273  1.194]
[fjt] final=[-0.358  0.944 -1.022 -1.367  1.456  1.275  1.192]
[fjt] err=[-0.     0.     0.001 -0.001  0.001  0.002 -0.002]
[fjt] names=['panda_joint1', 'panda_joint2', 'panda_joint3', 'panda_joint4', 'panda_joint5', 'panda_joint6', 'panda_joint7'] pts=35
[fjt] times[0..2]=[0.  0.3 0.6] times[-3:]=[ 9.9         9.90203202 12.90203202]
[fjt] goal=[-0.924  1.332  0.062 -0.558  0.264  1.472 -1.709]
[fjt] final=[-0.927  1.309  0.063 -0.533  0.271  1.454 -0.6  ]
[fjt] err=[-0.002 -0.024  0.002  0.025  0.007 -0.018  1.109]
[fjt] names=['panda_joint1', 'panda_joint2', 'panda_joint3', 'panda_joint4', 'panda_joint5', 'panda_joint6', 'panda_joint7'] pts=2
[fjt] times[0..2]=[0. 3. 6.] times[-3:]=[0. 3. 6.]
[fjt] goal=[-0.924  1.332  0.062 -0.558  0.264  1.472 -1.709]
[fjt] final=[-0.929  1.312  0.06  -0.536  0.267  1.452 -1.569]
[fjt] err=[-0.005 -0.021 -0.002  0.022  0.003 -0.02   0.14 ]
[fjt] names=['panda_joint1', 'panda_joint2', 'panda_joint3', 'panda_joint4', 'panda_joint5', 'panda_joint6', 'panda_joint7'] pts=2
[fjt] times[0..2]=[0. 3. 6.] times[-3:]=[0. 3. 6.]
[fjt] goal=[-0.924  1.332  0.062 -0.558  0.264  1.472 -1.709]
[fjt] final=[-0.928  1.314  0.06  -0.537  0.267  1.454 -1.707]
[fjt] err=[-0.004 -0.019 -0.001  0.02   0.003 -0.018  0.002]
[fjt] names=['panda_joint1', 'panda_joint2', 'panda_joint3', 'panda_joint4', 'panda_joint5', 'panda_joint6', 'panda_joint7'] pts=13
[fjt] times[0..2]=[0.  0.4 0.8] times[-3:]=[4.4        4.59195507 7.59195507]
[fjt] goal=[-0.907  1.228  0.05  -0.845  0.278  1.654 -1.748]
[fjt] final=[-0.916  1.182  0.044 -0.785  0.284  1.626 -1.746]
[fjt] err=[-0.01  -0.046 -0.006  0.06   0.006 -0.027  0.002]
[fjt] names=['panda_joint1', 'panda_joint2', 'panda_joint3', 'panda_joint4', 'panda_joint5', 'panda_joint6', 'panda_joint7'] pts=2
[fjt] times[0..2]=[0. 3. 6.] times[-3:]=[0. 3. 6.]
[fjt] goal=[-0.907  1.228  0.05  -0.845  0.278  1.654 -1.748]
[fjt] final=[-0.916  1.183  0.044 -0.787  0.286  1.634 -1.746]
[fjt] err=[-0.01  -0.045 -0.006  0.058  0.008 -0.019  0.002]
[fjt] names=['panda_joint1', 'panda_joint2', 'panda_joint3', 'panda_joint4', 'panda_joint5', 'panda_joint6', 'panda_joint7'] pts=2
[fjt] times[0..2]=[0. 3. 6.] times[-3:]=[0. 3. 6.]
[fjt] goal=[-0.907  1.228  0.05  -0.845  0.278  1.654 -1.748]
[fjt] final=[-0.916  1.183  0.045 -0.789  0.287  1.636 -1.747]
[fjt] err=[-0.009 -0.045 -0.005  0.057  0.009 -0.018  0.001]
[fjt] names=['panda_joint1', 'panda_joint2', 'panda_joint3', 'panda_joint4', 'panda_joint5', 'panda_joint6', 'panda_joint7'] pts=11
[fjt] times[0..2]=[0.  0.5 1. ] times[-3:]=[4.5        4.79593582 7.79593582]
[fjt] goal=[-0.895  1.113  0.045 -1.004  0.292  1.699 -1.751]
[fjt] final=[-0.899  1.081  0.046 -0.965  0.302  1.692 -1.75 ]
[fjt] err=[-0.004 -0.032  0.001  0.04   0.011 -0.007  0.001]
[fjt] names=['panda_joint1', 'panda_joint2', 'panda_joint3', 'panda_joint4', 'panda_joint5', 'panda_joint6', 'panda_joint7'] pts=2
[fjt] times[0..2]=[0. 3. 6.] times[-3:]=[0. 3. 6.]
[fjt] goal=[-0.895  1.113  0.045 -1.004  0.292  1.699 -1.751]
[fjt] final=[-0.899  1.081  0.045 -0.967  0.302  1.687 -1.751]
[fjt] err=[-0.005 -0.032  0.     0.037  0.011 -0.013  0.   ]
[fjt] names=['panda_joint1', 'panda_joint2', 'panda_joint3', 'panda_joint4', 'panda_joint5', 'panda_joint6', 'panda_joint7'] pts=2
[fjt] times[0..2]=[0. 3. 6.] times[-3:]=[0. 3. 6.]
[fjt] goal=[-0.895  1.113  0.045 -1.004  0.292  1.699 -1.751]
[fjt] final=[-0.9    1.081  0.044 -0.969  0.302  1.684 -1.751]
[fjt] err=[-0.005 -0.032 -0.001  0.036  0.01  -0.015  0.   ]
[fjt] names=['panda_joint1', 'panda_joint2', 'panda_joint3', 'panda_joint4', 'panda_joint5', 'panda_joint6', 'panda_joint7'] pts=10
[fjt] times[0..2]=[0.         0.33830574 0.67661148] times[-3:]=[2.70644594 3.         6.        ]
[fjt] goal=[-0.902  1.063  0.047 -0.796  0.289  1.45  -1.682]
[fjt] final=[-0.902  1.063  0.046 -0.797  0.291  1.452 -1.684]
[fjt] err=[ 0.    -0.001 -0.001 -0.001  0.001  0.002 -0.002]
[fjt] names=['panda_joint1', 'panda_joint2', 'panda_joint3', 'panda_joint4', 'panda_joint5', 'panda_joint6', 'panda_joint7'] pts=41
[fjt] times[0..2]=[0.  0.3 0.6] times[-3:]=[11.7        11.98706126 14.98706126]
[fjt] goal=[-1.368  1.19   0.867 -1.11  -0.868  1.953 -2.897]
[fjt] final=[-1.368  1.19   0.866 -1.111 -0.867  1.955 -2.896]
[fjt] err=[ 0.    -0.001 -0.001 -0.001  0.001  0.002  0.002]
[fjt] names=['panda_joint1', 'panda_joint2', 'panda_joint3', 'panda_joint4', 'panda_joint5', 'panda_joint6', 'panda_joint7'] pts=7
[fjt] times[0..2]=[0.         0.59757636 1.19515273] times[-3:]=[2.98788181 3.         6.        ]
[fjt] goal=[-1.387  1.167  0.871 -1.17  -0.87   1.973 -2.871]
[fjt] final=[-1.387  1.167  0.871 -1.169 -0.869  1.972 -2.874]
[fjt] err=[ 0.     0.    -0.001  0.001  0.001 -0.001 -0.002]
[fjt] names=['panda_joint1', 'panda_joint2', 'panda_joint3', 'panda_joint4', 'panda_joint5', 'panda_joint6', 'panda_joint7'] pts=8
[fjt] times[0..2]=[0.  0.5 1. ] times[-3:]=[3.         3.34688547 6.34688546]
[fjt] goal=[-1.422  1.114  0.887 -1.274 -0.869  1.996 -2.827]
[fjt] final=[-1.421  1.114  0.887 -1.272 -0.869  1.995 -2.829]
[fjt] err=[ 0.     0.    -0.     0.001  0.    -0.001 -0.002]
[fjt] names=['panda_joint1', 'panda_joint2', 'panda_joint3', 'panda_joint4', 'panda_joint5', 'panda_joint6', 'panda_joint7'] pts=8
[fjt] times[0..2]=[0.  0.5 1. ] times[-3:]=[3.         3.23718434 6.23718434]
[fjt] goal=[-1.452  1.066  0.904 -1.371 -0.869  2.02  -2.783]
[fjt] final=[-1.452  1.066  0.904 -1.369 -0.869  2.018 -2.785]
[fjt] err=[ 0.     0.    -0.     0.001 -0.    -0.001 -0.002]
[fjt] names=['panda_joint1', 'panda_joint2', 'panda_joint3', 'panda_joint4', 'panda_joint5', 'panda_joint6', 'panda_joint7'] pts=8
[fjt] times[0..2]=[0.  0.5 1. ] times[-3:]=[3.         3.12866242 6.12866242]
[fjt] goal=[-1.479  1.023  0.921 -1.461 -0.869  2.045 -2.739]
[fjt] final=[-1.479  1.023  0.921 -1.46  -0.869  2.043 -2.741]
[fjt] err=[ 0.     0.    -0.     0.001  0.    -0.001 -0.002]
[fjt] names=['panda_joint1', 'panda_joint2', 'panda_joint3', 'panda_joint4', 'panda_joint5', 'panda_joint6', 'panda_joint7'] pts=8
[fjt] times[0..2]=[0.  0.5 1. ] times[-3:]=[3.         3.01975888 6.01975888]
[fjt] goal=[-1.502  0.985  0.937 -1.545 -0.871  2.071 -2.696]
[fjt] final=[-1.501  0.985  0.936 -1.544 -0.869  2.069 -2.698]
[fjt] err=[ 0.     0.    -0.     0.001  0.001 -0.002 -0.002]
[fjt] names=['panda_joint1', 'panda_joint2', 'panda_joint3', 'panda_joint4', 'panda_joint5', 'panda_joint6', 'panda_joint7'] pts=7
[fjt] times[0..2]=[0.         0.51699901 1.03399802] times[-3:]=[2.58499506 3.         6.        ]
[fjt] goal=[-1.519  0.952  0.95  -1.623 -0.874  2.099 -2.653]
[fjt] final=[-1.519  0.952  0.949 -1.621 -0.872  2.097 -2.655]
[fjt] err=[ 0.     0.    -0.     0.001  0.001 -0.001 -0.002]
[fjt] names=['panda_joint1', 'panda_joint2', 'panda_joint3', 'panda_joint4', 'panda_joint5', 'panda_joint6', 'panda_joint7'] pts=8
[fjt] times[0..2]=[0.         0.44140184 0.88280368] times[-3:]=[2.64841104 3.         6.        ]
[fjt] goal=[-1.546  0.887  1.01  -1.581 -0.808  2.003 -2.701]
[fjt] final=[-1.546  0.888  1.01  -1.582 -0.81   2.005 -2.699]
[fjt] err=[ 0.     0.    -0.001 -0.001 -0.001  0.002  0.002]
[fjt] names=['panda_joint1', 'panda_joint2', 'panda_joint3', 'panda_joint4', 'panda_joint5', 'panda_joint6', 'panda_joint7'] pts=4
[fjt] times[0..2]=[0.         1.01547286 2.03094572] times[-3:]=[2.03094572 3.         6.        ]
[fjt] goal=[-1.526  0.88   1.016 -1.609 -0.812  2.016 -2.662]
[fjt] final=[-1.526  0.881  1.015 -1.608 -0.811  2.015 -2.664]
[fjt] err=[ 0.     0.    -0.     0.001  0.001 -0.002 -0.002]
[fjt] names=['panda_joint1', 'panda_joint2', 'panda_joint3', 'panda_joint4', 'panda_joint5', 'panda_joint6', 'panda_joint7'] pts=9
[fjt] times[0..2]=[0.  0.4 0.8] times[-3:]=[2.8        3.06613796 6.06613796]
[fjt] goal=[-1.492  0.963  0.941 -1.612 -0.879  2.102 -2.635]
[fjt] final=[-1.493  0.963  0.942 -1.613 -0.877  2.1   -2.637]
[fjt] err=[-0.    -0.001  0.001 -0.001  0.001 -0.002 -0.002]
[fjt] names=['panda_joint1', 'panda_joint2', 'panda_joint3', 'panda_joint4', 'panda_joint5', 'panda_joint6', 'panda_joint7'] pts=10
[fjt] times[0..2]=[0.         0.36143762 0.72287525] times[-3:]=[2.891501 3.       6.      ]
[fjt] goal=[-1.537  0.866  1.027 -1.603 -0.797  1.997 -2.673]
[fjt] final=[-1.537  0.866  1.026 -1.604 -0.799  1.999 -2.671]
[fjt] err=[ 0.     0.001 -0.001 -0.001 -0.001  0.002  0.002]
[fjt] names=['panda_joint1', 'panda_joint2', 'panda_joint3', 'panda_joint4', 'panda_joint5', 'panda_joint6', 'panda_joint7'] pts=8
[fjt] times[0..2]=[0.         0.43652243 0.87304486] times[-3:]=[2.61913459 3.         6.        ]
[fjt] goal=[-1.559  0.8    1.086 -1.561 -0.736  1.903 -2.703]
[fjt] final=[-1.559  0.8    1.086 -1.562 -0.738  1.905 -2.701]
[fjt] err=[ 0.     0.    -0.001 -0.001 -0.001  0.002  0.002]
[fjt] names=['panda_joint1', 'panda_joint2', 'panda_joint3', 'panda_joint4', 'panda_joint5', 'panda_joint6', 'panda_joint7'] pts=2
[fjt] times[0..2]=[ 0. 25. 28.] times[-3:]=[ 0. 25. 28.]
[fjt] goal=[-1.559  0.8    1.086 -1.562 -0.738  1.905  0.44 ]
[fjt] final=[-1.559  0.8    1.086 -1.562 -0.738  1.905  0.439]
[fjt] err=[ 0.     0.     0.    -0.    -0.     0.    -0.002]
[fjt] names=['panda_joint1', 'panda_joint2', 'panda_joint3', 'panda_joint4', 'panda_joint5', 'panda_joint6', 'panda_joint7'] pts=8
[fjt] times[0..2]=[0.         0.43957892 0.87915783] times[-3:]=[2.6374735 3.        6.       ]
[fjt] goal=[-1.537  0.866  1.026 -1.605 -0.8    2.     0.471]
[fjt] final=[-1.537  0.866  1.027 -1.604 -0.798  1.998  0.469]
[fjt] err=[-0.    -0.     0.001  0.001  0.001 -0.002 -0.002]
[fjt] names=['panda_joint1', 'panda_joint2', 'panda_joint3', 'panda_joint4', 'panda_joint5', 'panda_joint6', 'panda_joint7'] pts=10
[fjt] times[0..2]=[0.  0.4 0.8] times[-3:]=[3.2        3.31922624 6.31922624]
[fjt] goal=[-1.492  0.962  0.942 -1.613 -0.878  2.1    0.504]
[fjt] final=[-1.493  0.962  0.942 -1.613 -0.876  2.099  0.502]
[fjt] err=[-0.    -0.001  0.001 -0.001  0.001 -0.002 -0.002]
[fjt] names=['panda_joint1', 'panda_joint2', 'panda_joint3', 'panda_joint4', 'panda_joint5', 'panda_joint6', 'panda_joint7'] pts=10
[fjt] times[0..2]=[0.         0.36179253 0.72358506] times[-3:]=[2.89434025 3.         6.        ]
[fjt] goal=[-1.537  0.865  1.027 -1.603 -0.796  1.996  0.466]
[fjt] final=[-1.537  0.866  1.026 -1.605 -0.798  1.997  0.468]
[fjt] err=[ 0.     0.001 -0.001 -0.001 -0.001  0.002  0.002]
[fjt] names=['panda_joint1', 'panda_joint2', 'panda_joint3', 'panda_joint4', 'panda_joint5', 'panda_joint6', 'panda_joint7'] pts=38
[fjt] times[0..2]=[0.  0.6 1.2] times[-3:]=[21.6        21.77616952 24.77616952]
[fjt] goal=[-1.716  1.579  1.463 -1.253 -0.406  1.667 -0.86 ]
[fjt] final=[-1.716  1.579  1.461 -1.254 -0.408  1.669 -0.858]
[fjt] err=[-0.    -0.    -0.001 -0.001 -0.002  0.002  0.002]
[fjt] names=['panda_joint1', 'panda_joint2', 'panda_joint3', 'panda_joint4', 'panda_joint5', 'panda_joint6', 'panda_joint7'] pts=10
[fjt] times[0..2]=[0.  0.4 0.8] times[-3:]=[3.2        3.59570068 6.59570067]
[fjt] goal=[-1.66   1.693  1.376 -1.155 -0.458  1.695 -0.981]
[fjt] final=[-1.659  1.649  1.484 -1.163 -0.453  1.684 -0.966]
[fjt] err=[ 0.001 -0.044  0.107 -0.008  0.005 -0.011  0.015]
[fjt] names=['panda_joint1', 'panda_joint2', 'panda_joint3', 'panda_joint4', 'panda_joint5', 'panda_joint6', 'panda_joint7'] pts=2
[fjt] times[0..2]=[0. 3. 6.] times[-3:]=[0. 3. 6.]
[fjt] goal=[-1.66   1.693  1.376 -1.155 -0.458  1.695 -0.981]
[fjt] final=[-1.661  1.645  1.475 -1.153 -0.457  1.68  -0.966]
[fjt] err=[-0.001 -0.048  0.099  0.002  0.001 -0.015  0.015]
[fjt] names=['panda_joint1', 'panda_joint2', 'panda_joint3', 'panda_joint4', 'panda_joint5', 'panda_joint6', 'panda_joint7'] pts=2
[fjt] times[0..2]=[0. 3. 6.] times[-3:]=[0. 3. 6.]
[fjt] goal=[-1.66   1.693  1.376 -1.155 -0.458  1.695 -0.981]
[fjt] final=[-1.662  1.64   1.464 -1.146 -0.457  1.676 -0.967]
[fjt] err=[-0.002 -0.053  0.088  0.009  0.001 -0.019  0.014]
[fjt] names=['panda_joint1', 'panda_joint2', 'panda_joint3', 'panda_joint4', 'panda_joint5', 'panda_joint6', 'panda_joint7'] pts=13
[fjt] times[0..2]=[0.         0.25838976 0.51677951] times[-3:]=[2.84228733 3.         6.        ]
[fjt] goal=[-1.542  1.546  1.499 -0.829 -0.384  1.412 -0.905]
[fjt] final=[-1.542  1.546  1.498 -0.831 -0.385  1.414 -0.907]
[fjt] err=[-0.     0.    -0.    -0.001 -0.001  0.002 -0.002]
[fjt] names=['panda_joint1', 'panda_joint2', 'panda_joint3', 'panda_joint4', 'panda_joint5', 'panda_joint6', 'panda_joint7'] pts=23
[fjt] times[0..2]=[0.       0.412251 0.824502] times[-3:]=[ 8.65727104  8.92218083 11.92218083]
[fjt] goal=[-1.284  0.698  1.082 -1.154 -0.607  1.543  0.432]
[fjt] final=[-1.284  0.698  1.082 -1.153 -0.606  1.542  0.43 ]
[fjt] err=[-0.     0.     0.001  0.001  0.001 -0.002 -0.002]
[fjt] names=['panda_joint1', 'panda_joint2', 'panda_joint3', 'panda_joint4', 'panda_joint5', 'panda_joint6', 'panda_joint7'] pts=27
[fjt] times[0..2]=[0.         0.55498195 1.10996391] times[-3:]=[13.87454885 14.29829141 17.29829141]
[fjt] goal=[-1.225  0.752  0.752 -1.589 -0.575  2.108  2.574]
[fjt] final=[-1.225  0.752  0.752 -1.588 -0.576  2.106  2.572]
[fjt] err=[-0.    -0.     0.001  0.    -0.001 -0.002 -0.002]
[fjt] names=['panda_joint1', 'panda_joint2', 'panda_joint3', 'panda_joint4', 'panda_joint5', 'panda_joint6', 'panda_joint7'] pts=9
[fjt] times[0..2]=[0.  0.4 0.8] times[-3:]=[2.8        3.19860627 6.19860627]
[fjt] goal=[-1.194  0.842  0.697 -1.595 -0.634  2.199  2.602]
[fjt] final=[-1.195  0.842  0.698 -1.595 -0.632  2.197  2.6  ]
[fjt] err=[-0.    -0.001  0.001 -0.     0.001 -0.002 -0.002]
[fjt] names=['panda_joint1', 'panda_joint2', 'panda_joint3', 'panda_joint4', 'panda_joint5', 'panda_joint6', 'panda_joint7'] pts=8
[fjt] times[0..2]=[0.         0.45915252 0.91830505] times[-3:]=[2.75491514 3.         6.        ]
[fjt] goal=[-1.218  0.781  0.735 -1.594 -0.594  2.139  2.581]
[fjt] final=[-1.217  0.782  0.734 -1.595 -0.595  2.141  2.583]
[fjt] err=[ 0.     0.001 -0.001 -0.001 -0.001  0.002  0.002]
[fjt] names=['panda_joint1', 'panda_joint2', 'panda_joint3', 'panda_joint4', 'panda_joint5', 'panda_joint6', 'panda_joint7'] pts=32
[fjt] times[0..2]=[0.  0.6 1.2] times[-3:]=[18.         18.37727531 21.37727531]
[fjt] goal=[-1.413  0.967  1.025 -1.551 -0.886  2.     0.593]
[fjt] final=[-1.413  0.967  1.023 -1.553 -0.885  2.002  0.595]
[fjt] err=[ 0.    -0.    -0.001 -0.001  0.001  0.002  0.002]
[fjt] names=['panda_joint1', 'panda_joint2', 'panda_joint3', 'panda_joint4', 'panda_joint5', 'panda_joint6', 'panda_joint7'] pts=8
[fjt] times[0..2]=[0.         0.49131352 0.98262704] times[-3:]=[2.94788112 3.         6.        ]
[fjt] goal=[-1.39   1.019  0.979 -1.552 -0.926  2.054  0.609]
[fjt] final=[-1.391  1.018  0.979 -1.553 -0.924  2.053  0.607]
[fjt] err=[-0.    -0.001  0.001 -0.001  0.002 -0.002 -0.002]
[fjt] names=['panda_joint1', 'panda_joint2', 'panda_joint3', 'panda_joint4', 'panda_joint5', 'panda_joint6', 'panda_joint7'] pts=10
[fjt] times[0..2]=[0.         0.35246794 0.70493588] times[-3:]=[2.81974352 3.         6.        ]
[fjt] goal=[-1.431  0.916  1.067 -1.54  -0.843  1.943  0.575]
[fjt] final=[-1.431  0.917  1.066 -1.541 -0.845  1.945  0.577]
[fjt] err=[ 0.     0.    -0.001 -0.001 -0.001  0.002  0.002]
[fjt] names=['panda_joint1', 'panda_joint2', 'panda_joint3', 'panda_joint4', 'panda_joint5', 'panda_joint6', 'panda_joint7'] pts=13
[fjt] times[0..2]=[0.  0.3 0.6] times[-3:]=[3.3        3.55720019 6.55720019]
[fjt] goal=[-1.302  0.771  1.152 -1.101 -0.69   1.501  0.446]
[fjt] final=[-1.302  0.771  1.152 -1.102 -0.691  1.503  0.448]
[fjt] err=[-0.     0.    -0.    -0.001 -0.001  0.002  0.002]
[fjt] names=['panda_joint1', 'panda_joint2', 'panda_joint3', 'panda_joint4', 'panda_joint5', 'panda_joint6', 'panda_joint7'] pts=34
[fjt] times[0..2]=[0.         0.58495662 1.16991325] times[-3:]=[18.71861196 19.13862819 22.13862819]
[fjt] goal=[-1.531  1.497  1.615 -1.465 -1.504  1.518 -2.423]
[fjt] final=[-1.53   1.496  1.615 -1.464 -1.503  1.517 -2.421]
[fjt] err=[ 0.    -0.001 -0.001  0.001  0.001 -0.001  0.002]
[fjt] names=['panda_joint1', 'panda_joint2', 'panda_joint3', 'panda_joint4', 'panda_joint5', 'panda_joint6', 'panda_joint7'] pts=8
[fjt] times[0..2]=[0.         0.43021155 0.8604231 ] times[-3:]=[2.58126929 3.         6.        ]
[fjt] goal=[-1.538  1.564  1.546 -1.473 -1.562  1.595 -2.421]
[fjt] final=[-1.537  1.564  1.546 -1.472 -1.561  1.593 -2.421]
[fjt] err=[ 0.    -0.     0.001  0.     0.001 -0.002 -0.   ]
[fjt] names=['panda_joint1', 'panda_joint2', 'panda_joint3', 'panda_joint4', 'panda_joint5', 'panda_joint6', 'panda_joint7'] pts=7
[fjt] times[0..2]=[0.         0.53767214 1.07534428] times[-3:]=[2.68836071 3.         6.        ]
[fjt] goal=[-1.536  1.52   1.592 -1.469 -1.522  1.543 -2.423]
[fjt] final=[-1.537  1.521  1.591 -1.47  -1.523  1.545 -2.421]
[fjt] err=[-0.     0.001 -0.001 -0.001 -0.001  0.002  0.001]
[fjt] names=['panda_joint1', 'panda_joint2', 'panda_joint3', 'panda_joint4', 'panda_joint5', 'panda_joint6', 'panda_joint7'] pts=12
[fjt] times[0..2]=[0.  0.6 1.2] times[-3:]=[6.         6.14560229 9.14560229]
[fjt] goal=[-1.752  1.523  1.603 -1.716 -1.518  1.544 -2.391]
[fjt] final=[-1.752  1.523  1.602 -1.715 -1.519  1.545 -2.393]
[fjt] err=[ 0.    -0.    -0.001  0.001 -0.001  0.    -0.002]
[fjt] names=['panda_joint1', 'panda_joint2', 'panda_joint3', 'panda_joint4', 'panda_joint5', 'panda_joint6', 'panda_joint7'] pts=7
[fjt] times[0..2]=[0.         0.55788705 1.11577409] times[-3:]=[2.78943523 3.         6.        ]
[fjt] goal=[-1.753  1.563  1.548 -1.719 -1.565  1.594 -2.39 ]
[fjt] final=[-1.753  1.562  1.549 -1.719 -1.564  1.593 -2.392]
[fjt] err=[ 0.    -0.     0.001  0.     0.001 -0.001 -0.002]
[fjt] names=['panda_joint1', 'panda_joint2', 'panda_joint3', 'panda_joint4', 'panda_joint5', 'panda_joint6', 'panda_joint7'] pts=9
[fjt] times[0..2]=[0.         0.39106703 0.78213407] times[-3:]=[2.73746924 3.         6.        ]
[fjt] goal=[-1.746  1.482  1.659 -1.699 -1.47   1.494 -2.396]
[fjt] final=[-1.746  1.482  1.658 -1.7   -1.471  1.496 -2.394]
[fjt] err=[-0.     0.    -0.001 -0.001 -0.001  0.002  0.002]
[fjt] names=['panda_joint1', 'panda_joint2', 'panda_joint3', 'panda_joint4', 'panda_joint5', 'panda_joint6', 'panda_joint7'] pts=36
[fjt] times[0..2]=[0.         0.59031758 1.18063516] times[-3:]=[20.07079766 20.29377719 23.29377719]
[fjt] goal=[-1.621  1.155  1.828 -1.368 -1.196  1.259  0.65 ]
[fjt] final=[-1.622  1.156  1.827 -1.369 -1.197  1.261  0.648]
[fjt] err=[-0.     0.    -0.    -0.001 -0.001  0.002 -0.002]
[fjt] names=['panda_joint1', 'panda_joint2', 'panda_joint3', 'panda_joint4', 'panda_joint5', 'panda_joint6', 'panda_joint7'] pts=59
[fjt] times[0..2]=[0.        0.4928221 0.9856442] times[-3:]=[28.09085971 28.52536045 31.52536045]
[fjt] goal=[ 1.824 -0.609 -2.451 -1.774 -0.474  2.213 -2.785]
[fjt] final=[ 1.824 -0.608 -2.451 -1.773 -0.476  2.212 -2.784]
[fjt] err=[-0.     0.     0.001  0.001 -0.001 -0.001  0.001]
[fjt] names=['panda_joint1', 'panda_joint2', 'panda_joint3', 'panda_joint4', 'panda_joint5', 'panda_joint6', 'panda_joint7'] pts=10
[fjt] times[0..2]=[0.  0.4 0.8] times[-3:]=[3.2        3.40428098 6.40428098]
[fjt] goal=[ 1.865 -0.71  -2.512 -1.775 -0.543  2.305 -2.744]
[fjt] final=[ 1.864 -0.71  -2.511 -1.775 -0.542  2.303 -2.746]
[fjt] err=[-0.     0.001  0.001 -0.001  0.001 -0.001 -0.002]
[fjt] names=['panda_joint1', 'panda_joint2', 'panda_joint3', 'panda_joint4', 'panda_joint5', 'panda_joint6', 'panda_joint7'] pts=8
[fjt] times[0..2]=[0.         0.43786166 0.87572331] times[-3:]=[2.62716993 3.         6.        ]
[fjt] goal=[ 1.836 -0.644 -2.47  -1.775 -0.496  2.242 -2.772]
[fjt] final=[ 1.836 -0.644 -2.471 -1.776 -0.497  2.243 -2.77 ]
[fjt] err=[ 0.    -0.001 -0.001 -0.001 -0.001  0.002  0.002]
[fjt] names=['panda_joint1', 'panda_joint2', 'panda_joint3', 'panda_joint4', 'panda_joint5', 'panda_joint6', 'panda_joint7'] pts=13
[fjt] times[0..2]=[0.  0.6 1.2] times[-3:]=[6.6        6.93952461 9.93952461]
[fjt] goal=[ 1.944 -0.815 -2.516 -1.466 -0.519  2.11  -2.81 ]
[fjt] final=[ 1.944 -0.815 -2.516 -1.467 -0.518  2.112 -2.808]
[fjt] err=[-0.     0.     0.    -0.002  0.001  0.002  0.002]
[fjt] names=['panda_joint1', 'panda_joint2', 'panda_joint3', 'panda_joint4', 'panda_joint5', 'panda_joint6', 'panda_joint7'] pts=8
[fjt] times[0..2]=[0.         0.46336892 0.92673785] times[-3:]=[2.78021354 3.         6.        ]
[fjt] goal=[ 1.96  -0.874 -2.545 -1.468 -0.549  2.17  -2.795]
[fjt] final=[ 1.96  -0.873 -2.543 -1.468 -0.547  2.169 -2.797]
[fjt] err=[-0.     0.001  0.001 -0.     0.001 -0.001 -0.002]
[fjt] names=['panda_joint1', 'panda_joint2', 'panda_joint3', 'panda_joint4', 'panda_joint5', 'panda_joint6', 'panda_joint7'] pts=10
[fjt] times[0..2]=[0.         0.33803175 0.6760635 ] times[-3:]=[2.70425402 3.         6.        ]
[fjt] goal=[ 1.932 -0.762 -2.491 -1.448 -0.489  2.044 -2.825]
[fjt] final=[ 1.933 -0.763 -2.491 -1.449 -0.49   2.046 -2.823]
[fjt] err=[ 0.    -0.    -0.001 -0.001 -0.001  0.002  0.002]
[fjt] names=['panda_joint1', 'panda_joint2', 'panda_joint3', 'panda_joint4', 'panda_joint5', 'panda_joint6', 'panda_joint7'] pts=47
[fjt] times[0..2]=[0.         0.46890947 0.93781894] times[-3:]=[21.10092608 21.29900646 24.29900646]
[fjt] goal=[-1.135  0.649  0.703 -1.028 -0.406  1.553  0.235]
[fjt] final=[-1.134  0.649  0.703 -1.029 -0.407  1.555  0.233]
[fjt] err=[ 0.    -0.001 -0.001 -0.001 -0.001  0.001 -0.002]
[fjt] names=['panda_joint1', 'panda_joint2', 'panda_joint3', 'panda_joint4', 'panda_joint5', 'panda_joint6', 'panda_joint7'] pts=35
[fjt] times[0..2]=[0.         0.58817854 1.17635708] times[-3:]=[19.40989184 19.8190964  22.8190964 ]
[fjt] goal=[-1.324  0.892  0.837 -1.411 -0.692  2.005 -2.74 ]
[fjt] final=[-1.324  0.892  0.836 -1.41  -0.691  2.004 -2.738]
[fjt] err=[ 0.    -0.    -0.001  0.001  0.001 -0.002  0.002]
[fjt] names=['panda_joint1', 'panda_joint2', 'panda_joint3', 'panda_joint4', 'panda_joint5', 'panda_joint6', 'panda_joint7'] pts=9
[fjt] times[0..2]=[0.  0.4 0.8] times[-3:]=[2.8        3.11700258 6.11700258]
[fjt] goal=[-1.299  0.977  0.786 -1.419 -0.74   2.088 -2.72 ]
[fjt] final=[-1.299  0.977  0.786 -1.419 -0.739  2.086 -2.722]
[fjt] err=[-0.    -0.     0.001 -0.     0.001 -0.002 -0.002]
[fjt] names=['panda_joint1', 'panda_joint2', 'panda_joint3', 'panda_joint4', 'panda_joint5', 'panda_joint6', 'panda_joint7'] pts=8
[fjt] times[0..2]=[0.         0.47730781 0.95461562] times[-3:]=[2.86384687 3.         6.        ]
[fjt] goal=[-1.316  0.921  0.82  -1.417 -0.706  2.03  -2.736]
[fjt] final=[-1.316  0.922  0.819 -1.418 -0.708  2.032 -2.734]
[fjt] err=[ 0.     0.001 -0.001 -0.001 -0.001  0.002  0.002]
[fjt] names=['panda_joint1', 'panda_joint2', 'panda_joint3', 'panda_joint4', 'panda_joint5', 'panda_joint6', 'panda_joint7'] pts=45
[fjt] times[0..2]=[0.  0.6 1.2] times[-3:]=[25.8       25.8463114 28.8463114]
[fjt] goal=[-0.866  0.927  0.31  -1.132 -0.275  2.022  0.23 ]
[fjt] final=[-0.867  0.927  0.31  -1.134 -0.276  2.023  0.228]
[fjt] err=[-0.     0.     0.    -0.002 -0.001  0.002 -0.002]
[fjt] names=['panda_joint1', 'panda_joint2', 'panda_joint3', 'panda_joint4', 'panda_joint5', 'panda_joint6', 'panda_joint7'] pts=8
[fjt] times[0..2]=[0.         0.47793008 0.95586016] times[-3:]=[2.86758048 3.         6.        ]
[fjt] goal=[-0.862  0.982  0.3   -1.138 -0.286  2.082  0.235]
[fjt] final=[-0.862  0.98   0.3   -1.137 -0.285  2.079  0.233]
[fjt] err=[-0.001 -0.002  0.     0.001  0.001 -0.003 -0.002]
[fjt] names=['panda_joint1', 'panda_joint2', 'panda_joint3', 'panda_joint4', 'panda_joint5', 'panda_joint6', 'panda_joint7'] pts=10
[fjt] times[0..2]=[0.         0.35845323 0.71690646] times[-3:]=[2.86762586 3.         6.        ]
[fjt] goal=[-0.868  0.881  0.319 -1.104 -0.264  1.949  0.222]
[fjt] final=[-0.868  0.881  0.318 -1.105 -0.265  1.951  0.224]
[fjt] err=[ 0.     0.    -0.    -0.001 -0.001  0.002  0.002]
[fjt] names=['panda_joint1', 'panda_joint2', 'panda_joint3', 'panda_joint4', 'panda_joint5', 'panda_joint6', 'panda_joint7'] pts=36
[fjt] times[0..2]=[0.         0.59034943 1.18069886] times[-3:]=[20.07188057 20.3009817  23.3009817 ]
[fjt] goal=[-0.995  0.916  0.52  -1.164 -0.445  1.976 -2.821]
[fjt] final=[-0.994  0.915  0.52  -1.163 -0.444  1.974 -2.819]
[fjt] err=[ 0.    -0.    -0.001  0.001  0.001 -0.002  0.002]
[fjt] names=['panda_joint1', 'panda_joint2', 'panda_joint3', 'panda_joint4', 'panda_joint5', 'panda_joint6', 'panda_joint7'] pts=9
[fjt] times[0..2]=[0.  0.4 0.8] times[-3:]=[2.8        3.09534172 6.09534172]
[fjt] goal=[-0.979  1.     0.496 -1.178 -0.473  2.067 -2.811]
[fjt] final=[-0.979  0.999  0.497 -1.178 -0.472  2.066 -2.813]
[fjt] err=[-0.    -0.     0.001  0.     0.001 -0.002 -0.002]
[fjt] names=['panda_joint1', 'panda_joint2', 'panda_joint3', 'panda_joint4', 'panda_joint5', 'panda_joint6', 'panda_joint7'] pts=9
[fjt] times[0..2]=[0.  0.5 1. ] times[-3:]=[3.5        3.71932695 6.71932694]
[fjt] goal=[-1.036  0.923  0.508 -1.307 -0.468  2.111 -2.814]
[fjt] final=[-1.035  0.924  0.507 -1.306 -0.469  2.109 -2.814]
[fjt] err=[ 0.     0.001 -0.001  0.001 -0.001 -0.002  0.001]
[fjt] names=['panda_joint1', 'panda_joint2', 'panda_joint3', 'panda_joint4', 'panda_joint5', 'panda_joint6', 'panda_joint7'] pts=9
[fjt] times[0..2]=[0.  0.5 1. ] times[-3:]=[3.5        3.51470557 6.51470557]
[fjt] goal=[-1.089  0.858  0.517 -1.422 -0.464  2.156 -2.82 ]
[fjt] final=[-1.089  0.859  0.517 -1.421 -0.466  2.155 -2.818]
[fjt] err=[ 0.     0.001 -0.001  0.001 -0.001 -0.002  0.002]
[fjt] names=['panda_joint1', 'panda_joint2', 'panda_joint3', 'panda_joint4', 'panda_joint5', 'panda_joint6', 'panda_joint7'] pts=8
[fjt] times[0..2]=[0.  0.5 1. ] times[-3:]=[3.         3.31488756 6.31488756]
[fjt] goal=[-1.139  0.805  0.524 -1.524 -0.463  2.203 -2.829]
[fjt] final=[-1.139  0.806  0.524 -1.524 -0.464  2.201 -2.827]
[fjt] err=[ 0.     0.001 -0.001  0.001 -0.001 -0.002  0.002]
[fjt] names=['panda_joint1', 'panda_joint2', 'panda_joint3', 'panda_joint4', 'panda_joint5', 'panda_joint6', 'panda_joint7'] pts=8
[fjt] times[0..2]=[0.  0.5 1. ] times[-3:]=[3.         3.10781906 6.10781906]
[fjt] goal=[-1.184  0.765  0.527 -1.614 -0.464  2.25  -2.839]
[fjt] final=[-1.184  0.766  0.527 -1.614 -0.464  2.249 -2.837]
[fjt] err=[ 0.     0.001 -0.001  0.001 -0.    -0.002  0.002]
[fjt] names=['panda_joint1', 'panda_joint2', 'panda_joint3', 'panda_joint4', 'panda_joint5', 'panda_joint6', 'panda_joint7'] pts=7
[fjt] times[0..2]=[0.         0.52131339 1.04262677] times[-3:]=[2.60656693 3.         6.        ]
[fjt] goal=[-1.222  0.737  0.526 -1.691 -0.468  2.299 -2.849]
[fjt] final=[-1.222  0.732  0.531 -1.682 -0.465  2.299 -2.847]
[fjt] err=[ 0.    -0.006  0.006  0.009  0.003  0.     0.002]
[fjt] names=['panda_joint1', 'panda_joint2', 'panda_joint3', 'panda_joint4', 'panda_joint5', 'panda_joint6', 'panda_joint7'] pts=7
[fjt] times[0..2]=[0.         0.54134043 1.08268085] times[-3:]=[2.70670214 3.         6.        ]
[fjt] goal=[-1.253  0.724  0.519 -1.754 -0.478  2.348 -2.856]
[fjt] final=[-1.253  0.709  0.53  -1.735 -0.473  2.352 -2.855]
[fjt] err=[-0.    -0.015  0.011  0.019  0.005  0.004  0.002]
[fjt] names=['panda_joint1', 'panda_joint2', 'panda_joint3', 'panda_joint4', 'panda_joint5', 'panda_joint6', 'panda_joint7'] pts=14
[fjt] times[0..2]=[0.         0.24674274 0.49348549] times[-3:]=[2.96091292 3.         6.        ]
[fjt] goal=[-1.335  0.592  0.661 -1.667 -0.411  2.114 -2.897]
[fjt] final=[-1.335  0.592  0.661 -1.667 -0.41   2.116 -2.896]
[fjt] err=[ 0.     0.    -0.001 -0.001  0.001  0.002  0.002]
[fjt] names=['panda_joint1', 'panda_joint2', 'panda_joint3', 'panda_joint4', 'panda_joint5', 'panda_joint6', 'panda_joint7'] pts=35
[fjt] times[0..2]=[0.        0.5881019 1.1762038] times[-3:]=[19.40736273 19.80243707 22.80243707]
[fjt] goal=[-0.912  0.444  0.217 -1.237 -0.097  1.664  0.075]
[fjt] final=[-0.912  0.444  0.218 -1.237 -0.098  1.666  0.073]
[fjt] err=[-0.     0.     0.001 -0.001 -0.001  0.002 -0.002]
[fjt] names=['panda_joint1', 'panda_joint2', 'panda_joint3', 'panda_joint4', 'panda_joint5', 'panda_joint6', 'panda_joint7'] pts=40
[fjt] times[0..2]=[0.         0.43100398 0.86200797] times[-3:]=[16.37815136 16.57314492 19.57314492]
[fjt] goal=[ 0.207  1.59  -1.695 -1.577  1.588  1.448  2.559]
[fjt] final=[ 0.207  1.589 -1.694 -1.575  1.587  1.45   2.528]
[fjt] err=[-0.    -0.001  0.001  0.002 -0.001  0.002 -0.031]
[fjt] names=['panda_joint1', 'panda_joint2', 'panda_joint3', 'panda_joint4', 'panda_joint5', 'panda_joint6', 'panda_joint7'] pts=2
[fjt] times[0..2]=[0. 3. 6.] times[-3:]=[0. 3. 6.]
[fjt] goal=[ 0.207  1.59  -1.695 -1.577  1.588  1.448  2.559]
[fjt] final=[ 0.207  1.589 -1.694 -1.576  1.587  1.45   2.557]
[fjt] err=[-0.    -0.001  0.001  0.001 -0.001  0.001 -0.002]
[fjt] names=['panda_joint1', 'panda_joint2', 'panda_joint3', 'panda_joint4', 'panda_joint5', 'panda_joint6', 'panda_joint7'] pts=8
[fjt] times[0..2]=[0.         0.45279858 0.90559716] times[-3:]=[2.71679148 3.         6.        ]
[fjt] goal=[ 0.22   1.651 -1.62  -1.59   1.65   1.521  2.561]
[fjt] final=[ 0.219  1.651 -1.62  -1.589  1.649  1.519  2.559]
[fjt] err=[-0.    -0.    -0.001  0.001 -0.001 -0.002 -0.002]
[fjt] names=['panda_joint1', 'panda_joint2', 'panda_joint3', 'panda_joint4', 'panda_joint5', 'panda_joint6', 'panda_joint7'] pts=11
[fjt] times[0..2]=[0.         0.30992696 0.61985392] times[-3:]=[2.78934266 3.         6.        ]
[fjt] goal=[ 0.187  1.519 -1.767 -1.537  1.524  1.371  2.565]
[fjt] final=[ 0.188  1.519 -1.767 -1.538  1.525  1.373  2.563]
[fjt] err=[ 0.     0.     0.001 -0.001  0.001  0.002 -0.002]
[fjt] names=['panda_joint1', 'panda_joint2', 'panda_joint3', 'panda_joint4', 'panda_joint5', 'panda_joint6', 'panda_joint7'] pts=41
[fjt] times[0..2]=[0.         0.3051505  0.61030101] times[-3:]=[11.90086969 11.92625433 14.92625433]
[fjt] goal=[-0.002  0.247  0.002 -1.72   0.002  1.964  0.774]
[fjt] final=[-0.002  0.247  0.002 -1.719  0.003  1.963  0.776]
[fjt] err=[-0.     0.    -0.     0.001  0.001 -0.001  0.002]
[fjt] names=['panda_joint1', 'panda_joint2', 'panda_joint3', 'panda_joint4', 'panda_joint5', 'panda_joint6', 'panda_joint7'] pts=18
[fjt] times[0..2]=[0.         0.35881303 0.71762607] times[-3:]=[5.74100855 6.09090164 9.09090164]
[fjt] goal=[-0.598  0.787 -0.354 -1.112  0.254  1.856 -0.137]
[fjt] final=[-0.598  0.787 -0.353 -1.114  0.253  1.858 -0.135]
[fjt] err=[ 0.    -0.001  0.    -0.001 -0.001  0.002  0.002]
