[robosuite WARNING] No private macro file found! (__init__.py:7)
[robosuite WARNING] It is recommended to use a private macro file (__init__.py:8)
[robosuite WARNING] To setup, run: python /storage/home/yehe8/.openrua/simulators/cap-x/capx/third_party/libero_dependencies/robosuite/robosuite/scripts/setup_macros.py (__init__.py:9)
Gym has been unmaintained since 2022 and does not support NumPy 2.0 amongst other critical functionality.
Please upgrade to Gymnasium, the maintained drop-in replacement of Gym, or contact the authors of your software and request that they upgrade.
See the migration guide at https://gymnasium.farama.org/introduction/migration_guide/ for additional information.
[info] Using default task order for benchmark 'libero_10_task' (10 tasks).
[Warning]: datasets path /storage/home/yehe8/.openrua/simulators/cap-x/capx/third_party/LIBERO-PRO/libero/datasets does not exist!
[Warning]: datasets path /storage/home/yehe8/.openrua/simulators/cap-x/capx/third_party/LIBERO-PRO/libero/datasets does not exist!
robot ready
[Warning]: datasets path /storage/home/yehe8/.openrua/simulators/cap-x/capx/third_party/LIBERO-PRO/libero/datasets does not exist!
[fjt] names=['panda_joint1', 'panda_joint2', 'panda_joint3', 'panda_joint4', 'panda_joint5', 'panda_joint6', 'panda_joint7'] pts=1
[fjt] times[0..2]=[0. 3.] times[-3:]=[0. 3.]
[fjt] goal=[ 0.245  0.306  0.145 -2.395 -0.102  2.697  0.475]
[fjt] final=[ 0.245  0.305  0.145 -2.396 -0.101  2.695  0.478]
[fjt] err=[-0.    -0.001 -0.    -0.001  0.001 -0.002  0.002]
[fjt] names=['panda_joint1', 'panda_joint2', 'panda_joint3', 'panda_joint4', 'panda_joint5', 'panda_joint6', 'panda_joint7'] pts=1
[fjt] times[0..2]=[0. 2.] times[-3:]=[0. 2.]
[fjt] goal=[ 0.391  0.303  0.011 -2.396 -0.008  2.699  1.194]
[fjt] final=[ 0.391  0.303  0.012 -2.396 -0.01   2.697  0.889]
[fjt] err=[-0.001  0.     0.001  0.    -0.002 -0.002 -0.305]
[fjt] names=['panda_joint1', 'panda_joint2', 'panda_joint3', 'panda_joint4', 'panda_joint5', 'panda_joint6', 'panda_joint7'] pts=1
[fjt] times[0..2]=[0. 2.] times[-3:]=[0. 2.]
[fjt] goal=[ 0.391  0.303  0.011 -2.396 -0.008  2.699  1.194]
[fjt] final=[ 0.391  0.303  0.011 -2.396 -0.009  2.697  1.191]
[fjt] err=[-0.     0.     0.001  0.    -0.001 -0.001 -0.002]
[fjt] names=['panda_joint1', 'panda_joint2', 'panda_joint3', 'panda_joint4', 'panda_joint5', 'panda_joint6', 'panda_joint7'] pts=1
[fjt] times[0..2]=[0. 2.] times[-3:]=[0. 2.]
[fjt] goal=[ 0.393  0.493  0.008 -2.356 -0.013  2.849  1.197]
[fjt] final=[ 0.393  0.492  0.009 -2.357 -0.011  2.847  1.195]
[fjt] err=[-0.    -0.001  0.001 -0.001  0.002 -0.002 -0.002]
[fjt] names=['panda_joint1', 'panda_joint2', 'panda_joint3', 'panda_joint4', 'panda_joint5', 'panda_joint6', 'panda_joint7'] pts=1
[fjt] times[0..2]=[0. 2.] times[-3:]=[0. 2.]
[fjt] goal=[ 0.394  0.494  0.013 -2.354 -0.01   2.849  2.767]
[fjt] final=[ 0.395  0.495  0.014 -2.353 -0.027  2.853  1.432]
[fjt] err=[ 1.000e-03  1.000e-03  1.000e-03  0.000e+00 -1.600e-02  5.000e-03
 -1.335e+00]
[fjt] names=['panda_joint1', 'panda_joint2', 'panda_joint3', 'panda_joint4', 'panda_joint5', 'panda_joint6', 'panda_joint7'] pts=1
[fjt] times[0..2]=[0. 3.] times[-3:]=[0. 3.]
[fjt] goal=[ 0.395  0.495  0.014 -2.353 -0.027  2.853 -0.368]
[fjt] final=[ 0.394  0.493  0.011 -2.357 -0.025  2.854  0.895]
[fjt] err=[-1.000e-03 -2.000e-03 -2.000e-03 -3.000e-03  2.000e-03  0.000e+00
  1.263e+00]
[fjt] names=['panda_joint1', 'panda_joint2', 'panda_joint3', 'panda_joint4', 'panda_joint5', 'panda_joint6', 'panda_joint7'] pts=1
[fjt] times[0..2]=[0. 6.] times[-3:]=[0. 6.]
[fjt] goal=[ 0.394  0.493  0.011 -2.357 -0.025  2.854 -0.405]
[fjt] final=[ 0.392  0.494  0.005 -2.355 -0.022  2.855 -0.067]
[fjt] err=[-0.002  0.001 -0.006  0.001  0.003  0.001  0.338]
[fjt] names=['panda_joint1', 'panda_joint2', 'panda_joint3', 'panda_joint4', 'panda_joint5', 'panda_joint6', 'panda_joint7'] pts=1
[fjt] times[0..2]=[0. 4.] times[-3:]=[0. 4.]
[fjt] goal=[ 0.392  0.494  0.005 -2.355 -0.022  2.855 -0.4  ]
[fjt] final=[ 0.391  0.496  0.004 -2.352 -0.021  2.854 -0.399]
[fjt] err=[-0.001  0.002 -0.002  0.003  0.001 -0.     0.001]
[fjt] names=['panda_joint1', 'panda_joint2', 'panda_joint3', 'panda_joint4', 'panda_joint5', 'panda_joint6', 'panda_joint7'] pts=1
[fjt] times[0..2]=[0. 3.] times[-3:]=[0. 3.]
[fjt] goal=[ 0.39   0.179  0.012 -2.4   -0.004  2.579 -0.38 ]
[fjt] final=[ 0.391  0.18   0.011 -2.399 -0.005  2.581 -0.382]
[fjt] err=[ 0.     0.001 -0.001  0.001 -0.001  0.002 -0.002]
[fjt] names=['panda_joint1', 'panda_joint2', 'panda_joint3', 'panda_joint4', 'panda_joint5', 'panda_joint6', 'panda_joint7'] pts=1
[fjt] times[0..2]=[0. 3.] times[-3:]=[0. 3.]
[fjt] goal=[ 0.01   0.501 -0.162 -1.988  0.126  2.48  -1.017]
[fjt] final=[ 0.01   0.501 -0.161 -1.989  0.125  2.482 -0.971]
[fjt] err=[ 0.    -0.001  0.    -0.002 -0.001  0.002  0.046]
[fjt] names=['panda_joint1', 'panda_joint2', 'panda_joint3', 'panda_joint4', 'panda_joint5', 'panda_joint6', 'panda_joint7'] pts=1
[fjt] times[0..2]=[0.  2.5] times[-3:]=[0.  2.5]
[fjt] goal=[-1.000e-03  7.020e-01 -1.170e-01 -1.949e+00  1.580e-01  2.642e+00
 -1.014e+00]
[fjt] final=[-0.     0.701 -0.118 -1.95   0.156  2.64  -1.012]
[fjt] err=[ 0.    -0.001 -0.001 -0.001 -0.002 -0.002  0.002]
[fjt] names=['panda_joint1', 'panda_joint2', 'panda_joint3', 'panda_joint4', 'panda_joint5', 'panda_joint6', 'panda_joint7'] pts=1
[fjt] times[0..2]=[0. 3.] times[-3:]=[0. 3.]
[fjt] goal=[ 0.068  0.279 -0.204 -1.946  0.07   2.219 -0.956]
[fjt] final=[ 0.068  0.281 -0.203 -1.948  0.073  2.221 -0.958]
[fjt] err=[-0.     0.001  0.001 -0.002  0.002  0.002 -0.002]
[fjt] names=['panda_joint1', 'panda_joint2', 'panda_joint3', 'panda_joint4', 'panda_joint5', 'panda_joint6', 'panda_joint7'] pts=1
[fjt] times[0..2]=[0. 5.] times[-3:]=[0. 5.]
[fjt] goal=[-0.041  0.314  0.093 -1.888 -0.036  2.201  2.425]
[fjt] final=[-0.041  0.315  0.093 -1.891 -0.034  2.204 -0.074]
[fjt] err=[ 1.000e-03  0.000e+00 -0.000e+00 -2.000e-03  1.000e-03  3.000e-03
 -2.499e+00]
[fjt] names=['panda_joint1', 'panda_joint2', 'panda_joint3', 'panda_joint4', 'panda_joint5', 'panda_joint6', 'panda_joint7'] pts=1
[fjt] times[0..2]=[0. 5.] times[-3:]=[0. 5.]
[fjt] goal=[ 0.241  0.32  -0.212 -1.888  0.082  2.199  2.347]
[fjt] final=[ 0.241  0.32  -0.211 -1.89   0.08   2.202  0.791]
[fjt] err=[-0.000e+00 -0.000e+00  1.000e-03 -2.000e-03 -2.000e-03  3.000e-03
 -1.556e+00]
[fjt] names=['panda_joint1', 'panda_joint2', 'panda_joint3', 'panda_joint4', 'panda_joint5', 'panda_joint6', 'panda_joint7'] pts=1
[fjt] times[0..2]=[0. 6.] times[-3:]=[0. 6.]
[fjt] goal=[ 0.241  0.32  -0.212 -1.888  0.082  2.199  2.347]
[fjt] final=[ 0.241  0.32  -0.211 -1.89   0.08   2.202  1.8  ]
[fjt] err=[-0.     0.     0.001 -0.002 -0.002  0.003 -0.547]
[fjt] names=['panda_joint1', 'panda_joint2', 'panda_joint3', 'panda_joint4', 'panda_joint5', 'panda_joint6', 'panda_joint7'] pts=1
[fjt] times[0..2]=[0. 4.] times[-3:]=[0. 4.]
[fjt] goal=[ 0.241  0.32  -0.212 -1.888  0.082  2.199  2.347]
[fjt] final=[ 0.241  0.321 -0.212 -1.89   0.08   2.201  2.345]
[fjt] err=[-0.     0.001  0.001 -0.002 -0.002  0.002 -0.002]
[fjt] names=['panda_joint1', 'panda_joint2', 'panda_joint3', 'panda_joint4', 'panda_joint5', 'panda_joint6', 'panda_joint7'] pts=1
[fjt] times[0..2]=[0. 3.] times[-3:]=[0. 3.]
[fjt] goal=[ 0.214  0.571 -0.173 -1.934  0.154  2.492  2.3  ]
[fjt] final=[ 0.212  0.569 -0.178 -1.931  0.153  2.491  2.299]
[fjt] err=[-0.001 -0.002 -0.005  0.003 -0.001 -0.001 -0.002]
[fjt] names=['panda_joint1', 'panda_joint2', 'panda_joint3', 'panda_joint4', 'panda_joint5', 'panda_joint6', 'panda_joint7'] pts=1
[fjt] times[0..2]=[0. 3.] times[-3:]=[0. 3.]
[fjt] goal=[ 0.201  0.666 -0.156 -1.913  0.177  2.566  2.286]
[fjt] final=[ 0.205  0.623 -0.156 -1.886  0.171  2.584  2.286]
[fjt] err=[ 0.004 -0.043  0.     0.027 -0.005  0.019  0.   ]
[fjt] names=['panda_joint1', 'panda_joint2', 'panda_joint3', 'panda_joint4', 'panda_joint5', 'panda_joint6', 'panda_joint7'] pts=1
[fjt] times[0..2]=[0. 3.] times[-3:]=[0. 3.]
[fjt] goal=[ 0.26   0.321 -0.233 -1.888  0.09   2.199  2.342]
[fjt] final=[ 0.26   0.322 -0.232 -1.887  0.092  2.201  2.34 ]
[fjt] err=[-0.     0.001  0.001  0.001  0.002  0.002 -0.002]
[fjt] names=['panda_joint1', 'panda_joint2', 'panda_joint3', 'panda_joint4', 'panda_joint5', 'panda_joint6', 'panda_joint7'] pts=1
[fjt] times[0..2]=[0. 4.] times[-3:]=[0. 4.]
[fjt] goal=[ 0.258  0.884  0.018 -1.293 -0.017  2.177  1.065]
[fjt] final=[ 0.258  0.884  0.017 -1.295 -0.015  2.179  1.663]
[fjt] err=[ 0.    -0.001 -0.001 -0.002  0.002  0.002  0.599]
[fjt] names=['panda_joint1', 'panda_joint2', 'panda_joint3', 'panda_joint4', 'panda_joint5', 'panda_joint6', 'panda_joint7'] pts=1
[fjt] times[0..2]=[0. 3.] times[-3:]=[0. 3.]
[fjt] goal=[ 0.184  0.889  0.122 -1.292 -0.115  2.174  1.112]
[fjt] final=[ 0.185  0.888  0.121 -1.293 -0.113  2.176  1.125]
[fjt] err=[ 0.    -0.001 -0.001 -0.001  0.002  0.002  0.012]
[fjt] names=['panda_joint1', 'panda_joint2', 'panda_joint3', 'panda_joint4', 'panda_joint5', 'panda_joint6', 'panda_joint7'] pts=1
[fjt] times[0..2]=[0. 2.] times[-3:]=[0. 2.]
[fjt] goal=[ 0.19   1.005  0.114 -1.259 -0.124  2.257  1.116]
[fjt] final=[ 0.19   1.004  0.114 -1.26  -0.123  2.255  1.118]
[fjt] err=[-0.    -0.001  0.001 -0.001  0.001 -0.002  0.002]
[fjt] names=['panda_joint1', 'panda_joint2', 'panda_joint3', 'panda_joint4', 'panda_joint5', 'panda_joint6', 'panda_joint7'] pts=1
[fjt] times[0..2]=[0. 3.] times[-3:]=[0. 3.]
[fjt] goal=[ 0.189  0.892  0.117 -1.474 -0.129  2.358  1.139]
[fjt] final=[ 0.19   0.892  0.116 -1.472 -0.127  2.356  1.137]
[fjt] err=[ 0.     0.001 -0.001  0.002  0.002 -0.002 -0.002]
[fjt] names=['panda_joint1', 'panda_joint2', 'panda_joint3', 'panda_joint4', 'panda_joint5', 'panda_joint6', 'panda_joint7'] pts=1
[fjt] times[0..2]=[0. 3.] times[-3:]=[0. 3.]
[fjt] goal=[ 0.173  0.656  0.141 -1.484 -0.102  2.133  1.125]
[fjt] final=[ 0.174  0.657  0.14  -1.483 -0.103  2.135  1.127]
[fjt] err=[ 0.     0.001 -0.001  0.001 -0.001  0.002  0.002]
[fjt] names=['panda_joint1', 'panda_joint2', 'panda_joint3', 'panda_joint4', 'panda_joint5', 'panda_joint6', 'panda_joint7'] pts=1
[fjt] times[0..2]=[0. 3.] times[-3:]=[0. 3.]
[fjt] goal=[ 0.185  0.529  0.147 -1.937 -0.117  2.458  1.189]
[fjt] final=[ 0.185  0.53   0.146 -1.935 -0.116  2.456  1.186]
[fjt] err=[-0.     0.001 -0.     0.002  0.001 -0.002 -0.003]
[fjt] names=['panda_joint1', 'panda_joint2', 'panda_joint3', 'panda_joint4', 'panda_joint5', 'panda_joint6', 'panda_joint7'] pts=1
[fjt] times[0..2]=[0. 2.] times[-3:]=[0. 2.]
[fjt] goal=[ 0.201  0.664  0.125 -1.912 -0.142  2.568  1.205]
[fjt] final=[ 0.201  0.663  0.126 -1.913 -0.141  2.566  1.203]
[fjt] err=[-0.    -0.001  0.001 -0.001  0.002 -0.002 -0.002]
[fjt] names=['panda_joint1', 'panda_joint2', 'panda_joint3', 'panda_joint4', 'panda_joint5', 'panda_joint6', 'panda_joint7'] pts=1
[fjt] times[0..2]=[0. 3.] times[-3:]=[0. 3.]
[fjt] goal=[ 0.216  0.576  0.127 -2.083 -0.147  2.65   1.238]
[fjt] final=[ 0.215  0.576  0.127 -2.077 -0.146  2.651  1.235]
[fjt] err=[-0.    -0.    -0.001  0.006  0.002  0.    -0.003]
[fjt] names=['panda_joint1', 'panda_joint2', 'panda_joint3', 'panda_joint4', 'panda_joint5', 'panda_joint6', 'panda_joint7'] pts=1
[fjt] times[0..2]=[0. 3.] times[-3:]=[0. 3.]
[fjt] goal=[ 0.164  0.279  0.193 -2.092 -0.075  2.365  1.189]
[fjt] final=[ 0.165  0.28   0.192 -2.091 -0.077  2.366  1.191]
[fjt] err=[ 0.     0.001 -0.001  0.001 -0.002  0.002  0.002]
[fjt] names=['panda_joint1', 'panda_joint2', 'panda_joint3', 'panda_joint4', 'panda_joint5', 'panda_joint6', 'panda_joint7'] pts=1
[fjt] times[0..2]=[0. 4.] times[-3:]=[0. 4.]
[fjt] goal=[ 0.    -0.161  0.    -2.445  0.     2.227  0.785]
[fjt] final=[ 0.000e+00 -1.600e-01  1.000e-03 -2.444e+00 -1.000e-03  2.228e+00
  7.880e-01]
[fjt] err=[ 0.     0.001  0.001  0.001 -0.001  0.002  0.003]
