[robosuite WARNING] No private macro file found! (__init__.py:7)
[robosuite WARNING] It is recommended to use a private macro file (__init__.py:8)
[robosuite WARNING] To setup, run: python /storage/home/yehe8/.openrua/simulators/cap-x/capx/third_party/libero_dependencies/robosuite/robosuite/scripts/setup_macros.py (__init__.py:9)
Gym has been unmaintained since 2022 and does not support NumPy 2.0 amongst other critical functionality.
Please upgrade to Gymnasium, the maintained drop-in replacement of Gym, or contact the authors of your software and request that they upgrade.
See the migration guide at https://gymnasium.farama.org/introduction/migration_guide/ for additional information.
[info] Using default task order for benchmark 'libero_10_swap' (10 tasks).
[Warning]: datasets path /storage/home/yehe8/.openrua/simulators/cap-x/capx/third_party/LIBERO-PRO/libero/datasets does not exist!
[Warning]: datasets path /storage/home/yehe8/.openrua/simulators/cap-x/capx/third_party/LIBERO-PRO/libero/datasets does not exist!
robot ready
[Warning]: datasets path /storage/home/yehe8/.openrua/simulators/cap-x/capx/third_party/LIBERO-PRO/libero/datasets does not exist!
[fjt] names=['panda_joint1', 'panda_joint2', 'panda_joint3', 'panda_joint4', 'panda_joint5', 'panda_joint6', 'panda_joint7'] pts=1
[fjt] times[0..2]=[0. 3.] times[-3:]=[0. 3.]
[fjt] goal=[-0.188 -0.18  -0.251 -2.545 -0.064  2.37   0.396]
[fjt] final=[-0.188 -0.179 -0.25  -2.544 -0.062  2.368  0.398]
[fjt] err=[ 0.     0.001  0.001  0.001  0.001 -0.002  0.002]
[fjt] names=['panda_joint1', 'panda_joint2', 'panda_joint3', 'panda_joint4', 'panda_joint5', 'panda_joint6', 'panda_joint7'] pts=1
[fjt] times[0..2]=[0. 2.] times[-3:]=[0. 2.]
[fjt] goal=[-1.740e-01 -5.000e-03 -2.620e-01 -2.577e+00 -2.000e-03  2.572e+00
  3.510e-01]
[fjt] final=[-0.174 -0.005 -0.261 -2.576 -0.004  2.57   0.354]
[fjt] err=[-0.    -0.001  0.001  0.001 -0.002 -0.002  0.003]
[fjt] names=['panda_joint1', 'panda_joint2', 'panda_joint3', 'panda_joint4', 'panda_joint5', 'panda_joint6', 'panda_joint7'] pts=1
[fjt] times[0..2]=[0. 2.] times[-3:]=[0. 2.]
[fjt] goal=[-0.175  0.175 -0.242 -2.579  0.108  2.747  0.272]
[fjt] final=[-0.175  0.174 -0.243 -2.578  0.107  2.744  0.274]
[fjt] err=[ 0.    -0.001 -0.001  0.001 -0.002 -0.002  0.003]
[fjt] names=['panda_joint1', 'panda_joint2', 'panda_joint3', 'panda_joint4', 'panda_joint5', 'panda_joint6', 'panda_joint7'] pts=1
[fjt] times[0..2]=[0.  2.5] times[-3:]=[0.  2.5]
[fjt] goal=[ 0.014 -0.271 -0.44  -2.471 -0.144  2.22   0.461]
[fjt] final=[ 0.013 -0.27  -0.439 -2.473 -0.142  2.237  0.458]
[fjt] err=[-0.001  0.001  0.001 -0.001  0.002  0.017 -0.002]
[fjt] names=['panda_joint1', 'panda_joint2', 'panda_joint3', 'panda_joint4', 'panda_joint5', 'panda_joint6', 'panda_joint7'] pts=1
[fjt] times[0..2]=[0. 3.] times[-3:]=[0. 3.]
[fjt] goal=[-0.007  0.255 -0.628 -1.92   0.175  2.121  0.073]
[fjt] final=[-0.007  0.254 -0.628 -1.924  0.174  2.123  0.076]
[fjt] err=[ 0.    -0.001  0.001 -0.004 -0.002  0.002  0.003]
[fjt] names=['panda_joint1', 'panda_joint2', 'panda_joint3', 'panda_joint4', 'panda_joint5', 'panda_joint6', 'panda_joint7'] pts=1
[fjt] times[0..2]=[0.  2.5] times[-3:]=[0.  2.5]
[fjt] goal=[-0.08   0.492 -0.534 -2.007  0.365  2.405 -0.051]
[fjt] final=[-0.079  0.491 -0.534 -2.006  0.364  2.403 -0.048]
[fjt] err=[ 0.    -0.    -0.001  0.001 -0.002 -0.002  0.002]
[fjt] names=['panda_joint1', 'panda_joint2', 'panda_joint3', 'panda_joint4', 'panda_joint5', 'panda_joint6', 'panda_joint7'] pts=1
[fjt] times[0..2]=[0.  2.5] times[-3:]=[0.  2.5]
[fjt] goal=[ 0.027  0.262 -0.666 -1.919  0.189  2.119  0.064]
[fjt] final=[ 0.027  0.263 -0.666 -1.92   0.191  2.121  0.061]
[fjt] err=[-0.     0.     0.001 -0.001  0.002  0.002 -0.002]
[fjt] names=['panda_joint1', 'panda_joint2', 'panda_joint3', 'panda_joint4', 'panda_joint5', 'panda_joint6', 'panda_joint7'] pts=1
[fjt] times[0..2]=[0. 3.] times[-3:]=[0. 3.]
[fjt] goal=[-0.523 -0.897  0.89  -2.881  0.762  2.067  0.492]
[fjt] final=[-0.521 -0.361 -0.034 -2.532  0.746  2.069  0.49 ]
[fjt] err=[ 0.002  0.536 -0.924  0.349 -0.016  0.002 -0.003]
[fjt] names=['panda_joint1', 'panda_joint2', 'panda_joint3', 'panda_joint4', 'panda_joint5', 'panda_joint6', 'panda_joint7'] pts=1
[fjt] times[0..2]=[0. 3.] times[-3:]=[0. 3.]
[fjt] goal=[-0.523 -0.897  0.89  -2.881  0.762  2.067  0.492]
[fjt] final=[-0.522 -0.895  0.585 -2.88   0.762  2.068  0.492]
[fjt] err=[ 0.     0.002 -0.305  0.001  0.     0.001 -0.   ]
[fjt] names=['panda_joint1', 'panda_joint2', 'panda_joint3', 'panda_joint4', 'panda_joint5', 'panda_joint6', 'panda_joint7'] pts=1
[fjt] times[0..2]=[0. 3.] times[-3:]=[0. 3.]
[fjt] goal=[ 0.    -0.161  0.    -2.445  0.     2.227  0.785]
[fjt] final=[-1.000e-03 -2.790e-01  7.000e-03 -2.445e+00  1.610e-01  2.227e+00
  7.830e-01]
[fjt] err=[-0.001 -0.118  0.007 -0.     0.161  0.    -0.003]
[fjt] names=['panda_joint1', 'panda_joint2', 'panda_joint3', 'panda_joint4', 'panda_joint5', 'panda_joint6', 'panda_joint7'] pts=1
[fjt] times[0..2]=[0. 3.] times[-3:]=[0. 3.]
[fjt] goal=[ 0.    -0.161  0.    -2.445  0.     2.227  0.785]
[fjt] final=[-0.000e+00 -1.620e-01  1.000e-03 -2.445e+00  2.000e-03  2.227e+00
  7.830e-01]
[fjt] err=[-0.    -0.001  0.001 -0.     0.002  0.    -0.002]
[fjt] names=['panda_joint1', 'panda_joint2', 'panda_joint3', 'panda_joint4', 'panda_joint5', 'panda_joint6', 'panda_joint7'] pts=1
[fjt] times[0..2]=[0. 4.] times[-3:]=[0. 4.]
[fjt] goal=[ 0.167 -0.63   0.132 -2.933  0.105  2.304  0.99 ]
[fjt] final=[ 0.167 -0.629  0.131 -2.931  0.103  2.302  0.987]
[fjt] err=[-0.     0.001 -0.001  0.001 -0.002 -0.002 -0.002]
[fjt] names=['panda_joint1', 'panda_joint2', 'panda_joint3', 'panda_joint4', 'panda_joint5', 'panda_joint6', 'panda_joint7'] pts=1
[fjt] times[0..2]=[0.  2.5] times[-3:]=[0.  2.5]
[fjt] goal=[ 0.156 -0.395  0.146 -2.99   0.108  2.596  0.984]
[fjt] final=[ 0.157 -0.396  0.145 -2.989  0.107  2.594  0.986]
[fjt] err=[ 0.    -0.001 -0.001  0.001 -0.002 -0.002  0.002]
[fjt] names=['panda_joint1', 'panda_joint2', 'panda_joint3', 'panda_joint4', 'panda_joint5', 'panda_joint6', 'panda_joint7'] pts=1
[fjt] times[0..2]=[0.  2.5] times[-3:]=[0.  2.5]
[fjt] goal=[ 0.12  -0.086  0.171 -2.993  0.063  2.907  1.015]
[fjt] final=[ 0.121 -0.087  0.171 -2.992  0.065  2.905  1.012]
[fjt] err=[ 0.    -0.001 -0.001  0.001  0.002 -0.002 -0.003]
[fjt] names=['panda_joint1', 'panda_joint2', 'panda_joint3', 'panda_joint4', 'panda_joint5', 'panda_joint6', 'panda_joint7'] pts=1
[fjt] times[0..2]=[0.  2.5] times[-3:]=[0.  2.5]
[fjt] goal=[ 0.133 -0.718  0.143 -2.846  0.111  2.13   0.967]
[fjt] final=[ 0.133 -0.625  0.144 -2.848  0.11   2.376  0.97 ]
[fjt] err=[-0.     0.093  0.001 -0.002 -0.001  0.245  0.003]
[fjt] names=['panda_joint1', 'panda_joint2', 'panda_joint3', 'panda_joint4', 'panda_joint5', 'panda_joint6', 'panda_joint7'] pts=1
[fjt] times[0..2]=[0.  2.5] times[-3:]=[0.  2.5]
[fjt] goal=[ 0.133 -0.718  0.143 -2.846  0.111  2.13   0.967]
[fjt] final=[ 0.133 -0.718  0.144 -2.848  0.11   2.132  0.97 ]
[fjt] err=[-0.     0.001  0.001 -0.002 -0.001  0.002  0.002]
[fjt] names=['panda_joint1', 'panda_joint2', 'panda_joint3', 'panda_joint4', 'panda_joint5', 'panda_joint6', 'panda_joint7'] pts=1
[fjt] times[0..2]=[0. 3.] times[-3:]=[0. 3.]
[fjt] goal=[ 0.194  0.211  0.408 -1.943 -0.098  2.134  1.433]
[fjt] final=[ 0.194 -0.094  0.408 -2.24  -0.097  2.133  1.43 ]
[fjt] err=[-0.    -0.305 -0.001 -0.297  0.001 -0.001 -0.003]
[fjt] names=['panda_joint1', 'panda_joint2', 'panda_joint3', 'panda_joint4', 'panda_joint5', 'panda_joint6', 'panda_joint7'] pts=1
[fjt] times[0..2]=[0. 3.] times[-3:]=[0. 3.]
[fjt] goal=[ 0.194  0.211  0.408 -1.943 -0.098  2.134  1.433]
[fjt] final=[ 0.194  0.21   0.408 -1.944 -0.097  2.133  1.43 ]
[fjt] err=[-0.    -0.    -0.    -0.002  0.001 -0.001 -0.002]
[fjt] names=['panda_joint1', 'panda_joint2', 'panda_joint3', 'panda_joint4', 'panda_joint5', 'panda_joint6', 'panda_joint7'] pts=1
[fjt] times[0..2]=[0.  2.5] times[-3:]=[0.  2.5]
[fjt] goal=[ 0.237  0.449  0.351 -2.035 -0.235  2.447  1.523]
[fjt] final=[ 0.237  0.449  0.352 -2.035 -0.234  2.444  1.521]
[fjt] err=[-0.     0.     0.001  0.     0.002 -0.002 -0.002]
[fjt] names=['panda_joint1', 'panda_joint2', 'panda_joint3', 'panda_joint4', 'panda_joint5', 'panda_joint6', 'panda_joint7'] pts=1
[fjt] times[0..2]=[0.  2.5] times[-3:]=[0.  2.5]
[fjt] goal=[ 0.15   0.193  0.456 -1.917 -0.097  2.088  1.432]
[fjt] final=[ 0.151  0.193  0.455 -1.918 -0.099  2.09   1.434]
[fjt] err=[ 0.     0.    -0.001 -0.001 -0.002  0.002  0.002]
[fjt] names=['panda_joint1', 'panda_joint2', 'panda_joint3', 'panda_joint4', 'panda_joint5', 'panda_joint6', 'panda_joint7'] pts=1
[fjt] times[0..2]=[0. 4.] times[-3:]=[0. 4.]
[fjt] goal=[ 0.    -0.161  0.    -2.445  0.     2.227  0.785]
[fjt] final=[ 0.000e+00 -1.600e-01  1.000e-03 -2.443e+00 -1.000e-03  2.225e+00
  7.880e-01]
[fjt] err=[ 0.     0.001  0.001  0.001 -0.001 -0.002  0.003]
