[robosuite WARNING] No private macro file found! (__init__.py:7)
[robosuite WARNING] It is recommended to use a private macro file (__init__.py:8)
[robosuite WARNING] To setup, run: python /storage/home/yehe8/.openrua/simulators/cap-x/capx/third_party/libero_dependencies/robosuite/robosuite/scripts/setup_macros.py (__init__.py:9)
Gym has been unmaintained since 2022 and does not support NumPy 2.0 amongst other critical functionality.
Please upgrade to Gymnasium, the maintained drop-in replacement of Gym, or contact the authors of your software and request that they upgrade.
See the migration guide at https://gymnasium.farama.org/introduction/migration_guide/ for additional information.
[info] Using default task order for benchmark 'libero_10_swap' (10 tasks).
[Warning]: datasets path /storage/home/yehe8/.openrua/simulators/cap-x/capx/third_party/LIBERO-PRO/libero/datasets does not exist!
[Warning]: datasets path /storage/home/yehe8/.openrua/simulators/cap-x/capx/third_party/LIBERO-PRO/libero/datasets does not exist!
robot ready
[Warning]: datasets path /storage/home/yehe8/.openrua/simulators/cap-x/capx/third_party/LIBERO-PRO/libero/datasets does not exist!
[fjt] names=['panda_joint1', 'panda_joint2', 'panda_joint3', 'panda_joint4', 'panda_joint5', 'panda_joint6', 'panda_joint7'] pts=1
[fjt] times[0..2]=[0. 3.] times[-3:]=[0. 3.]
[fjt] goal=[-0.183  0.533 -0.133 -1.829  0.096  2.356 -0.366]
[fjt] final=[-0.183  0.454 -0.133 -1.845  0.095  2.354  0.192]
[fjt] err=[ 0.    -0.079  0.    -0.016 -0.001 -0.002  0.558]
[fjt] names=['panda_joint1', 'panda_joint2', 'panda_joint3', 'panda_joint4', 'panda_joint5', 'panda_joint6', 'panda_joint7'] pts=1
[fjt] times[0..2]=[0.  2.5] times[-3:]=[0.  2.5]
[fjt] goal=[-0.262  0.765 -0.044 -1.788  0.055  2.552 -0.341]
[fjt] final=[-0.262  0.747 -0.04  -1.762  0.064  2.547 -0.272]
[fjt] err=[ 0.001 -0.018  0.005  0.026  0.009 -0.005  0.069]
[fjt] names=['panda_joint1', 'panda_joint2', 'panda_joint3', 'panda_joint4', 'panda_joint5', 'panda_joint6', 'panda_joint7'] pts=1
[fjt] times[0..2]=[0.  2.5] times[-3:]=[0.  2.5]
[fjt] goal=[-0.261  0.465 -0.05  -1.818  0.029  2.282 -0.324]
[fjt] final=[-0.261  0.466 -0.049 -1.817  0.031  2.284 -0.322]
[fjt] err=[-0.     0.001  0.001  0.001  0.001  0.002  0.002]
[fjt] names=['panda_joint1', 'panda_joint2', 'panda_joint3', 'panda_joint4', 'panda_joint5', 'panda_joint6', 'panda_joint7'] pts=1
[fjt] times[0..2]=[0.  2.5] times[-3:]=[0.  2.5]
[fjt] goal=[-0.265  0.609 -0.044 -1.815  0.038  2.423 -0.33 ]
[fjt] final=[-0.265  0.608 -0.044 -1.815  0.036  2.421 -0.327]
[fjt] err=[ 0.    -0.001 -0.001 -0.001 -0.001 -0.002  0.002]
[fjt] names=['panda_joint1', 'panda_joint2', 'panda_joint3', 'panda_joint4', 'panda_joint5', 'panda_joint6', 'panda_joint7'] pts=1
[fjt] times[0..2]=[0. 2.] times[-3:]=[0. 2.]
[fjt] goal=[-0.271  0.772 -0.036 -1.774  0.045  2.545 -0.334]
[fjt] final=[-0.271  0.77  -0.038 -1.774  0.043  2.544 -0.332]
[fjt] err=[-0.    -0.002 -0.002  0.    -0.002 -0.002  0.002]
[fjt] names=['panda_joint1', 'panda_joint2', 'panda_joint3', 'panda_joint4', 'panda_joint5', 'panda_joint6', 'panda_joint7'] pts=1
[fjt] times[0..2]=[0.  2.5] times[-3:]=[0.  2.5]
[fjt] goal=[-0.262  0.537 -0.047 -1.815  0.034  2.352 -0.327]
[fjt] final=[-0.263  0.538 -0.047 -1.815  0.036  2.354 -0.33 ]
[fjt] err=[-0.     0.001  0.001  0.001  0.001  0.002 -0.002]
[fjt] names=['panda_joint1', 'panda_joint2', 'panda_joint3', 'panda_joint4', 'panda_joint5', 'panda_joint6', 'panda_joint7'] pts=1
[fjt] times[0..2]=[0. 2.] times[-3:]=[0. 2.]
[fjt] goal=[-0.255  0.336 -0.058 -1.689  0.021  2.024 -0.319]
[fjt] final=[-0.256  0.336 -0.057 -1.69   0.023  2.026 -0.321]
[fjt] err=[-0.     0.     0.001 -0.001  0.001  0.002 -0.002]
[fjt] names=['panda_joint1', 'panda_joint2', 'panda_joint3', 'panda_joint4', 'panda_joint5', 'panda_joint6', 'panda_joint7'] pts=1
[fjt] times[0..2]=[0. 3.] times[-3:]=[0. 3.]
[fjt] goal=[ 0.279  0.032  0.194 -1.998 -0.007  2.029  0.477]
[fjt] final=[ 0.278  0.033  0.194 -1.996 -0.006  2.027  0.282]
[fjt] err=[-0.001  0.001 -0.     0.001  0.001 -0.002 -0.194]
[fjt] names=['panda_joint1', 'panda_joint2', 'panda_joint3', 'panda_joint4', 'panda_joint5', 'panda_joint6', 'panda_joint7'] pts=1
[fjt] times[0..2]=[0.  1.5] times[-3:]=[0.  1.5]
[fjt] goal=[ 0.279  0.032  0.194 -1.998 -0.007  2.029  0.477]
[fjt] final=[ 0.279  0.033  0.194 -1.996 -0.006  2.027  0.474]
[fjt] err=[-0.     0.001 -0.     0.001  0.001 -0.002 -0.003]
[fjt] names=['panda_joint1', 'panda_joint2', 'panda_joint3', 'panda_joint4', 'panda_joint5', 'panda_joint6', 'panda_joint7'] pts=1
[fjt] times[0..2]=[0. 2.] times[-3:]=[0. 2.]
[fjt] goal=[ 0.284  0.175  0.192 -2.145 -0.045  2.316  0.503]
[fjt] final=[ 0.283  0.174  0.192 -2.144 -0.043  2.313  0.501]
[fjt] err=[-0.    -0.     0.001  0.001  0.002 -0.002 -0.002]
[fjt] names=['panda_joint1', 'panda_joint2', 'panda_joint3', 'panda_joint4', 'panda_joint5', 'panda_joint6', 'panda_joint7'] pts=1
[fjt] times[0..2]=[0. 2.] times[-3:]=[0. 2.]
[fjt] goal=[ 0.267  0.018  0.206 -1.962 -0.004  1.98   0.475]
[fjt] final=[ 0.267  0.019  0.205 -1.963 -0.006  1.982  0.477]
[fjt] err=[ 0.001  0.    -0.001 -0.001 -0.002  0.003  0.002]
[fjt] names=['panda_joint1', 'panda_joint2', 'panda_joint3', 'panda_joint4', 'panda_joint5', 'panda_joint6', 'panda_joint7'] pts=1
[fjt] times[0..2]=[0. 3.] times[-3:]=[0. 3.]
[fjt] goal=[-0.721 -0.471  0.339 -2.831  0.219  2.371 -0.575]
[fjt] final=[-0.358 -0.471  0.339 -2.575  0.218  2.37  -0.126]
[fjt] err=[ 0.363  0.001 -0.001  0.256 -0.001 -0.001  0.448]
[fjt] names=['panda_joint1', 'panda_joint2', 'panda_joint3', 'panda_joint4', 'panda_joint5', 'panda_joint6', 'panda_joint7'] pts=1
[fjt] times[0..2]=[0.  1.5] times[-3:]=[0.  1.5]
[fjt] goal=[-0.721 -0.471  0.339 -2.831  0.219  2.371 -0.575]
[fjt] final=[-0.713 -0.471  0.339 -2.83   0.218  2.371 -0.494]
[fjt] err=[ 0.009  0.    -0.001  0.001 -0.001 -0.     0.081]
[fjt] names=['panda_joint1', 'panda_joint2', 'panda_joint3', 'panda_joint4', 'panda_joint5', 'panda_joint6', 'panda_joint7'] pts=1
[fjt] times[0..2]=[0.  1.5] times[-3:]=[0.  1.5]
[fjt] goal=[-0.721 -0.471  0.339 -2.831  0.219  2.371 -0.575]
[fjt] final=[-0.721 -0.471  0.339 -2.83   0.218  2.371 -0.572]
[fjt] err=[ 0.     0.    -0.001  0.001 -0.001 -0.     0.002]
[fjt] names=['panda_joint1', 'panda_joint2', 'panda_joint3', 'panda_joint4', 'panda_joint5', 'panda_joint6', 'panda_joint7'] pts=1
[fjt] times[0..2]=[0.  2.5] times[-3:]=[0.  2.5]
[fjt] goal=[-0.612  0.231  0.114 -2.836 -0.328  3.061 -0.174]
[fjt] final=[-0.613  0.008  0.113 -2.834 -0.287  2.844 -0.171]
[fjt] err=[-0.001 -0.223 -0.001  0.002  0.041 -0.217  0.003]
[fjt] names=['panda_joint1', 'panda_joint2', 'panda_joint3', 'panda_joint4', 'panda_joint5', 'panda_joint6', 'panda_joint7'] pts=1
[fjt] times[0..2]=[0.  1.5] times[-3:]=[0.  1.5]
[fjt] goal=[-0.612  0.231  0.114 -2.836 -0.328  3.061 -0.174]
[fjt] final=[-0.614  0.007  0.108 -2.841 -0.321  2.883 -0.176]
[fjt] err=[-0.002 -0.223 -0.006 -0.005  0.007 -0.178 -0.002]
[fjt] names=['panda_joint1', 'panda_joint2', 'panda_joint3', 'panda_joint4', 'panda_joint5', 'panda_joint6', 'panda_joint7'] pts=1
[fjt] times[0..2]=[0.  1.5] times[-3:]=[0.  1.5]
[fjt] goal=[-0.612  0.231  0.114 -2.836 -0.328  3.061 -0.174]
[fjt] final=[-0.615  0.007  0.104 -2.846 -0.325  2.913 -0.18 ]
[fjt] err=[-0.003 -0.223 -0.01  -0.01   0.003 -0.148 -0.006]
[fjt] names=['panda_joint1', 'panda_joint2', 'panda_joint3', 'panda_joint4', 'panda_joint5', 'panda_joint6', 'panda_joint7'] pts=1
[fjt] times[0..2]=[0.  1.5] times[-3:]=[0.  1.5]
[fjt] goal=[-0.612  0.231  0.114 -2.836 -0.328  3.061 -0.174]
[fjt] final=[-0.616  0.011  0.1   -2.847 -0.328  2.936 -0.183]
[fjt] err=[-0.004 -0.22  -0.014 -0.011  0.    -0.125 -0.009]
[fjt] names=['panda_joint1', 'panda_joint2', 'panda_joint3', 'panda_joint4', 'panda_joint5', 'panda_joint6', 'panda_joint7'] pts=1
[fjt] times[0..2]=[0.  2.5] times[-3:]=[0.  2.5]
[fjt] goal=[-0.511 -0.479  0.078 -2.797  0.049  2.319 -0.475]
[fjt] final=[-0.512 -0.478  0.079 -2.798  0.047  2.39  -0.473]
[fjt] err=[-0.     0.001  0.001 -0.001 -0.002  0.071  0.003]
[fjt] names=['panda_joint1', 'panda_joint2', 'panda_joint3', 'panda_joint4', 'panda_joint5', 'panda_joint6', 'panda_joint7'] pts=1
[fjt] times[0..2]=[0.  1.5] times[-3:]=[0.  1.5]
[fjt] goal=[-0.511 -0.479  0.078 -2.797  0.049  2.319 -0.475]
[fjt] final=[-0.512 -0.478  0.079 -2.798  0.048  2.321 -0.473]
[fjt] err=[-0.     0.     0.001 -0.001 -0.001  0.002  0.002]
[fjt] names=['panda_joint1', 'panda_joint2', 'panda_joint3', 'panda_joint4', 'panda_joint5', 'panda_joint6', 'panda_joint7'] pts=1
[fjt] times[0..2]=[0.  2.5] times[-3:]=[0.  2.5]
[fjt] goal=[-0.499 -0.391  0.098 -2.85   0.059  2.459 -0.454]
[fjt] final=[-0.499 -0.392  0.098 -2.849  0.058  2.457 -0.456]
[fjt] err=[-0.    -0.    -0.001  0.001 -0.001 -0.002 -0.002]
[fjt] names=['panda_joint1', 'panda_joint2', 'panda_joint3', 'panda_joint4', 'panda_joint5', 'panda_joint6', 'panda_joint7'] pts=9
[fjt] times[0..2]=[0.  0.5 1. ] times[-3:]=[3.5 4.  4.5]
[fjt] goal=[-0.491  0.228  0.045 -2.839 -0.135  3.066 -0.313]
[fjt] final=[-0.492  0.152  0.049 -2.868 -0.135  3.053 -0.317]
[fjt] err=[-0.    -0.077  0.004 -0.03   0.    -0.013 -0.005]
[fjt] names=['panda_joint1', 'panda_joint2', 'panda_joint3', 'panda_joint4', 'panda_joint5', 'panda_joint6', 'panda_joint7'] pts=1
[fjt] times[0..2]=[0.   2.25] times[-3:]=[0.   2.25]
[fjt] goal=[-0.491  0.228  0.045 -2.839 -0.135  3.066 -0.313]
[fjt] final=[-0.492  0.155  0.049 -2.864 -0.135  3.055 -0.317]
[fjt] err=[-0.    -0.074  0.004 -0.025  0.    -0.011 -0.004]
[fjt] names=['panda_joint1', 'panda_joint2', 'panda_joint3', 'panda_joint4', 'panda_joint5', 'panda_joint6', 'panda_joint7'] pts=1
[fjt] times[0..2]=[0.  1.5] times[-3:]=[0.  1.5]
[fjt] goal=[-0.491  0.228  0.045 -2.839 -0.135  3.066 -0.313]
[fjt] final=[-0.492  0.157  0.049 -2.86  -0.135  3.055 -0.317]
[fjt] err=[-0.    -0.072  0.004 -0.022  0.    -0.011 -0.004]
[fjt] names=['panda_joint1', 'panda_joint2', 'panda_joint3', 'panda_joint4', 'panda_joint5', 'panda_joint6', 'panda_joint7'] pts=1
[fjt] times[0..2]=[0.  1.5] times[-3:]=[0.  1.5]
[fjt] goal=[-0.491  0.228  0.045 -2.839 -0.135  3.066 -0.313]
[fjt] final=[-0.492  0.158  0.049 -2.857 -0.135  3.056 -0.317]
[fjt] err=[-0.    -0.07   0.004 -0.018  0.    -0.01  -0.004]
[fjt] names=['panda_joint1', 'panda_joint2', 'panda_joint3', 'panda_joint4', 'panda_joint5', 'panda_joint6', 'panda_joint7'] pts=1
[fjt] times[0..2]=[0.  0.5] times[-3:]=[0.  0.5]
[fjt] goal=[-0.546  0.114  0.114 -2.863 -0.079  2.976 -0.355]
[fjt] final=[-0.545  0.115  0.113 -2.862 -0.081  2.978 -0.353]
[fjt] err=[ 0.001  0.001 -0.001  0.001 -0.002  0.002  0.003]
[fjt] names=['panda_joint1', 'panda_joint2', 'panda_joint3', 'panda_joint4', 'panda_joint5', 'panda_joint6', 'panda_joint7'] pts=7
[fjt] times[0..2]=[0.  0.5 1. ] times[-3:]=[2.5 3.  3.5]
[fjt] goal=[-0.545 -0.393  0.15  -2.849  0.091  2.458 -0.477]
[fjt] final=[-0.546 -0.393  0.151 -2.851  0.09   2.46  -0.474]
[fjt] err=[-0.     0.001  0.001 -0.002 -0.001  0.002  0.002]
[fjt] names=['panda_joint1', 'panda_joint2', 'panda_joint3', 'panda_joint4', 'panda_joint5', 'panda_joint6', 'panda_joint7'] pts=7
[fjt] times[0..2]=[0.  0.5 1. ] times[-3:]=[2.5 3.  3.5]
[fjt] goal=[-0.543 -0.621  0.124 -2.677  0.082  2.058 -0.481]
[fjt] final=[-0.543 -0.62   0.125 -2.679  0.083  2.061 -0.479]
[fjt] err=[ 0.     0.001  0.001 -0.002  0.001  0.002  0.002]
[fjt] names=['panda_joint1', 'panda_joint2', 'panda_joint3', 'panda_joint4', 'panda_joint5', 'panda_joint6', 'panda_joint7'] pts=1
[fjt] times[0..2]=[0. 3.] times[-3:]=[0. 3.]
[fjt] goal=[-0.533  0.059  1.021 -1.997 -0.056  2.028  0.512]
[fjt] final=[-5.330e-01 -2.000e-03  7.470e-01 -2.082e+00 -5.500e-02  2.029e+00
  1.230e-01]
[fjt] err=[-0.    -0.062 -0.274 -0.085  0.001  0.001 -0.389]
[fjt] names=['panda_joint1', 'panda_joint2', 'panda_joint3', 'panda_joint4', 'panda_joint5', 'panda_joint6', 'panda_joint7'] pts=1
[fjt] times[0..2]=[0.  1.5] times[-3:]=[0.  1.5]
[fjt] goal=[-0.533  0.059  1.021 -1.997 -0.056  2.028  0.512]
[fjt] final=[-0.533  0.059  1.02  -1.999 -0.056  2.029  0.481]
[fjt] err=[-0.    -0.001 -0.001 -0.002  0.001  0.001 -0.032]
[fjt] names=['panda_joint1', 'panda_joint2', 'panda_joint3', 'panda_joint4', 'panda_joint5', 'panda_joint6', 'panda_joint7'] pts=1
[fjt] times[0..2]=[0.  1.5] times[-3:]=[0.  1.5]
[fjt] goal=[-0.533  0.059  1.021 -1.997 -0.056  2.028  0.512]
[fjt] final=[-0.533  0.059  1.02  -1.999 -0.056  2.029  0.51 ]
[fjt] err=[-0.    -0.    -0.001 -0.002  0.001  0.001 -0.002]
[fjt] names=['panda_joint1', 'panda_joint2', 'panda_joint3', 'panda_joint4', 'panda_joint5', 'panda_joint6', 'panda_joint7'] pts=7
[fjt] times[0..2]=[0.  0.5 1. ] times[-3:]=[2.5 3.  3.5]
[fjt] goal=[-0.414  0.329  0.911 -2.147 -0.357  2.321  0.718]
[fjt] final=[-0.415  0.329  0.911 -2.147 -0.355  2.319  0.716]
[fjt] err=[-0.    -0.     0.001  0.     0.002 -0.002 -0.002]
[fjt] names=['panda_joint1', 'panda_joint2', 'panda_joint3', 'panda_joint4', 'panda_joint5', 'panda_joint6', 'panda_joint7'] pts=9
[fjt] times[0..2]=[0.  0.5 1. ] times[-3:]=[3.5 4.  4.5]
[fjt] goal=[-0.564  0.014  1.041 -1.923 -0.013  1.931  0.481]
[fjt] final=[-0.564  0.015  1.041 -1.924 -0.015  1.933  0.484]
[fjt] err=[ 0.     0.001  0.    -0.001 -0.002  0.002  0.002]
[fjt] names=['panda_joint1', 'panda_joint2', 'panda_joint3', 'panda_joint4', 'panda_joint5', 'panda_joint6', 'panda_joint7'] pts=1
[fjt] times[0..2]=[0. 3.] times[-3:]=[0. 3.]
[fjt] goal=[-0.5   -1.043  0.316 -2.589  0.272  1.568 -0.336]
[fjt] final=[-0.5   -0.609  0.429 -2.531  0.27   1.569 -0.116]
[fjt] err=[-0.     0.435  0.112  0.058 -0.002  0.002  0.22 ]
[fjt] names=['panda_joint1', 'panda_joint2', 'panda_joint3', 'panda_joint4', 'panda_joint5', 'panda_joint6', 'panda_joint7'] pts=1
[fjt] times[0..2]=[0.  1.5] times[-3:]=[0.  1.5]
[fjt] goal=[-0.5   -1.043  0.316 -2.589  0.272  1.568 -0.336]
[fjt] final=[-0.5   -0.985  0.317 -2.588  0.272  1.567 -0.333]
[fjt] err=[-0.     0.058  0.001  0.    -0.001 -0.     0.002]
[fjt] names=['panda_joint1', 'panda_joint2', 'panda_joint3', 'panda_joint4', 'panda_joint5', 'panda_joint6', 'panda_joint7'] pts=1
[fjt] times[0..2]=[0.  1.5] times[-3:]=[0.  1.5]
[fjt] goal=[-0.5   -1.043  0.316 -2.589  0.272  1.568 -0.336]
[fjt] final=[-0.5   -1.043  0.317 -2.588  0.272  1.567 -0.334]
[fjt] err=[-0.     0.001  0.001  0.    -0.001 -0.     0.002]
