[robosuite WARNING] No private macro file found! (__init__.py:7)
[robosuite WARNING] It is recommended to use a private macro file (__init__.py:8)
[robosuite WARNING] To setup, run: python /storage/home/yehe8/.openrua/simulators/cap-x/capx/third_party/libero_dependencies/robosuite/robosuite/scripts/setup_macros.py (__init__.py:9)
Gym has been unmaintained since 2022 and does not support NumPy 2.0 amongst other critical functionality.
Please upgrade to Gymnasium, the maintained drop-in replacement of Gym, or contact the authors of your software and request that they upgrade.
See the migration guide at https://gymnasium.farama.org/introduction/migration_guide/ for additional information.
[info] Using default task order for benchmark 'libero_10_swap' (10 tasks).
[Warning]: datasets path /storage/home/yehe8/.openrua/simulators/cap-x/capx/third_party/LIBERO-PRO/libero/datasets does not exist!
[Warning]: datasets path /storage/home/yehe8/.openrua/simulators/cap-x/capx/third_party/LIBERO-PRO/libero/datasets does not exist!
robot ready
[Warning]: datasets path /storage/home/yehe8/.openrua/simulators/cap-x/capx/third_party/LIBERO-PRO/libero/datasets does not exist!
[fjt] names=['panda_joint1', 'panda_joint2', 'panda_joint3', 'panda_joint4', 'panda_joint5', 'panda_joint6', 'panda_joint7'] pts=1
[fjt] times[0..2]=[0. 4.] times[-3:]=[0. 4.]
[fjt] goal=[-0.19  -0.148 -0.26  -2.511 -0.054  2.367  0.377]
[fjt] final=[-0.19  -0.149 -0.259 -2.511 -0.053  2.365  0.379]
[fjt] err=[ 0.    -0.     0.001  0.001  0.001 -0.002  0.002]
[fjt] names=['panda_joint1', 'panda_joint2', 'panda_joint3', 'panda_joint4', 'panda_joint5', 'panda_joint6', 'panda_joint7'] pts=1
[fjt] times[0..2]=[0.  2.5] times[-3:]=[0.  2.5]
[fjt] goal=[-0.182 -0.023 -0.269 -2.529 -0.01   2.507  0.343]
[fjt] final=[-0.182 -0.023 -0.268 -2.528 -0.012  2.505  0.345]
[fjt] err=[-0.    -0.     0.001  0.001 -0.002 -0.002  0.003]
[fjt] names=['panda_joint1', 'panda_joint2', 'panda_joint3', 'panda_joint4', 'panda_joint5', 'panda_joint6', 'panda_joint7'] pts=1
[fjt] times[0..2]=[0.  2.5] times[-3:]=[0.  2.5]
[fjt] goal=[-0.182  0.18  -0.251 -2.541  0.107  2.713  0.258]
[fjt] final=[-0.182  0.179 -0.252 -2.54   0.105  2.711  0.261]
[fjt] err=[-0.    -0.    -0.001  0.001 -0.002 -0.002  0.002]
[fjt] names=['panda_joint1', 'panda_joint2', 'panda_joint3', 'panda_joint4', 'panda_joint5', 'panda_joint6', 'panda_joint7'] pts=1
[fjt] times[0..2]=[0.  2.5] times[-3:]=[0.  2.5]
[fjt] goal=[-0.024 -0.229 -0.417 -2.435 -0.116  2.222  0.424]
[fjt] final=[-0.025 -0.229 -0.417 -2.436 -0.114  2.229  0.422]
[fjt] err=[-0.001  0.001  0.001 -0.001  0.002  0.007 -0.002]
[fjt] names=['panda_joint1', 'panda_joint2', 'panda_joint3', 'panda_joint4', 'panda_joint5', 'panda_joint6', 'panda_joint7'] pts=1
[fjt] times[0..2]=[0. 3.] times[-3:]=[0. 3.]
[fjt] goal=[-0.047  0.183 -0.567 -1.995  0.117  2.147  0.115]
[fjt] final=[-0.047  0.182 -0.566 -1.997  0.115  2.149  0.118]
[fjt] err=[ 0.    -0.001  0.001 -0.002 -0.002  0.002  0.003]
[fjt] names=['panda_joint1', 'panda_joint2', 'panda_joint3', 'panda_joint4', 'panda_joint5', 'panda_joint6', 'panda_joint7'] pts=1
[fjt] times[0..2]=[0.  2.5] times[-3:]=[0.  2.5]
[fjt] goal=[-0.12   0.461 -0.473 -2.083  0.333  2.473 -0.029]
[fjt] final=[-0.119  0.461 -0.474 -2.083  0.331  2.47  -0.026]
[fjt] err=[ 0.    -0.    -0.001  0.001 -0.002 -0.002  0.002]
[fjt] names=['panda_joint1', 'panda_joint2', 'panda_joint3', 'panda_joint4', 'panda_joint5', 'panda_joint6', 'panda_joint7'] pts=1
[fjt] times[0..2]=[0.  2.5] times[-3:]=[0.  2.5]
[fjt] goal=[-0.008  0.216 -0.608 -2.018  0.151  2.191  0.092]
[fjt] final=[-0.009  0.217 -0.607 -2.019  0.153  2.193  0.09 ]
[fjt] err=[-0.     0.     0.001 -0.001  0.002  0.002 -0.002]
[fjt] names=['panda_joint1', 'panda_joint2', 'panda_joint3', 'panda_joint4', 'panda_joint5', 'panda_joint6', 'panda_joint7'] pts=1
[fjt] times[0..2]=[0. 4.] times[-3:]=[0. 4.]
[fjt] goal=[-0.263 -0.831  0.604 -2.937  0.521  2.137  0.659]
[fjt] final=[-0.263 -0.561  0.169 -2.789  0.52   2.139  0.658]
[fjt] err=[ 0.     0.27  -0.435  0.148 -0.001  0.002 -0.001]
[fjt] names=['panda_joint1', 'panda_joint2', 'panda_joint3', 'panda_joint4', 'panda_joint5', 'panda_joint6', 'panda_joint7'] pts=1
[fjt] times[0..2]=[0. 5.] times[-3:]=[0. 5.]
[fjt] goal=[-0.263 -0.831  0.604 -2.937  0.521  2.137  0.659]
[fjt] final=[-0.263 -0.83   0.603 -2.936  0.52   2.138  0.658]
[fjt] err=[-0.     0.001 -0.001  0.001 -0.001  0.001 -0.001]
[fjt] names=['panda_joint1', 'panda_joint2', 'panda_joint3', 'panda_joint4', 'panda_joint5', 'panda_joint6', 'panda_joint7'] pts=1
[fjt] times[0..2]=[0. 3.] times[-3:]=[0. 3.]
[fjt] goal=[-0.263 -0.629  0.728 -2.985  0.61   2.39   0.674]
[fjt] final=[-0.263 -0.629  0.726 -2.985  0.609  2.388  0.672]
[fjt] err=[ 0.    -0.001 -0.001  0.001 -0.002 -0.002 -0.002]
[fjt] names=['panda_joint1', 'panda_joint2', 'panda_joint3', 'panda_joint4', 'panda_joint5', 'panda_joint6', 'panda_joint7'] pts=1
[fjt] times[0..2]=[0. 3.] times[-3:]=[0. 3.]
[fjt] goal=[-0.435 -0.209  0.924 -3.008  0.577  2.834  0.709]
[fjt] final=[-0.434 -0.209  0.923 -3.007  0.579  2.832  0.706]
[fjt] err=[ 0.    -0.001 -0.001  0.001  0.002 -0.002 -0.003]
[fjt] names=['panda_joint1', 'panda_joint2', 'panda_joint3', 'panda_joint4', 'panda_joint5', 'panda_joint6', 'panda_joint7'] pts=1
[fjt] times[0..2]=[0. 3.] times[-3:]=[0. 3.]
[fjt] goal=[-0.308 -0.912  0.619 -2.852  0.525  1.985  0.659]
[fjt] final=[-0.309 -0.825  0.62  -2.853  0.527  2.223  0.661]
[fjt] err=[-0.     0.087  0.001 -0.002  0.002  0.239  0.002]
[fjt] names=['panda_joint1', 'panda_joint2', 'panda_joint3', 'panda_joint4', 'panda_joint5', 'panda_joint6', 'panda_joint7'] pts=1
[fjt] times[0..2]=[0. 4.] times[-3:]=[0. 4.]
[fjt] goal=[-0.308 -0.912  0.619 -2.852  0.525  1.985  0.659]
[fjt] final=[-0.309 -0.912  0.62  -2.853  0.527  1.987  0.661]
[fjt] err=[-0.     0.001  0.001 -0.002  0.002  0.002  0.002]
[fjt] names=['panda_joint1', 'panda_joint2', 'panda_joint3', 'panda_joint4', 'panda_joint5', 'panda_joint6', 'panda_joint7'] pts=1
[fjt] times[0..2]=[0. 4.] times[-3:]=[0. 4.]
[fjt] goal=[-0.304  0.517  1.072 -1.797 -0.5    2.01   1.721]
[fjt] final=[-0.304 -0.125  1.072 -2.089 -0.223  2.008  1.416]
[fjt] err=[-0.    -0.642 -0.    -0.292  0.277 -0.002 -0.305]
[fjt] names=['panda_joint1', 'panda_joint2', 'panda_joint3', 'panda_joint4', 'panda_joint5', 'panda_joint6', 'panda_joint7'] pts=1
[fjt] times[0..2]=[0. 4.] times[-3:]=[0. 4.]
[fjt] goal=[-0.304  0.517  1.072 -1.797 -0.5    2.01   1.721]
[fjt] final=[-0.304  0.516  1.072 -1.798 -0.499  2.009  1.719]
[fjt] err=[-0.    -0.001 -0.    -0.001  0.002 -0.001 -0.002]
[fjt] names=['panda_joint1', 'panda_joint2', 'panda_joint3', 'panda_joint4', 'panda_joint5', 'panda_joint6', 'panda_joint7'] pts=1
[fjt] times[0..2]=[0. 3.] times[-3:]=[0. 3.]
[fjt] goal=[-0.152  0.74   0.847 -1.875 -0.724  2.274  1.849]
[fjt] final=[-0.153  0.74   0.848 -1.874 -0.722  2.272  1.846]
[fjt] err=[-0.    -0.     0.     0.     0.002 -0.002 -0.002]
[fjt] names=['panda_joint1', 'panda_joint2', 'panda_joint3', 'panda_joint4', 'panda_joint5', 'panda_joint6', 'panda_joint7'] pts=1
[fjt] times[0..2]=[0. 3.] times[-3:]=[0. 3.]
[fjt] goal=[-0.297  0.511  1.062 -1.798 -0.492  2.013  1.716]
[fjt] final=[-0.297  0.511  1.062 -1.799 -0.494  2.015  1.718]
[fjt] err=[ 0.     0.    -0.001 -0.001 -0.002  0.002  0.002]
[fjt] names=['panda_joint1', 'panda_joint2', 'panda_joint3', 'panda_joint4', 'panda_joint5', 'panda_joint6', 'panda_joint7'] pts=1
[fjt] times[0..2]=[0. 4.] times[-3:]=[0. 4.]
[fjt] goal=[ 0.    -0.161  0.    -2.445  0.     2.227  0.785]
[fjt] final=[-1.000e-03 -1.600e-01  2.870e-01 -2.443e+00 -2.000e-03  2.225e+00
  9.720e-01]
[fjt] err=[-0.001  0.001  0.287  0.002 -0.002 -0.002  0.187]
[fjt] names=['panda_joint1', 'panda_joint2', 'panda_joint3', 'panda_joint4', 'panda_joint5', 'panda_joint6', 'panda_joint7'] pts=1
[fjt] times[0..2]=[0. 4.] times[-3:]=[0. 4.]
[fjt] goal=[ 0.    -0.161  0.    -2.445  0.     2.227  0.785]
[fjt] final=[-0.000e+00 -1.600e-01  1.000e-03 -2.443e+00 -1.000e-03  2.225e+00
  7.880e-01]
[fjt] err=[-0.     0.001  0.001  0.001 -0.001 -0.002  0.002]
