[robosuite WARNING] No private macro file found! (__init__.py:7)
[robosuite WARNING] It is recommended to use a private macro file (__init__.py:8)
[robosuite WARNING] To setup, run: python /storage/home/yehe8/.openrua/simulators/cap-x/capx/third_party/libero_dependencies/robosuite/robosuite/scripts/setup_macros.py (__init__.py:9)
Gym has been unmaintained since 2022 and does not support NumPy 2.0 amongst other critical functionality.
Please upgrade to Gymnasium, the maintained drop-in replacement of Gym, or contact the authors of your software and request that they upgrade.
See the migration guide at https://gymnasium.farama.org/introduction/migration_guide/ for additional information.
[info] Using default task order for benchmark 'libero_10_swap' (10 tasks).
[Warning]: datasets path /storage/home/yehe8/.openrua/simulators/cap-x/capx/third_party/LIBERO-PRO/libero/datasets does not exist!
[Warning]: datasets path /storage/home/yehe8/.openrua/simulators/cap-x/capx/third_party/LIBERO-PRO/libero/datasets does not exist!
robot ready
[Warning]: datasets path /storage/home/yehe8/.openrua/simulators/cap-x/capx/third_party/LIBERO-PRO/libero/datasets does not exist!
[fjt] names=['panda_joint1', 'panda_joint2', 'panda_joint3', 'panda_joint4', 'panda_joint5', 'panda_joint6', 'panda_joint7'] pts=1
[fjt] times[0..2]=[0. 4.] times[-3:]=[0. 4.]
[fjt] goal=[ 0.179  0.164  0.226 -2.393 -0.066  2.551  1.243]
[fjt] final=[ 0.179  0.163  0.226 -2.393 -0.064  2.55   1.24 ]
[fjt] err=[-0.    -0.001 -0.001 -0.001  0.001 -0.002 -0.003]
[fjt] names=['panda_joint1', 'panda_joint2', 'panda_joint3', 'panda_joint4', 'panda_joint5', 'panda_joint6', 'panda_joint7'] pts=1
[fjt] times[0..2]=[0. 3.] times[-3:]=[0. 3.]
[fjt] goal=[ 0.223  0.453  0.157 -2.361 -0.207  2.802  1.345]
[fjt] final=[ 0.222  0.452  0.158 -2.361 -0.205  2.8    1.342]
[fjt] err=[-0.    -0.001  0.001 -0.001  0.002 -0.002 -0.002]
[fjt] names=['panda_joint1', 'panda_joint2', 'panda_joint3', 'panda_joint4', 'panda_joint5', 'panda_joint6', 'panda_joint7'] pts=1
[fjt] times[0..2]=[0. 3.] times[-3:]=[0. 3.]
[fjt] goal=[ 0.223  0.453  0.16  -2.36  -0.205  2.801  0.55 ]
[fjt] final=[ 0.222  0.452  0.158 -2.362 -0.203  2.8    0.817]
[fjt] err=[-0.001 -0.001 -0.002 -0.002  0.001 -0.001  0.267]
[fjt] names=['panda_joint1', 'panda_joint2', 'panda_joint3', 'panda_joint4', 'panda_joint5', 'panda_joint6', 'panda_joint7'] pts=1
[fjt] times[0..2]=[0. 1.] times[-3:]=[0. 1.]
[fjt] goal=[ 0.222  0.452  0.158 -2.362 -0.203  2.8    0.817]
[fjt] final=[ 0.222  0.452  0.158 -2.362 -0.205  2.8    0.815]
[fjt] err=[-0.    -0.    -0.     0.    -0.001  0.    -0.002]
[fjt] names=['panda_joint1', 'panda_joint2', 'panda_joint3', 'panda_joint4', 'panda_joint5', 'panda_joint6', 'panda_joint7'] pts=1
[fjt] times[0..2]=[0. 3.] times[-3:]=[0. 3.]
[fjt] goal=[ 0.231  0.117  0.178 -2.387 -0.035  2.502  1.22 ]
[fjt] final=[ 0.231  0.118  0.177 -2.386 -0.036  2.504  1.218]
[fjt] err=[-0.     0.001 -0.001  0.001 -0.001  0.002 -0.002]
[fjt] names=['panda_joint1', 'panda_joint2', 'panda_joint3', 'panda_joint4', 'panda_joint5', 'panda_joint6', 'panda_joint7'] pts=1
[fjt] times[0..2]=[0. 4.] times[-3:]=[0. 4.]
[fjt] goal=[-0.38   0.451 -0.025 -1.704  0.013  2.155 -1.194]
[fjt] final=[-0.38   0.451 -0.024 -1.706  0.012  2.157  0.46 ]
[fjt] err=[ 0.000e+00 -1.000e-03  0.000e+00 -2.000e-03 -1.000e-03  2.000e-03
  1.654e+00]
[fjt] names=['panda_joint1', 'panda_joint2', 'panda_joint3', 'panda_joint4', 'panda_joint5', 'panda_joint6', 'panda_joint7'] pts=1
[fjt] times[0..2]=[0. 4.] times[-3:]=[0. 4.]
[fjt] goal=[-0.38   0.451 -0.024 -1.704  0.013  2.155 -1.194]
[fjt] final=[-0.38   0.451 -0.024 -1.705  0.012  2.157 -0.261]
[fjt] err=[-0.    -0.001  0.    -0.001 -0.001  0.002  0.933]
[fjt] names=['panda_joint1', 'panda_joint2', 'panda_joint3', 'panda_joint4', 'panda_joint5', 'panda_joint6', 'panda_joint7'] pts=1
[fjt] times[0..2]=[0. 7.] times[-3:]=[0. 7.]
[fjt] goal=[-0.38   0.451 -0.024 -1.704  0.013  2.155 -1.194]
[fjt] final=[-0.38   0.451 -0.025 -1.705  0.013  2.156 -1.192]
[fjt] err=[-0.    -0.001 -0.    -0.001 -0.     0.001  0.002]
[fjt] names=['panda_joint1', 'panda_joint2', 'panda_joint3', 'panda_joint4', 'panda_joint5', 'panda_joint6', 'panda_joint7'] pts=1
[fjt] times[0..2]=[0. 4.] times[-3:]=[0. 4.]
[fjt] goal=[-0.38   0.59  -0.021 -1.746  0.016  2.336 -1.195]
[fjt] final=[-0.38   0.589 -0.022 -1.745  0.015  2.333 -1.192]
[fjt] err=[ 0.    -0.    -0.001  0.001 -0.001 -0.002  0.002]
[fjt] names=['panda_joint1', 'panda_joint2', 'panda_joint3', 'panda_joint4', 'panda_joint5', 'panda_joint6', 'panda_joint7'] pts=1
[fjt] times[0..2]=[0. 4.] times[-3:]=[0. 4.]
[fjt] goal=[-0.382  0.724 -0.018 -1.731  0.019  2.455 -1.196]
[fjt] final=[-0.382  0.623 -0.018 -1.725  0.019  2.361 -1.194]
[fjt] err=[ 0.    -0.101 -0.     0.006 -0.    -0.094  0.002]
[fjt] names=['panda_joint1', 'panda_joint2', 'panda_joint3', 'panda_joint4', 'panda_joint5', 'panda_joint6', 'panda_joint7'] pts=1
[fjt] times[0..2]=[0. 4.] times[-3:]=[0. 4.]
[fjt] goal=[-0.38   0.478 -0.023 -1.717  0.013  2.194 -1.192]
[fjt] final=[-0.38   0.478 -0.022 -1.718  0.014  2.197 -1.194]
[fjt] err=[-0.     0.     0.001 -0.001  0.001  0.002 -0.002]
[fjt] names=['panda_joint1', 'panda_joint2', 'panda_joint3', 'panda_joint4', 'panda_joint5', 'panda_joint6', 'panda_joint7'] pts=1
[fjt] times[0..2]=[0. 3.] times[-3:]=[0. 3.]
[fjt] goal=[-0.463  0.567 -0.046 -1.571  0.029  2.138 -1.303]
[fjt] final=[-0.463  0.567 -0.046 -1.573  0.028  2.14  -1.301]
[fjt] err=[ 0.    -0.001  0.001 -0.002 -0.001  0.002  0.003]
[fjt] names=['panda_joint1', 'panda_joint2', 'panda_joint3', 'panda_joint4', 'panda_joint5', 'panda_joint6', 'panda_joint7'] pts=1
[fjt] times[0..2]=[0. 4.] times[-3:]=[0. 4.]
[fjt] goal=[-0.468  0.749 -0.039 -1.598  0.037  2.346 -1.308]
[fjt] final=[-0.467  0.749 -0.04  -1.597  0.036  2.344 -1.305]
[fjt] err=[ 0.    -0.    -0.001  0.001 -0.001 -0.002  0.002]
[fjt] names=['panda_joint1', 'panda_joint2', 'panda_joint3', 'panda_joint4', 'panda_joint5', 'panda_joint6', 'panda_joint7'] pts=1
[fjt] times[0..2]=[0. 4.] times[-3:]=[0. 4.]
[fjt] goal=[-0.463  0.534 -0.047 -1.545  0.027  2.078 -1.302]
[fjt] final=[-0.463  0.536 -0.046 -1.547  0.028  2.081 -1.304]
[fjt] err=[-0.     0.001  0.001 -0.002  0.001  0.003 -0.002]
[fjt] names=['panda_joint1', 'panda_joint2', 'panda_joint3', 'panda_joint4', 'panda_joint5', 'panda_joint6', 'panda_joint7'] pts=1
[fjt] times[0..2]=[0. 3.] times[-3:]=[0. 3.]
[fjt] goal=[-0.462  0.492 -0.049 -1.482  0.025  1.973 -1.3  ]
[fjt] final=[-0.463  0.493 -0.048 -1.484  0.026  1.975 -1.303]
[fjt] err=[-0.     0.001  0.001 -0.002  0.001  0.003 -0.002]
[fjt] names=['panda_joint1', 'panda_joint2', 'panda_joint3', 'panda_joint4', 'panda_joint5', 'panda_joint6', 'panda_joint7'] pts=1
[fjt] times[0..2]=[0. 8.] times[-3:]=[0. 8.]
[fjt] goal=[ 0.085  0.264  0.138 -1.827 -0.041  2.088 -0.547]
[fjt] final=[ 0.084  0.266  0.138 -1.827 -0.041  2.086 -0.549]
[fjt] err=[-0.     0.002 -0.001 -0.     0.001 -0.002 -0.003]
[fjt] names=['panda_joint1', 'panda_joint2', 'panda_joint3', 'panda_joint4', 'panda_joint5', 'panda_joint6', 'panda_joint7'] pts=1
[fjt] times[0..2]=[0. 5.] times[-3:]=[0. 5.]
[fjt] goal=[ 0.111  0.48   0.126 -1.923 -0.086  2.398 -0.5  ]
[fjt] final=[ 0.11   0.481  0.126 -1.923 -0.085  2.396 -0.503]
[fjt] err=[-0.     0.001  0.001 -0.     0.001 -0.002 -0.002]
[fjt] names=['panda_joint1', 'panda_joint2', 'panda_joint3', 'panda_joint4', 'panda_joint5', 'panda_joint6', 'panda_joint7'] pts=1
[fjt] times[0..2]=[0. 3.] times[-3:]=[0. 3.]
[fjt] goal=[ 0.113  0.506  0.122 -1.924 -0.09   2.424 -0.497]
[fjt] final=[ 0.112  0.501  0.12  -1.924 -0.09   2.418 -0.502]
[fjt] err=[-0.001 -0.004 -0.002 -0.     0.    -0.006 -0.004]
[fjt] names=['panda_joint1', 'panda_joint2', 'panda_joint3', 'panda_joint4', 'panda_joint5', 'panda_joint6', 'panda_joint7'] pts=1
[fjt] times[0..2]=[0. 4.] times[-3:]=[0. 4.]
[fjt] goal=[ 0.096  0.315  0.145 -1.862 -0.054  2.173 -0.52 ]
[fjt] final=[ 0.096  0.315  0.145 -1.863 -0.056  2.176 -0.518]
[fjt] err=[ 0.     0.    -0.001 -0.001 -0.001  0.002  0.002]
[fjt] names=['panda_joint1', 'panda_joint2', 'panda_joint3', 'panda_joint4', 'panda_joint5', 'panda_joint6', 'panda_joint7'] pts=1
[fjt] times[0..2]=[0. 6.] times[-3:]=[0. 6.]
[fjt] goal=[-0.096 -0.271  0.09  -2.339  0.027  2.069 -0.807]
[fjt] final=[-0.096 -0.27   0.091 -2.338  0.026  2.071 -0.805]
[fjt] err=[ 0.     0.001  0.001  0.001 -0.001  0.002  0.003]
