[robosuite WARNING] No private macro file found! (__init__.py:7)
[robosuite WARNING] It is recommended to use a private macro file (__init__.py:8)
[robosuite WARNING] To setup, run: python /storage/home/yehe8/.openrua/simulators/cap-x/capx/third_party/libero_dependencies/robosuite/robosuite/scripts/setup_macros.py (__init__.py:9)
Gym has been unmaintained since 2022 and does not support NumPy 2.0 amongst other critical functionality.
Please upgrade to Gymnasium, the maintained drop-in replacement of Gym, or contact the authors of your software and request that they upgrade.
See the migration guide at https://gymnasium.farama.org/introduction/migration_guide/ for additional information.
[info] Using default task order for benchmark 'libero_10_swap' (10 tasks).
[Warning]: datasets path /storage/home/yehe8/.openrua/simulators/cap-x/capx/third_party/LIBERO-PRO/libero/datasets does not exist!
[Warning]: datasets path /storage/home/yehe8/.openrua/simulators/cap-x/capx/third_party/LIBERO-PRO/libero/datasets does not exist!
robot ready
[Warning]: datasets path /storage/home/yehe8/.openrua/simulators/cap-x/capx/third_party/LIBERO-PRO/libero/datasets does not exist!
[fjt] names=['panda_joint1', 'panda_joint2', 'panda_joint3', 'panda_joint4', 'panda_joint5', 'panda_joint6', 'panda_joint7'] pts=1
[fjt] times[0..2]=[0. 4.] times[-3:]=[0. 4.]
[fjt] goal=[ 0.186  0.214  0.226 -2.405 -0.094  2.611  1.274]
[fjt] final=[ 0.186  0.213  0.226 -2.406 -0.093  2.61   1.271]
[fjt] err=[-0.    -0.001 -0.001 -0.001  0.002 -0.002 -0.003]
[fjt] names=['panda_joint1', 'panda_joint2', 'panda_joint3', 'panda_joint4', 'panda_joint5', 'panda_joint6', 'panda_joint7'] pts=1
[fjt] times[0..2]=[0. 2.] times[-3:]=[0. 2.]
[fjt] goal=[ 0.236  0.486  0.15  -2.359 -0.232  2.833  1.375]
[fjt] final=[ 0.235  0.485  0.151 -2.36  -0.23   2.831  1.373]
[fjt] err=[-0.    -0.001  0.001 -0.001  0.002 -0.002 -0.003]
[fjt] names=['panda_joint1', 'panda_joint2', 'panda_joint3', 'panda_joint4', 'panda_joint5', 'panda_joint6', 'panda_joint7'] pts=1
[fjt] times[0..2]=[0. 3.] times[-3:]=[0. 3.]
[fjt] goal=[ 0.236  0.486  0.153 -2.358 -0.229  2.832 -0.197]
[fjt] final=[ 0.236  0.485  0.151 -2.36  -0.228  2.831  0.839]
[fjt] err=[-0.000e+00 -1.000e-03 -3.000e-03 -2.000e-03  1.000e-03 -1.000e-03
  1.036e+00]
[fjt] names=['panda_joint1', 'panda_joint2', 'panda_joint3', 'panda_joint4', 'panda_joint5', 'panda_joint6', 'panda_joint7'] pts=1
[fjt] times[0..2]=[0.  2.5] times[-3:]=[0.  2.5]
[fjt] goal=[ 0.086  0.077  0.333 -2.39  -0.039  2.461  0.693]
[fjt] final=[ 0.087  0.078  0.332 -2.389 -0.041  2.463  0.695]
[fjt] err=[ 0.001  0.001 -0.001  0.001 -0.002  0.002  0.002]
[fjt] names=['panda_joint1', 'panda_joint2', 'panda_joint3', 'panda_joint4', 'panda_joint5', 'panda_joint6', 'panda_joint7'] pts=1
[fjt] times[0..2]=[0. 4.] times[-3:]=[0. 4.]
[fjt] goal=[-4.160e-01  3.530e-01  1.000e-03 -1.651e+00 -1.000e-03  2.003e+00
  3.710e-01]
[fjt] final=[-4.160e-01  3.520e-01  2.000e-03 -1.659e+00 -2.000e-03  2.005e+00
  3.740e-01]
[fjt] err=[ 0.    -0.001  0.001 -0.008 -0.002  0.001  0.002]
[fjt] names=['panda_joint1', 'panda_joint2', 'panda_joint3', 'panda_joint4', 'panda_joint5', 'panda_joint6', 'panda_joint7'] pts=8
[fjt] times[0..2]=[0.   0.75 1.5 ] times[-3:]=[4.5  5.25 6.  ]
[fjt] goal=[-0.101  0.064 -0.13  -2.436 -2.481  2.109  0.416]
[fjt] final=[-0.101  0.064 -0.131 -2.436 -1.057  2.111  0.419]
[fjt] err=[-0.000e+00  1.000e-03 -1.000e-03  1.000e-03  1.424e+00  2.000e-03
  3.000e-03]
[fjt] names=['panda_joint1', 'panda_joint2', 'panda_joint3', 'panda_joint4', 'panda_joint5', 'panda_joint6', 'panda_joint7'] pts=6
[fjt] times[0..2]=[0.         0.66666667 1.33333333] times[-3:]=[2.66666667 3.33333333 4.        ]
[fjt] goal=[ 0.078  0.771 -0.228 -2.234 -2.434  1.787  0.809]
[fjt] final=[ 0.077  0.768 -0.228 -2.235 -1.813  1.789  0.81 ]
[fjt] err=[-0.001 -0.003  0.001 -0.001  0.621  0.002  0.001]
[fjt] names=['panda_joint1', 'panda_joint2', 'panda_joint3', 'panda_joint4', 'panda_joint5', 'panda_joint6', 'panda_joint7'] pts=1
[fjt] times[0..2]=[0. 4.] times[-3:]=[0. 4.]
[fjt] goal=[ 0.08  0.77 -0.23 -2.23 -2.43  1.79  0.81]
[fjt] final=[ 0.08   0.769 -0.229 -2.231 -2.428  1.789  0.81 ]
[fjt] err=[-0.    -0.001  0.001 -0.001  0.002 -0.001  0.   ]
[fjt] names=['panda_joint1', 'panda_joint2', 'panda_joint3', 'panda_joint4', 'panda_joint5', 'panda_joint6', 'panda_joint7'] pts=3
[fjt] times[0..2]=[0.         0.83333333 1.66666667] times[-3:]=[0.83333333 1.66666667 2.5       ]
[fjt] goal=[ 0.017  0.84  -0.26  -2.06  -2.49   1.892  0.785]
[fjt] final=[ 0.017  0.839 -0.259 -2.063 -2.488  1.89   0.787]
[fjt] err=[ 0.    -0.001  0.    -0.003  0.002 -0.002  0.002]
[fjt] names=['panda_joint1', 'panda_joint2', 'panda_joint3', 'panda_joint4', 'panda_joint5', 'panda_joint6', 'panda_joint7'] pts=3
[fjt] times[0..2]=[0.         0.83333333 1.66666667] times[-3:]=[0.83333333 1.66666667 2.5       ]
[fjt] goal=[ 1.000e-03  8.580e-01 -2.650e-01 -2.016e+00 -2.502e+00  1.917e+00
  7.800e-01]
[fjt] final=[ 2.000e-03  8.550e-01 -2.630e-01 -2.022e+00 -2.499e+00  1.913e+00
  7.820e-01]
[fjt] err=[ 0.001 -0.003  0.002 -0.006  0.002 -0.004  0.002]
[fjt] names=['panda_joint1', 'panda_joint2', 'panda_joint3', 'panda_joint4', 'panda_joint5', 'panda_joint6', 'panda_joint7'] pts=2
[fjt] times[0..2]=[0.   1.25 2.5 ] times[-3:]=[0.   1.25 2.5 ]
[fjt] goal=[ 0.046  0.805 -0.248 -2.144 -2.467  1.844  0.796]
[fjt] final=[ 0.045  0.806 -0.249 -2.141 -2.469  1.846  0.794]
[fjt] err=[-0.001  0.001 -0.001  0.002 -0.001  0.002 -0.002]
[fjt] names=['panda_joint1', 'panda_joint2', 'panda_joint3', 'panda_joint4', 'panda_joint5', 'panda_joint6', 'panda_joint7'] pts=4
[fjt] times[0..2]=[0.   0.75 1.5 ] times[-3:]=[1.5  2.25 3.  ]
[fjt] goal=[-0.012  0.81  -0.227 -2.091 -2.499  2.08   0.767]
[fjt] final=[-0.005  0.767 -0.228 -2.119 -2.489  1.966  0.759]
[fjt] err=[ 0.007 -0.043 -0.002 -0.028  0.01  -0.114 -0.008]
[fjt] names=['panda_joint1', 'panda_joint2', 'panda_joint3', 'panda_joint4', 'panda_joint5', 'panda_joint6', 'panda_joint7'] pts=3
[fjt] times[0..2]=[0.         0.83333333 1.66666667] times[-3:]=[0.83333333 1.66666667 2.5       ]
[fjt] goal=[ 0.006  0.574 -0.234 -2.247 -2.489  2.124  0.686]
[fjt] final=[ 0.005  0.576 -0.233 -2.247 -2.491  2.124  0.689]
[fjt] err=[-0.001  0.002  0.001 -0.    -0.001 -0.     0.003]
[fjt] names=['panda_joint1', 'panda_joint2', 'panda_joint3', 'panda_joint4', 'panda_joint5', 'panda_joint6', 'panda_joint7'] pts=1
[fjt] times[0..2]=[0. 2.] times[-3:]=[0. 2.]
[fjt] goal=[ 0.005  0.577 -0.233 -2.249 -2.491  2.124  0.689]
[fjt] final=[ 0.006  0.576 -0.232 -2.249 -2.491  2.124  0.689]
[fjt] err=[ 0.    -0.001  0.001  0.    -0.     0.     0.   ]
[fjt] names=['panda_joint1', 'panda_joint2', 'panda_joint3', 'panda_joint4', 'panda_joint5', 'panda_joint6', 'panda_joint7'] pts=3
[fjt] times[0..2]=[0. 1. 2.] times[-3:]=[1. 2. 3.]
[fjt] goal=[ 0.127  0.649 -0.175 -2.426 -2.367  1.698  0.809]
[fjt] final=[ 0.126  0.645 -0.182 -2.415 -2.37   1.688  0.805]
[fjt] err=[-0.001 -0.004 -0.007  0.01  -0.003 -0.01  -0.003]
[fjt] names=['panda_joint1', 'panda_joint2', 'panda_joint3', 'panda_joint4', 'panda_joint5', 'panda_joint6', 'panda_joint7'] pts=3
[fjt] times[0..2]=[0. 1. 2.] times[-3:]=[1. 2. 3.]
[fjt] goal=[ 0.134  0.189 -0.251 -2.573 -2.424  1.898  0.572]
[fjt] final=[ 0.135  0.191 -0.25  -2.573 -2.422  1.897  0.574]
[fjt] err=[ 0.     0.002  0.001 -0.     0.002 -0.     0.003]
[fjt] names=['panda_joint1', 'panda_joint2', 'panda_joint3', 'panda_joint4', 'panda_joint5', 'panda_joint6', 'panda_joint7'] pts=8
[fjt] times[0..2]=[0.   0.75 1.5 ] times[-3:]=[4.5  5.25 6.  ]
[fjt] goal=[ 0.603  0.854  0.116 -1.462 -1.339  1.21   0.017]
[fjt] final=[ 0.603  0.854  0.115 -1.665 -1.353  1.214  0.019]
[fjt] err=[-0.     0.    -0.    -0.203 -0.014  0.004  0.002]
[fjt] names=['panda_joint1', 'panda_joint2', 'panda_joint3', 'panda_joint4', 'panda_joint5', 'panda_joint6', 'panda_joint7'] pts=8
[fjt] times[0..2]=[0.   0.75 1.5 ] times[-3:]=[4.5  5.25 6.  ]
[fjt] goal=[ 0.603  0.854  0.116 -1.462 -1.339  1.21   0.017]
[fjt] final=[ 0.603  0.854  0.116 -1.464 -1.339  1.214  0.019]
[fjt] err=[-0.     0.     0.    -0.002 -0.     0.004  0.002]
[fjt] names=['panda_joint1', 'panda_joint2', 'panda_joint3', 'panda_joint4', 'panda_joint5', 'panda_joint6', 'panda_joint7'] pts=8
[fjt] times[0..2]=[0.   0.75 1.5 ] times[-3:]=[4.5  5.25 6.  ]
[fjt] goal=[ 0.605  0.999  0.112 -1.384 -1.33   1.23   0.084]
[fjt] final=[ 0.605  0.999  0.113 -1.386 -1.33   1.23   0.083]
[fjt] err=[-0.001  0.     0.001 -0.002 -0.     0.    -0.002]
[fjt] names=['panda_joint1', 'panda_joint2', 'panda_joint3', 'panda_joint4', 'panda_joint5', 'panda_joint6', 'panda_joint7'] pts=8
[fjt] times[0..2]=[0.   0.75 1.5 ] times[-3:]=[4.5  5.25 6.  ]
[fjt] goal=[ 0.606  1.033  0.112 -1.362 -1.329  1.234  0.096]
[fjt] final=[ 0.605  1.033  0.113 -1.364 -1.33   1.234  0.094]
[fjt] err=[-0.001  0.     0.001 -0.002 -0.     0.    -0.002]
[fjt] names=['panda_joint1', 'panda_joint2', 'panda_joint3', 'panda_joint4', 'panda_joint5', 'panda_joint6', 'panda_joint7'] pts=8
[fjt] times[0..2]=[0.   0.75 1.5 ] times[-3:]=[4.5  5.25 6.  ]
[fjt] goal=[ 0.606  1.049  0.112 -1.351 -1.329  1.235  0.101]
[fjt] final=[ 0.605  1.049  0.113 -1.352 -1.329  1.235  0.1  ]
[fjt] err=[-0.     0.     0.001 -0.002  0.     0.    -0.002]
[fjt] names=['panda_joint1', 'panda_joint2', 'panda_joint3', 'panda_joint4', 'panda_joint5', 'panda_joint6', 'panda_joint7'] pts=8
[fjt] times[0..2]=[0.   0.75 1.5 ] times[-3:]=[4.5  5.25 6.  ]
[fjt] goal=[ 0.606  1.063  0.112 -1.341 -1.329  1.236  0.105]
[fjt] final=[ 0.605  1.063  0.113 -1.342 -1.329  1.237  0.104]
[fjt] err=[-0.     0.     0.001 -0.002  0.     0.    -0.002]
[fjt] names=['panda_joint1', 'panda_joint2', 'panda_joint3', 'panda_joint4', 'panda_joint5', 'panda_joint6', 'panda_joint7'] pts=8
[fjt] times[0..2]=[0.   0.75 1.5 ] times[-3:]=[4.5  5.25 6.  ]
[fjt] goal=[ 0.606  1.08   0.112 -1.329 -1.329  1.238  0.11 ]
[fjt] final=[ 0.606  1.08   0.113 -1.33  -1.329  1.238  0.108]
[fjt] err=[-0.     0.     0.001 -0.002  0.001  0.    -0.002]
[fjt] names=['panda_joint1', 'panda_joint2', 'panda_joint3', 'panda_joint4', 'panda_joint5', 'panda_joint6', 'panda_joint7'] pts=8
[fjt] times[0..2]=[0.   0.75 1.5 ] times[-3:]=[4.5  5.25 6.  ]
[fjt] goal=[ 0.606  1.092  0.112 -1.32  -1.33   1.239  0.113]
[fjt] final=[ 0.607  1.088  0.113 -1.319 -1.33   1.235  0.11 ]
[fjt] err=[ 0.001 -0.003  0.001  0.    -0.    -0.004 -0.003]
[fjt] names=['panda_joint1', 'panda_joint2', 'panda_joint3', 'panda_joint4', 'panda_joint5', 'panda_joint6', 'panda_joint7'] pts=1
[fjt] times[0..2]=[0. 2.] times[-3:]=[0. 2.]
[fjt] goal=[ 0.607  1.088  0.113 -1.319 -1.33   1.235  0.11 ]
[fjt] final=[ 0.607  1.088  0.113 -1.319 -1.33   1.235  0.11 ]
[fjt] err=[ 0.  0.  0. -0. -0.  0.  0.]
[fjt] names=['panda_joint1', 'panda_joint2', 'panda_joint3', 'panda_joint4', 'panda_joint5', 'panda_joint6', 'panda_joint7'] pts=3
[fjt] times[0..2]=[0. 1. 2.] times[-3:]=[1. 2. 3.]
[fjt] goal=[ 0.737  1.249  0.136 -1.022 -1.307  1.103  0.009]
[fjt] final=[ 0.736  1.248  0.135 -1.024 -1.308  1.105  0.012]
[fjt] err=[-0.    -0.001 -0.001 -0.002 -0.001  0.002  0.002]
[fjt] names=['panda_joint1', 'panda_joint2', 'panda_joint3', 'panda_joint4', 'panda_joint5', 'panda_joint6', 'panda_joint7'] pts=3
[fjt] times[0..2]=[0. 1. 2.] times[-3:]=[1. 2. 3.]
[fjt] goal=[ 0.809  1.05   0.135 -1.02  -1.341  0.986 -0.184]
[fjt] final=[ 0.808  1.05   0.135 -1.021 -1.34   0.987 -0.181]
[fjt] err=[-0.     0.     0.001 -0.001  0.001  0.002  0.003]
