[robosuite WARNING] No private macro file found! (__init__.py:7)
[robosuite WARNING] It is recommended to use a private macro file (__init__.py:8)
[robosuite WARNING] To setup, run: python /storage/home/yehe8/.openrua/simulators/cap-x/capx/third_party/libero_dependencies/robosuite/robosuite/scripts/setup_macros.py (__init__.py:9)
Gym has been unmaintained since 2022 and does not support NumPy 2.0 amongst other critical functionality.
Please upgrade to Gymnasium, the maintained drop-in replacement of Gym, or contact the authors of your software and request that they upgrade.
See the migration guide at https://gymnasium.farama.org/introduction/migration_guide/ for additional information.
[info] Using default task order for benchmark 'libero_10_swap' (10 tasks).
[Warning]: datasets path /storage/home/yehe8/.openrua/simulators/cap-x/capx/third_party/LIBERO-PRO/libero/datasets does not exist!
[Warning]: datasets path /storage/home/yehe8/.openrua/simulators/cap-x/capx/third_party/LIBERO-PRO/libero/datasets does not exist!
robot ready
[Warning]: datasets path /storage/home/yehe8/.openrua/simulators/cap-x/capx/third_party/LIBERO-PRO/libero/datasets does not exist!
[fjt] names=['panda_joint1', 'panda_joint2', 'panda_joint3', 'panda_joint4', 'panda_joint5', 'panda_joint6', 'panda_joint7'] pts=1
[fjt] times[0..2]=[0. 2.] times[-3:]=[0. 2.]
[fjt] goal=[ 0.    -0.161  0.    -2.445  0.     2.227  0.785]
[fjt] final=[ 0.    -0.161  0.    -2.445  0.     2.227  0.785]
[fjt] err=[0. 0. 0. 0. 0. 0. 0.]
[fjt] names=['panda_joint1', 'panda_joint2', 'panda_joint3', 'panda_joint4', 'panda_joint5', 'panda_joint6', 'panda_joint7'] pts=1
[fjt] times[0..2]=[0. 4.] times[-3:]=[0. 4.]
[fjt] goal=[ 0.055  0.478 -0.048 -1.773  0.028  2.25  -0.791]
[fjt] final=[ 0.054  0.477 -0.047 -1.774  0.028  2.249  0.072]
[fjt] err=[-0.001 -0.001  0.    -0.001 -0.001 -0.002  0.863]
[fjt] names=['panda_joint1', 'panda_joint2', 'panda_joint3', 'panda_joint4', 'panda_joint5', 'panda_joint6', 'panda_joint7'] pts=1
[fjt] times[0..2]=[0. 3.] times[-3:]=[0. 3.]
[fjt] goal=[ 0.055  0.478 -0.048 -1.773  0.028  2.25  -0.791]
[fjt] final=[ 0.054  0.477 -0.048 -1.774  0.028  2.249 -0.499]
[fjt] err=[-0.001 -0.001  0.    -0.001 -0.    -0.001  0.292]
[fjt] names=['panda_joint1', 'panda_joint2', 'panda_joint3', 'panda_joint4', 'panda_joint5', 'panda_joint6', 'panda_joint7'] pts=1
[fjt] times[0..2]=[0. 4.] times[-3:]=[0. 4.]
[fjt] goal=[ 0.055  0.478 -0.048 -1.773  0.028  2.25  -0.791]
[fjt] final=[ 0.055  0.477 -0.048 -1.774  0.028  2.249 -0.789]
[fjt] err=[-0.    -0.001  0.    -0.001 -0.    -0.001  0.002]
[fjt] names=['panda_joint1', 'panda_joint2', 'panda_joint3', 'panda_joint4', 'panda_joint5', 'panda_joint6', 'panda_joint7'] pts=1
[fjt] times[0..2]=[0. 3.] times[-3:]=[0. 3.]
[fjt] goal=[ 0.058  0.33  -0.054 -1.598  0.019  1.928 -0.785]
[fjt] final=[ 0.058  0.331 -0.053 -1.599  0.02   1.93  -0.787]
[fjt] err=[-0.     0.     0.001 -0.001  0.001  0.002 -0.002]
[fjt] names=['panda_joint1', 'panda_joint2', 'panda_joint3', 'panda_joint4', 'panda_joint5', 'panda_joint6', 'panda_joint7'] pts=1
[fjt] times[0..2]=[0. 4.] times[-3:]=[0. 4.]
[fjt] goal=[-0.856  1.103 -0.127 -0.736  0.464  1.341 -1.736]
[fjt] final=[-0.653  1.025 -0.089 -0.802  0.495  1.289 -1.557]
[fjt] err=[ 0.203 -0.077  0.038 -0.066  0.031 -0.052  0.179]
[fjt] names=['panda_joint1', 'panda_joint2', 'panda_joint3', 'panda_joint4', 'panda_joint5', 'panda_joint6', 'panda_joint7'] pts=1
[fjt] times[0..2]=[0. 4.] times[-3:]=[0. 4.]
[fjt] goal=[-0.856  1.103 -0.127 -0.736  0.464  1.341 -1.736]
[fjt] final=[-0.856  1.102 -0.127 -0.737  0.465  1.34  -1.734]
[fjt] err=[ 0.    -0.001  0.    -0.001  0.001 -0.001  0.002]
[fjt] names=['panda_joint1', 'panda_joint2', 'panda_joint3', 'panda_joint4', 'panda_joint5', 'panda_joint6', 'panda_joint7'] pts=1
[fjt] times[0..2]=[0. 5.] times[-3:]=[0. 5.]
[fjt] goal=[-0.449  0.904  0.065 -1.378  0.754  1.783 -1.545]
[fjt] final=[-0.483  0.859 -0.3   -1.294  0.741  1.785 -1.549]
[fjt] err=[-0.034 -0.045 -0.365  0.084 -0.014  0.002 -0.004]
[fjt] names=['panda_joint1', 'panda_joint2', 'panda_joint3', 'panda_joint4', 'panda_joint5', 'panda_joint6', 'panda_joint7'] pts=1
[fjt] times[0..2]=[0.  2.5] times[-3:]=[0.  2.5]
[fjt] goal=[-0.449  0.904  0.065 -1.378  0.754  1.783 -1.545]
[fjt] final=[-0.469  0.855 -0.319 -1.311  0.757  1.79  -1.546]
[fjt] err=[-0.02  -0.049 -0.383  0.067  0.003  0.007 -0.001]
[fjt] names=['panda_joint1', 'panda_joint2', 'panda_joint3', 'panda_joint4', 'panda_joint5', 'panda_joint6', 'panda_joint7'] pts=1
[fjt] times[0..2]=[0.  2.5] times[-3:]=[0.  2.5]
[fjt] goal=[-0.449  0.904  0.065 -1.378  0.754  1.783 -1.545]
[fjt] final=[-0.469  0.856 -0.318 -1.312  0.758  1.793 -1.545]
[fjt] err=[-0.02  -0.048 -0.383  0.066  0.004  0.01  -0.   ]
[fjt] names=['panda_joint1', 'panda_joint2', 'panda_joint3', 'panda_joint4', 'panda_joint5', 'panda_joint6', 'panda_joint7'] pts=4
[fjt] times[0..2]=[0.  0.8 1.6] times[-3:]=[1.6 2.4 3.2]
[fjt] goal=[-0.383  0.941  0.099 -1.461  0.801  1.928 -1.576]
[fjt] final=[-0.4    0.92  -0.351 -1.452  0.795  1.938 -1.571]
[fjt] err=[-0.017 -0.021 -0.45   0.009 -0.006  0.01   0.004]
[fjt] names=['panda_joint1', 'panda_joint2', 'panda_joint3', 'panda_joint4', 'panda_joint5', 'panda_joint6', 'panda_joint7'] pts=1
[fjt] times[0..2]=[0. 3.] times[-3:]=[0. 3.]
[fjt] goal=[-0.464  0.857 -0.397 -1.288  0.725  1.723 -1.499]
[fjt] final=[-0.463  0.857 -0.396 -1.29   0.727  1.725 -1.502]
[fjt] err=[ 0.     0.     0.    -0.001  0.001  0.002 -0.002]
[fjt] names=['panda_joint1', 'panda_joint2', 'panda_joint3', 'panda_joint4', 'panda_joint5', 'panda_joint6', 'panda_joint7'] pts=1
[fjt] times[0..2]=[0. 3.] times[-3:]=[0. 3.]
[fjt] goal=[-0.486  0.716 -0.431 -1.096  0.676  1.435 -1.353]
[fjt] final=[-0.486  0.717 -0.431 -1.097  0.677  1.437 -1.355]
[fjt] err=[ 0.     0.     0.    -0.001  0.001  0.002 -0.002]
[fjt] names=['panda_joint1', 'panda_joint2', 'panda_joint3', 'panda_joint4', 'panda_joint5', 'panda_joint6', 'panda_joint7'] pts=1
[fjt] times[0..2]=[0. 5.] times[-3:]=[0. 5.]
[fjt] goal=[-0.256  0.612 -0.255 -1.265  0.899  1.394 -1.34 ]
[fjt] final=[-0.256  0.612 -0.256 -1.264  0.897  1.395 -1.342]
[fjt] err=[-0.     0.001 -0.     0.001 -0.001  0.001 -0.002]
[fjt] names=['panda_joint1', 'panda_joint2', 'panda_joint3', 'panda_joint4', 'panda_joint5', 'panda_joint6', 'panda_joint7'] pts=1
[fjt] times[0..2]=[0. 4.] times[-3:]=[0. 4.]
[fjt] goal=[-0.251  0.92  -0.216 -1.36   0.952  1.681 -1.617]
[fjt] final=[-0.258  0.821 -0.234 -1.315  0.952  1.556 -1.521]
[fjt] err=[-0.007 -0.099 -0.018  0.045  0.    -0.124  0.096]
[fjt] names=['panda_joint1', 'panda_joint2', 'panda_joint3', 'panda_joint4', 'panda_joint5', 'panda_joint6', 'panda_joint7'] pts=1
[fjt] times[0..2]=[0. 2.] times[-3:]=[0. 2.]
[fjt] goal=[-0.251  0.92  -0.216 -1.36   0.952  1.681 -1.617]
[fjt] final=[-0.259  0.824 -0.235 -1.311  0.956  1.55  -1.52 ]
[fjt] err=[-0.007 -0.096 -0.019  0.049  0.004 -0.131  0.097]
[fjt] names=['panda_joint1', 'panda_joint2', 'panda_joint3', 'panda_joint4', 'panda_joint5', 'panda_joint6', 'panda_joint7'] pts=1
[fjt] times[0..2]=[0. 2.] times[-3:]=[0. 2.]
[fjt] goal=[-0.251  0.92  -0.216 -1.36   0.952  1.681 -1.617]
[fjt] final=[-0.259  0.826 -0.236 -1.308  0.958  1.545 -1.521]
[fjt] err=[-0.008 -0.094 -0.02   0.052  0.006 -0.135  0.096]
[fjt] names=['panda_joint1', 'panda_joint2', 'panda_joint3', 'panda_joint4', 'panda_joint5', 'panda_joint6', 'panda_joint7'] pts=4
[fjt] times[0..2]=[0.  0.8 1.6] times[-3:]=[1.6 2.4 3.2]
[fjt] goal=[-0.179  0.951 -0.175 -1.443  1.006  1.815 -1.65 ]
[fjt] final=[-0.197  0.819 -0.308 -1.316  0.977  1.519 -1.614]
[fjt] err=[-0.019 -0.132 -0.134  0.126 -0.029 -0.296  0.035]
[fjt] names=['panda_joint1', 'panda_joint2', 'panda_joint3', 'panda_joint4', 'panda_joint5', 'panda_joint6', 'panda_joint7'] pts=1
[fjt] times[0..2]=[0. 4.] times[-3:]=[0. 4.]
[fjt] goal=[ 0.477  0.689 -0.589 -1.501  0.413  2.063 -0.989]
[fjt] final=[ 0.476  0.689 -0.589 -1.499  0.414  2.061 -0.992]
[fjt] err=[-0.001  0.001  0.001  0.001  0.002 -0.002 -0.002]
[fjt] names=['panda_joint1', 'panda_joint2', 'panda_joint3', 'panda_joint4', 'panda_joint5', 'panda_joint6', 'panda_joint7'] pts=2
[fjt] times[0..2]=[0.  1.5 3. ] times[-3:]=[0.  1.5 3. ]
[fjt] goal=[ 0.42   0.907 -0.495 -1.51   0.518  2.284 -1.044]
[fjt] final=[ 0.42   0.906 -0.496 -1.511  0.516  2.282 -1.041]
[fjt] err=[ 0.    -0.001 -0.001 -0.001 -0.002 -0.002  0.002]
[fjt] names=['panda_joint1', 'panda_joint2', 'panda_joint3', 'panda_joint4', 'panda_joint5', 'panda_joint6', 'panda_joint7'] pts=1
[fjt] times[0..2]=[0. 2.] times[-3:]=[0. 2.]
[fjt] goal=[ 0.456  0.781 -0.549 -1.532  0.465  2.18  -1.019]
[fjt] final=[ 0.455  0.783 -0.548 -1.531  0.466  2.182 -1.021]
[fjt] err=[-0.001  0.001  0.001  0.     0.002  0.002 -0.002]
[fjt] names=['panda_joint1', 'panda_joint2', 'panda_joint3', 'panda_joint4', 'panda_joint5', 'panda_joint6', 'panda_joint7'] pts=1
[fjt] times[0..2]=[0. 3.] times[-3:]=[0. 3.]
[fjt] goal=[ 0.604  0.825 -0.521 -1.442  0.451  2.146 -0.811]
[fjt] final=[ 0.603  0.825 -0.521 -1.443  0.452  2.148 -0.813]
[fjt] err=[-0.    -0.    -0.    -0.002  0.002  0.002 -0.003]
[fjt] names=['panda_joint1', 'panda_joint2', 'panda_joint3', 'panda_joint4', 'panda_joint5', 'panda_joint6', 'panda_joint7'] pts=1
[fjt] times[0..2]=[0. 2.] times[-3:]=[0. 2.]
[fjt] goal=[ 0.575  0.942 -0.477 -1.424  0.495  2.246 -0.831]
[fjt] final=[ 0.575  0.938 -0.48  -1.422  0.493  2.244 -0.829]
[fjt] err=[ 0.    -0.004 -0.003  0.003 -0.002 -0.002  0.002]
[fjt] names=['panda_joint1', 'panda_joint2', 'panda_joint3', 'panda_joint4', 'panda_joint5', 'panda_joint6', 'panda_joint7'] pts=1
[fjt] times[0..2]=[0. 2.] times[-3:]=[0. 2.]
[fjt] goal=[ 0.614  0.783 -0.54  -1.434  0.433  2.098 -0.801]
[fjt] final=[ 0.613  0.784 -0.539 -1.433  0.435  2.1   -0.804]
[fjt] err=[-0.     0.001  0.001  0.001  0.001  0.002 -0.002]
[fjt] names=['panda_joint1', 'panda_joint2', 'panda_joint3', 'panda_joint4', 'panda_joint5', 'panda_joint6', 'panda_joint7'] pts=1
[fjt] times[0..2]=[0. 3.] times[-3:]=[0. 3.]
[fjt] goal=[ 0.829 -0.239 -0.85  -2.031 -0.187  1.867 -0.737]
[fjt] final=[ 0.828  0.161 -0.849 -2.021 -0.159  1.869 -0.739]
[fjt] err=[-0.001  0.4    0.001  0.01   0.028  0.002 -0.002]
[fjt] names=['panda_joint1', 'panda_joint2', 'panda_joint3', 'panda_joint4', 'panda_joint5', 'panda_joint6', 'panda_joint7'] pts=1
[fjt] times[0..2]=[0. 2.] times[-3:]=[0. 2.]
[fjt] goal=[ 0.829 -0.239 -0.85  -2.031 -0.187  1.867 -0.737]
[fjt] final=[ 0.828 -0.236 -0.849 -2.031 -0.186  1.867 -0.738]
[fjt] err=[-0.     0.003  0.001  0.001  0.001  0.    -0.002]
[fjt] names=['panda_joint1', 'panda_joint2', 'panda_joint3', 'panda_joint4', 'panda_joint5', 'panda_joint6', 'panda_joint7'] pts=1
[fjt] times[0..2]=[0. 3.] times[-3:]=[0. 3.]
[fjt] goal=[ 0.81   0.614 -0.809 -1.643  0.488  2.044 -0.921]
[fjt] final=[ 0.81   0.383 -0.81  -1.643  0.415  2.043 -0.919]
[fjt] err=[ 0.001 -0.231 -0.001 -0.001 -0.072 -0.001  0.002]
[fjt] names=['panda_joint1', 'panda_joint2', 'panda_joint3', 'panda_joint4', 'panda_joint5', 'panda_joint6', 'panda_joint7'] pts=1
[fjt] times[0..2]=[0. 2.] times[-3:]=[0. 2.]
[fjt] goal=[ 0.81   0.614 -0.809 -1.643  0.488  2.044 -0.921]
[fjt] final=[ 0.81   0.614 -0.81  -1.643  0.486  2.043 -0.919]
[fjt] err=[ 0.    -0.001 -0.001 -0.001 -0.002 -0.001  0.002]
[fjt] names=['panda_joint1', 'panda_joint2', 'panda_joint3', 'panda_joint4', 'panda_joint5', 'panda_joint6', 'panda_joint7'] pts=1
[fjt] times[0..2]=[0. 4.] times[-3:]=[0. 4.]
[fjt] goal=[ 0.146  0.612 -0.41  -1.593  1.018  1.754 -1.427]
[fjt] final=[ 0.146  0.612 -0.41  -1.594  1.017  1.756 -1.425]
[fjt] err=[ 0.001  0.    -0.001 -0.001 -0.001  0.002  0.002]
[fjt] names=['panda_joint1', 'panda_joint2', 'panda_joint3', 'panda_joint4', 'panda_joint5', 'panda_joint6', 'panda_joint7'] pts=1
[fjt] times[0..2]=[0. 3.] times[-3:]=[0. 3.]
[fjt] goal=[ 0.114  0.807 -0.356 -1.573  1.105  1.862 -1.564]
[fjt] final=[ 0.114  0.806 -0.357 -1.574  1.104  1.86  -1.562]
[fjt] err=[ 0.    -0.001 -0.001 -0.001 -0.001 -0.002  0.002]
[fjt] names=['panda_joint1', 'panda_joint2', 'panda_joint3', 'panda_joint4', 'panda_joint5', 'panda_joint6', 'panda_joint7'] pts=4
[fjt] times[0..2]=[0.  0.8 1.6] times[-3:]=[1.6 2.4 3.2]
[fjt] goal=[ 0.167  0.894 -0.298 -1.566  1.177  1.972 -1.584]
[fjt] final=[ 0.166  0.893 -0.299 -1.567  1.175  1.97  -1.582]
[fjt] err=[-0.    -0.001 -0.001 -0.001 -0.002 -0.002  0.002]
[fjt] names=['panda_joint1', 'panda_joint2', 'panda_joint3', 'panda_joint4', 'panda_joint5', 'panda_joint6', 'panda_joint7'] pts=1
[fjt] times[0..2]=[0. 2.] times[-3:]=[0. 2.]
[fjt] goal=[ 0.188  0.773 -0.329 -1.62   1.133  1.931 -1.525]
[fjt] final=[ 0.188  0.774 -0.328 -1.62   1.134  1.933 -1.528]
[fjt] err=[-0.     0.001  0.001  0.     0.001  0.002 -0.002]
[fjt] names=['panda_joint1', 'panda_joint2', 'panda_joint3', 'panda_joint4', 'panda_joint5', 'panda_joint6', 'panda_joint7'] pts=1
[fjt] times[0..2]=[0. 2.] times[-3:]=[0. 2.]
[fjt] goal=[ 0.167  0.893 -0.299 -1.567  1.177  1.971 -1.584]
[fjt] final=[ 0.165  0.89  -0.304 -1.568  1.174  1.968 -1.582]
[fjt] err=[-0.001 -0.003 -0.005 -0.    -0.002 -0.003  0.002]
[fjt] names=['panda_joint1', 'panda_joint2', 'panda_joint3', 'panda_joint4', 'panda_joint5', 'panda_joint6', 'panda_joint7'] pts=1
[fjt] times[0..2]=[0. 2.] times[-3:]=[0. 2.]
[fjt] goal=[ 0.114  0.806 -0.358 -1.574  1.105  1.861 -1.564]
[fjt] final=[ 0.115  0.807 -0.357 -1.573  1.106  1.863 -1.566]
[fjt] err=[ 0.     0.001  0.001  0.001  0.002  0.002 -0.002]
[fjt] names=['panda_joint1', 'panda_joint2', 'panda_joint3', 'panda_joint4', 'panda_joint5', 'panda_joint6', 'panda_joint7'] pts=1
[fjt] times[0..2]=[0. 3.] times[-3:]=[0. 3.]
[fjt] goal=[ 0.312  0.632 -0.478 -1.661  0.894  1.981 -1.361]
[fjt] final=[ 0.312  0.633 -0.477 -1.66   0.895  1.98  -1.364]
[fjt] err=[-0.001  0.001  0.001  0.001  0.001 -0.002 -0.002]
[fjt] names=['panda_joint1', 'panda_joint2', 'panda_joint3', 'panda_joint4', 'panda_joint5', 'panda_joint6', 'panda_joint7'] pts=1
[fjt] times[0..2]=[0. 2.] times[-3:]=[0. 2.]
[fjt] goal=[ 0.286  0.728 -0.444 -1.658  0.954  2.045 -1.434]
[fjt] final=[ 0.287  0.728 -0.445 -1.659  0.953  2.043 -1.432]
[fjt] err=[ 0.    -0.001 -0.001 -0.001 -0.002 -0.002  0.002]
[fjt] names=['panda_joint1', 'panda_joint2', 'panda_joint3', 'panda_joint4', 'panda_joint5', 'panda_joint6', 'panda_joint7'] pts=4
[fjt] times[0..2]=[0.  0.8 1.6] times[-3:]=[1.6 2.4 3.2]
[fjt] goal=[ 0.305  0.849 -0.378 -1.63   1.035  2.149 -1.462]
[fjt] final=[ 0.305  0.849 -0.379 -1.631  1.033  2.147 -1.46 ]
[fjt] err=[-0.    -0.001 -0.001 -0.001 -0.002 -0.002  0.002]
[fjt] names=['panda_joint1', 'panda_joint2', 'panda_joint3', 'panda_joint4', 'panda_joint5', 'panda_joint6', 'panda_joint7'] pts=1
[fjt] times[0..2]=[0. 2.] times[-3:]=[0. 2.]
[fjt] goal=[ 0.334  0.735 -0.42  -1.671  0.976  2.094 -1.402]
[fjt] final=[ 0.334  0.736 -0.419 -1.67   0.977  2.096 -1.404]
[fjt] err=[-0.     0.001  0.001  0.     0.001  0.002 -0.002]
[fjt] names=['panda_joint1', 'panda_joint2', 'panda_joint3', 'panda_joint4', 'panda_joint5', 'panda_joint6', 'panda_joint7'] pts=1
[fjt] times[0..2]=[0. 4.] times[-3:]=[0. 4.]
[fjt] goal=[ 0.396  0.473 -0.53  -1.617  0.795  1.862 -1.183]
[fjt] final=[ 0.396  0.474 -0.529 -1.618  0.796  1.864 -1.185]
[fjt] err=[-0.     0.001  0.001 -0.002  0.001  0.002 -0.003]
[fjt] names=['panda_joint1', 'panda_joint2', 'panda_joint3', 'panda_joint4', 'panda_joint5', 'panda_joint6', 'panda_joint7'] pts=1
[fjt] times[0..2]=[0. 4.] times[-3:]=[0. 4.]
[fjt] goal=[-1.000e-03  5.590e-01 -7.030e-01 -1.514e+00  7.450e-01  1.556e+00
 -1.615e+00]
[fjt] final=[-1.000e-03  5.590e-01 -7.020e-01 -1.516e+00  7.460e-01  1.558e+00
 -1.613e+00]
[fjt] err=[ 0.    -0.     0.001 -0.002  0.001  0.003  0.002]
[fjt] names=['panda_joint1', 'panda_joint2', 'panda_joint3', 'panda_joint4', 'panda_joint5', 'panda_joint6', 'panda_joint7'] pts=1
[fjt] times[0..2]=[0. 4.] times[-3:]=[0. 4.]
[fjt] goal=[-0.336  0.727 -0.742 -1.259  0.734  1.351 -1.847]
[fjt] final=[-0.335  0.727 -0.741 -1.261  0.735  1.354 -1.845]
[fjt] err=[ 0.    -0.     0.001 -0.002  0.001  0.003  0.002]
[fjt] names=['panda_joint1', 'panda_joint2', 'panda_joint3', 'panda_joint4', 'panda_joint5', 'panda_joint6', 'panda_joint7'] pts=1
[fjt] times[0..2]=[0. 4.] times[-3:]=[0. 4.]
[fjt] goal=[ 2.157 -1.106 -2.897 -0.509  0.135  1.208 -1.592]
[fjt] final=[ 0.458 -0.059 -1.517 -0.538  0.134  1.207 -1.595]
[fjt] err=[-1.699e+00  1.046e+00  1.380e+00 -3.000e-02 -1.000e-03 -2.000e-03
 -3.000e-03]
[fjt] names=['panda_joint1', 'panda_joint2', 'panda_joint3', 'panda_joint4', 'panda_joint5', 'panda_joint6', 'panda_joint7'] pts=1
[fjt] times[0..2]=[0. 2.] times[-3:]=[0. 2.]
[fjt] goal=[ 2.157 -1.106 -2.897 -0.509  0.135  1.208 -1.592]
[fjt] final=[ 0.931 -0.529 -1.988 -0.509  0.134  1.208 -1.595]
[fjt] err=[-1.225e+00  5.770e-01  9.090e-01 -1.000e-03 -1.000e-03 -1.000e-03
 -3.000e-03]
[fjt] names=['panda_joint1', 'panda_joint2', 'panda_joint3', 'panda_joint4', 'panda_joint5', 'panda_joint6', 'panda_joint7'] pts=1
[fjt] times[0..2]=[0. 2.] times[-3:]=[0. 2.]
[fjt] goal=[ 2.157 -1.106 -2.897 -0.509  0.135  1.208 -1.592]
[fjt] final=[ 1.403 -0.99  -2.456 -0.509  0.134  1.21  -1.595]
[fjt] err=[-0.754  0.116  0.44  -0.    -0.001  0.001 -0.003]
[fjt] names=['panda_joint1', 'panda_joint2', 'panda_joint3', 'panda_joint4', 'panda_joint5', 'panda_joint6', 'panda_joint7'] pts=1
[fjt] times[0..2]=[0. 4.] times[-3:]=[0. 4.]
[fjt] goal=[-1.318  1.373  1.027 -0.825 -0.621  1.498 -1.435]
[fjt] final=[ 0.62  -0.225 -1.676 -0.826 -0.573  1.492 -1.437]
[fjt] err=[ 1.938e+00 -1.598e+00 -2.703e+00 -0.000e+00  4.800e-02 -7.000e-03
 -2.000e-03]
[fjt] names=['panda_joint1', 'panda_joint2', 'panda_joint3', 'panda_joint4', 'panda_joint5', 'panda_joint6', 'panda_joint7'] pts=1
[fjt] times[0..2]=[0. 2.] times[-3:]=[0. 2.]
[fjt] goal=[-1.318  1.373  1.027 -0.825 -0.621  1.498 -1.435]
[fjt] final=[ 0.145  0.246 -1.206 -0.826 -0.619  1.496 -1.436]
[fjt] err=[ 1.463e+00 -1.127e+00 -2.233e+00 -1.000e-03  2.000e-03 -2.000e-03
 -0.000e+00]
[fjt] names=['panda_joint1', 'panda_joint2', 'panda_joint3', 'panda_joint4', 'panda_joint5', 'panda_joint6', 'panda_joint7'] pts=1
[fjt] times[0..2]=[0. 2.] times[-3:]=[0. 2.]
[fjt] goal=[-1.318  1.373  1.027 -0.825 -0.621  1.498 -1.435]
[fjt] final=[-0.328  0.718 -0.735 -0.826 -0.619  1.498 -1.434]
[fjt] err=[ 9.900e-01 -6.550e-01 -1.762e+00 -1.000e-03  2.000e-03 -1.000e-03
  1.000e-03]
[fjt] names=['panda_joint1', 'panda_joint2', 'panda_joint3', 'panda_joint4', 'panda_joint5', 'panda_joint6', 'panda_joint7'] pts=11
[fjt] times[0..2]=[0.  0.5 0.6] times[-3:]=[5.7        6.3        6.96117672]
[fjt] goal=[-0.421  0.681 -0.61  -1.27   0.653  1.392 -1.813]
[fjt] final=[-0.42   0.682 -0.61  -1.269  0.472  1.394 -1.811]
[fjt] err=[ 0.     0.001 -0.001  0.    -0.181  0.002  0.002]
[fjt] names=['panda_joint1', 'panda_joint2', 'panda_joint3', 'panda_joint4', 'panda_joint5', 'panda_joint6', 'panda_joint7'] pts=1
[fjt] times[0..2]=[0. 3.] times[-3:]=[0. 3.]
[fjt] goal=[-0.421  0.681 -0.61  -1.27   0.653  1.392 -1.813]
[fjt] final=[-0.42   0.682 -0.61  -1.27   0.651  1.394 -1.811]
[fjt] err=[ 0.     0.001 -0.     0.    -0.001  0.002  0.002]
[fjt] names=['panda_joint1', 'panda_joint2', 'panda_joint3', 'panda_joint4', 'panda_joint5', 'panda_joint6', 'panda_joint7'] pts=15
[fjt] times[0..2]=[0.  0.6 1.2] times[-3:]=[7.8 8.4 9. ]
[fjt] goal=[-0.671  1.204 -0.512 -0.814  0.757  1.46  -1.877]
[fjt] final=[-0.67   1.204 -0.513 -0.816  0.756  1.459 -1.875]
[fjt] err=[ 0.    -0.    -0.001 -0.001 -0.001 -0.001  0.002]
[fjt] names=['panda_joint1', 'panda_joint2', 'panda_joint3', 'panda_joint4', 'panda_joint5', 'panda_joint6', 'panda_joint7'] pts=8
[fjt] times[0..2]=[0.  0.6 1.2] times[-3:]=[3.6 4.2 4.8]
[fjt] goal=[-0.293  0.796 -0.56  -1.615  0.771  1.788 -1.952]
[fjt] final=[-0.3    0.776 -0.586 -1.549  0.77   1.799 -1.952]
[fjt] err=[-0.007 -0.019 -0.026  0.066 -0.     0.011  0.   ]
[fjt] names=['panda_joint1', 'panda_joint2', 'panda_joint3', 'panda_joint4', 'panda_joint5', 'panda_joint6', 'panda_joint7'] pts=1
[fjt] times[0..2]=[0. 2.] times[-3:]=[0. 2.]
[fjt] goal=[-0.293  0.796 -0.56  -1.615  0.771  1.788 -1.952]
[fjt] final=[-0.301  0.775 -0.595 -1.58   0.766  1.799 -1.952]
[fjt] err=[-0.008 -0.021 -0.035  0.035 -0.005  0.011  0.   ]
[fjt] names=['panda_joint1', 'panda_joint2', 'panda_joint3', 'panda_joint4', 'panda_joint5', 'panda_joint6', 'panda_joint7'] pts=1
[fjt] times[0..2]=[0. 2.] times[-3:]=[0. 2.]
[fjt] goal=[-0.293  0.796 -0.56  -1.615  0.771  1.788 -1.952]
[fjt] final=[-0.301  0.779 -0.592 -1.586  0.764  1.799 -1.952]
[fjt] err=[-0.008 -0.017 -0.032  0.029 -0.007  0.011  0.   ]
[fjt] names=['panda_joint1', 'panda_joint2', 'panda_joint3', 'panda_joint4', 'panda_joint5', 'panda_joint6', 'panda_joint7'] pts=1
[fjt] times[0..2]=[0. 2.] times[-3:]=[0. 2.]
[fjt] goal=[-0.293  0.796 -0.56  -1.615  0.771  1.788 -1.952]
[fjt] final=[-0.3    0.782 -0.589 -1.591  0.764  1.799 -1.952]
[fjt] err=[-0.007 -0.013 -0.029  0.024 -0.007  0.011  0.   ]
[fjt] names=['panda_joint1', 'panda_joint2', 'panda_joint3', 'panda_joint4', 'panda_joint5', 'panda_joint6', 'panda_joint7'] pts=7
[fjt] times[0..2]=[0.  0.6 1.2] times[-3:]=[3.  3.6 4.2]
[fjt] goal=[-0.665  1.176 -0.526 -0.82   0.759  1.435 -1.872]
[fjt] final=[-0.664  1.176 -0.526 -0.832  0.758  1.437 -1.874]
[fjt] err=[ 0.001 -0.    -0.    -0.012 -0.001  0.002 -0.002]
[fjt] names=['panda_joint1', 'panda_joint2', 'panda_joint3', 'panda_joint4', 'panda_joint5', 'panda_joint6', 'panda_joint7'] pts=1
[fjt] times[0..2]=[0. 2.] times[-3:]=[0. 2.]
[fjt] goal=[-0.665  1.176 -0.526 -0.82   0.759  1.435 -1.872]
[fjt] final=[-0.664  1.176 -0.526 -0.822  0.758  1.437 -1.874]
[fjt] err=[ 0.     0.    -0.    -0.002 -0.001  0.002 -0.002]
[fjt] names=['panda_joint1', 'panda_joint2', 'panda_joint3', 'panda_joint4', 'panda_joint5', 'panda_joint6', 'panda_joint7'] pts=4
[fjt] times[0..2]=[0.  0.5 1. ] times[-3:]=[1.  1.5 2. ]
[fjt] goal=[-0.684  1.285 -0.504 -0.771  0.775  1.501 -1.884]
[fjt] final=[-0.689  1.273 -0.514 -0.762  0.773  1.503 -1.882]
[fjt] err=[-0.005 -0.012 -0.009  0.009 -0.002  0.002  0.002]
[fjt] names=['panda_joint1', 'panda_joint2', 'panda_joint3', 'panda_joint4', 'panda_joint5', 'panda_joint6', 'panda_joint7'] pts=4
[fjt] times[0..2]=[0.  0.5 1. ] times[-3:]=[1.  1.5 2. ]
[fjt] goal=[-0.712  1.208 -0.519 -0.697  0.758  1.366 -1.838]
[fjt] final=[-0.712  1.208 -0.518 -0.697  0.759  1.368 -1.84 ]
[fjt] err=[-0.     0.     0.001 -0.001  0.001  0.002 -0.002]
[fjt] names=['panda_joint1', 'panda_joint2', 'panda_joint3', 'panda_joint4', 'panda_joint5', 'panda_joint6', 'panda_joint7'] pts=1
[fjt] times[0..2]=[0. 4.] times[-3:]=[0. 4.]
[fjt] goal=[-0.151  0.857 -0.741 -1.49   0.632  2.098 -1.829]
[fjt] final=[-0.151  0.857 -0.741 -1.46   0.633  2.086 -1.831]
[fjt] err=[-0.001  0.001  0.001  0.03   0.001 -0.012 -0.002]
[fjt] names=['panda_joint1', 'panda_joint2', 'panda_joint3', 'panda_joint4', 'panda_joint5', 'panda_joint6', 'panda_joint7'] pts=1
[fjt] times[0..2]=[0. 2.] times[-3:]=[0. 2.]
[fjt] goal=[-0.151  0.857 -0.741 -1.49   0.632  2.098 -1.829]
[fjt] final=[-0.151  0.857 -0.741 -1.489  0.633  2.096 -1.831]
[fjt] err=[-0.     0.001  0.     0.001  0.001 -0.002 -0.002]
[fjt] names=['panda_joint1', 'panda_joint2', 'panda_joint3', 'panda_joint4', 'panda_joint5', 'panda_joint6', 'panda_joint7'] pts=5
[fjt] times[0..2]=[0.  0.5 1. ] times[-3:]=[1.5 2.  2.5]
[fjt] goal=[-0.196  0.989 -0.669 -1.471  0.702  2.212 -1.86 ]
[fjt] final=[-0.196  0.989 -0.669 -1.472  0.701  2.21  -1.857]
[fjt] err=[ 0.    -0.001 -0.001 -0.001 -0.002 -0.002  0.002]
[fjt] names=['panda_joint1', 'panda_joint2', 'panda_joint3', 'panda_joint4', 'panda_joint5', 'panda_joint6', 'panda_joint7'] pts=7
[fjt] times[0..2]=[0.  0.5 1. ] times[-3:]=[2.5 3.  3.5]
[fjt] goal=[-0.094  0.908 -0.68  -1.621  0.704  2.269 -1.84 ]
[fjt] final=[-0.093  0.905 -0.682 -1.619  0.702  2.266 -1.837]
[fjt] err=[ 0.001 -0.003 -0.002  0.002 -0.002 -0.003  0.003]
[fjt] names=['panda_joint1', 'panda_joint2', 'panda_joint3', 'panda_joint4', 'panda_joint5', 'panda_joint6', 'panda_joint7'] pts=6
[fjt] times[0..2]=[0.  0.5 1. ] times[-3:]=[2.  2.5 3. ]
[fjt] goal=[ 0.023  0.638 -0.839 -1.812  0.574  2.188 -1.849]
[fjt] final=[ 0.023  0.639 -0.838 -1.811  0.576  2.189 -1.85 ]
[fjt] err=[-0.001  0.001  0.001  0.001  0.002  0.002 -0.001]
[fjt] names=['panda_joint1', 'panda_joint2', 'panda_joint3', 'panda_joint4', 'panda_joint5', 'panda_joint6', 'panda_joint7'] pts=1
[fjt] times[0..2]=[0. 3.] times[-3:]=[0. 3.]
[fjt] goal=[-0.158  0.757 -0.81  -1.519  0.585  2.021 -1.877]
[fjt] final=[-0.157  0.756 -0.811 -1.521  0.584  2.023 -1.875]
[fjt] err=[ 0.001 -0.001 -0.    -0.001 -0.001  0.002  0.002]
[fjt] names=['panda_joint1', 'panda_joint2', 'panda_joint3', 'panda_joint4', 'panda_joint5', 'panda_joint6', 'panda_joint7'] pts=1
[fjt] times[0..2]=[0. 3.] times[-3:]=[0. 3.]
[fjt] goal=[-0.642  1.195 -0.518 -0.835  0.77   1.471 -1.865]
[fjt] final=[-0.642  1.194 -0.52  -0.868  0.769  1.492 -1.865]
[fjt] err=[ 0.    -0.001 -0.001 -0.033 -0.001  0.02  -0.   ]
[fjt] names=['panda_joint1', 'panda_joint2', 'panda_joint3', 'panda_joint4', 'panda_joint5', 'panda_joint6', 'panda_joint7'] pts=1
[fjt] times[0..2]=[0. 2.] times[-3:]=[0. 2.]
[fjt] goal=[-0.642  1.195 -0.518 -0.835  0.77   1.471 -1.865]
[fjt] final=[-0.642  1.195 -0.519 -0.836  0.769  1.473 -1.865]
[fjt] err=[ 0.    -0.001 -0.    -0.001 -0.001  0.002 -0.   ]
[fjt] names=['panda_joint1', 'panda_joint2', 'panda_joint3', 'panda_joint4', 'panda_joint5', 'panda_joint6', 'panda_joint7'] pts=4
[fjt] times[0..2]=[0.  0.5 1. ] times[-3:]=[1.  1.5 2. ]
[fjt] goal=[-0.661  1.29  -0.499 -0.782  0.782  1.52  -1.87 ]
[fjt] final=[-0.661  1.289 -0.5   -0.783  0.781  1.518 -1.868]
[fjt] err=[ 0.    -0.001 -0.001 -0.001 -0.001 -0.002  0.002]
[fjt] names=['panda_joint1', 'panda_joint2', 'panda_joint3', 'panda_joint4', 'panda_joint5', 'panda_joint6', 'panda_joint7'] pts=4
[fjt] times[0..2]=[0.  0.5 1. ] times[-3:]=[1.  1.5 2. ]
[fjt] goal=[-0.639  1.171 -0.523 -0.844  0.765  1.456 -1.862]
[fjt] final=[-0.64   1.173 -0.522 -0.843  0.766  1.458 -1.865]
[fjt] err=[-0.     0.001  0.001  0.001  0.001  0.002 -0.002]
[fjt] names=['panda_joint1', 'panda_joint2', 'panda_joint3', 'panda_joint4', 'panda_joint5', 'panda_joint6', 'panda_joint7'] pts=7
[fjt] times[0..2]=[0.  0.6 1.2] times[-3:]=[3.  3.6 4.2]
[fjt] goal=[-0.279  0.79  -0.571 -1.588  0.771  1.761 -1.927]
[fjt] final=[-0.281  0.786 -0.576 -1.576  0.772  1.764 -1.927]
[fjt] err=[-0.002 -0.004 -0.005  0.013  0.001  0.003 -0.   ]
[fjt] names=['panda_joint1', 'panda_joint2', 'panda_joint3', 'panda_joint4', 'panda_joint5', 'panda_joint6', 'panda_joint7'] pts=1
[fjt] times[0..2]=[0. 2.] times[-3:]=[0. 2.]
[fjt] goal=[-0.279  0.79  -0.571 -1.588  0.771  1.761 -1.927]
[fjt] final=[-0.28   0.786 -0.576 -1.58   0.773  1.762 -1.927]
[fjt] err=[-0.002 -0.004 -0.005  0.008  0.001  0.002 -0.   ]
[fjt] names=['panda_joint1', 'panda_joint2', 'panda_joint3', 'panda_joint4', 'panda_joint5', 'panda_joint6', 'panda_joint7'] pts=3
[fjt] times[0..2]=[0.  0.5 1. ] times[-3:]=[0.5 1.  1.5]
[fjt] goal=[-0.297  0.837 -0.559 -1.557  0.788  1.772 -1.938]
[fjt] final=[-0.299  0.829 -0.57  -1.547  0.787  1.77  -1.935]
[fjt] err=[-0.002 -0.008 -0.011  0.011 -0.001 -0.002  0.003]
[fjt] names=['panda_joint1', 'panda_joint2', 'panda_joint3', 'panda_joint4', 'panda_joint5', 'panda_joint6', 'panda_joint7'] pts=1
[fjt] times[0..2]=[0. 2.] times[-3:]=[0. 2.]
[fjt] goal=[-0.297  0.837 -0.559 -1.557  0.788  1.772 -1.938]
[fjt] final=[-0.297  0.836 -0.561 -1.555  0.787  1.771 -1.936]
[fjt] err=[-0.001 -0.001 -0.002  0.002 -0.001 -0.     0.002]
[fjt] names=['panda_joint1', 'panda_joint2', 'panda_joint3', 'panda_joint4', 'panda_joint5', 'panda_joint6', 'panda_joint7'] pts=14
[fjt] times[0..2]=[0.  0.5 1. ] times[-3:]=[6.  6.5 7. ]
[fjt] goal=[-0.68   1.091 -0.534 -0.696  0.753  1.262 -1.776]
[fjt] final=[-0.68   1.091 -0.535 -0.697  0.755  1.264 -1.778]
[fjt] err=[ 0.     0.    -0.001 -0.001  0.001  0.002 -0.002]
[fjt] names=['panda_joint1', 'panda_joint2', 'panda_joint3', 'panda_joint4', 'panda_joint5', 'panda_joint6', 'panda_joint7'] pts=1
[fjt] times[0..2]=[0. 3.] times[-3:]=[0. 3.]
[fjt] goal=[-0.429  0.948 -0.565 -1.295  0.771  1.626 -1.924]
[fjt] final=[-0.429  0.948 -0.564 -1.282  0.769  1.624 -1.923]
[fjt] err=[-0.001  0.     0.001  0.013 -0.002 -0.001  0.001]
[fjt] names=['panda_joint1', 'panda_joint2', 'panda_joint3', 'panda_joint4', 'panda_joint5', 'panda_joint6', 'panda_joint7'] pts=1
[fjt] times[0..2]=[0. 2.] times[-3:]=[0. 2.]
[fjt] goal=[-0.429  0.948 -0.565 -1.295  0.771  1.626 -1.924]
[fjt] final=[-0.429  0.948 -0.564 -1.294  0.77   1.625 -1.923]
[fjt] err=[-0.001  0.     0.001  0.001 -0.001 -0.001  0.001]
[fjt] names=['panda_joint1', 'panda_joint2', 'panda_joint3', 'panda_joint4', 'panda_joint5', 'panda_joint6', 'panda_joint7'] pts=9
[fjt] times[0..2]=[0.  0.5 1. ] times[-3:]=[3.5 4.  4.5]
[fjt] goal=[-0.298  0.892 -0.541 -1.558  0.821  1.817 -1.962]
[fjt] final=[-0.299  0.892 -0.541 -1.556  0.819  1.816 -1.959]
[fjt] err=[-0.001  0.001 -0.     0.002 -0.002 -0.001  0.002]
[fjt] names=['panda_joint1', 'panda_joint2', 'panda_joint3', 'panda_joint4', 'panda_joint5', 'panda_joint6', 'panda_joint7'] pts=3
[fjt] times[0..2]=[0.  0.5 1. ] times[-3:]=[0.5 1.  1.5]
[fjt] goal=[-0.26   0.856 -0.54  -1.625  0.827  1.851 -1.96 ]
[fjt] final=[-0.261  0.856 -0.541 -1.623  0.825  1.849 -1.959]
[fjt] err=[-0.001  0.001 -0.001  0.002 -0.002 -0.001  0.   ]
[fjt] names=['panda_joint1', 'panda_joint2', 'panda_joint3', 'panda_joint4', 'panda_joint5', 'panda_joint6', 'panda_joint7'] pts=14
[fjt] times[0..2]=[0.  0.5 1. ] times[-3:]=[6.  6.5 7. ]
[fjt] goal=[-0.678  1.092 -0.54  -0.695  0.758  1.26  -1.777]
[fjt] final=[-0.678  1.091 -0.54  -0.7    0.757  1.262 -1.779]
[fjt] err=[ 0.001 -0.001 -0.001 -0.005 -0.001  0.002 -0.002]
[fjt] names=['panda_joint1', 'panda_joint2', 'panda_joint3', 'panda_joint4', 'panda_joint5', 'panda_joint6', 'panda_joint7'] pts=13
[fjt] times[0..2]=[0.  0.5 0.9] times[-3:]=[10.5        11.7        12.40365121]
[fjt] goal=[ 0.692 -0.85  -2.039 -2.558 -0.015  3.327 -0.457]
[fjt] final=[ 0.692 -0.816 -2.038 -2.55  -0.013  3.113 -0.46 ]
[fjt] err=[-0.     0.034  0.001  0.007  0.001 -0.214 -0.003]
[fjt] names=['panda_joint1', 'panda_joint2', 'panda_joint3', 'panda_joint4', 'panda_joint5', 'panda_joint6', 'panda_joint7'] pts=1
[fjt] times[0..2]=[0. 3.] times[-3:]=[0. 3.]
[fjt] goal=[ 0.692 -0.85  -2.039 -2.558 -0.015  3.327 -0.457]
[fjt] final=[ 0.692 -0.849 -2.038 -2.557 -0.013  3.325 -0.459]
[fjt] err=[-0.     0.     0.001  0.001  0.001 -0.002 -0.002]
[fjt] names=['panda_joint1', 'panda_joint2', 'panda_joint3', 'panda_joint4', 'panda_joint5', 'panda_joint6', 'panda_joint7'] pts=3
[fjt] times[0..2]=[0.  0.6 1.2] times[-3:]=[0.6 1.2 1.8]
[fjt] goal=[ 0.911 -0.857 -2.1   -2.428  0.047  3.345 -0.412]
[fjt] final=[ 0.91  -0.856 -2.099 -2.429  0.046  3.343 -0.414]
[fjt] err=[-0.001  0.     0.001 -0.001 -0.001 -0.002 -0.002]
[fjt] names=['panda_joint1', 'panda_joint2', 'panda_joint3', 'panda_joint4', 'panda_joint5', 'panda_joint6', 'panda_joint7'] pts=29
[fjt] times[0..2]=[0.  0.5 1. ] times[-3:]=[13.5 14.  14.5]
[fjt] goal=[ 1.722 -1.282 -2.084 -1.225 -0.373  1.584 -1.282]
[fjt] final=[ 1.716 -1.281 -2.093 -1.203 -0.377  1.6   -1.272]
[fjt] err=[-0.006  0.001 -0.009  0.022 -0.004  0.015  0.01 ]
[fjt] names=['panda_joint1', 'panda_joint2', 'panda_joint3', 'panda_joint4', 'panda_joint5', 'panda_joint6', 'panda_joint7'] pts=1
[fjt] times[0..2]=[0. 2.] times[-3:]=[0. 2.]
[fjt] goal=[ 1.722 -1.282 -2.084 -1.225 -0.373  1.584 -1.282]
[fjt] final=[ 1.717 -1.281 -2.093 -1.202 -0.377  1.599 -1.273]
[fjt] err=[-0.005  0.001 -0.009  0.023 -0.004  0.015  0.009]
[fjt] names=['panda_joint1', 'panda_joint2', 'panda_joint3', 'panda_joint4', 'panda_joint5', 'panda_joint6', 'panda_joint7'] pts=1
[fjt] times[0..2]=[0. 2.] times[-3:]=[0. 2.]
[fjt] goal=[ 1.722 -1.282 -2.084 -1.225 -0.373  1.584 -1.282]
[fjt] final=[ 1.717 -1.281 -2.093 -1.202 -0.378  1.599 -1.273]
[fjt] err=[-0.005  0.001 -0.009  0.023 -0.004  0.015  0.009]
[fjt] names=['panda_joint1', 'panda_joint2', 'panda_joint3', 'panda_joint4', 'panda_joint5', 'panda_joint6', 'panda_joint7'] pts=4
[fjt] times[0..2]=[0.  0.5 1. ] times[-3:]=[1.  1.5 2. ]
[fjt] goal=[ 1.886 -1.39  -2.135 -0.795 -0.386  1.368 -1.386]
[fjt] final=[ 1.885 -1.389 -2.134 -0.799 -0.385  1.37  -1.384]
[fjt] err=[-0.001  0.001  0.001 -0.004  0.001  0.002  0.002]
[fjt] names=['panda_joint1', 'panda_joint2', 'panda_joint3', 'panda_joint4', 'panda_joint5', 'panda_joint6', 'panda_joint7'] pts=19
[fjt] times[0..2]=[0.  0.5 0.9] times[-3:]=[17.1        18.3        18.62927186]
[fjt] goal=[ 0.73   0.907 -1.901 -1.553  0.885  1.307  2.893]
[fjt] final=[ 0.731  0.907 -1.901 -1.552  0.884  1.309  1.316]
[fjt] err=[ 0.000e+00 -1.000e-03  0.000e+00  1.000e-03 -1.000e-03  1.000e-03
 -1.577e+00]
[fjt] names=['panda_joint1', 'panda_joint2', 'panda_joint3', 'panda_joint4', 'panda_joint5', 'panda_joint6', 'panda_joint7'] pts=1
[fjt] times[0..2]=[0. 3.] times[-3:]=[0. 3.]
[fjt] goal=[ 0.73   0.907 -1.901 -1.553  0.885  1.307  2.893]
[fjt] final=[ 0.731  0.907 -1.901 -1.552  0.884  1.309  1.896]
[fjt] err=[ 0.    -0.001  0.     0.001 -0.001  0.001 -0.998]
[fjt] names=['panda_joint1', 'panda_joint2', 'panda_joint3', 'panda_joint4', 'panda_joint5', 'panda_joint6', 'panda_joint7'] pts=1
[fjt] times[0..2]=[0. 2.] times[-3:]=[0. 2.]
[fjt] goal=[ 0.73   0.907 -1.901 -1.553  0.885  1.307  2.893]
[fjt] final=[ 0.731  0.907 -1.901 -1.552  0.884  1.309  2.322]
[fjt] err=[ 0.    -0.001  0.     0.001 -0.001  0.001 -0.572]
[fjt] names=['panda_joint1', 'panda_joint2', 'panda_joint3', 'panda_joint4', 'panda_joint5', 'panda_joint6', 'panda_joint7'] pts=1
[fjt] times[0..2]=[0. 2.] times[-3:]=[0. 2.]
[fjt] goal=[ 0.73   0.907 -1.901 -1.553  0.885  1.307  2.893]
[fjt] final=[ 0.731  0.907 -1.901 -1.552  0.885  1.308  2.74 ]
[fjt] err=[ 0.    -0.001  0.     0.001 -0.001  0.001 -0.154]
