[robosuite WARNING] No private macro file found! (__init__.py:7)
[robosuite WARNING] It is recommended to use a private macro file (__init__.py:8)
[robosuite WARNING] To setup, run: python /storage/home/yehe8/.openrua/simulators/cap-x/capx/third_party/libero_dependencies/robosuite/robosuite/scripts/setup_macros.py (__init__.py:9)
Gym has been unmaintained since 2022 and does not support NumPy 2.0 amongst other critical functionality.
Please upgrade to Gymnasium, the maintained drop-in replacement of Gym, or contact the authors of your software and request that they upgrade.
See the migration guide at https://gymnasium.farama.org/introduction/migration_guide/ for additional information.
[info] Using default task order for benchmark 'libero_10_swap' (10 tasks).
[Warning]: datasets path /storage/home/yehe8/.openrua/simulators/cap-x/capx/third_party/LIBERO-PRO/libero/datasets does not exist!
[Warning]: datasets path /storage/home/yehe8/.openrua/simulators/cap-x/capx/third_party/LIBERO-PRO/libero/datasets does not exist!
robot ready
[Warning]: datasets path /storage/home/yehe8/.openrua/simulators/cap-x/capx/third_party/LIBERO-PRO/libero/datasets does not exist!
[fjt] names=['panda_joint1', 'panda_joint2', 'panda_joint3', 'panda_joint4', 'panda_joint5', 'panda_joint6', 'panda_joint7'] pts=1
[fjt] times[0..2]=[0. 3.] times[-3:]=[0. 3.]
[fjt] goal=[-0.365 -0.812 -0.37  -2.478 -0.268  1.696  0.194]
[fjt] final=[-0.365 -0.774 -0.369 -2.478 -0.267  1.698  0.209]
[fjt] err=[0.    0.038 0.001 0.001 0.001 0.001 0.015]
[fjt] names=['panda_joint1', 'panda_joint2', 'panda_joint3', 'panda_joint4', 'panda_joint5', 'panda_joint6', 'panda_joint7'] pts=1
[fjt] times[0..2]=[0. 3.] times[-3:]=[0. 3.]
[fjt] goal=[-0.085 -0.075 -0.423 -2.519 -0.048  2.45   0.316]
[fjt] final=[-0.085 -0.16  -0.422 -2.518 -0.049  2.297  0.314]
[fjt] err=[-0.001 -0.085  0.001  0.001 -0.001 -0.153 -0.002]
[fjt] names=['panda_joint1', 'panda_joint2', 'panda_joint3', 'panda_joint4', 'panda_joint5', 'panda_joint6', 'panda_joint7'] pts=1
[fjt] times[0..2]=[0. 3.] times[-3:]=[0. 3.]
[fjt] goal=[-0.082 -0.075 -0.426 -2.519 -0.048  2.45   0.316]
[fjt] final=[-0.083 -0.075 -0.425 -2.518 -0.049  2.448  0.314]
[fjt] err=[-0.001 -0.     0.001  0.001 -0.001 -0.002 -0.002]
[fjt] names=['panda_joint1', 'panda_joint2', 'panda_joint3', 'panda_joint4', 'panda_joint5', 'panda_joint6', 'panda_joint7'] pts=1
[fjt] times[0..2]=[0. 2.] times[-3:]=[0. 2.]
[fjt] goal=[-0.07   0.062 -0.427 -2.532  0.049  2.588  0.248]
[fjt] final=[-0.07   0.062 -0.426 -2.531  0.047  2.586  0.251]
[fjt] err=[-0.    -0.001  0.001  0.001 -0.002 -0.002  0.003]
[fjt] names=['panda_joint1', 'panda_joint2', 'panda_joint3', 'panda_joint4', 'panda_joint5', 'panda_joint6', 'panda_joint7'] pts=1
[fjt] times[0..2]=[0. 2.] times[-3:]=[0. 2.]
[fjt] goal=[-0.08   0.196 -0.394 -2.531  0.178  2.706  0.156]
[fjt] final=[-0.08   0.195 -0.395 -2.531  0.176  2.704  0.158]
[fjt] err=[ 0.    -0.001 -0.001  0.    -0.002 -0.002  0.003]
[fjt] names=['panda_joint1', 'panda_joint2', 'panda_joint3', 'panda_joint4', 'panda_joint5', 'panda_joint6', 'panda_joint7'] pts=1
[fjt] times[0..2]=[0.  2.5] times[-3:]=[0.  2.5]
[fjt] goal=[ 0.134 -0.212 -0.629 -2.451 -0.163  2.272  0.406]
[fjt] final=[ 0.133 -0.211 -0.628 -2.452 -0.161  2.275  0.404]
[fjt] err=[-0.001  0.001  0.001 -0.001  0.002  0.003 -0.002]
[fjt] names=['panda_joint1', 'panda_joint2', 'panda_joint3', 'panda_joint4', 'panda_joint5', 'panda_joint6', 'panda_joint7'] pts=1
[fjt] times[0..2]=[0.  3.5] times[-3:]=[0.  3.5]
[fjt] goal=[ 0.354  0.451 -0.526 -1.693  0.253  2.076  0.534]
[fjt] final=[ 0.354  0.446 -0.527 -1.773  0.251  2.077  0.532]
[fjt] err=[-0.    -0.005 -0.    -0.08  -0.001  0.001 -0.002]
[fjt] names=['panda_joint1', 'panda_joint2', 'panda_joint3', 'panda_joint4', 'panda_joint5', 'panda_joint6', 'panda_joint7'] pts=1
[fjt] times[0..2]=[0.  3.5] times[-3:]=[0.  3.5]
[fjt] goal=[ 0.354  0.451 -0.526 -1.693  0.253  2.076  0.534]
[fjt] final=[ 0.354  0.45  -0.527 -1.695  0.252  2.077  0.532]
[fjt] err=[-0.    -0.    -0.    -0.002 -0.001  0.001 -0.002]
[fjt] names=['panda_joint1', 'panda_joint2', 'panda_joint3', 'panda_joint4', 'panda_joint5', 'panda_joint6', 'panda_joint7'] pts=1
[fjt] times[0..2]=[0. 2.] times[-3:]=[0. 2.]
[fjt] goal=[ 0.321  0.593 -0.473 -1.762  0.34   2.273  0.481]
[fjt] final=[ 0.321  0.593 -0.473 -1.761  0.338  2.271  0.483]
[fjt] err=[ 0.    -0.    -0.001  0.001 -0.002 -0.002  0.002]
[fjt] names=['panda_joint1', 'panda_joint2', 'panda_joint3', 'panda_joint4', 'panda_joint5', 'panda_joint6', 'panda_joint7'] pts=1
[fjt] times[0..2]=[0.  2.5] times[-3:]=[0.  2.5]
[fjt] goal=[ 0.372  0.412 -0.555 -1.634  0.232  1.979  0.547]
[fjt] final=[ 0.372  0.412 -0.555 -1.635  0.234  1.982  0.545]
[fjt] err=[-0.     0.     0.001 -0.001  0.001  0.002 -0.002]
[fjt] names=['panda_joint1', 'panda_joint2', 'panda_joint3', 'panda_joint4', 'panda_joint5', 'panda_joint6', 'panda_joint7'] pts=1
[fjt] times[0..2]=[0.  3.5] times[-3:]=[0.  3.5]
[fjt] goal=[-0.052 -0.538  0.167 -3.026  0.141  2.49   0.765]
[fjt] final=[-0.052 -0.286  0.133 -2.333  0.143  2.488  0.765]
[fjt] err=[ 0.     0.252 -0.034  0.692  0.002 -0.002  0.   ]
[fjt] names=['panda_joint1', 'panda_joint2', 'panda_joint3', 'panda_joint4', 'panda_joint5', 'panda_joint6', 'panda_joint7'] pts=1
[fjt] times[0..2]=[0.  3.5] times[-3:]=[0.  3.5]
[fjt] goal=[-0.052 -0.538  0.167 -3.026  0.141  2.49   0.765]
[fjt] final=[-0.052 -0.537  0.166 -3.008  0.142  2.49   0.765]
[fjt] err=[ 0.     0.    -0.001  0.018  0.001  0.     0.   ]
[fjt] names=['panda_joint1', 'panda_joint2', 'panda_joint3', 'panda_joint4', 'panda_joint5', 'panda_joint6', 'panda_joint7'] pts=1
[fjt] times[0..2]=[0.  3.5] times[-3:]=[0.  3.5]
[fjt] goal=[-0.052 -0.538  0.167 -3.026  0.141  2.49   0.765]
[fjt] final=[-0.052 -0.537  0.166 -3.025  0.142  2.49   0.765]
[fjt] err=[ 0.     0.    -0.001  0.001  0.001  0.     0.   ]
[fjt] names=['panda_joint1', 'panda_joint2', 'panda_joint3', 'panda_joint4', 'panda_joint5', 'panda_joint6', 'panda_joint7'] pts=1
[fjt] times[0..2]=[0. 2.] times[-3:]=[0. 2.]
[fjt] goal=[ 0.196 -0.061 -0.126 -3.022 -0.043  2.961  0.897]
[fjt] final=[ 0.195 -0.091 -0.125 -3.023 -0.041  2.929  0.895]
[fjt] err=[-0.001 -0.03   0.001 -0.001  0.002 -0.033 -0.003]
[fjt] names=['panda_joint1', 'panda_joint2', 'panda_joint3', 'panda_joint4', 'panda_joint5', 'panda_joint6', 'panda_joint7'] pts=1
[fjt] times[0..2]=[0. 2.] times[-3:]=[0. 2.]
[fjt] goal=[ 0.196 -0.061 -0.126 -3.022 -0.043  2.961  0.897]
[fjt] final=[ 0.195 -0.062 -0.125 -3.023 -0.041  2.96   0.895]
[fjt] err=[-0.    -0.001  0.001 -0.001  0.002 -0.002 -0.002]
[fjt] names=['panda_joint1', 'panda_joint2', 'panda_joint3', 'panda_joint4', 'panda_joint5', 'panda_joint6', 'panda_joint7'] pts=1
[fjt] times[0..2]=[0. 2.] times[-3:]=[0. 2.]
[fjt] goal=[ 0.084  0.237  0.013 -2.966  0.051  3.203  0.831]
[fjt] final=[ 0.084  0.236  0.012 -2.967  0.049  3.202  0.834]
[fjt] err=[ 0.    -0.001 -0.001 -0.001 -0.002 -0.002  0.003]
[fjt] names=['panda_joint1', 'panda_joint2', 'panda_joint3', 'panda_joint4', 'panda_joint5', 'panda_joint6', 'panda_joint7'] pts=1
[fjt] times[0..2]=[0.  2.5] times[-3:]=[0.  2.5]
[fjt] goal=[ 0.104 -0.728 -0.023 -2.911 -0.018  2.184  0.883]
[fjt] final=[ 0.103 -0.31  -0.021 -2.912 -0.016  2.671  0.88 ]
[fjt] err=[-0.     0.418  0.001 -0.001  0.002  0.488 -0.002]
[fjt] names=['panda_joint1', 'panda_joint2', 'panda_joint3', 'panda_joint4', 'panda_joint5', 'panda_joint6', 'panda_joint7'] pts=1
[fjt] times[0..2]=[0.  2.5] times[-3:]=[0.  2.5]
[fjt] goal=[ 0.104 -0.728 -0.023 -2.911 -0.018  2.184  0.883]
[fjt] final=[ 0.103 -0.727 -0.022 -2.912 -0.017  2.19   0.881]
[fjt] err=[-0.     0.001  0.001 -0.001  0.002  0.006 -0.002]
[fjt] names=['panda_joint1', 'panda_joint2', 'panda_joint3', 'panda_joint4', 'panda_joint5', 'panda_joint6', 'panda_joint7'] pts=1
[fjt] times[0..2]=[0.  3.5] times[-3:]=[0.  3.5]
[fjt] goal=[ 0.187  0.421 -0.014 -1.665  0.006  2.086  0.956]
[fjt] final=[ 0.186 -0.022 -0.014 -2.222  0.005  2.088  0.954]
[fjt] err=[-0.    -0.443 -0.001 -0.557 -0.001  0.002 -0.002]
[fjt] names=['panda_joint1', 'panda_joint2', 'panda_joint3', 'panda_joint4', 'panda_joint5', 'panda_joint6', 'panda_joint7'] pts=1
[fjt] times[0..2]=[0.  3.5] times[-3:]=[0.  3.5]
[fjt] goal=[ 0.187  0.421 -0.014 -1.665  0.006  2.086  0.956]
[fjt] final=[ 0.186  0.42  -0.014 -1.667  0.005  2.088  0.954]
[fjt] err=[-0.    -0.001 -0.    -0.002 -0.001  0.002 -0.002]
[fjt] names=['panda_joint1', 'panda_joint2', 'panda_joint3', 'panda_joint4', 'panda_joint5', 'panda_joint6', 'panda_joint7'] pts=1
[fjt] times[0..2]=[0. 2.] times[-3:]=[0. 2.]
[fjt] goal=[ 0.184  0.777 -0.01  -1.712  0.012  2.489  0.953]
[fjt] final=[ 1.940e-01  7.370e-01  1.100e-02 -1.667e+00  2.000e-03  2.484e+00
  9.560e-01]
[fjt] err=[ 0.01  -0.041  0.021  0.044 -0.01  -0.004  0.003]
[fjt] names=['panda_joint1', 'panda_joint2', 'panda_joint3', 'panda_joint4', 'panda_joint5', 'panda_joint6', 'panda_joint7'] pts=1
[fjt] times[0..2]=[0. 2.] times[-3:]=[0. 2.]
[fjt] goal=[ 0.184  0.777 -0.01  -1.712  0.012  2.489  0.953]
[fjt] final=[ 1.950e-01  7.450e-01  1.700e-02 -1.665e+00  1.000e-03  2.495e+00
  9.530e-01]
[fjt] err=[ 0.011 -0.032  0.027  0.046 -0.01   0.006 -0.   ]
[fjt] names=['panda_joint1', 'panda_joint2', 'panda_joint3', 'panda_joint4', 'panda_joint5', 'panda_joint6', 'panda_joint7'] pts=1
[fjt] times[0..2]=[0. 2.] times[-3:]=[0. 2.]
[fjt] goal=[ 0.184  0.777 -0.01  -1.712  0.012  2.489  0.953]
[fjt] final=[ 0.185  0.776 -0.008 -1.71   0.01   2.491  0.953]
[fjt] err=[ 0.001 -0.001  0.002  0.002 -0.001  0.002 -0.   ]
[fjt] names=['panda_joint1', 'panda_joint2', 'panda_joint3', 'panda_joint4', 'panda_joint5', 'panda_joint6', 'panda_joint7'] pts=1
[fjt] times[0..2]=[0.  2.5] times[-3:]=[0.  2.5]
[fjt] goal=[ 0.188  0.448 -0.013 -1.685  0.006  2.134  0.959]
[fjt] final=[ 0.188  0.449 -0.012 -1.686  0.008  2.136  0.957]
[fjt] err=[-0.     0.     0.001 -0.001  0.001  0.002 -0.002]
[fjt] names=['panda_joint1', 'panda_joint2', 'panda_joint3', 'panda_joint4', 'panda_joint5', 'panda_joint6', 'panda_joint7'] pts=1
[fjt] times[0..2]=[0.  3.5] times[-3:]=[0.  3.5]
[fjt] goal=[ 2.64   0.781  2.868 -2.483 -0.194  1.718  0.116]
[fjt] final=[ 0.811  0.732  0.433 -2.052 -0.178  1.664  0.878]
[fjt] err=[-1.829 -0.049 -2.435  0.431  0.015 -0.055  0.762]
[fjt] names=['panda_joint1', 'panda_joint2', 'panda_joint3', 'panda_joint4', 'panda_joint5', 'panda_joint6', 'panda_joint7'] pts=1
[fjt] times[0..2]=[0.  3.5] times[-3:]=[0.  3.5]
[fjt] goal=[ 2.64   0.781  2.868 -2.483 -0.194  1.718  0.116]
[fjt] final=[ 1.469  0.779  0.985 -2.48  -0.192  1.717  0.56 ]
[fjt] err=[-1.171e+00 -2.000e-03 -1.883e+00  3.000e-03  2.000e-03 -1.000e-03
  4.440e-01]
[fjt] names=['panda_joint1', 'panda_joint2', 'panda_joint3', 'panda_joint4', 'panda_joint5', 'panda_joint6', 'panda_joint7'] pts=1
[fjt] times[0..2]=[0.  3.5] times[-3:]=[0.  3.5]
[fjt] goal=[ 2.64   0.781  2.868 -2.483 -0.194  1.718  0.116]
[fjt] final=[ 2.181  0.779  1.669 -2.481 -0.19   1.718  0.127]
[fjt] err=[-4.590e-01 -1.000e-03 -1.199e+00  2.000e-03  3.000e-03 -0.000e+00
  1.200e-02]
[fjt] names=['panda_joint1', 'panda_joint2', 'panda_joint3', 'panda_joint4', 'panda_joint5', 'panda_joint6', 'panda_joint7'] pts=1
[fjt] times[0..2]=[0. 6.] times[-3:]=[0. 6.]
[fjt] goal=[ 0.    -0.161  0.    -2.445  0.     2.227  0.785]
[fjt] final=[ 1.096 -0.159  0.663 -2.445 -0.007  2.226  0.659]
[fjt] err=[ 1.096e+00  2.000e-03  6.630e-01 -0.000e+00 -7.000e-03 -1.000e-03
 -1.260e-01]
[fjt] names=['panda_joint1', 'panda_joint2', 'panda_joint3', 'panda_joint4', 'panda_joint5', 'panda_joint6', 'panda_joint7'] pts=1
[fjt] times[0..2]=[0. 6.] times[-3:]=[0. 6.]
[fjt] goal=[ 0.    -0.161  0.    -2.445  0.     2.227  0.785]
[fjt] final=[ 1.500e-02 -1.610e-01  1.000e-03 -2.445e+00 -2.000e-03  2.226e+00
  7.790e-01]
[fjt] err=[ 0.015  0.     0.001  0.    -0.002 -0.001 -0.006]
[fjt] names=['panda_joint1', 'panda_joint2', 'panda_joint3', 'panda_joint4', 'panda_joint5', 'panda_joint6', 'panda_joint7'] pts=1
[fjt] times[0..2]=[0. 6.] times[-3:]=[0. 6.]
[fjt] goal=[ 0.    -0.161  0.    -2.445  0.     2.227  0.785]
[fjt] final=[ 0.000e+00 -1.610e-01  0.000e+00 -2.445e+00 -1.000e-03  2.226e+00
  7.830e-01]
[fjt] err=[ 0.     0.     0.     0.    -0.001 -0.001 -0.002]
[fjt] names=['panda_joint1', 'panda_joint2', 'panda_joint3', 'panda_joint4', 'panda_joint5', 'panda_joint6', 'panda_joint7'] pts=1
[fjt] times[0..2]=[0.  3.5] times[-3:]=[0.  3.5]
[fjt] goal=[ 0.04   0.337 -0.116 -1.688  0.043  2.023 -0.873]
[fjt] final=[ 0.04   0.337 -0.116 -1.762  0.042  2.024  0.132]
[fjt] err=[-1.000e-03 -1.000e-03  0.000e+00 -7.400e-02 -1.000e-03  1.000e-03
  1.005e+00]
[fjt] names=['panda_joint1', 'panda_joint2', 'panda_joint3', 'panda_joint4', 'panda_joint5', 'panda_joint6', 'panda_joint7'] pts=1
[fjt] times[0..2]=[0.  3.5] times[-3:]=[0.  3.5]
[fjt] goal=[ 0.04   0.337 -0.116 -1.688  0.043  2.023 -0.873]
[fjt] final=[ 0.04   0.337 -0.116 -1.69   0.042  2.024 -0.51 ]
[fjt] err=[-0.001 -0.001  0.    -0.001 -0.001  0.001  0.363]
[fjt] names=['panda_joint1', 'panda_joint2', 'panda_joint3', 'panda_joint4', 'panda_joint5', 'panda_joint6', 'panda_joint7'] pts=1
[fjt] times[0..2]=[0.  3.5] times[-3:]=[0.  3.5]
[fjt] goal=[ 0.04   0.337 -0.116 -1.688  0.043  2.023 -0.873]
[fjt] final=[ 0.04   0.337 -0.116 -1.69   0.042  2.024 -0.871]
[fjt] err=[-0.    -0.001  0.    -0.001 -0.001  0.     0.002]
[fjt] names=['panda_joint1', 'panda_joint2', 'panda_joint3', 'panda_joint4', 'panda_joint5', 'panda_joint6', 'panda_joint7'] pts=1
[fjt] times[0..2]=[0. 3.] times[-3:]=[0. 3.]
[fjt] goal=[ 0.011  0.614 -0.109 -1.574  0.077  2.184 -0.908]
[fjt] final=[ 0.011  0.613 -0.11  -1.575  0.075  2.182 -0.906]
[fjt] err=[ 0.    -0.001 -0.001 -0.001 -0.001 -0.002  0.002]
[fjt] names=['panda_joint1', 'panda_joint2', 'panda_joint3', 'panda_joint4', 'panda_joint5', 'panda_joint6', 'panda_joint7'] pts=1
[fjt] times[0..2]=[0. 2.] times[-3:]=[0. 2.]
[fjt] goal=[ 0.005  0.717 -0.1   -1.588  0.088  2.301 -0.915]
[fjt] final=[ 0.006  0.717 -0.101 -1.587  0.087  2.298 -0.912]
[fjt] err=[ 0.    -0.    -0.001  0.001 -0.001 -0.002  0.002]
[fjt] names=['panda_joint1', 'panda_joint2', 'panda_joint3', 'panda_joint4', 'panda_joint5', 'panda_joint6', 'panda_joint7'] pts=1
[fjt] times[0..2]=[0.  2.5] times[-3:]=[0.  2.5]
[fjt] goal=[ 0.015  0.544 -0.116 -1.528  0.068  2.068 -0.903]
[fjt] final=[ 0.014  0.544 -0.115 -1.529  0.07   2.07  -0.905]
[fjt] err=[-0.     0.001  0.001 -0.001  0.001  0.002 -0.002]
[fjt] names=['panda_joint1', 'panda_joint2', 'panda_joint3', 'panda_joint4', 'panda_joint5', 'panda_joint6', 'panda_joint7'] pts=1
[fjt] times[0..2]=[0.  2.5] times[-3:]=[0.  2.5]
[fjt] goal=[ 0.056  0.557 -0.104 -1.505  0.062  2.059 -0.847]
[fjt] final=[ 0.056  0.557 -0.105 -1.507  0.064  2.061 -0.85 ]
[fjt] err=[-0.    -0.    -0.001 -0.002  0.001  0.002 -0.003]
[fjt] names=['panda_joint1', 'panda_joint2', 'panda_joint3', 'panda_joint4', 'panda_joint5', 'panda_joint6', 'panda_joint7'] pts=1
[fjt] times[0..2]=[0. 2.] times[-3:]=[0. 2.]
[fjt] goal=[ 0.051  0.708 -0.094 -1.566  0.08   2.27  -0.858]
[fjt] final=[ 0.051  0.708 -0.095 -1.566  0.078  2.268 -0.855]
[fjt] err=[ 0.    -0.    -0.001  0.001 -0.001 -0.002  0.002]
[fjt] names=['panda_joint1', 'panda_joint2', 'panda_joint3', 'panda_joint4', 'panda_joint5', 'panda_joint6', 'panda_joint7'] pts=1
[fjt] times[0..2]=[0.  2.5] times[-3:]=[0.  2.5]
[fjt] goal=[ 0.06   0.498 -0.115 -1.367  0.057  1.861 -0.843]
[fjt] final=[ 0.059  0.498 -0.114 -1.368  0.058  1.864 -0.845]
[fjt] err=[-0.     0.     0.001 -0.001  0.001  0.002 -0.002]
[fjt] names=['panda_joint1', 'panda_joint2', 'panda_joint3', 'panda_joint4', 'panda_joint5', 'panda_joint6', 'panda_joint7'] pts=1
[fjt] times[0..2]=[0. 5.] times[-3:]=[0. 5.]
[fjt] goal=[ 0.    -0.161  0.    -2.445  0.     2.227  0.785]
[fjt] final=[ 1.000e-03 -1.600e-01 -0.000e+00 -2.287e+00  1.000e-03  2.226e+00
  1.700e-02]
[fjt] err=[ 0.001  0.001 -0.     0.158  0.001 -0.001 -0.768]
[fjt] names=['panda_joint1', 'panda_joint2', 'panda_joint3', 'panda_joint4', 'panda_joint5', 'panda_joint6', 'panda_joint7'] pts=1
[fjt] times[0..2]=[0. 5.] times[-3:]=[0. 5.]
[fjt] goal=[ 0.    -0.161  0.    -2.445  0.     2.227  0.785]
[fjt] final=[ 0.    -0.16  -0.    -2.444  0.     2.226  0.782]
[fjt] err=[ 0.     0.001 -0.     0.001  0.    -0.001 -0.003]
