[robosuite WARNING] No private macro file found! (__init__.py:7)
[robosuite WARNING] It is recommended to use a private macro file (__init__.py:8)
[robosuite WARNING] To setup, run: python /storage/home/yehe8/.openrua/simulators/cap-x/capx/third_party/libero_dependencies/robosuite/robosuite/scripts/setup_macros.py (__init__.py:9)
Gym has been unmaintained since 2022 and does not support NumPy 2.0 amongst other critical functionality.
Please upgrade to Gymnasium, the maintained drop-in replacement of Gym, or contact the authors of your software and request that they upgrade.
See the migration guide at https://gymnasium.farama.org/introduction/migration_guide/ for additional information.
[info] Using default task order for benchmark 'libero_10_task' (10 tasks).
[Warning]: datasets path /storage/home/yehe8/.openrua/simulators/cap-x/capx/third_party/LIBERO-PRO/libero/datasets does not exist!
[Warning]: datasets path /storage/home/yehe8/.openrua/simulators/cap-x/capx/third_party/LIBERO-PRO/libero/datasets does not exist!
robot ready
[Warning]: datasets path /storage/home/yehe8/.openrua/simulators/cap-x/capx/third_party/LIBERO-PRO/libero/datasets does not exist!
[fjt] names=['panda_joint1', 'panda_joint2', 'panda_joint3', 'panda_joint4', 'panda_joint5', 'panda_joint6', 'panda_joint7'] pts=1
[fjt] times[0..2]=[0. 3.] times[-3:]=[0. 3.]
[fjt] goal=[ 0.    -0.256  0.    -2.428  0.     2.172  0.785]
[fjt] final=[-0.    -0.256  0.    -2.429 -0.     2.174  0.785]
[fjt] err=[-0.     0.     0.    -0.001 -0.     0.002  0.   ]
[fjt] names=['panda_joint1', 'panda_joint2', 'panda_joint3', 'panda_joint4', 'panda_joint5', 'panda_joint6', 'panda_joint7'] pts=1
[fjt] times[0..2]=[0. 4.] times[-3:]=[0. 4.]
[fjt] goal=[ 0.064 -0.134  0.094 -2.531  0.018  2.398  0.928]
[fjt] final=[ 0.063 -0.134  0.093 -2.53   0.017  2.396  0.926]
[fjt] err=[-0.    -0.    -0.001  0.001 -0.001 -0.002 -0.002]
[fjt] names=['panda_joint1', 'panda_joint2', 'panda_joint3', 'panda_joint4', 'panda_joint5', 'panda_joint6', 'panda_joint7'] pts=1
[fjt] times[0..2]=[0.  2.5] times[-3:]=[0.  2.5]
[fjt] goal=[ 0.079  0.318  0.064 -2.549 -0.073  2.866  0.995]
[fjt] final=[ 0.079  0.304  0.063 -2.55  -0.071  2.858  0.992]
[fjt] err=[-0.001 -0.014 -0.001 -0.     0.002 -0.008 -0.003]
[fjt] names=['panda_joint1', 'panda_joint2', 'panda_joint3', 'panda_joint4', 'panda_joint5', 'panda_joint6', 'panda_joint7'] pts=1
[fjt] times[0..2]=[0.  2.5] times[-3:]=[0.  2.5]
[fjt] goal=[-0.06  -0.27   0.21  -2.436  0.067  2.17   0.89 ]
[fjt] final=[-0.06  -0.232  0.209 -2.437  0.066  2.333  0.892]
[fjt] err=[ 0.001  0.038 -0.001 -0.002 -0.002  0.162  0.002]
[fjt] names=['panda_joint1', 'panda_joint2', 'panda_joint3', 'panda_joint4', 'panda_joint5', 'panda_joint6', 'panda_joint7'] pts=1
[fjt] times[0..2]=[0.  2.5] times[-3:]=[0.  2.5]
[fjt] goal=[-0.06  -0.27   0.21  -2.436  0.067  2.17   0.89 ]
[fjt] final=[-0.06  -0.269  0.209 -2.437  0.066  2.172  0.892]
[fjt] err=[ 0.     0.001 -0.001 -0.002 -0.002  0.002  0.002]
[fjt] names=['panda_joint1', 'panda_joint2', 'panda_joint3', 'panda_joint4', 'panda_joint5', 'panda_joint6', 'panda_joint7'] pts=1
[fjt] times[0..2]=[0. 4.] times[-3:]=[0. 4.]
[fjt] goal=[ 0.055  0.117  0.438 -2.008 -0.058  2.113  1.305]
[fjt] final=[ 0.054  0.116  0.437 -2.011 -0.056  2.116  1.303]
[fjt] err=[-0.    -0.    -0.001 -0.002  0.001  0.002 -0.003]
[fjt] names=['panda_joint1', 'panda_joint2', 'panda_joint3', 'panda_joint4', 'panda_joint5', 'panda_joint6', 'panda_joint7'] pts=1
[fjt] times[0..2]=[0. 2.] times[-3:]=[0. 2.]
[fjt] goal=[ 0.057  0.14   0.436 -2.034 -0.071  2.16   1.314]
[fjt] final=[ 0.057  0.14   0.436 -2.034 -0.069  2.158  1.312]
[fjt] err=[-0.    -0.     0.001  0.     0.001 -0.002 -0.002]
[fjt] names=['panda_joint1', 'panda_joint2', 'panda_joint3', 'panda_joint4', 'panda_joint5', 'panda_joint6', 'panda_joint7'] pts=1
[fjt] times[0..2]=[0. 2.] times[-3:]=[0. 2.]
[fjt] goal=[ 0.05   0.087  0.441 -1.963 -0.042  2.042  1.294]
[fjt] final=[ 0.051  0.088  0.44  -1.964 -0.043  2.044  1.296]
[fjt] err=[ 0.     0.    -0.001 -0.001 -0.002  0.002  0.002]
[fjt] names=['panda_joint1', 'panda_joint2', 'panda_joint3', 'panda_joint4', 'panda_joint5', 'panda_joint6', 'panda_joint7'] pts=1
[fjt] times[0..2]=[0. 4.] times[-3:]=[0. 4.]
[fjt] goal=[-0.422  0.504  0.133 -1.836 -0.089  2.334  0.541]
[fjt] final=[-0.422  0.503  0.133 -1.837 -0.087  2.332  0.56 ]
[fjt] err=[ 0.    -0.001  0.    -0.001  0.002 -0.002  0.019]
[fjt] names=['panda_joint1', 'panda_joint2', 'panda_joint3', 'panda_joint4', 'panda_joint5', 'panda_joint6', 'panda_joint7'] pts=1
[fjt] times[0..2]=[0.  2.5] times[-3:]=[0.  2.5]
[fjt] goal=[-0.402  0.77   0.104 -1.794 -0.132  2.558  0.569]
[fjt] final=[-0.403  0.765  0.105 -1.796 -0.131  2.553  0.567]
[fjt] err=[-0.    -0.005  0.001 -0.001  0.001 -0.005 -0.002]
[fjt] names=['panda_joint1', 'panda_joint2', 'panda_joint3', 'panda_joint4', 'panda_joint5', 'panda_joint6', 'panda_joint7'] pts=1
[fjt] times[0..2]=[0.  2.5] times[-3:]=[0.  2.5]
[fjt] goal=[-0.458  0.323  0.178 -1.713 -0.063  2.03   0.525]
[fjt] final=[-0.457  0.324  0.178 -1.714 -0.064  2.047  0.527]
[fjt] err=[ 0.     0.001 -0.001 -0.001 -0.001  0.016  0.002]
[fjt] names=['panda_joint1', 'panda_joint2', 'panda_joint3', 'panda_joint4', 'panda_joint5', 'panda_joint6', 'panda_joint7'] pts=1
[fjt] times[0..2]=[0. 4.] times[-3:]=[0. 4.]
[fjt] goal=[-0.036  0.122  0.532 -2.008 -0.072  2.113  1.315]
[fjt] final=[-0.036  0.123  0.532 -2.007 -0.072  2.111  1.268]
[fjt] err=[-0.     0.001 -0.     0.001  0.001 -0.002 -0.047]
[fjt] names=['panda_joint1', 'panda_joint2', 'panda_joint3', 'panda_joint4', 'panda_joint5', 'panda_joint6', 'panda_joint7'] pts=1
[fjt] times[0..2]=[0. 4.] times[-3:]=[0. 4.]
[fjt] goal=[-0.036  0.122  0.532 -2.008 -0.072  2.113  1.315]
[fjt] final=[-0.036  0.123  0.532 -2.007 -0.072  2.111  1.313]
[fjt] err=[-0.     0.001 -0.     0.001  0.001 -0.002 -0.002]
[fjt] names=['panda_joint1', 'panda_joint2', 'panda_joint3', 'panda_joint4', 'panda_joint5', 'panda_joint6', 'panda_joint7'] pts=1
[fjt] times[0..2]=[0. 2.] times[-3:]=[0. 2.]
[fjt] goal=[-0.029  0.174  0.526 -2.057 -0.108  2.205  1.34 ]
[fjt] final=[-0.03   0.174  0.527 -2.056 -0.107  2.203  1.338]
[fjt] err=[-0.    -0.     0.001  0.001  0.002 -0.002 -0.002]
[fjt] names=['panda_joint1', 'panda_joint2', 'panda_joint3', 'panda_joint4', 'panda_joint5', 'panda_joint6', 'panda_joint7'] pts=1
[fjt] times[0..2]=[0. 2.] times[-3:]=[0. 2.]
[fjt] goal=[-0.046  0.092  0.54  -1.963 -0.053  2.042  1.302]
[fjt] final=[-0.045  0.092  0.539 -1.964 -0.055  2.044  1.304]
[fjt] err=[ 0.     0.    -0.001 -0.001 -0.002  0.002  0.002]
