[robosuite WARNING] No private macro file found! (__init__.py:7)
[robosuite WARNING] It is recommended to use a private macro file (__init__.py:8)
[robosuite WARNING] To setup, run: python /storage/home/yehe8/.openrua/simulators/cap-x/capx/third_party/libero_dependencies/robosuite/robosuite/scripts/setup_macros.py (__init__.py:9)
Gym has been unmaintained since 2022 and does not support NumPy 2.0 amongst other critical functionality.
Please upgrade to Gymnasium, the maintained drop-in replacement of Gym, or contact the authors of your software and request that they upgrade.
See the migration guide at https://gymnasium.farama.org/introduction/migration_guide/ for additional information.
[info] Using default task order for benchmark 'libero_10_task' (10 tasks).
[Warning]: datasets path /storage/home/yehe8/.openrua/simulators/cap-x/capx/third_party/LIBERO-PRO/libero/datasets does not exist!
[Warning]: datasets path /storage/home/yehe8/.openrua/simulators/cap-x/capx/third_party/LIBERO-PRO/libero/datasets does not exist!
robot ready
[Warning]: datasets path /storage/home/yehe8/.openrua/simulators/cap-x/capx/third_party/LIBERO-PRO/libero/datasets does not exist!
[fjt] names=['panda_joint1', 'panda_joint2', 'panda_joint3', 'panda_joint4', 'panda_joint5', 'panda_joint6', 'panda_joint7'] pts=1
[fjt] times[0..2]=[0. 4.] times[-3:]=[0. 4.]
[fjt] goal=[ 0.126 -0.251  0.022 -2.656  0.008  2.405  0.141]
[fjt] final=[ 0.126 -0.25   0.021 -2.655  0.007  2.403  0.147]
[fjt] err=[-0.     0.001 -0.001  0.001 -0.001 -0.002  0.006]
[fjt] names=['panda_joint1', 'panda_joint2', 'panda_joint3', 'panda_joint4', 'panda_joint5', 'panda_joint6', 'panda_joint7'] pts=1
[fjt] times[0..2]=[0. 3.] times[-3:]=[0. 3.]
[fjt] goal=[ 1.230e-01  1.200e-02  2.000e-02 -2.713e+00 -1.000e-03  2.724e+00
  1.440e-01]
[fjt] final=[ 1.230e-01  1.100e-02  2.100e-02 -2.712e+00  1.000e-03  2.722e+00
  1.460e-01]
[fjt] err=[ 0.    -0.     0.001  0.001  0.001 -0.002  0.002]
[fjt] names=['panda_joint1', 'panda_joint2', 'panda_joint3', 'panda_joint4', 'panda_joint5', 'panda_joint6', 'panda_joint7'] pts=1
[fjt] times[0..2]=[0. 2.] times[-3:]=[0. 2.]
[fjt] goal=[ 0.126  0.247  0.014 -2.687 -0.017  2.934  0.156]
[fjt] final=[ 0.126  0.233  0.016 -2.691 -0.015  2.928  0.153]
[fjt] err=[-0.    -0.014  0.002 -0.004  0.002 -0.006 -0.003]
[fjt] names=['panda_joint1', 'panda_joint2', 'panda_joint3', 'panda_joint4', 'panda_joint5', 'panda_joint6', 'panda_joint7'] pts=1
[fjt] times[0..2]=[0. 3.] times[-3:]=[0. 3.]
[fjt] goal=[ 0.076 -0.402  0.065 -2.564  0.031  2.162  0.119]
[fjt] final=[ 0.077 -0.379  0.064 -2.566  0.029  2.326  0.121]
[fjt] err=[ 0.     0.024 -0.001 -0.002 -0.002  0.164  0.002]
[fjt] names=['panda_joint1', 'panda_joint2', 'panda_joint3', 'panda_joint4', 'panda_joint5', 'panda_joint6', 'panda_joint7'] pts=1
[fjt] times[0..2]=[0. 4.] times[-3:]=[0. 4.]
[fjt] goal=[ 0.17   0.085  0.305 -1.96  -0.029  2.042  0.487]
[fjt] final=[ 0.17   0.085  0.305 -1.963 -0.027  2.044  0.484]
[fjt] err=[-0.    -0.    -0.001 -0.002  0.001  0.002 -0.003]
[fjt] names=['panda_joint1', 'panda_joint2', 'panda_joint3', 'panda_joint4', 'panda_joint5', 'panda_joint6', 'panda_joint7'] pts=1
[fjt] times[0..2]=[0. 2.] times[-3:]=[0. 2.]
[fjt] goal=[ 0.17   0.085  0.305 -1.96  -0.029  2.042  0.487]
[fjt] final=[ 0.17   0.085  0.305 -1.962 -0.027  2.044  0.485]
[fjt] err=[-0.    -0.    -0.    -0.002  0.001  0.002 -0.002]
[fjt] names=['panda_joint1', 'panda_joint2', 'panda_joint3', 'panda_joint4', 'panda_joint5', 'panda_joint6', 'panda_joint7'] pts=1
[fjt] times[0..2]=[0. 2.] times[-3:]=[0. 2.]
[fjt] goal=[ 0.173  0.136  0.303 -2.031 -0.049  2.16   0.501]
[fjt] final=[ 0.173  0.136  0.304 -2.031 -0.047  2.158  0.498]
[fjt] err=[-0.     0.     0.001  0.     0.002 -0.002 -0.002]
[fjt] names=['panda_joint1', 'panda_joint2', 'panda_joint3', 'panda_joint4', 'panda_joint5', 'panda_joint6', 'panda_joint7'] pts=1
[fjt] times[0..2]=[0. 3.] times[-3:]=[0. 3.]
[fjt] goal=[ 0.164  0.054  0.31  -1.869 -0.017  1.92   0.479]
[fjt] final=[ 0.165  0.054  0.309 -1.87  -0.019  1.922  0.481]
[fjt] err=[ 0.     0.    -0.001 -0.001 -0.001  0.002  0.002]
[fjt] names=['panda_joint1', 'panda_joint2', 'panda_joint3', 'panda_joint4', 'panda_joint5', 'panda_joint6', 'panda_joint7'] pts=1
[fjt] times[0..2]=[0. 4.] times[-3:]=[0. 4.]
[fjt] goal=[-0.055  0.301  0.116 -2.079 -0.05   2.377  0.092]
[fjt] final=[-0.055  0.3    0.117 -2.078 -0.048  2.375  0.094]
[fjt] err=[ 0.    -0.     0.001  0.001  0.001 -0.002  0.002]
[fjt] names=['panda_joint1', 'panda_joint2', 'panda_joint3', 'panda_joint4', 'panda_joint5', 'panda_joint6', 'panda_joint7'] pts=1
[fjt] times[0..2]=[0. 3.] times[-3:]=[0. 3.]
[fjt] goal=[ 0.049  0.289  0.015 -2.095 -0.006  2.383  0.852]
[fjt] final=[ 0.048  0.289  0.016 -2.093 -0.008  2.381  0.658]
[fjt] err=[-0.     0.001  0.001  0.001 -0.002 -0.002 -0.194]
[fjt] names=['panda_joint1', 'panda_joint2', 'panda_joint3', 'panda_joint4', 'panda_joint5', 'panda_joint6', 'panda_joint7'] pts=1
[fjt] times[0..2]=[0. 3.] times[-3:]=[0. 3.]
[fjt] goal=[ 0.072  0.288 -0.009 -2.095  0.004  2.383  0.846]
[fjt] final=[ 0.071  0.289 -0.009 -2.094  0.003  2.382  0.844]
[fjt] err=[-0.001  0.001  0.001  0.001 -0.001 -0.002 -0.002]
[fjt] names=['panda_joint1', 'panda_joint2', 'panda_joint3', 'panda_joint4', 'panda_joint5', 'panda_joint6', 'panda_joint7'] pts=1
[fjt] times[0..2]=[0. 3.] times[-3:]=[0. 3.]
[fjt] goal=[ 0.07   0.487 -0.007 -2.101  0.006  2.588  0.844]
[fjt] final=[ 0.071  0.487 -0.008 -2.1    0.005  2.586  0.844]
[fjt] err=[ 0.    -0.    -0.001  0.001 -0.001 -0.002 -0.   ]
[fjt] names=['panda_joint1', 'panda_joint2', 'panda_joint3', 'panda_joint4', 'panda_joint5', 'panda_joint6', 'panda_joint7'] pts=1
[fjt] times[0..2]=[0. 2.] times[-3:]=[0. 2.]
[fjt] goal=[ 0.069  0.626 -0.006 -2.067  0.008  2.693  0.843]
[fjt] final=[ 0.07   0.626 -0.007 -2.068  0.007  2.691  0.844]
[fjt] err=[ 0.    -0.001 -0.001 -0.001 -0.001 -0.002  0.001]
[fjt] names=['panda_joint1', 'panda_joint2', 'panda_joint3', 'panda_joint4', 'panda_joint5', 'panda_joint6', 'panda_joint7'] pts=1
[fjt] times[0..2]=[0. 3.] times[-3:]=[0. 3.]
[fjt] goal=[ 0.072  0.288 -0.01  -2.095  0.004  2.383  0.846]
[fjt] final=[ 0.072  0.289 -0.009 -2.094  0.005  2.385  0.844]
[fjt] err=[-0.     0.001  0.001  0.001  0.001  0.002 -0.002]
[fjt] names=['panda_joint1', 'panda_joint2', 'panda_joint3', 'panda_joint4', 'panda_joint5', 'panda_joint6', 'panda_joint7'] pts=1
[fjt] times[0..2]=[0. 3.] times[-3:]=[0. 3.]
[fjt] goal=[ 7.400e-02  9.000e-02 -1.100e-02 -1.923e+00  1.000e-03  2.013e+00
  8.470e-01]
[fjt] final=[ 0.073  0.091 -0.011 -1.924  0.003  2.016  0.845]
[fjt] err=[-0.     0.     0.001 -0.001  0.001  0.002 -0.002]
[fjt] names=['panda_joint1', 'panda_joint2', 'panda_joint3', 'panda_joint4', 'panda_joint5', 'panda_joint6', 'panda_joint7'] pts=1
[fjt] times[0..2]=[0. 4.] times[-3:]=[0. 4.]
[fjt] goal=[ 0.297  0.064  0.177 -1.957 -0.013  2.021  1.264]
[fjt] final=[ 0.296  0.065  0.177 -1.956 -0.011  2.019  1.262]
[fjt] err=[-0.     0.001 -0.001  0.001  0.001 -0.002 -0.003]
[fjt] names=['panda_joint1', 'panda_joint2', 'panda_joint3', 'panda_joint4', 'panda_joint5', 'panda_joint6', 'panda_joint7'] pts=1
[fjt] times[0..2]=[0. 2.] times[-3:]=[0. 2.]
[fjt] goal=[ 0.299  0.121  0.176 -2.045 -0.026  2.164  1.273]
[fjt] final=[ 0.298  0.121  0.177 -2.044 -0.024  2.162  1.271]
[fjt] err=[-0.    -0.     0.     0.001  0.001 -0.002 -0.002]
[fjt] names=['panda_joint1', 'panda_joint2', 'panda_joint3', 'panda_joint4', 'panda_joint5', 'panda_joint6', 'panda_joint7'] pts=1
[fjt] times[0..2]=[0. 3.] times[-3:]=[0. 3.]
[fjt] goal=[ 0.29   0.028  0.182 -1.77  -0.005  1.798  1.259]
[fjt] final=[ 0.291  0.029  0.182 -1.771 -0.007  1.8    1.261]
[fjt] err=[ 0.001  0.    -0.001 -0.001 -0.001  0.002  0.002]
