[robosuite WARNING] No private macro file found! (__init__.py:7)
[robosuite WARNING] It is recommended to use a private macro file (__init__.py:8)
[robosuite WARNING] To setup, run: python /storage/home/yehe8/.openrua/simulators/cap-x/capx/third_party/libero_dependencies/robosuite/robosuite/scripts/setup_macros.py (__init__.py:9)
Gym has been unmaintained since 2022 and does not support NumPy 2.0 amongst other critical functionality.
Please upgrade to Gymnasium, the maintained drop-in replacement of Gym, or contact the authors of your software and request that they upgrade.
See the migration guide at https://gymnasium.farama.org/introduction/migration_guide/ for additional information.
[info] Using default task order for benchmark 'libero_10_task' (10 tasks).
[Warning]: datasets path /storage/home/yehe8/.openrua/simulators/cap-x/capx/third_party/LIBERO-PRO/libero/datasets does not exist!
[Warning]: datasets path /storage/home/yehe8/.openrua/simulators/cap-x/capx/third_party/LIBERO-PRO/libero/datasets does not exist!
robot ready
[Warning]: datasets path /storage/home/yehe8/.openrua/simulators/cap-x/capx/third_party/LIBERO-PRO/libero/datasets does not exist!
[fjt] names=['panda_joint1', 'panda_joint2', 'panda_joint3', 'panda_joint4', 'panda_joint5', 'panda_joint6', 'panda_joint7'] pts=1
[fjt] times[0..2]=[0. 5.] times[-3:]=[0. 5.]
[fjt] goal=[ 0.035  0.915 -0.235 -1.539  1.606  1.358  1.479]
[fjt] final=[ 0.035  0.769 -0.235 -1.545  0.889  1.376  1.476]
[fjt] err=[-0.    -0.147  0.001 -0.006 -0.717  0.018 -0.003]
[fjt] names=['panda_joint1', 'panda_joint2', 'panda_joint3', 'panda_joint4', 'panda_joint5', 'panda_joint6', 'panda_joint7'] pts=1
[fjt] times[0..2]=[0. 4.] times[-3:]=[0. 4.]
[fjt] goal=[ 0.035  0.915 -0.235 -1.539  1.606  1.358  1.479]
[fjt] final=[ 0.035  0.914 -0.235 -1.54   1.599  1.36   1.477]
[fjt] err=[-0.    -0.001  0.    -0.001 -0.007  0.002 -0.002]
[fjt] names=['panda_joint1', 'panda_joint2', 'panda_joint3', 'panda_joint4', 'panda_joint5', 'panda_joint6', 'panda_joint7'] pts=3
[fjt] times[0..2]=[0. 1. 2.] times[-3:]=[1. 2. 3.]
[fjt] goal=[ 0.062  0.582 -0.265 -1.646  1.584  1.356  1.704]
[fjt] final=[ 0.062  0.582 -0.264 -1.645  1.585  1.358  1.701]
[fjt] err=[-0.     0.001  0.001  0.001  0.001  0.002 -0.002]
[fjt] names=['panda_joint1', 'panda_joint2', 'panda_joint3', 'panda_joint4', 'panda_joint5', 'panda_joint6', 'panda_joint7'] pts=1
[fjt] times[0..2]=[0. 6.] times[-3:]=[0. 6.]
[fjt] goal=[-5.000e-03  3.740e-01  2.000e-03 -2.245e+00  2.000e-03  2.968e+00
  7.800e-01]
[fjt] final=[-5.000e-03  3.740e-01  1.000e-03 -2.244e+00  5.510e-01  2.394e+00
  7.860e-01]
[fjt] err=[ 0.     0.001 -0.001  0.001  0.548 -0.574  0.006]
[fjt] names=['panda_joint1', 'panda_joint2', 'panda_joint3', 'panda_joint4', 'panda_joint5', 'panda_joint6', 'panda_joint7'] pts=1
[fjt] times[0..2]=[0. 2.] times[-3:]=[0. 2.]
[fjt] goal=[-5.000e-03  3.740e-01  2.000e-03 -2.245e+00  2.000e-03  2.968e+00
  7.800e-01]
[fjt] final=[-5.000e-03  3.740e-01  1.000e-03 -2.244e+00  1.110e-01  2.821e+00
  7.840e-01]
[fjt] err=[ 0.     0.001 -0.001  0.001  0.108 -0.147  0.005]
[fjt] names=['panda_joint1', 'panda_joint2', 'panda_joint3', 'panda_joint4', 'panda_joint5', 'panda_joint6', 'panda_joint7'] pts=1
[fjt] times[0..2]=[0. 2.] times[-3:]=[0. 2.]
[fjt] goal=[-5.000e-03  3.740e-01  2.000e-03 -2.245e+00  2.000e-03  2.968e+00
  7.800e-01]
[fjt] final=[-5.000e-03  3.740e-01  2.000e-03 -2.244e+00  4.000e-03  2.966e+00
  7.820e-01]
[fjt] err=[ 0.     0.    -0.001  0.001  0.001 -0.002  0.002]
[fjt] names=['panda_joint1', 'panda_joint2', 'panda_joint3', 'panda_joint4', 'panda_joint5', 'panda_joint6', 'panda_joint7'] pts=4
[fjt] times[0..2]=[0.   0.75 1.5 ] times[-3:]=[1.5  2.25 3.  ]
[fjt] goal=[ 0.023  0.651 -0.004 -2.171  0.138  3.171  0.666]
[fjt] final=[ 0.022  0.65  -0.004 -2.172  0.136  3.17   0.669]
[fjt] err=[-0.001 -0.001  0.001 -0.001 -0.002 -0.002  0.003]
[fjt] names=['panda_joint1', 'panda_joint2', 'panda_joint3', 'panda_joint4', 'panda_joint5', 'panda_joint6', 'panda_joint7'] pts=6
[fjt] times[0..2]=[0. 1. 2.] times[-3:]=[4. 5. 6.]
[fjt] goal=[ 0.049  0.954 -0.054 -1.53   0.115  2.83   0.708]
[fjt] final=[ 0.049  0.952 -0.053 -1.533  0.117  2.832  0.705]
[fjt] err=[-0.    -0.002  0.    -0.003  0.002  0.001 -0.002]
[fjt] names=['panda_joint1', 'panda_joint2', 'panda_joint3', 'panda_joint4', 'panda_joint5', 'panda_joint6', 'panda_joint7'] pts=4
[fjt] times[0..2]=[0.   0.75 1.5 ] times[-3:]=[1.5  2.25 3.  ]
[fjt] goal=[ 0.068  0.714 -0.079 -1.612  0.102  2.672  0.719]
[fjt] final=[ 0.067  0.715 -0.079 -1.611  0.104  2.673  0.717]
[fjt] err=[-0.     0.001  0.001  0.001  0.002  0.002 -0.002]
[fjt] names=['panda_joint1', 'panda_joint2', 'panda_joint3', 'panda_joint4', 'panda_joint5', 'panda_joint6', 'panda_joint7'] pts=1
[fjt] times[0..2]=[0. 6.] times[-3:]=[0. 6.]
[fjt] goal=[ 0.352  0.526 -0.38  -2.057 -1.109  2.133  0.063]
[fjt] final=[ 0.351  0.527 -0.379 -2.056 -0.908  2.135  0.067]
[fjt] err=[-0.001  0.001  0.001  0.001  0.201  0.002  0.003]
[fjt] names=['panda_joint1', 'panda_joint2', 'panda_joint3', 'panda_joint4', 'panda_joint5', 'panda_joint6', 'panda_joint7'] pts=1
[fjt] times[0..2]=[0. 2.] times[-3:]=[0. 2.]
[fjt] goal=[ 0.352  0.526 -0.38  -2.057 -1.109  2.133  0.063]
[fjt] final=[ 0.351  0.527 -0.38  -2.056 -1.108  2.134  0.065]
[fjt] err=[-0.     0.001  0.001  0.001  0.001  0.001  0.002]
[fjt] names=['panda_joint1', 'panda_joint2', 'panda_joint3', 'panda_joint4', 'panda_joint5', 'panda_joint6', 'panda_joint7'] pts=5
[fjt] times[0..2]=[0.  0.8 1.6] times[-3:]=[2.4 3.2 4. ]
[fjt] goal=[ 0.278  0.778 -0.392 -1.957 -1.165  2.275  0.187]
[fjt] final=[ 0.278  0.777 -0.391 -1.958 -1.163  2.273  0.185]
[fjt] err=[ 0.    -0.001  0.001 -0.001  0.002 -0.002 -0.002]
[fjt] names=['panda_joint1', 'panda_joint2', 'panda_joint3', 'panda_joint4', 'panda_joint5', 'panda_joint6', 'panda_joint7'] pts=4
[fjt] times[0..2]=[0. 1. 2.] times[-3:]=[2. 3. 4.]
[fjt] goal=[ 0.323  0.424 -0.428 -2.08  -1.14   2.139 -0.03 ]
[fjt] final=[ 0.323  0.425 -0.427 -2.079 -1.141  2.141 -0.027]
[fjt] err=[-0.001  0.001  0.001  0.001 -0.001  0.002  0.002]
[fjt] names=['panda_joint1', 'panda_joint2', 'panda_joint3', 'panda_joint4', 'panda_joint5', 'panda_joint6', 'panda_joint7'] pts=1
[fjt] times[0..2]=[0. 3.] times[-3:]=[0. 3.]
[fjt] goal=[ 0.327  0.522 -0.407 -1.91  -0.723  1.765  0.039]
[fjt] final=[ 0.327  0.521 -0.408 -1.912 -0.724  1.768  0.037]
[fjt] err=[-0.    -0.    -0.001 -0.002 -0.001  0.003 -0.002]
[fjt] names=['panda_joint1', 'panda_joint2', 'panda_joint3', 'panda_joint4', 'panda_joint5', 'panda_joint6', 'panda_joint7'] pts=1
[fjt] times[0..2]=[0. 3.] times[-3:]=[0. 3.]
[fjt] goal=[ 0.289  0.638 -0.418 -1.7   -0.349  1.424  0.204]
[fjt] final=[ 0.289  0.637 -0.418 -1.701 -0.35   1.426  0.202]
[fjt] err=[ 0.    -0.001  0.001 -0.002 -0.001  0.003 -0.002]
[fjt] names=['panda_joint1', 'panda_joint2', 'panda_joint3', 'panda_joint4', 'panda_joint5', 'panda_joint6', 'panda_joint7'] pts=1
[fjt] times[0..2]=[0. 3.] times[-3:]=[0. 3.]
[fjt] goal=[ 0.222  0.721 -0.453 -1.544  0.041  1.179  0.484]
[fjt] final=[ 0.222  0.721 -0.453 -1.546  0.04   1.182  0.482]
[fjt] err=[ 0.    -0.001  0.001 -0.002 -0.002  0.003 -0.002]
[fjt] names=['panda_joint1', 'panda_joint2', 'panda_joint3', 'panda_joint4', 'panda_joint5', 'panda_joint6', 'panda_joint7'] pts=1
[fjt] times[0..2]=[0. 3.] times[-3:]=[0. 3.]
[fjt] goal=[ 0.17   0.722 -0.505 -1.556  0.462  1.128  0.846]
[fjt] final=[ 0.17   0.722 -0.504 -1.555  0.46   1.13   0.843]
[fjt] err=[ 0.    -0.     0.001  0.    -0.002  0.002 -0.002]
[fjt] names=['panda_joint1', 'panda_joint2', 'panda_joint3', 'panda_joint4', 'panda_joint5', 'panda_joint6', 'panda_joint7'] pts=1
[fjt] times[0..2]=[0. 3.] times[-3:]=[0. 3.]
[fjt] goal=[ 0.173  0.643 -0.559 -1.727  0.853  1.282  1.173]
[fjt] final=[ 0.173  0.644 -0.558 -1.725  0.852  1.281  1.17 ]
[fjt] err=[-0.     0.001  0.001  0.001 -0.002 -0.001 -0.002]
[fjt] names=['panda_joint1', 'panda_joint2', 'panda_joint3', 'panda_joint4', 'panda_joint5', 'panda_joint6', 'panda_joint7'] pts=1
[fjt] times[0..2]=[0. 3.] times[-3:]=[0. 3.]
[fjt] goal=[ 0.226  0.534 -0.596 -1.942  1.209  1.575  1.41 ]
[fjt] final=[ 0.226  0.535 -0.595 -1.941  1.207  1.574  1.408]
[fjt] err=[-0.001  0.001  0.001  0.001 -0.002 -0.001 -0.002]
[fjt] names=['panda_joint1', 'panda_joint2', 'panda_joint3', 'panda_joint4', 'panda_joint5', 'panda_joint6', 'panda_joint7'] pts=4
[fjt] times[0..2]=[0. 1. 2.] times[-3:]=[2. 3. 4.]
[fjt] goal=[ 0.361  0.572 -0.492 -1.86   1.346  1.723  1.544]
[fjt] final=[ 0.361  0.572 -0.493 -1.861  1.344  1.721  1.542]
[fjt] err=[-0.    -0.    -0.001 -0.001 -0.002 -0.002 -0.002]
[fjt] names=['panda_joint1', 'panda_joint2', 'panda_joint3', 'panda_joint4', 'panda_joint5', 'panda_joint6', 'panda_joint7'] pts=4
[fjt] times[0..2]=[0.   0.75 1.5 ] times[-3:]=[1.5  2.25 3.  ]
[fjt] goal=[ 0.319  0.769 -0.438 -1.8    1.435  1.749  1.417]
[fjt] final=[ 0.319  0.768 -0.439 -1.801  1.433  1.748  1.42 ]
[fjt] err=[ 0.    -0.    -0.001 -0.001 -0.002 -0.001  0.002]
[fjt] names=['panda_joint1', 'panda_joint2', 'panda_joint3', 'panda_joint4', 'panda_joint5', 'panda_joint6', 'panda_joint7'] pts=6
[fjt] times[0..2]=[0.         0.83333333 1.66666667] times[-3:]=[3.33333333 4.16666667 5.        ]
[fjt] goal=[ 0.5    0.771 -0.329 -1.764  1.573  1.952  1.515]
[fjt] final=[ 0.491  0.735 -0.364 -1.732  1.579  1.943  1.525]
[fjt] err=[-0.009 -0.037 -0.035  0.032  0.006 -0.009  0.01 ]
[fjt] names=['panda_joint1', 'panda_joint2', 'panda_joint3', 'panda_joint4', 'panda_joint5', 'panda_joint6', 'panda_joint7'] pts=1
[fjt] times[0..2]=[0. 2.] times[-3:]=[0. 2.]
[fjt] goal=[ 0.5    0.771 -0.329 -1.764  1.573  1.952  1.515]
[fjt] final=[ 0.493  0.733 -0.359 -1.734  1.578  1.939  1.528]
[fjt] err=[-0.007 -0.038 -0.029  0.03   0.005 -0.014  0.013]
[fjt] names=['panda_joint1', 'panda_joint2', 'panda_joint3', 'panda_joint4', 'panda_joint5', 'panda_joint6', 'panda_joint7'] pts=1
[fjt] times[0..2]=[0. 2.] times[-3:]=[0. 2.]
[fjt] goal=[ 0.5    0.771 -0.329 -1.764  1.573  1.952  1.515]
[fjt] final=[ 0.493  0.733 -0.356 -1.734  1.577  1.935  1.531]
[fjt] err=[-0.006 -0.038 -0.026  0.03   0.004 -0.017  0.015]
[fjt] names=['panda_joint1', 'panda_joint2', 'panda_joint3', 'panda_joint4', 'panda_joint5', 'panda_joint6', 'panda_joint7'] pts=1
[fjt] times[0..2]=[0. 2.] times[-3:]=[0. 2.]
[fjt] goal=[ 0.5    0.771 -0.329 -1.764  1.573  1.952  1.515]
[fjt] final=[ 0.494  0.734 -0.353 -1.734  1.578  1.934  1.532]
[fjt] err=[-0.006 -0.037 -0.023  0.03   0.005 -0.018  0.017]
[fjt] names=['panda_joint1', 'panda_joint2', 'panda_joint3', 'panda_joint4', 'panda_joint5', 'panda_joint6', 'panda_joint7'] pts=5
[fjt] times[0..2]=[0. 1. 2.] times[-3:]=[3. 4. 5.]
[fjt] goal=[ 0.347  0.672 -0.473 -1.837  1.396  1.733  1.475]
[fjt] final=[ 0.347  0.673 -0.473 -1.836  1.397  1.735  1.477]
[fjt] err=[0.    0.001 0.001 0.001 0.001 0.002 0.002]
[fjt] names=['panda_joint1', 'panda_joint2', 'panda_joint3', 'panda_joint4', 'panda_joint5', 'panda_joint6', 'panda_joint7'] pts=5
[fjt] times[0..2]=[0. 1. 2.] times[-3:]=[3. 4. 5.]
[fjt] goal=[ 0.531  0.677 -0.362 -1.802  1.536  1.945  1.578]
[fjt] final=[ 0.53   0.675 -0.364 -1.804  1.534  1.944  1.575]
[fjt] err=[-0.001 -0.001 -0.002 -0.001 -0.002 -0.001 -0.002]
[fjt] names=['panda_joint1', 'panda_joint2', 'panda_joint3', 'panda_joint4', 'panda_joint5', 'panda_joint6', 'panda_joint7'] pts=3
[fjt] times[0..2]=[0. 1. 2.] times[-3:]=[1. 2. 3.]
[fjt] goal=[ 0.516  0.755 -0.344 -1.771  1.573  1.948  1.528]
[fjt] final=[ 0.513  0.724 -0.359 -1.754  1.574  1.928  1.547]
[fjt] err=[-0.003 -0.031 -0.015  0.017  0.001 -0.021  0.019]
[fjt] names=['panda_joint1', 'panda_joint2', 'panda_joint3', 'panda_joint4', 'panda_joint5', 'panda_joint6', 'panda_joint7'] pts=1
[fjt] times[0..2]=[0. 2.] times[-3:]=[0. 2.]
[fjt] goal=[ 0.516  0.755 -0.344 -1.771  1.573  1.948  1.528]
[fjt] final=[ 0.513  0.727 -0.356 -1.751  1.578  1.928  1.544]
[fjt] err=[-0.003 -0.029 -0.013  0.02   0.005 -0.021  0.016]
[fjt] names=['panda_joint1', 'panda_joint2', 'panda_joint3', 'panda_joint4', 'panda_joint5', 'panda_joint6', 'panda_joint7'] pts=1
[fjt] times[0..2]=[0. 2.] times[-3:]=[0. 2.]
[fjt] goal=[ 0.516  0.755 -0.344 -1.771  1.573  1.948  1.528]
[fjt] final=[ 0.513  0.728 -0.354 -1.75   1.58   1.928  1.543]
[fjt] err=[-0.002 -0.028 -0.011  0.021  0.007 -0.021  0.015]
[fjt] names=['panda_joint1', 'panda_joint2', 'panda_joint3', 'panda_joint4', 'panda_joint5', 'panda_joint6', 'panda_joint7'] pts=1
[fjt] times[0..2]=[0. 2.] times[-3:]=[0. 2.]
[fjt] goal=[ 0.516  0.755 -0.344 -1.771  1.573  1.948  1.528]
[fjt] final=[ 0.514  0.728 -0.352 -1.749  1.581  1.928  1.542]
[fjt] err=[-0.002 -0.027 -0.009  0.022  0.008 -0.021  0.014]
[fjt] names=['panda_joint1', 'panda_joint2', 'panda_joint3', 'panda_joint4', 'panda_joint5', 'panda_joint6', 'panda_joint7'] pts=5
[fjt] times[0..2]=[0. 1. 2.] times[-3:]=[3. 4. 5.]
[fjt] goal=[ 0.353  0.677 -0.481 -1.836  1.402  1.729  1.472]
[fjt] final=[ 0.353  0.678 -0.48  -1.835  1.403  1.732  1.474]
[fjt] err=[0.    0.001 0.001 0.001 0.001 0.002 0.002]
[fjt] names=['panda_joint1', 'panda_joint2', 'panda_joint3', 'panda_joint4', 'panda_joint5', 'panda_joint6', 'panda_joint7'] pts=4
[fjt] times[0..2]=[0. 1. 2.] times[-3:]=[2. 3. 4.]
[fjt] goal=[ 0.201  0.739 -0.545 -1.748  1.311  1.573  1.422]
[fjt] final=[ 0.201  0.739 -0.544 -1.75   1.312  1.576  1.424]
[fjt] err=[ 0.    -0.     0.001 -0.001  0.001  0.003  0.002]
[fjt] names=['panda_joint1', 'panda_joint2', 'panda_joint3', 'panda_joint4', 'panda_joint5', 'panda_joint6', 'panda_joint7'] pts=3
[fjt] times[0..2]=[0. 1. 2.] times[-3:]=[1. 2. 3.]
[fjt] goal=[ 0.169  0.871 -0.503 -1.696  1.361  1.602  1.353]
[fjt] final=[ 0.168  0.855 -0.511 -1.688  1.362  1.585  1.363]
[fjt] err=[-0.001 -0.016 -0.008  0.008  0.001 -0.018  0.01 ]
[fjt] names=['panda_joint1', 'panda_joint2', 'panda_joint3', 'panda_joint4', 'panda_joint5', 'panda_joint6', 'panda_joint7'] pts=2
[fjt] times[0..2]=[0. 1. 2.] times[-3:]=[0. 1. 2.]
[fjt] goal=[ 0.162  0.916 -0.495 -1.674  1.378  1.608  1.335]
[fjt] final=[ 0.16   0.882 -0.512 -1.655  1.384  1.571  1.355]
[fjt] err=[-0.002 -0.034 -0.017  0.019  0.005 -0.037  0.02 ]
[fjt] names=['panda_joint1', 'panda_joint2', 'panda_joint3', 'panda_joint4', 'panda_joint5', 'panda_joint6', 'panda_joint7'] pts=1
[fjt] times[0..2]=[0. 2.] times[-3:]=[0. 2.]
[fjt] goal=[ 0.162  0.916 -0.495 -1.674  1.378  1.608  1.335]
[fjt] final=[ 0.16   0.883 -0.512 -1.653  1.385  1.572  1.353]
[fjt] err=[-0.002 -0.032 -0.016  0.021  0.007 -0.037  0.018]
[fjt] names=['panda_joint1', 'panda_joint2', 'panda_joint3', 'panda_joint4', 'panda_joint5', 'panda_joint6', 'panda_joint7'] pts=1
[fjt] times[0..2]=[0. 2.] times[-3:]=[0. 2.]
[fjt] goal=[ 0.162  0.916 -0.495 -1.674  1.378  1.608  1.335]
[fjt] final=[ 0.159  0.884 -0.511 -1.653  1.386  1.573  1.352]
[fjt] err=[-0.003 -0.032 -0.015  0.021  0.008 -0.035  0.017]
[fjt] names=['panda_joint1', 'panda_joint2', 'panda_joint3', 'panda_joint4', 'panda_joint5', 'panda_joint6', 'panda_joint7'] pts=1
[fjt] times[0..2]=[0. 2.] times[-3:]=[0. 2.]
[fjt] goal=[ 0.162  0.916 -0.495 -1.674  1.378  1.608  1.335]
[fjt] final=[ 0.159  0.885 -0.51  -1.653  1.387  1.573  1.351]
[fjt] err=[-0.003 -0.031 -0.015  0.021  0.008 -0.035  0.017]
[fjt] names=['panda_joint1', 'panda_joint2', 'panda_joint3', 'panda_joint4', 'panda_joint5', 'panda_joint6', 'panda_joint7'] pts=3
[fjt] times[0..2]=[0. 1. 2.] times[-3:]=[1. 2. 3.]
[fjt] goal=[ 0.215  0.691 -0.584 -1.703  1.291  1.524  1.503]
[fjt] final=[ 0.214  0.692 -0.583 -1.702  1.292  1.526  1.501]
[fjt] err=[-0.     0.001  0.001  0.001  0.001  0.002 -0.002]
[fjt] names=['panda_joint1', 'panda_joint2', 'panda_joint3', 'panda_joint4', 'panda_joint5', 'panda_joint6', 'panda_joint7'] pts=4
[fjt] times[0..2]=[0. 1. 2.] times[-3:]=[2. 3. 4.]
[fjt] goal=[ 0.261  0.649 -0.58  -1.764  1.298  1.566  1.505]
[fjt] final=[ 0.261  0.649 -0.58  -1.763  1.297  1.564  1.503]
[fjt] err=[-0.     0.001 -0.001  0.001 -0.001 -0.002 -0.002]
[fjt] names=['panda_joint1', 'panda_joint2', 'panda_joint3', 'panda_joint4', 'panda_joint5', 'panda_joint6', 'panda_joint7'] pts=3
[fjt] times[0..2]=[0. 1. 2.] times[-3:]=[1. 2. 3.]
[fjt] goal=[ 0.222  0.818 -0.527 -1.717  1.369  1.603  1.4  ]
[fjt] final=[ 0.222  0.805 -0.532 -1.709  1.371  1.59   1.408]
[fjt] err=[-0.    -0.013 -0.005  0.008  0.002 -0.014  0.008]
[fjt] names=['panda_joint1', 'panda_joint2', 'panda_joint3', 'panda_joint4', 'panda_joint5', 'panda_joint6', 'panda_joint7'] pts=5
[fjt] times[0..2]=[0. 1. 2.] times[-3:]=[3. 4. 5.]
[fjt] goal=[ 0.299  0.637 -0.58  -2.054  1.331  1.658  1.252]
[fjt] final=[ 0.299  0.637 -0.579 -2.053  1.332  1.656  1.255]
[fjt] err=[-0.     0.001  0.001  0.001  0.001 -0.002  0.002]
[fjt] names=['panda_joint1', 'panda_joint2', 'panda_joint3', 'panda_joint4', 'panda_joint5', 'panda_joint6', 'panda_joint7'] pts=3
[fjt] times[0..2]=[0. 1. 2.] times[-3:]=[1. 2. 3.]
[fjt] goal=[ 0.356  0.433 -0.651 -2.102  1.226  1.644  1.389]
[fjt] final=[ 0.355  0.433 -0.65  -2.101  1.228  1.646  1.387]
[fjt] err=[-0.     0.001  0.001  0.001  0.002  0.002 -0.002]
[fjt] names=['panda_joint1', 'panda_joint2', 'panda_joint3', 'panda_joint4', 'panda_joint5', 'panda_joint6', 'panda_joint7'] pts=4
[fjt] times[0..2]=[0. 1. 2.] times[-3:]=[2. 3. 4.]
[fjt] goal=[ 0.344  0.429 -0.66  -2.109  1.212  1.633  1.378]
[fjt] final=[ 0.344  0.43  -0.659 -2.108  1.213  1.635  1.38 ]
[fjt] err=[0.    0.001 0.001 0.001 0.002 0.002 0.002]
[fjt] names=['panda_joint1', 'panda_joint2', 'panda_joint3', 'panda_joint4', 'panda_joint5', 'panda_joint6', 'panda_joint7'] pts=3
[fjt] times[0..2]=[0. 1. 2.] times[-3:]=[1. 2. 3.]
[fjt] goal=[ 0.273  0.698 -0.569 -2.037  1.348  1.65   1.206]
[fjt] final=[ 0.273  0.689 -0.574 -2.035  1.345  1.64   1.211]
[fjt] err=[ 0.    -0.009 -0.005  0.001 -0.002 -0.011  0.005]
[fjt] names=['panda_joint1', 'panda_joint2', 'panda_joint3', 'panda_joint4', 'panda_joint5', 'panda_joint6', 'panda_joint7'] pts=5
[fjt] times[0..2]=[0. 1. 2.] times[-3:]=[3. 4. 5.]
[fjt] goal=[ 0.316  0.582 -0.611 -2.261  1.318  1.694  1.099]
[fjt] final=[ 0.316  0.583 -0.611 -2.26   1.32   1.692  1.101]
[fjt] err=[-0.     0.001  0.001  0.001  0.001 -0.002  0.002]
[fjt] names=['panda_joint1', 'panda_joint2', 'panda_joint3', 'panda_joint4', 'panda_joint5', 'panda_joint6', 'panda_joint7'] pts=3
[fjt] times[0..2]=[0. 1. 2.] times[-3:]=[1. 2. 3.]
[fjt] goal=[ 0.408  0.257 -0.729 -2.341  1.138  1.713  1.319]
[fjt] final=[ 0.408  0.257 -0.729 -2.34   1.14   1.711  1.316]
[fjt] err=[-0.001  0.001  0.001  0.001  0.002 -0.002 -0.002]
[fjt] names=['panda_joint1', 'panda_joint2', 'panda_joint3', 'panda_joint4', 'panda_joint5', 'panda_joint6', 'panda_joint7'] pts=1
[fjt] times[0..2]=[0. 5.] times[-3:]=[0. 5.]
[fjt] goal=[-0.185  0.934 -0.565 -0.779  1.393  1.115  1.996]
[fjt] final=[-0.184  0.934 -0.566 -1.402  1.391  1.116  1.995]
[fjt] err=[ 0.001 -0.001 -0.001 -0.624 -0.002  0.002 -0.001]
[fjt] names=['panda_joint1', 'panda_joint2', 'panda_joint3', 'panda_joint4', 'panda_joint5', 'panda_joint6', 'panda_joint7'] pts=1
[fjt] times[0..2]=[0. 2.] times[-3:]=[0. 2.]
[fjt] goal=[-0.185  0.934 -0.565 -0.779  1.393  1.115  1.996]
[fjt] final=[-0.184  0.934 -0.566 -0.955  1.392  1.116  1.996]
[fjt] err=[ 0.    -0.001 -0.001 -0.177 -0.001  0.001  0.   ]
[fjt] names=['panda_joint1', 'panda_joint2', 'panda_joint3', 'panda_joint4', 'panda_joint5', 'panda_joint6', 'panda_joint7'] pts=1
[fjt] times[0..2]=[0. 2.] times[-3:]=[0. 2.]
[fjt] goal=[-0.185  0.934 -0.565 -0.779  1.393  1.115  1.996]
[fjt] final=[-0.184  0.934 -0.566 -0.78   1.392  1.116  1.996]
[fjt] err=[ 0.    -0.001 -0.    -0.001 -0.001  0.001  0.   ]
[fjt] names=['panda_joint1', 'panda_joint2', 'panda_joint3', 'panda_joint4', 'panda_joint5', 'panda_joint6', 'panda_joint7'] pts=1
[fjt] times[0..2]=[0. 5.] times[-3:]=[0. 5.]
[fjt] goal=[ 0.611  0.516 -1.06  -2.105  1.115  1.643  1.339]
[fjt] final=[ 0.61   0.517 -1.059 -1.71   1.116  1.641  1.34 ]
[fjt] err=[-0.001  0.001  0.001  0.394  0.001 -0.002  0.   ]
[fjt] names=['panda_joint1', 'panda_joint2', 'panda_joint3', 'panda_joint4', 'panda_joint5', 'panda_joint6', 'panda_joint7'] pts=1
[fjt] times[0..2]=[0. 2.] times[-3:]=[0. 2.]
[fjt] goal=[ 0.611  0.516 -1.06  -2.105  1.115  1.643  1.339]
[fjt] final=[ 0.611  0.517 -1.059 -2.101  1.116  1.641  1.339]
[fjt] err=[-0.     0.001  0.001  0.004  0.001 -0.001 -0.   ]
[fjt] names=['panda_joint1', 'panda_joint2', 'panda_joint3', 'panda_joint4', 'panda_joint5', 'panda_joint6', 'panda_joint7'] pts=3
[fjt] times[0..2]=[0. 1. 2.] times[-3:]=[1. 2. 3.]
[fjt] goal=[ 0.451  0.799 -0.854 -2.052  1.322  1.692  1.156]
[fjt] final=[ 0.452  0.798 -0.855 -2.053  1.321  1.69   1.158]
[fjt] err=[ 0.    -0.001 -0.001 -0.001 -0.002 -0.002  0.002]
[fjt] names=['panda_joint1', 'panda_joint2', 'panda_joint3', 'panda_joint4', 'panda_joint5', 'panda_joint6', 'panda_joint7'] pts=3
[fjt] times[0..2]=[0. 1. 2.] times[-3:]=[1. 2. 3.]
[fjt] goal=[ 0.509  0.77  -0.844 -2.09   1.349  1.73   1.176]
[fjt] final=[ 0.508  0.77  -0.848 -2.088  1.347  1.729  1.174]
[fjt] err=[-0.001  0.    -0.004  0.002 -0.002 -0.001 -0.002]
[fjt] names=['panda_joint1', 'panda_joint2', 'panda_joint3', 'panda_joint4', 'panda_joint5', 'panda_joint6', 'panda_joint7'] pts=3
[fjt] times[0..2]=[0. 1. 2.] times[-3:]=[1. 2. 3.]
[fjt] goal=[ 0.591  0.689 -0.874 -2.14   1.334  1.759  1.23 ]
[fjt] final=[ 0.59   0.69  -0.875 -2.138  1.334  1.758  1.227]
[fjt] err=[-0.001  0.    -0.002  0.001  0.    -0.001 -0.002]
[fjt] names=['panda_joint1', 'panda_joint2', 'panda_joint3', 'panda_joint4', 'panda_joint5', 'panda_joint6', 'panda_joint7'] pts=3
[fjt] times[0..2]=[0. 1. 2.] times[-3:]=[1. 2. 3.]
[fjt] goal=[ 0.675  0.621 -0.889 -2.181  1.334  1.802  1.284]
[fjt] final=[ 0.674  0.619 -0.895 -2.178  1.332  1.799  1.283]
[fjt] err=[-0.001 -0.002 -0.006  0.003 -0.002 -0.003 -0.002]
[fjt] names=['panda_joint1', 'panda_joint2', 'panda_joint3', 'panda_joint4', 'panda_joint5', 'panda_joint6', 'panda_joint7'] pts=3
[fjt] times[0..2]=[0. 1. 2.] times[-3:]=[1. 2. 3.]
[fjt] goal=[ 0.753  0.574 -0.887 -2.21   1.354  1.852  1.333]
[fjt] final=[ 0.753  0.569 -0.895 -2.204  1.351  1.844  1.332]
[fjt] err=[-0.001 -0.005 -0.008  0.006 -0.003 -0.007 -0.001]
[fjt] names=['panda_joint1', 'panda_joint2', 'panda_joint3', 'panda_joint4', 'panda_joint5', 'panda_joint6', 'panda_joint7'] pts=3
[fjt] times[0..2]=[0. 1. 2.] times[-3:]=[1. 2. 3.]
[fjt] goal=[ 0.799  0.559 -0.876 -2.221  1.379  1.884  1.359]
[fjt] final=[ 0.799  0.55  -0.884 -2.211  1.378  1.873  1.359]
[fjt] err=[ 0.    -0.008 -0.007  0.009 -0.001 -0.011  0.001]
[fjt] names=['panda_joint1', 'panda_joint2', 'panda_joint3', 'panda_joint4', 'panda_joint5', 'panda_joint6', 'panda_joint7'] pts=3
[fjt] times[0..2]=[0. 1. 2.] times[-3:]=[1. 2. 3.]
[fjt] goal=[ 0.837  0.558 -0.858 -2.224  1.413  1.914  1.378]
[fjt] final=[ 0.838  0.549 -0.86  -2.218  1.412  1.899  1.38 ]
[fjt] err=[ 0.001 -0.009 -0.002  0.006 -0.    -0.015  0.002]
[fjt] names=['panda_joint1', 'panda_joint2', 'panda_joint3', 'panda_joint4', 'panda_joint5', 'panda_joint6', 'panda_joint7'] pts=2
[fjt] times[0..2]=[0. 1. 2.] times[-3:]=[0. 1. 2.]
[fjt] goal=[ 0.993  0.279 -1.024 -2.252  1.173  1.958  1.599]
[fjt] final=[ 0.992  0.28  -1.023 -2.251  1.175  1.956  1.597]
[fjt] err=[-0.001  0.001  0.001  0.001  0.002 -0.002 -0.002]
[fjt] names=['panda_joint1', 'panda_joint2', 'panda_joint3', 'panda_joint4', 'panda_joint5', 'panda_joint6', 'panda_joint7'] pts=1
[fjt] times[0..2]=[0. 5.] times[-3:]=[0. 5.]
[fjt] goal=[-0.079  1.013 -0.886 -0.777  1.66   1.016  1.992]
[fjt] final=[ 0.055  1.013 -0.887 -1.316  1.659  1.05   1.991]
[fjt] err=[ 0.133 -0.001 -0.    -0.539 -0.002  0.033 -0.002]
[fjt] names=['panda_joint1', 'panda_joint2', 'panda_joint3', 'panda_joint4', 'panda_joint5', 'panda_joint6', 'panda_joint7'] pts=1
[fjt] times[0..2]=[0. 2.] times[-3:]=[0. 2.]
[fjt] goal=[-0.079  1.013 -0.886 -0.777  1.66   1.016  1.992]
[fjt] final=[-0.078  1.013 -0.887 -0.87   1.659  1.018  1.992]
[fjt] err=[ 0.001 -0.    -0.    -0.093 -0.002  0.002 -0.   ]
[fjt] names=['panda_joint1', 'panda_joint2', 'panda_joint3', 'panda_joint4', 'panda_joint5', 'panda_joint6', 'panda_joint7'] pts=1
[fjt] times[0..2]=[0. 2.] times[-3:]=[0. 2.]
[fjt] goal=[-0.079  1.013 -0.886 -0.777  1.66   1.016  1.992]
[fjt] final=[-0.078  1.013 -0.887 -0.778  1.659  1.018  1.992]
[fjt] err=[ 0.001 -0.    -0.    -0.001 -0.001  0.001 -0.   ]
[fjt] names=['panda_joint1', 'panda_joint2', 'panda_joint3', 'panda_joint4', 'panda_joint5', 'panda_joint6', 'panda_joint7'] pts=1
[fjt] times[0..2]=[0. 5.] times[-3:]=[0. 5.]
[fjt] goal=[ 1.686  1.017 -1.777 -2.096  0.993  1.684  0.35 ]
[fjt] final=[ 0.868  1.016 -1.769 -1.727  0.995  1.682  1.097]
[fjt] err=[-0.817 -0.     0.008  0.368  0.001 -0.002  0.747]
[fjt] names=['panda_joint1', 'panda_joint2', 'panda_joint3', 'panda_joint4', 'panda_joint5', 'panda_joint6', 'panda_joint7'] pts=1
[fjt] times[0..2]=[0. 2.] times[-3:]=[0. 2.]
[fjt] goal=[ 1.686  1.017 -1.777 -2.096  0.993  1.684  0.35 ]
[fjt] final=[ 1.334  1.017 -1.777 -2.095  0.995  1.683  0.696]
[fjt] err=[-0.352 -0.    -0.     0.     0.001 -0.001  0.345]
[fjt] names=['panda_joint1', 'panda_joint2', 'panda_joint3', 'panda_joint4', 'panda_joint5', 'panda_joint6', 'panda_joint7'] pts=1
[fjt] times[0..2]=[0. 2.] times[-3:]=[0. 2.]
[fjt] goal=[ 1.686  1.017 -1.777 -2.096  0.993  1.684  0.35 ]
[fjt] final=[ 1.685  1.017 -1.777 -2.097  0.994  1.683  0.363]
[fjt] err=[-0.001 -0.    -0.001 -0.001  0.001 -0.001  0.012]
[fjt] names=['panda_joint1', 'panda_joint2', 'panda_joint3', 'panda_joint4', 'panda_joint5', 'panda_joint6', 'panda_joint7'] pts=1
[fjt] times[0..2]=[0. 5.] times[-3:]=[0. 5.]
[fjt] goal=[ 1.467  0.62  -1.214 -2.249  0.822  2.303 -1.869]
[fjt] final=[ 1.468  0.615 -1.222 -2.224  0.826  2.301 -0.466]
[fjt] err=[ 1.000e-03 -5.000e-03 -8.000e-03  2.500e-02  4.000e-03 -2.000e-03
  1.403e+00]
[fjt] names=['panda_joint1', 'panda_joint2', 'panda_joint3', 'panda_joint4', 'panda_joint5', 'panda_joint6', 'panda_joint7'] pts=1
[fjt] times[0..2]=[0. 2.] times[-3:]=[0. 2.]
[fjt] goal=[ 1.467  0.62  -1.214 -2.249  0.822  2.303 -1.869]
[fjt] final=[ 1.467  0.618 -1.22  -2.224  0.827  2.308 -0.819]
[fjt] err=[-0.    -0.002 -0.006  0.025  0.006  0.004  1.05 ]
[fjt] names=['panda_joint1', 'panda_joint2', 'panda_joint3', 'panda_joint4', 'panda_joint5', 'panda_joint6', 'panda_joint7'] pts=1
[fjt] times[0..2]=[0. 2.] times[-3:]=[0. 2.]
[fjt] goal=[ 1.467  0.62  -1.214 -2.249  0.822  2.303 -1.869]
[fjt] final=[ 1.467  0.62  -1.215 -2.249  0.824  2.305 -1.237]
[fjt] err=[-0.    -0.    -0.001  0.     0.002  0.002  0.632]
[fjt] names=['panda_joint1', 'panda_joint2', 'panda_joint3', 'panda_joint4', 'panda_joint5', 'panda_joint6', 'panda_joint7'] pts=1
[fjt] times[0..2]=[0. 2.] times[-3:]=[0. 2.]
[fjt] goal=[ 1.467  0.62  -1.214 -2.249  0.822  2.303 -1.869]
[fjt] final=[ 1.467  0.62  -1.215 -2.249  0.823  2.305 -1.658]
[fjt] err=[-0.    -0.    -0.001  0.     0.002  0.001  0.211]
[fjt] names=['panda_joint1', 'panda_joint2', 'panda_joint3', 'panda_joint4', 'panda_joint5', 'panda_joint6', 'panda_joint7'] pts=1
[fjt] times[0..2]=[0. 5.] times[-3:]=[0. 5.]
[fjt] goal=[ 1.446  0.586 -1.188 -2.254  0.783  2.327 -1.845]
[fjt] final=[ 1.446  0.587 -1.189 -2.253  0.784  2.325 -1.843]
[fjt] err=[ 0.     0.001 -0.001  0.001  0.001 -0.002  0.002]
[fjt] names=['panda_joint1', 'panda_joint2', 'panda_joint3', 'panda_joint4', 'panda_joint5', 'panda_joint6', 'panda_joint7'] pts=4
[fjt] times[0..2]=[0. 1. 2.] times[-3:]=[2. 3. 4.]
[fjt] goal=[ 1.26   0.721 -0.947 -2.221  0.973  2.436 -1.958]
[fjt] final=[ 1.262  0.718 -0.95  -2.218  0.971  2.435 -1.955]
[fjt] err=[ 0.001 -0.003 -0.003  0.003 -0.002 -0.001  0.003]
[fjt] names=['panda_joint1', 'panda_joint2', 'panda_joint3', 'panda_joint4', 'panda_joint5', 'panda_joint6', 'panda_joint7'] pts=2
[fjt] times[0..2]=[0. 1. 2.] times[-3:]=[0. 1. 2.]
[fjt] goal=[ 1.346  0.647 -1.061 -2.24   0.87   2.383 -1.896]
[fjt] final=[ 1.345  0.647 -1.06  -2.24   0.872  2.385 -1.898]
[fjt] err=[-0.001  0.001  0.001  0.     0.002  0.002 -0.002]
[fjt] names=['panda_joint1', 'panda_joint2', 'panda_joint3', 'panda_joint4', 'panda_joint5', 'panda_joint6', 'panda_joint7'] pts=4
[fjt] times[0..2]=[0. 1. 2.] times[-3:]=[2. 3. 4.]
[fjt] goal=[ 0.971  0.818 -0.968 -1.924  0.878  2.245 -2.027]
[fjt] final=[ 0.972  0.817 -0.968 -1.925  0.877  2.247 -2.025]
[fjt] err=[ 0.001 -0.001 -0.    -0.002 -0.001  0.002  0.002]
[fjt] names=['panda_joint1', 'panda_joint2', 'panda_joint3', 'panda_joint4', 'panda_joint5', 'panda_joint6', 'panda_joint7'] pts=3
[fjt] times[0..2]=[0. 1. 2.] times[-3:]=[1. 2. 3.]
[fjt] goal=[ 0.928  0.874 -0.905 -1.908  0.932  2.291 -2.053]
[fjt] final=[ 0.93   0.866 -0.912 -1.908  0.927  2.283 -2.053]
[fjt] err=[ 0.002 -0.008 -0.007  0.    -0.005 -0.008  0.001]
[fjt] names=['panda_joint1', 'panda_joint2', 'panda_joint3', 'panda_joint4', 'panda_joint5', 'panda_joint6', 'panda_joint7'] pts=2
[fjt] times[0..2]=[0. 1. 2.] times[-3:]=[0. 1. 2.]
[fjt] goal=[ 1.047  0.715 -1.087 -1.922  0.765  2.148 -1.969]
[fjt] final=[ 1.047  0.716 -1.086 -1.922  0.767  2.151 -1.972]
[fjt] err=[-0.     0.     0.001 -0.001  0.002  0.002 -0.002]
[fjt] names=['panda_joint1', 'panda_joint2', 'panda_joint3', 'panda_joint4', 'panda_joint5', 'panda_joint6', 'panda_joint7'] pts=1
[fjt] times[0..2]=[0. 5.] times[-3:]=[0. 5.]
[fjt] goal=[ 1.241  1.032 -1.617 -1.776  1.034  1.637  0.256]
[fjt] final=[ 1.241  1.032 -1.615 -1.777  1.033  1.639 -1.125]
[fjt] err=[-0.000e+00 -1.000e-03  1.000e-03 -0.000e+00 -2.000e-03  2.000e-03
 -1.381e+00]
[fjt] names=['panda_joint1', 'panda_joint2', 'panda_joint3', 'panda_joint4', 'panda_joint5', 'panda_joint6', 'panda_joint7'] pts=1
[fjt] times[0..2]=[0. 2.] times[-3:]=[0. 2.]
[fjt] goal=[ 1.241  1.032 -1.617 -1.776  1.034  1.637  0.256]
[fjt] final=[ 1.241  1.032 -1.616 -1.776  1.033  1.639 -0.697]
[fjt] err=[-0.    -0.001  0.001 -0.    -0.001  0.002 -0.953]
[fjt] names=['panda_joint1', 'panda_joint2', 'panda_joint3', 'panda_joint4', 'panda_joint5', 'panda_joint6', 'panda_joint7'] pts=1
[fjt] times[0..2]=[0. 2.] times[-3:]=[0. 2.]
[fjt] goal=[ 1.241  1.032 -1.617 -1.776  1.034  1.637  0.256]
[fjt] final=[ 1.241  1.032 -1.616 -1.776  1.033  1.639 -0.272]
[fjt] err=[-0.    -0.001  0.001 -0.    -0.001  0.002 -0.528]
[fjt] names=['panda_joint1', 'panda_joint2', 'panda_joint3', 'panda_joint4', 'panda_joint5', 'panda_joint6', 'panda_joint7'] pts=1
[fjt] times[0..2]=[0. 2.] times[-3:]=[0. 2.]
[fjt] goal=[ 1.241  1.032 -1.617 -1.776  1.034  1.637  0.256]
[fjt] final=[ 1.241  1.032 -1.616 -1.776  1.033  1.639  0.144]
[fjt] err=[ 0.    -0.001  0.001  0.    -0.001  0.002 -0.112]
[fjt] names=['panda_joint1', 'panda_joint2', 'panda_joint3', 'panda_joint4', 'panda_joint5', 'panda_joint6', 'panda_joint7'] pts=1
[fjt] times[0..2]=[0. 5.] times[-3:]=[0. 5.]
[fjt] goal=[ 1.24   1.046 -1.625 -1.775  1.046  1.627  0.251]
[fjt] final=[ 1.241  1.045 -1.624 -1.776  1.044  1.629  0.249]
[fjt] err=[ 0.    -0.001  0.001 -0.001 -0.001  0.002 -0.002]
[fjt] names=['panda_joint1', 'panda_joint2', 'panda_joint3', 'panda_joint4', 'panda_joint5', 'panda_joint6', 'panda_joint7'] pts=1
[fjt] times[0..2]=[0. 5.] times[-3:]=[0. 5.]
[fjt] goal=[ 0.527  0.963 -1.098 -1.743  1.579  1.188  1.409]
[fjt] final=[ 0.528  0.963 -1.099 -1.743  1.578  1.19   1.054]
[fjt] err=[ 0.001  0.    -0.001  0.    -0.001  0.002 -0.354]
[fjt] names=['panda_joint1', 'panda_joint2', 'panda_joint3', 'panda_joint4', 'panda_joint5', 'panda_joint6', 'panda_joint7'] pts=1
[fjt] times[0..2]=[0. 2.] times[-3:]=[0. 2.]
[fjt] goal=[ 0.527  0.963 -1.098 -1.743  1.579  1.188  1.409]
[fjt] final=[ 0.528  0.963 -1.099 -1.743  1.579  1.19   1.404]
[fjt] err=[ 0.     0.    -0.001  0.    -0.001  0.001 -0.004]
[fjt] names=['panda_joint1', 'panda_joint2', 'panda_joint3', 'panda_joint4', 'panda_joint5', 'panda_joint6', 'panda_joint7'] pts=3
[fjt] times[0..2]=[0. 1. 2.] times[-3:]=[1. 2. 3.]
[fjt] goal=[ 0.453  1.123 -0.981 -1.687  1.665  1.248  1.319]
[fjt] final=[ 0.454  1.122 -0.982 -1.688  1.663  1.246  1.321]
[fjt] err=[ 0.    -0.001 -0.001 -0.001 -0.001 -0.002  0.002]
[fjt] names=['panda_joint1', 'panda_joint2', 'panda_joint3', 'panda_joint4', 'panda_joint5', 'panda_joint6', 'panda_joint7'] pts=5
[fjt] times[0..2]=[0. 1. 2.] times[-3:]=[3. 4. 5.]
[fjt] goal=[ 0.62   1.06  -0.954 -1.787  1.726  1.351  1.366]
[fjt] final=[ 0.614  1.044 -0.986 -1.777  1.73   1.339  1.37 ]
[fjt] err=[-0.006 -0.016 -0.032  0.01   0.003 -0.012  0.004]
[fjt] names=['panda_joint1', 'panda_joint2', 'panda_joint3', 'panda_joint4', 'panda_joint5', 'panda_joint6', 'panda_joint7'] pts=1
[fjt] times[0..2]=[0. 2.] times[-3:]=[0. 2.]
[fjt] goal=[ 0.62   1.06  -0.954 -1.787  1.726  1.351  1.366]
[fjt] final=[ 0.615  1.043 -0.982 -1.776  1.731  1.337  1.371]
[fjt] err=[-0.004 -0.017 -0.027  0.01   0.005 -0.014  0.005]
[fjt] names=['panda_joint1', 'panda_joint2', 'panda_joint3', 'panda_joint4', 'panda_joint5', 'panda_joint6', 'panda_joint7'] pts=1
[fjt] times[0..2]=[0. 2.] times[-3:]=[0. 2.]
[fjt] goal=[ 0.62   1.06  -0.954 -1.787  1.726  1.351  1.366]
[fjt] final=[ 0.615  1.044 -0.98  -1.778  1.731  1.336  1.372]
[fjt] err=[-0.004 -0.016 -0.026  0.009  0.005 -0.015  0.006]
[fjt] names=['panda_joint1', 'panda_joint2', 'panda_joint3', 'panda_joint4', 'panda_joint5', 'panda_joint6', 'panda_joint7'] pts=1
[fjt] times[0..2]=[0. 2.] times[-3:]=[0. 2.]
[fjt] goal=[ 0.62   1.06  -0.954 -1.787  1.726  1.351  1.366]
[fjt] final=[ 0.616  1.046 -0.979 -1.779  1.731  1.337  1.372]
[fjt] err=[-0.004 -0.014 -0.024  0.008  0.005 -0.014  0.006]
[fjt] names=['panda_joint1', 'panda_joint2', 'panda_joint3', 'panda_joint4', 'panda_joint5', 'panda_joint6', 'panda_joint7'] pts=2
[fjt] times[0..2]=[0. 1. 2.] times[-3:]=[0. 1. 2.]
[fjt] goal=[ 0.709  0.856 -1.128 -1.817  1.6    1.277  1.514]
[fjt] final=[ 0.709  0.856 -1.127 -1.816  1.602  1.279  1.512]
[fjt] err=[-0.001  0.001  0.001  0.001  0.001  0.002 -0.002]
[fjt] names=['panda_joint1', 'panda_joint2', 'panda_joint3', 'panda_joint4', 'panda_joint5', 'panda_joint6', 'panda_joint7'] pts=1
[fjt] times[0..2]=[0. 5.] times[-3:]=[0. 5.]
[fjt] goal=[ 1.271  0.775 -1.444 -1.789  0.797  1.814  0.421]
[fjt] final=[ 1.271  0.775 -1.444 -1.79   0.8    1.813  0.714]
[fjt] err=[-0.001  0.001  0.    -0.001  0.003 -0.002  0.293]
[fjt] names=['panda_joint1', 'panda_joint2', 'panda_joint3', 'panda_joint4', 'panda_joint5', 'panda_joint6', 'panda_joint7'] pts=1
[fjt] times[0..2]=[0. 2.] times[-3:]=[0. 2.]
[fjt] goal=[ 1.271  0.775 -1.444 -1.789  0.797  1.814  0.421]
[fjt] final=[ 1.271  0.775 -1.444 -1.789  0.798  1.813  0.423]
[fjt] err=[-0.     0.001  0.    -0.     0.001 -0.001  0.002]
[fjt] names=['panda_joint1', 'panda_joint2', 'panda_joint3', 'panda_joint4', 'panda_joint5', 'panda_joint6', 'panda_joint7'] pts=1
[fjt] times[0..2]=[0. 5.] times[-3:]=[0. 5.]
[fjt] goal=[ 0.873  0.611 -0.974 -1.944  0.635  2.213 -1.206]
[fjt] final=[ 0.874  0.612 -0.976 -1.943  0.637  2.211 -0.444]
[fjt] err=[ 0.     0.001 -0.001  0.001  0.002 -0.002  0.761]
[fjt] names=['panda_joint1', 'panda_joint2', 'panda_joint3', 'panda_joint4', 'panda_joint5', 'panda_joint6', 'panda_joint7'] pts=1
[fjt] times[0..2]=[0. 2.] times[-3:]=[0. 2.]
[fjt] goal=[ 0.873  0.611 -0.974 -1.944  0.635  2.213 -1.206]
[fjt] final=[ 0.874  0.612 -0.976 -1.944  0.637  2.211 -0.868]
[fjt] err=[ 0.     0.001 -0.001  0.001  0.002 -0.002  0.338]
[fjt] names=['panda_joint1', 'panda_joint2', 'panda_joint3', 'panda_joint4', 'panda_joint5', 'panda_joint6', 'panda_joint7'] pts=1
[fjt] times[0..2]=[0. 2.] times[-3:]=[0. 2.]
[fjt] goal=[ 0.873  0.611 -0.974 -1.944  0.635  2.213 -1.206]
[fjt] final=[ 0.874  0.612 -0.975 -1.944  0.636  2.211 -1.203]
[fjt] err=[ 0.     0.001 -0.001  0.001  0.001 -0.002  0.003]
[fjt] names=['panda_joint1', 'panda_joint2', 'panda_joint3', 'panda_joint4', 'panda_joint5', 'panda_joint6', 'panda_joint7'] pts=3
[fjt] times[0..2]=[0. 1. 2.] times[-3:]=[1. 2. 3.]
[fjt] goal=[ 0.753  0.777 -0.807 -1.932  0.796  2.354 -1.297]
[fjt] final=[ 0.754  0.776 -0.808 -1.933  0.794  2.352 -1.294]
[fjt] err=[ 0.001 -0.001 -0.001 -0.001 -0.002 -0.002  0.002]
[fjt] names=['panda_joint1', 'panda_joint2', 'panda_joint3', 'panda_joint4', 'panda_joint5', 'panda_joint6', 'panda_joint7'] pts=5
[fjt] times[0..2]=[0. 1. 2.] times[-3:]=[3. 4. 5.]
[fjt] goal=[ 0.891  0.783 -0.793 -1.908  0.783  2.348 -1.127]
[fjt] final=[ 0.89   0.782 -0.798 -1.91   0.782  2.352 -1.131]
[fjt] err=[-0.001 -0.001 -0.005 -0.002 -0.001  0.003 -0.003]
[fjt] names=['panda_joint1', 'panda_joint2', 'panda_joint3', 'panda_joint4', 'panda_joint5', 'panda_joint6', 'panda_joint7'] pts=2
[fjt] times[0..2]=[0. 1. 2.] times[-3:]=[0. 1. 2.]
[fjt] goal=[ 1.022  0.586 -0.985 -1.911  0.593  2.173 -1.027]
[fjt] final=[ 1.022  0.587 -0.984 -1.912  0.595  2.175 -1.029]
[fjt] err=[-0.     0.001  0.001 -0.001  0.002  0.002 -0.002]
[fjt] names=['panda_joint1', 'panda_joint2', 'panda_joint3', 'panda_joint4', 'panda_joint5', 'panda_joint6', 'panda_joint7'] pts=1
[fjt] times[0..2]=[0. 5.] times[-3:]=[0. 5.]
[fjt] goal=[ 1.308  0.775 -1.422 -1.762  0.793  1.811  0.492]
[fjt] final=[ 1.308  0.774 -1.421 -1.763  0.791  1.813 -0.175]
[fjt] err=[-0.    -0.001  0.001 -0.001 -0.002  0.002 -0.667]
[fjt] names=['panda_joint1', 'panda_joint2', 'panda_joint3', 'panda_joint4', 'panda_joint5', 'panda_joint6', 'panda_joint7'] pts=1
[fjt] times[0..2]=[0. 2.] times[-3:]=[0. 2.]
[fjt] goal=[ 1.308  0.775 -1.422 -1.762  0.793  1.811  0.492]
[fjt] final=[ 1.308  0.774 -1.421 -1.763  0.791  1.813  0.246]
[fjt] err=[-0.    -0.001  0.001 -0.    -0.002  0.002 -0.247]
[fjt] names=['panda_joint1', 'panda_joint2', 'panda_joint3', 'panda_joint4', 'panda_joint5', 'panda_joint6', 'panda_joint7'] pts=1
[fjt] times[0..2]=[0. 2.] times[-3:]=[0. 2.]
[fjt] goal=[ 1.308  0.775 -1.422 -1.762  0.793  1.811  0.492]
[fjt] final=[ 1.308  0.775 -1.421 -1.763  0.792  1.813  0.49 ]
[fjt] err=[-0.    -0.001  0.001 -0.    -0.001  0.002 -0.002]
[fjt] names=['panda_joint1', 'panda_joint2', 'panda_joint3', 'panda_joint4', 'panda_joint5', 'panda_joint6', 'panda_joint7'] pts=1
[fjt] times[0..2]=[0. 5.] times[-3:]=[0. 5.]
[fjt] goal=[ 1.034  0.702 -0.923 -1.887  0.706  2.225 -0.757]
[fjt] final=[ 1.035  0.703 -0.924 -1.886  0.708  2.222 -0.36 ]
[fjt] err=[ 0.     0.001 -0.001  0.001  0.002 -0.002  0.397]
[fjt] names=['panda_joint1', 'panda_joint2', 'panda_joint3', 'panda_joint4', 'panda_joint5', 'panda_joint6', 'panda_joint7'] pts=1
[fjt] times[0..2]=[0. 2.] times[-3:]=[0. 2.]
[fjt] goal=[ 1.034  0.702 -0.923 -1.887  0.706  2.225 -0.757]
[fjt] final=[ 1.035  0.703 -0.924 -1.886  0.707  2.222 -0.747]
[fjt] err=[ 0.     0.001 -0.001  0.001  0.002 -0.002  0.01 ]
[fjt] names=['panda_joint1', 'panda_joint2', 'panda_joint3', 'panda_joint4', 'panda_joint5', 'panda_joint6', 'panda_joint7'] pts=4
[fjt] times[0..2]=[0. 1. 2.] times[-3:]=[2. 3. 4.]
[fjt] goal=[ 0.945  0.837 -0.795 -1.865  0.825  2.335 -0.82 ]
[fjt] final=[ 0.95   0.817 -0.808 -1.865  0.812  2.312 -0.822]
[fjt] err=[ 0.005 -0.02  -0.013 -0.    -0.013 -0.022 -0.002]
[fjt] names=['panda_joint1', 'panda_joint2', 'panda_joint3', 'panda_joint4', 'panda_joint5', 'panda_joint6', 'panda_joint7'] pts=1
[fjt] times[0..2]=[0. 2.] times[-3:]=[0. 2.]
[fjt] goal=[ 0.945  0.837 -0.795 -1.865  0.825  2.335 -0.82 ]
[fjt] final=[ 0.949  0.824 -0.801 -1.865  0.819  2.318 -0.822]
[fjt] err=[ 0.004 -0.013 -0.006 -0.    -0.006 -0.017 -0.002]
[fjt] names=['panda_joint1', 'panda_joint2', 'panda_joint3', 'panda_joint4', 'panda_joint5', 'panda_joint6', 'panda_joint7'] pts=2
[fjt] times[0..2]=[0. 1. 2.] times[-3:]=[0. 1. 2.]
[fjt] goal=[ 0.979  0.788 -0.841 -1.878  0.785  2.297 -0.797]
[fjt] final=[ 0.979  0.789 -0.84  -1.877  0.787  2.299 -0.799]
[fjt] err=[-0.001  0.001  0.001  0.001  0.002  0.002 -0.002]
[fjt] names=['panda_joint1', 'panda_joint2', 'panda_joint3', 'panda_joint4', 'panda_joint5', 'panda_joint6', 'panda_joint7'] pts=1
[fjt] times[0..2]=[0. 4.] times[-3:]=[0. 4.]
[fjt] goal=[ 1.025  0.85  -0.9   -1.868  0.872  2.264 -0.355]
[fjt] final=[ 1.024  0.849 -0.899 -1.869  0.871  2.267 -0.357]
[fjt] err=[-0.    -0.001  0.001 -0.001 -0.001  0.002 -0.002]
[fjt] names=['panda_joint1', 'panda_joint2', 'panda_joint3', 'panda_joint4', 'panda_joint5', 'panda_joint6', 'panda_joint7'] pts=4
[fjt] times[0..2]=[0. 1. 2.] times[-3:]=[2. 3. 4.]
[fjt] goal=[ 0.774  0.756 -0.961 -2.084  0.906  2.345 -0.795]
[fjt] final=[ 0.775  0.756 -0.961 -2.083  0.904  2.343 -0.792]
[fjt] err=[ 0.     0.     0.     0.001 -0.001 -0.002  0.003]
[fjt] names=['panda_joint1', 'panda_joint2', 'panda_joint3', 'panda_joint4', 'panda_joint5', 'panda_joint6', 'panda_joint7'] pts=2
[fjt] times[0..2]=[0.   1.25 2.5 ] times[-3:]=[0.   1.25 2.5 ]
[fjt] goal=[ 0.76   0.809 -0.917 -2.014  0.923  2.337 -0.75 ]
[fjt] final=[ 0.762  0.791 -0.964 -2.035  0.89   2.321 -0.762]
[fjt] err=[ 0.001 -0.018 -0.046 -0.021 -0.033 -0.016 -0.012]
[fjt] names=['panda_joint1', 'panda_joint2', 'panda_joint3', 'panda_joint4', 'panda_joint5', 'panda_joint6', 'panda_joint7'] pts=1
[fjt] times[0..2]=[0. 2.] times[-3:]=[0. 2.]
[fjt] goal=[ 0.76   0.809 -0.917 -2.014  0.923  2.337 -0.75 ]
[fjt] final=[ 0.761  0.793 -0.962 -2.031  0.892  2.325 -0.759]
[fjt] err=[ 0.001 -0.017 -0.045 -0.017 -0.031 -0.012 -0.01 ]
[fjt] names=['panda_joint1', 'panda_joint2', 'panda_joint3', 'panda_joint4', 'panda_joint5', 'panda_joint6', 'panda_joint7'] pts=1
[fjt] times[0..2]=[0. 2.] times[-3:]=[0. 2.]
[fjt] goal=[ 0.76   0.809 -0.917 -2.014  0.923  2.337 -0.75 ]
[fjt] final=[ 0.762  0.792 -0.963 -2.027  0.893  2.328 -0.758]
[fjt] err=[ 0.001 -0.017 -0.046 -0.013 -0.03  -0.009 -0.008]
[fjt] names=['panda_joint1', 'panda_joint2', 'panda_joint3', 'panda_joint4', 'panda_joint5', 'panda_joint6', 'panda_joint7'] pts=1
[fjt] times[0..2]=[0. 2.] times[-3:]=[0. 2.]
[fjt] goal=[ 0.76   0.809 -0.917 -2.014  0.923  2.337 -0.75 ]
[fjt] final=[ 0.761  0.792 -0.962 -2.021  0.893  2.328 -0.758]
[fjt] err=[ 0.    -0.017 -0.045 -0.007 -0.03  -0.009 -0.008]
[fjt] names=['panda_joint1', 'panda_joint2', 'panda_joint3', 'panda_joint4', 'panda_joint5', 'panda_joint6', 'panda_joint7'] pts=2
[fjt] times[0..2]=[0.   1.25 2.5 ] times[-3:]=[0.   1.25 2.5 ]
[fjt] goal=[ 0.756  0.836 -0.901 -1.977  0.93   2.33  -0.726]
[fjt] final=[ 0.758  0.812 -0.966 -1.994  0.892  2.306 -0.741]
[fjt] err=[ 0.002 -0.024 -0.065 -0.017 -0.038 -0.024 -0.015]
[fjt] names=['panda_joint1', 'panda_joint2', 'panda_joint3', 'panda_joint4', 'panda_joint5', 'panda_joint6', 'panda_joint7'] pts=1
[fjt] times[0..2]=[0. 2.] times[-3:]=[0. 2.]
[fjt] goal=[ 0.756  0.836 -0.901 -1.977  0.93   2.33  -0.726]
[fjt] final=[ 0.758  0.814 -0.961 -1.987  0.895  2.311 -0.74 ]
[fjt] err=[ 0.002 -0.022 -0.06  -0.01  -0.034 -0.018 -0.014]
[fjt] names=['panda_joint1', 'panda_joint2', 'panda_joint3', 'panda_joint4', 'panda_joint5', 'panda_joint6', 'panda_joint7'] pts=1
[fjt] times[0..2]=[0. 2.] times[-3:]=[0. 2.]
[fjt] goal=[ 0.756  0.836 -0.901 -1.977  0.93   2.33  -0.726]
[fjt] final=[ 0.757  0.814 -0.956 -1.983  0.897  2.315 -0.739]
[fjt] err=[ 0.001 -0.022 -0.055 -0.006 -0.033 -0.015 -0.013]
[fjt] names=['panda_joint1', 'panda_joint2', 'panda_joint3', 'panda_joint4', 'panda_joint5', 'panda_joint6', 'panda_joint7'] pts=1
[fjt] times[0..2]=[0. 2.] times[-3:]=[0. 2.]
[fjt] goal=[ 0.756  0.836 -0.901 -1.977  0.93   2.33  -0.726]
[fjt] final=[ 0.761  0.808 -0.954 -1.98   0.898  2.315 -0.727]
[fjt] err=[ 0.005 -0.027 -0.053 -0.003 -0.032 -0.015 -0.001]
[fjt] names=['panda_joint1', 'panda_joint2', 'panda_joint3', 'panda_joint4', 'panda_joint5', 'panda_joint6', 'panda_joint7'] pts=2
[fjt] times[0..2]=[0.   1.25 2.5 ] times[-3:]=[0.   1.25 2.5 ]
[fjt] goal=[ 0.746  0.865 -0.88  -1.947  0.944  2.331 -0.715]
[fjt] final=[ 0.757  0.823 -0.95  -1.948  0.909  2.289 -0.712]
[fjt] err=[ 0.011 -0.042 -0.07  -0.001 -0.034 -0.042  0.004]
[fjt] names=['panda_joint1', 'panda_joint2', 'panda_joint3', 'panda_joint4', 'panda_joint5', 'panda_joint6', 'panda_joint7'] pts=1
[fjt] times[0..2]=[0. 2.] times[-3:]=[0. 2.]
[fjt] goal=[ 0.746  0.865 -0.88  -1.947  0.944  2.331 -0.715]
[fjt] final=[ 0.756  0.826 -0.936 -1.935  0.917  2.307 -0.711]
[fjt] err=[ 0.01  -0.039 -0.056  0.012 -0.027 -0.025  0.005]
[fjt] names=['panda_joint1', 'panda_joint2', 'panda_joint3', 'panda_joint4', 'panda_joint5', 'panda_joint6', 'panda_joint7'] pts=1
[fjt] times[0..2]=[0. 2.] times[-3:]=[0. 2.]
[fjt] goal=[ 0.746  0.865 -0.88  -1.947  0.944  2.331 -0.715]
[fjt] final=[ 0.753  0.832 -0.925 -1.926  0.923  2.325 -0.711]
[fjt] err=[ 0.007 -0.033 -0.044  0.022 -0.021 -0.006  0.005]
[fjt] names=['panda_joint1', 'panda_joint2', 'panda_joint3', 'panda_joint4', 'panda_joint5', 'panda_joint6', 'panda_joint7'] pts=1
[fjt] times[0..2]=[0. 2.] times[-3:]=[0. 2.]
[fjt] goal=[ 0.746  0.865 -0.88  -1.947  0.944  2.331 -0.715]
[fjt] final=[ 0.753  0.835 -0.912 -1.916  0.932  2.329 -0.711]
[fjt] err=[ 0.007 -0.03  -0.032  0.031 -0.012 -0.002  0.005]
[fjt] names=['panda_joint1', 'panda_joint2', 'panda_joint3', 'panda_joint4', 'panda_joint5', 'panda_joint6', 'panda_joint7'] pts=2
[fjt] times[0..2]=[0.   1.25 2.5 ] times[-3:]=[0.   1.25 2.5 ]
[fjt] goal=[ 0.736  0.894 -0.861 -1.916  0.956  2.333 -0.703]
[fjt] final=[ 0.745  0.864 -0.88  -1.863  0.955  2.336 -0.693]
[fjt] err=[ 0.009 -0.03  -0.02   0.053 -0.001  0.004  0.01 ]
[fjt] names=['panda_joint1', 'panda_joint2', 'panda_joint3', 'panda_joint4', 'panda_joint5', 'panda_joint6', 'panda_joint7'] pts=1
[fjt] times[0..2]=[0. 2.] times[-3:]=[0. 2.]
[fjt] goal=[ 0.736  0.894 -0.861 -1.916  0.956  2.333 -0.703]
[fjt] final=[ 0.736  0.893 -0.862 -1.914  0.955  2.335 -0.7  ]
[fjt] err=[ 0.001 -0.001 -0.001  0.002 -0.001  0.002  0.003]
[fjt] names=['panda_joint1', 'panda_joint2', 'panda_joint3', 'panda_joint4', 'panda_joint5', 'panda_joint6', 'panda_joint7'] pts=2
[fjt] times[0..2]=[0.   1.25 2.5 ] times[-3:]=[0.   1.25 2.5 ]
[fjt] goal=[ 0.725  0.922 -0.84  -1.884  0.965  2.335 -0.689]
[fjt] final=[ 0.725  0.921 -0.841 -1.885  0.964  2.334 -0.691]
[fjt] err=[ 0.    -0.001 -0.001 -0.001 -0.001 -0.001 -0.002]
[fjt] names=['panda_joint1', 'panda_joint2', 'panda_joint3', 'panda_joint4', 'panda_joint5', 'panda_joint6', 'panda_joint7'] pts=2
[fjt] times[0..2]=[0.   1.25 2.5 ] times[-3:]=[0.   1.25 2.5 ]
[fjt] goal=[ 0.714  0.945 -0.823 -1.863  0.976  2.341 -0.684]
[fjt] final=[ 0.714  0.944 -0.824 -1.864  0.975  2.339 -0.687]
[fjt] err=[ 0.    -0.001 -0.001 -0.001 -0.001 -0.002 -0.002]
[fjt] names=['panda_joint1', 'panda_joint2', 'panda_joint3', 'panda_joint4', 'panda_joint5', 'panda_joint6', 'panda_joint7'] pts=2
[fjt] times[0..2]=[0. 1. 2.] times[-3:]=[0. 1. 2.]
[fjt] goal=[ 0.851  0.748 -1.022 -1.917  0.795  2.192 -0.596]
[fjt] final=[ 0.85   0.749 -1.021 -1.916  0.797  2.194 -0.598]
[fjt] err=[-0.001  0.001  0.001  0.001  0.002  0.002 -0.002]
[fjt] names=['panda_joint1', 'panda_joint2', 'panda_joint3', 'panda_joint4', 'panda_joint5', 'panda_joint6', 'panda_joint7'] pts=1
[fjt] times[0..2]=[0. 5.] times[-3:]=[0. 5.]
[fjt] goal=[ 1.07   0.759 -1.444 -1.804  0.783  1.825  0.213]
[fjt] final=[ 1.07   0.758 -1.443 -1.804  0.784  1.828  0.206]
[fjt] err=[-0.    -0.001  0.001 -0.001  0.001  0.002 -0.007]
[fjt] names=['panda_joint1', 'panda_joint2', 'panda_joint3', 'panda_joint4', 'panda_joint5', 'panda_joint6', 'panda_joint7'] pts=1
[fjt] times[0..2]=[0. 5.] times[-3:]=[0. 5.]
[fjt] goal=[ 1.121  0.753 -1.321 -2.262  0.97   2.208  0.071]
[fjt] final=[ 1.121  0.754 -1.322 -2.261  0.969  2.206  0.073]
[fjt] err=[-0.     0.001 -0.001  0.001 -0.002 -0.002  0.002]
[fjt] names=['panda_joint1', 'panda_joint2', 'panda_joint3', 'panda_joint4', 'panda_joint5', 'panda_joint6', 'panda_joint7'] pts=4
[fjt] times[0..2]=[0. 1. 2.] times[-3:]=[2. 3. 4.]
[fjt] goal=[ 0.879  0.917 -0.978 -2.193  1.228  2.367 -0.063]
[fjt] final=[ 0.886  0.904 -0.994 -2.199  1.22   2.363 -0.063]
[fjt] err=[ 0.006 -0.013 -0.016 -0.005 -0.008 -0.004  0.   ]
[fjt] names=['panda_joint1', 'panda_joint2', 'panda_joint3', 'panda_joint4', 'panda_joint5', 'panda_joint6', 'panda_joint7'] pts=4
[fjt] times[0..2]=[0.  1.5 3. ] times[-3:]=[3.  4.5 6. ]
[fjt] goal=[ 1.196  0.693 -1.429 -2.259  0.867  2.164  0.126]
[fjt] final=[ 1.196  0.693 -1.427 -2.26   0.869  2.165  0.124]
[fjt] err=[-0.     0.001  0.001 -0.001  0.002  0.002 -0.002]
[fjt] names=['panda_joint1', 'panda_joint2', 'panda_joint3', 'panda_joint4', 'panda_joint5', 'panda_joint6', 'panda_joint7'] pts=4
[fjt] times[0..2]=[0. 1. 2.] times[-3:]=[2. 3. 4.]
[fjt] goal=[ 1.036  0.694 -1.386 -2.213  0.857  2.158  0.034]
[fjt] final=[ 1.037  0.694 -1.386 -2.214  0.858  2.16   0.036]
[fjt] err=[ 0.001 -0.    -0.    -0.001  0.001  0.002  0.002]
[fjt] names=['panda_joint1', 'panda_joint2', 'panda_joint3', 'panda_joint4', 'panda_joint5', 'panda_joint6', 'panda_joint7'] pts=5
[fjt] times[0..2]=[0.  1.2 2.4] times[-3:]=[3.6 4.8 6. ]
[fjt] goal=[ 0.849  0.797 -1.118 -2.205  1.04   2.299 -0.064]
[fjt] final=[ 0.849  0.797 -1.119 -2.206  1.039  2.297 -0.062]
[fjt] err=[ 0.    -0.001 -0.001 -0.001 -0.002 -0.002  0.002]
[fjt] names=['panda_joint1', 'panda_joint2', 'panda_joint3', 'panda_joint4', 'panda_joint5', 'panda_joint6', 'panda_joint7'] pts=2
[fjt] times[0..2]=[0. 1. 2.] times[-3:]=[0. 1. 2.]
[fjt] goal=[ 1.081  0.648 -1.448 -2.207  0.787  2.133  0.072]
[fjt] final=[ 1.081  0.649 -1.446 -2.208  0.789  2.135  0.07 ]
[fjt] err=[-0.     0.001  0.001 -0.001  0.002  0.002 -0.003]
[fjt] names=['panda_joint1', 'panda_joint2', 'panda_joint3', 'panda_joint4', 'panda_joint5', 'panda_joint6', 'panda_joint7'] pts=1
[fjt] times[0..2]=[0. 5.] times[-3:]=[0. 5.]
[fjt] goal=[ 1.241  0.563 -1.678 -2.124  0.616  1.977  0.056]
[fjt] final=[ 1.241  0.564 -1.677 -2.124  0.618  1.979  0.058]
[fjt] err=[-0.     0.001  0.001 -0.001  0.002  0.002  0.002]
[fjt] names=['panda_joint1', 'panda_joint2', 'panda_joint3', 'panda_joint4', 'panda_joint5', 'panda_joint6', 'panda_joint7'] pts=1
[fjt] times[0..2]=[0. 5.] times[-3:]=[0. 5.]
[fjt] goal=[ 0.958  0.62  -1.241 -2.274  0.834  2.305  0.063]
[fjt] final=[ 0.959  0.62  -1.242 -2.274  0.833  2.303  0.061]
[fjt] err=[ 0.    -0.    -0.001  0.001 -0.001 -0.002 -0.002]
[fjt] names=['panda_joint1', 'panda_joint2', 'panda_joint3', 'panda_joint4', 'panda_joint5', 'panda_joint6', 'panda_joint7'] pts=4
[fjt] times[0..2]=[0. 1. 2.] times[-3:]=[2. 3. 4.]
[fjt] goal=[ 0.682  0.82  -0.877 -2.201  1.115  2.465 -0.102]
[fjt] final=[ 0.688  0.805 -0.891 -2.207  1.108  2.461 -0.102]
[fjt] err=[ 0.005 -0.014 -0.014 -0.005 -0.007 -0.004  0.   ]
[fjt] names=['panda_joint1', 'panda_joint2', 'panda_joint3', 'panda_joint4', 'panda_joint5', 'panda_joint6', 'panda_joint7'] pts=4
[fjt] times[0..2]=[0.  1.5 3. ] times[-3:]=[3.  4.5 6. ]
[fjt] goal=[ 1.188  0.493 -1.532 -2.247  0.611  2.172  0.196]
[fjt] final=[ 1.187  0.494 -1.531 -2.249  0.613  2.174  0.194]
[fjt] err=[-0.     0.001  0.001 -0.001  0.002  0.002 -0.002]
[fjt] names=['panda_joint1', 'panda_joint2', 'panda_joint3', 'panda_joint4', 'panda_joint5', 'panda_joint6', 'panda_joint7'] pts=1
[fjt] times[0..2]=[0. 6.] times[-3:]=[0. 6.]
[fjt] goal=[ 1.174  0.865 -1.617 -2.207  0.951  1.936  1.424]
[fjt] final=[ 1.174  0.864 -1.615 -2.208  0.949  1.938  1.167]
[fjt] err=[ 0.    -0.001  0.001 -0.001 -0.002  0.002 -0.257]
[fjt] names=['panda_joint1', 'panda_joint2', 'panda_joint3', 'panda_joint4', 'panda_joint5', 'panda_joint6', 'panda_joint7'] pts=1
[fjt] times[0..2]=[0. 2.] times[-3:]=[0. 2.]
[fjt] goal=[ 1.174  0.865 -1.617 -2.207  0.951  1.936  1.424]
[fjt] final=[ 1.174  0.864 -1.616 -2.208  0.95   1.938  1.422]
[fjt] err=[ 0.    -0.001  0.001 -0.001 -0.001  0.002 -0.002]
[fjt] names=['panda_joint1', 'panda_joint2', 'panda_joint3', 'panda_joint4', 'panda_joint5', 'panda_joint6', 'panda_joint7'] pts=1
[fjt] times[0..2]=[0. 6.] times[-3:]=[0. 6.]
[fjt] goal=[ 0.536  0.666 -1.179 -1.882  1.147  1.399  1.356]
[fjt] final=[ 0.536  0.666 -1.18  -1.884  1.146  1.401  1.358]
[fjt] err=[ 0.001  0.    -0.001 -0.001 -0.001  0.002  0.002]
[fjt] names=['panda_joint1', 'panda_joint2', 'panda_joint3', 'panda_joint4', 'panda_joint5', 'panda_joint6', 'panda_joint7'] pts=1
[fjt] times[0..2]=[0. 6.] times[-3:]=[0. 6.]
[fjt] goal=[-0.028  0.837 -0.734 -1.675  1.446  0.827  1.358]
[fjt] final=[-0.027  0.836 -0.734 -1.677  1.445  0.829  1.358]
[fjt] err=[ 0.001 -0.    -0.001 -0.001 -0.002  0.002 -0.001]
[fjt] names=['panda_joint1', 'panda_joint2', 'panda_joint3', 'panda_joint4', 'panda_joint5', 'panda_joint6', 'panda_joint7'] pts=5
[fjt] times[0..2]=[0.  1.2 2.4] times[-3:]=[3.6 4.8 6. ]
[fjt] goal=[-0.097  1.103 -0.648 -1.541  1.483  0.879  1.222]
[fjt] final=[-0.097  1.102 -0.649 -1.543  1.481  0.878  1.223]
[fjt] err=[ 0.    -0.    -0.001 -0.001 -0.001 -0.001  0.002]
[fjt] names=['panda_joint1', 'panda_joint2', 'panda_joint3', 'panda_joint4', 'panda_joint5', 'panda_joint6', 'panda_joint7'] pts=3
[fjt] times[0..2]=[0. 1. 2.] times[-3:]=[1. 2. 3.]
[fjt] goal=[-0.032  0.856 -0.727 -1.669  1.447  0.83   1.345]
[fjt] final=[-0.033  0.857 -0.726 -1.668  1.448  0.832  1.343]
[fjt] err=[-0.     0.001  0.001  0.001  0.001  0.002 -0.002]
[fjt] names=['panda_joint1', 'panda_joint2', 'panda_joint3', 'panda_joint4', 'panda_joint5', 'panda_joint6', 'panda_joint7'] pts=1
[fjt] times[0..2]=[0. 5.] times[-3:]=[0. 5.]
[fjt] goal=[ 1.193  0.586 -1.585 -2.045  0.638  1.954  0.12 ]
[fjt] final=[ 0.905  0.587 -1.584 -2.046  0.641  1.672  0.483]
[fjt] err=[-0.287  0.001  0.001 -0.001  0.003 -0.282  0.364]
[fjt] names=['panda_joint1', 'panda_joint2', 'panda_joint3', 'panda_joint4', 'panda_joint5', 'panda_joint6', 'panda_joint7'] pts=1
[fjt] times[0..2]=[0. 2.] times[-3:]=[0. 2.]
[fjt] goal=[ 1.193  0.586 -1.585 -2.045  0.638  1.954  0.12 ]
[fjt] final=[ 1.192  0.586 -1.585 -2.046  0.64   1.952  0.133]
[fjt] err=[-0.001  0.001 -0.    -0.001  0.002 -0.002  0.014]
[fjt] names=['panda_joint1', 'panda_joint2', 'panda_joint3', 'panda_joint4', 'panda_joint5', 'panda_joint6', 'panda_joint7'] pts=1
[fjt] times[0..2]=[0. 5.] times[-3:]=[0. 5.]
[fjt] goal=[ 0.73   0.331 -0.937 -2.193  0.379  2.357 -1.241]
[fjt] final=[ 0.73   0.332 -0.939 -2.192  0.382  2.355 -0.703]
[fjt] err=[ 0.     0.001 -0.001  0.001  0.002 -0.002  0.539]
[fjt] names=['panda_joint1', 'panda_joint2', 'panda_joint3', 'panda_joint4', 'panda_joint5', 'panda_joint6', 'panda_joint7'] pts=1
[fjt] times[0..2]=[0. 2.] times[-3:]=[0. 2.]
[fjt] goal=[ 0.73   0.331 -0.937 -2.193  0.379  2.357 -1.241]
[fjt] final=[ 0.73   0.332 -0.938 -2.192  0.382  2.355 -1.121]
[fjt] err=[ 0.     0.001 -0.001  0.001  0.002 -0.002  0.12 ]
[fjt] names=['panda_joint1', 'panda_joint2', 'panda_joint3', 'panda_joint4', 'panda_joint5', 'panda_joint6', 'panda_joint7'] pts=1
[fjt] times[0..2]=[0. 2.] times[-3:]=[0. 2.]
[fjt] goal=[ 0.73   0.331 -0.937 -2.193  0.379  2.357 -1.241]
[fjt] final=[ 0.73   0.331 -0.938 -2.192  0.381  2.355 -1.239]
[fjt] err=[ 0.     0.001 -0.001  0.001  0.001 -0.002  0.002]
[fjt] names=['panda_joint1', 'panda_joint2', 'panda_joint3', 'panda_joint4', 'panda_joint5', 'panda_joint6', 'panda_joint7'] pts=4
[fjt] times[0..2]=[0. 1. 2.] times[-3:]=[2. 3. 4.]
[fjt] goal=[ 0.584  0.521 -0.755 -2.19   0.603  2.496 -1.389]
[fjt] final=[ 0.585  0.521 -0.756 -2.191  0.601  2.494 -1.386]
[fjt] err=[ 0.001 -0.001 -0.001 -0.001 -0.002 -0.002  0.002]
[fjt] names=['panda_joint1', 'panda_joint2', 'panda_joint3', 'panda_joint4', 'panda_joint5', 'panda_joint6', 'panda_joint7'] pts=4
[fjt] times[0..2]=[0.   1.25 2.5 ] times[-3:]=[2.5  3.75 5.  ]
[fjt] goal=[ 0.82   0.221 -1.037 -2.165  0.248  2.264 -1.152]
[fjt] final=[ 0.819  0.222 -1.036 -2.167  0.25   2.266 -1.155]
[fjt] err=[-0.     0.001  0.001 -0.001  0.002  0.002 -0.002]
[fjt] names=['panda_joint1', 'panda_joint2', 'panda_joint3', 'panda_joint4', 'panda_joint5', 'panda_joint6', 'panda_joint7'] pts=1
[fjt] times[0..2]=[0. 6.] times[-3:]=[0. 6.]
[fjt] goal=[ 0.173  0.373 -0.656 -1.94   0.898  1.671 -1.648]
[fjt] final=[ 0.174  0.372 -0.656 -1.942  0.897  1.673 -1.646]
[fjt] err=[ 0.001 -0.001 -0.001 -0.002 -0.002  0.002  0.002]
[fjt] names=['panda_joint1', 'panda_joint2', 'panda_joint3', 'panda_joint4', 'panda_joint5', 'panda_joint6', 'panda_joint7'] pts=1
[fjt] times[0..2]=[0. 6.] times[-3:]=[0. 6.]
[fjt] goal=[-0.225  0.708 -0.431 -1.723  1.298  1.009 -1.757]
[fjt] final=[-0.224  0.707 -0.431 -1.724  1.296  1.012 -1.755]
[fjt] err=[ 0.001 -0.001 -0.001 -0.001 -0.002  0.002  0.002]
[fjt] names=['panda_joint1', 'panda_joint2', 'panda_joint3', 'panda_joint4', 'panda_joint5', 'panda_joint6', 'panda_joint7'] pts=1
[fjt] times[0..2]=[0. 6.] times[-3:]=[0. 6.]
[fjt] goal=[-0.044  0.824 -0.291 -1.631  1.517  1.253 -1.683]
[fjt] final=[-0.044  0.824 -0.292 -1.633  1.515  1.252 -1.686]
[fjt] err=[-0.    -0.    -0.001 -0.001 -0.002 -0.001 -0.003]
[fjt] names=['panda_joint1', 'panda_joint2', 'panda_joint3', 'panda_joint4', 'panda_joint5', 'panda_joint6', 'panda_joint7'] pts=4
[fjt] times[0..2]=[0.   1.25 2.5 ] times[-3:]=[2.5  3.75 5.  ]
[fjt] goal=[ 0.061  0.965 -0.205 -1.608  1.615  1.399 -1.779]
[fjt] final=[ 0.061  0.965 -0.206 -1.61   1.613  1.397 -1.777]
[fjt] err=[-0.    -0.    -0.001 -0.001 -0.002 -0.001  0.002]
[fjt] names=['panda_joint1', 'panda_joint2', 'panda_joint3', 'panda_joint4', 'panda_joint5', 'panda_joint6', 'panda_joint7'] pts=5
[fjt] times[0..2]=[0.  1.2 2.4] times[-3:]=[3.6 4.8 6. ]
[fjt] goal=[ 0.228  0.962 -0.096 -1.595  1.758  1.602 -1.765]
[fjt] final=[ 0.215  0.929 -0.121 -1.571  1.77   1.574 -1.75 ]
[fjt] err=[-0.013 -0.033 -0.026  0.023  0.012 -0.028  0.015]
[fjt] names=['panda_joint1', 'panda_joint2', 'panda_joint3', 'panda_joint4', 'panda_joint5', 'panda_joint6', 'panda_joint7'] pts=1
[fjt] times[0..2]=[0. 2.] times[-3:]=[0. 2.]
[fjt] goal=[ 0.228  0.962 -0.096 -1.595  1.758  1.602 -1.765]
[fjt] final=[ 0.215  0.929 -0.119 -1.573  1.779  1.575 -1.767]
[fjt] err=[-0.013 -0.033 -0.024  0.022  0.021 -0.027 -0.002]
[fjt] names=['panda_joint1', 'panda_joint2', 'panda_joint3', 'panda_joint4', 'panda_joint5', 'panda_joint6', 'panda_joint7'] pts=1
[fjt] times[0..2]=[0. 2.] times[-3:]=[0. 2.]
[fjt] goal=[ 0.228  0.962 -0.096 -1.595  1.758  1.602 -1.765]
[fjt] final=[ 0.215  0.929 -0.119 -1.573  1.78   1.575 -1.769]
[fjt] err=[-0.013 -0.033 -0.024  0.021  0.022 -0.027 -0.003]
[fjt] names=['panda_joint1', 'panda_joint2', 'panda_joint3', 'panda_joint4', 'panda_joint5', 'panda_joint6', 'panda_joint7'] pts=1
[fjt] times[0..2]=[0. 2.] times[-3:]=[0. 2.]
[fjt] goal=[ 0.228  0.962 -0.096 -1.595  1.758  1.602 -1.765]
[fjt] final=[ 0.215  0.929 -0.119 -1.574  1.78   1.575 -1.769]
[fjt] err=[-0.013 -0.033 -0.023  0.021  0.022 -0.026 -0.004]
[fjt] names=['panda_joint1', 'panda_joint2', 'panda_joint3', 'panda_joint4', 'panda_joint5', 'panda_joint6', 'panda_joint7'] pts=2
[fjt] times[0..2]=[0. 1. 2.] times[-3:]=[0. 1. 2.]
[fjt] goal=[ 0.239  0.983 -0.111 -1.582  1.77   1.592 -1.77 ]
[fjt] final=[ 0.225  0.942 -0.136 -1.565  1.79   1.554 -1.766]
[fjt] err=[-0.015 -0.041 -0.025  0.017  0.02  -0.038  0.004]
[fjt] names=['panda_joint1', 'panda_joint2', 'panda_joint3', 'panda_joint4', 'panda_joint5', 'panda_joint6', 'panda_joint7'] pts=1
[fjt] times[0..2]=[0. 2.] times[-3:]=[0. 2.]
[fjt] goal=[ 0.239  0.983 -0.111 -1.582  1.77   1.592 -1.77 ]
[fjt] final=[ 0.225  0.942 -0.136 -1.564  1.792  1.552 -1.774]
[fjt] err=[-0.015 -0.041 -0.025  0.018  0.023 -0.039 -0.004]
[fjt] names=['panda_joint1', 'panda_joint2', 'panda_joint3', 'panda_joint4', 'panda_joint5', 'panda_joint6', 'panda_joint7'] pts=1
[fjt] times[0..2]=[0. 2.] times[-3:]=[0. 2.]
[fjt] goal=[ 0.239  0.983 -0.111 -1.582  1.77   1.592 -1.77 ]
[fjt] final=[ 0.225  0.942 -0.136 -1.563  1.793  1.553 -1.775]
[fjt] err=[-0.014 -0.04  -0.025  0.019  0.023 -0.038 -0.005]
[fjt] names=['panda_joint1', 'panda_joint2', 'panda_joint3', 'panda_joint4', 'panda_joint5', 'panda_joint6', 'panda_joint7'] pts=1
[fjt] times[0..2]=[0. 2.] times[-3:]=[0. 2.]
[fjt] goal=[ 0.239  0.983 -0.111 -1.582  1.77   1.592 -1.77 ]
[fjt] final=[ 0.225  0.943 -0.136 -1.562  1.793  1.555 -1.775]
[fjt] err=[-0.014 -0.04  -0.025  0.019  0.024 -0.037 -0.005]
[fjt] names=['panda_joint1', 'panda_joint2', 'panda_joint3', 'panda_joint4', 'panda_joint5', 'panda_joint6', 'panda_joint7'] pts=4
[fjt] times[0..2]=[0. 1. 2.] times[-3:]=[2. 3. 4.]
[fjt] goal=[ 0.028  0.994 -0.275 -1.573  1.595  1.311 -1.775]
[fjt] final=[ 0.028  0.993 -0.274 -1.574  1.596  1.313 -1.773]
[fjt] err=[ 0.    -0.001  0.001 -0.001  0.001  0.002  0.002]
[fjt] names=['panda_joint1', 'panda_joint2', 'panda_joint3', 'panda_joint4', 'panda_joint5', 'panda_joint6', 'panda_joint7'] pts=3
[fjt] times[0..2]=[0. 1. 2.] times[-3:]=[1. 2. 3.]
[fjt] goal=[ 0.012  0.556 -0.361 -1.701  1.53   1.223 -1.478]
[fjt] final=[ 0.012  0.557 -0.36  -1.701  1.531  1.225 -1.48 ]
[fjt] err=[ 0.     0.001  0.001 -0.     0.001  0.002 -0.002]
[fjt] names=['panda_joint1', 'panda_joint2', 'panda_joint3', 'panda_joint4', 'panda_joint5', 'panda_joint6', 'panda_joint7'] pts=1
[fjt] times[0..2]=[0. 5.] times[-3:]=[0. 5.]
[fjt] goal=[ 0.064  0.917 -0.265 -1.662  1.602  1.342 -1.783]
[fjt] final=[ 0.064  0.916 -0.265 -1.663  1.601  1.34  -1.781]
[fjt] err=[-0.    -0.001 -0.001 -0.001 -0.001 -0.002  0.002]
[fjt] names=['panda_joint1', 'panda_joint2', 'panda_joint3', 'panda_joint4', 'panda_joint5', 'panda_joint6', 'panda_joint7'] pts=1
[fjt] times[0..2]=[0. 5.] times[-3:]=[0. 5.]
[fjt] goal=[ 0.033  0.91  -0.28  -1.596  1.591  1.31  -1.714]
[fjt] final=[ 0.033  0.91  -0.28  -1.597  1.592  1.312 -1.716]
[fjt] err=[ 0.     0.     0.001 -0.001  0.001  0.002 -0.002]
[fjt] names=['panda_joint1', 'panda_joint2', 'panda_joint3', 'panda_joint4', 'panda_joint5', 'panda_joint6', 'panda_joint7'] pts=5
[fjt] times[0..2]=[0. 1. 2.] times[-3:]=[3. 4. 5.]
[fjt] goal=[ 0.258  0.88  -0.145 -1.621  1.77   1.582 -1.702]
[fjt] final=[ 0.258  0.88  -0.145 -1.622  1.768  1.58  -1.705]
[fjt] err=[-0.    -0.001 -0.001 -0.001 -0.001 -0.002 -0.002]
[fjt] names=['panda_joint1', 'panda_joint2', 'panda_joint3', 'panda_joint4', 'panda_joint5', 'panda_joint6', 'panda_joint7'] pts=6
[fjt] times[0..2]=[0.         1.16666667 2.33333333] times[-3:]=[4.66666667 5.83333333 7.        ]
[fjt] goal=[-0.102  0.991 -0.336 -1.46   1.525  1.173 -1.689]
[fjt] final=[-0.101  0.99  -0.335 -1.462  1.526  1.176 -1.691]
[fjt] err=[ 0.    -0.     0.001 -0.002  0.001  0.003 -0.002]
[fjt] names=['panda_joint1', 'panda_joint2', 'panda_joint3', 'panda_joint4', 'panda_joint5', 'panda_joint6', 'panda_joint7'] pts=4
[fjt] times[0..2]=[0. 1. 2.] times[-3:]=[2. 3. 4.]
[fjt] goal=[-0.373  1.176 -0.399 -1.128  1.455  0.942 -1.627]
[fjt] final=[-0.373  1.175 -0.399 -1.13   1.456  0.945 -1.63 ]
[fjt] err=[ 0.    -0.     0.001 -0.002  0.001  0.002 -0.002]
[fjt] names=['panda_joint1', 'panda_joint2', 'panda_joint3', 'panda_joint4', 'panda_joint5', 'panda_joint6', 'panda_joint7'] pts=3
[fjt] times[0..2]=[0. 1. 2.] times[-3:]=[1. 2. 3.]
[fjt] goal=[-0.391  1.273 -0.387 -1.046  1.462  0.959 -1.643]
[fjt] final=[-0.391  1.272 -0.388 -1.048  1.461  0.958 -1.641]
[fjt] err=[ 0.    -0.    -0.001 -0.001 -0.001 -0.001  0.002]
[fjt] names=['panda_joint1', 'panda_joint2', 'panda_joint3', 'panda_joint4', 'panda_joint5', 'panda_joint6', 'panda_joint7'] pts=3
[fjt] times[0..2]=[0. 1. 2.] times[-3:]=[1. 2. 3.]
[fjt] goal=[-0.35   0.988 -0.418 -1.241  1.455  0.906 -1.547]
[fjt] final=[-0.35   0.988 -0.417 -1.24   1.453  0.908 -1.55 ]
[fjt] err=[-0.     0.001  0.001  0.001 -0.002  0.002 -0.002]
[fjt] names=['panda_joint1', 'panda_joint2', 'panda_joint3', 'panda_joint4', 'panda_joint5', 'panda_joint6', 'panda_joint7'] pts=1
[fjt] times[0..2]=[0. 5.] times[-3:]=[0. 5.]
[fjt] goal=[ 0.458  0.388 -0.834 -1.754  0.313  2.003  0.314]
[fjt] final=[ 0.458  0.388 -0.832 -1.754  0.584  1.781 -0.678]
[fjt] err=[-0.001  0.     0.001  0.001  0.271 -0.222 -0.992]
[fjt] names=['panda_joint1', 'panda_joint2', 'panda_joint3', 'panda_joint4', 'panda_joint5', 'panda_joint6', 'panda_joint7'] pts=1
[fjt] times[0..2]=[0. 2.] times[-3:]=[0. 2.]
[fjt] goal=[ 0.458  0.388 -0.834 -1.754  0.313  2.003  0.314]
[fjt] final=[ 0.458  0.388 -0.833 -1.754  0.315  2.001 -0.244]
[fjt] err=[-0.     0.     0.001  0.001  0.001 -0.002 -0.558]
[fjt] names=['panda_joint1', 'panda_joint2', 'panda_joint3', 'panda_joint4', 'panda_joint5', 'panda_joint6', 'panda_joint7'] pts=1
[fjt] times[0..2]=[0. 2.] times[-3:]=[0. 2.]
[fjt] goal=[ 0.458  0.388 -0.834 -1.754  0.313  2.003  0.314]
[fjt] final=[ 0.458  0.388 -0.833 -1.754  0.314  2.001  0.172]
[fjt] err=[-0.     0.     0.001  0.001  0.001 -0.002 -0.141]
[fjt] names=['panda_joint1', 'panda_joint2', 'panda_joint3', 'panda_joint4', 'panda_joint5', 'panda_joint6', 'panda_joint7'] pts=1
[fjt] times[0..2]=[0. 2.] times[-3:]=[0. 2.]
[fjt] goal=[ 0.458  0.388 -0.834 -1.754  0.313  2.003  0.314]
[fjt] final=[ 0.458  0.388 -0.833 -1.754  0.314  2.001  0.311]
[fjt] err=[-0.     0.     0.     0.001  0.001 -0.002 -0.002]
[fjt] names=['panda_joint1', 'panda_joint2', 'panda_joint3', 'panda_joint4', 'panda_joint5', 'panda_joint6', 'panda_joint7'] pts=1
[fjt] times[0..2]=[0. 5.] times[-3:]=[0. 5.]
[fjt] goal=[ 0.166  0.445 -0.455 -1.886  0.251  2.275 -1.201]
[fjt] final=[ 0.166  0.445 -0.457 -1.886  0.253  2.273 -0.544]
[fjt] err=[ 0.    -0.    -0.001  0.001  0.002 -0.002  0.657]
[fjt] names=['panda_joint1', 'panda_joint2', 'panda_joint3', 'panda_joint4', 'panda_joint5', 'panda_joint6', 'panda_joint7'] pts=1
[fjt] times[0..2]=[0. 2.] times[-3:]=[0. 2.]
[fjt] goal=[ 0.166  0.445 -0.455 -1.886  0.251  2.275 -1.201]
[fjt] final=[ 0.166  0.445 -0.457 -1.886  0.253  2.273 -0.966]
[fjt] err=[ 0.    -0.    -0.001  0.001  0.002 -0.002  0.235]
[fjt] names=['panda_joint1', 'panda_joint2', 'panda_joint3', 'panda_joint4', 'panda_joint5', 'panda_joint6', 'panda_joint7'] pts=1
[fjt] times[0..2]=[0. 2.] times[-3:]=[0. 2.]
[fjt] goal=[ 0.166  0.445 -0.455 -1.886  0.251  2.275 -1.201]
[fjt] final=[ 0.166  0.445 -0.456 -1.886  0.252  2.274 -1.199]
[fjt] err=[ 0.    -0.    -0.001  0.001  0.001 -0.002  0.002]
[fjt] names=['panda_joint1', 'panda_joint2', 'panda_joint3', 'panda_joint4', 'panda_joint5', 'panda_joint6', 'panda_joint7'] pts=4
[fjt] times[0..2]=[0. 1. 2.] times[-3:]=[2. 3. 4.]
[fjt] goal=[ 0.123  0.598 -0.396 -1.897  0.339  2.429 -1.256]
[fjt] final=[ 0.123  0.598 -0.397 -1.898  0.337  2.428 -1.253]
[fjt] err=[ 0.    -0.001 -0.001 -0.001 -0.002 -0.002  0.002]
[fjt] names=['panda_joint1', 'panda_joint2', 'panda_joint3', 'panda_joint4', 'panda_joint5', 'panda_joint6', 'panda_joint7'] pts=4
[fjt] times[0..2]=[0.   1.25 2.5 ] times[-3:]=[2.5  3.75 5.  ]
[fjt] goal=[ 0.187  0.374 -0.484 -1.852  0.208  2.176 -1.173]
[fjt] final=[ 0.186  0.374 -0.483 -1.854  0.21   2.178 -1.176]
[fjt] err=[-0.     0.001  0.001 -0.001  0.002  0.002 -0.002]
[fjt] names=['panda_joint1', 'panda_joint2', 'panda_joint3', 'panda_joint4', 'panda_joint5', 'panda_joint6', 'panda_joint7'] pts=1
[fjt] times[0..2]=[0. 7.] times[-3:]=[0. 7.]
[fjt] goal=[-0.326  0.555 -0.165 -1.572  0.764  1.64  -1.519]
[fjt] final=[-0.326  0.555 -0.165 -1.574  0.762  1.642 -1.517]
[fjt] err=[ 0.001 -0.    -0.001 -0.002 -0.002  0.002  0.002]
[fjt] names=['panda_joint1', 'panda_joint2', 'panda_joint3', 'panda_joint4', 'panda_joint5', 'panda_joint6', 'panda_joint7'] pts=1
[fjt] times[0..2]=[0. 7.] times[-3:]=[0. 7.]
[fjt] goal=[-0.646  0.914  0.077 -1.303  1.14   1.137 -1.508]
[fjt] final=[-0.646  0.914  0.077 -1.304  1.138  1.14  -1.51 ]
[fjt] err=[ 0.    -0.001 -0.001 -0.002 -0.002  0.002 -0.003]
[fjt] names=['panda_joint1', 'panda_joint2', 'panda_joint3', 'panda_joint4', 'panda_joint5', 'panda_joint6', 'panda_joint7'] pts=8
[fjt] times[0..2]=[0.   1.25 2.5 ] times[-3:]=[ 7.5   8.75 10.  ]
[fjt] goal=[-0.422  0.707  0.185 -1.681  1.284  1.465 -1.594]
[fjt] final=[-0.423  0.708  0.184 -1.68   1.282  1.463 -1.592]
[fjt] err=[-0.     0.001 -0.001  0.001 -0.002 -0.002  0.002]
[fjt] names=['panda_joint1', 'panda_joint2', 'panda_joint3', 'panda_joint4', 'panda_joint5', 'panda_joint6', 'panda_joint7'] pts=3
[fjt] times[0..2]=[0.         1.33333333 2.66666667] times[-3:]=[1.33333333 2.66666667 4.        ]
[fjt] goal=[-0.261  0.514  0.078 -1.76   1.055  1.756 -1.48 ]
[fjt] final=[-0.261  0.515  0.077 -1.759  1.056  1.758 -1.482]
[fjt] err=[-0.     0.001 -0.     0.001  0.001  0.002 -0.002]
[fjt] names=['panda_joint1', 'panda_joint2', 'panda_joint3', 'panda_joint4', 'panda_joint5', 'panda_joint6', 'panda_joint7'] pts=4
[fjt] times[0..2]=[0.   1.25 2.5 ] times[-3:]=[2.5  3.75 5.  ]
[fjt] goal=[-0.142  0.693  0.154 -1.777  1.172  1.993 -1.597]
[fjt] final=[-0.142  0.693  0.153 -1.778  1.17   1.991 -1.595]
[fjt] err=[-0.    -0.001 -0.001 -0.001 -0.002 -0.002  0.002]
[fjt] names=['panda_joint1', 'panda_joint2', 'panda_joint3', 'panda_joint4', 'panda_joint5', 'panda_joint6', 'panda_joint7'] pts=6
[fjt] times[0..2]=[0.         1.33333333 2.66666667] times[-3:]=[5.33333333 6.66666667 8.        ]
[fjt] goal=[ 0.016  0.735  0.246 -1.729  1.273  2.177 -1.537]
[fjt] final=[ 0.015  0.718  0.253 -1.715  1.28   2.16  -1.533]
[fjt] err=[-0.001 -0.017  0.007  0.015  0.008 -0.017  0.004]
[fjt] names=['panda_joint1', 'panda_joint2', 'panda_joint3', 'panda_joint4', 'panda_joint5', 'panda_joint6', 'panda_joint7'] pts=2
[fjt] times[0..2]=[0. 1. 2.] times[-3:]=[0. 1. 2.]
[fjt] goal=[ 0.02   0.764  0.243 -1.717  1.279  2.182 -1.556]
[fjt] final=[ 0.018  0.738  0.254 -1.695  1.291  2.159 -1.546]
[fjt] err=[-0.002 -0.026  0.011  0.022  0.013 -0.023  0.01 ]
[fjt] names=['panda_joint1', 'panda_joint2', 'panda_joint3', 'panda_joint4', 'panda_joint5', 'panda_joint6', 'panda_joint7'] pts=1
[fjt] times[0..2]=[0. 2.] times[-3:]=[0. 2.]
[fjt] goal=[ 0.02   0.764  0.243 -1.717  1.279  2.182 -1.556]
[fjt] final=[ 0.018  0.742  0.254 -1.695  1.292  2.16  -1.546]
[fjt] err=[-0.001 -0.022  0.011  0.021  0.014 -0.022  0.01 ]
[fjt] names=['panda_joint1', 'panda_joint2', 'panda_joint3', 'panda_joint4', 'panda_joint5', 'panda_joint6', 'panda_joint7'] pts=1
[fjt] times[0..2]=[0. 2.] times[-3:]=[0. 2.]
[fjt] goal=[ 0.02   0.764  0.243 -1.717  1.279  2.182 -1.556]
[fjt] final=[ 0.019  0.744  0.254 -1.696  1.291  2.162 -1.547]
[fjt] err=[-0.001 -0.02   0.01   0.021  0.013 -0.02   0.009]
[fjt] names=['panda_joint1', 'panda_joint2', 'panda_joint3', 'panda_joint4', 'panda_joint5', 'panda_joint6', 'panda_joint7'] pts=1
[fjt] times[0..2]=[0. 2.] times[-3:]=[0. 2.]
[fjt] goal=[ 0.02   0.764  0.243 -1.717  1.279  2.182 -1.556]
[fjt] final=[ 0.018  0.746  0.253 -1.697  1.29   2.164 -1.548]
[fjt] err=[-0.001 -0.018  0.01   0.02   0.012 -0.018  0.009]
[fjt] names=['panda_joint1', 'panda_joint2', 'panda_joint3', 'panda_joint4', 'panda_joint5', 'panda_joint6', 'panda_joint7'] pts=4
[fjt] times[0..2]=[0. 1. 2.] times[-3:]=[2. 3. 4.]
[fjt] goal=[-0.194  0.698  0.112 -1.759  1.129  1.919 -1.613]
[fjt] final=[-0.193  0.698  0.113 -1.761  1.13   1.922 -1.611]
[fjt] err=[ 0.    -0.001  0.001 -0.001  0.001  0.002  0.002]
[fjt] names=['panda_joint1', 'panda_joint2', 'panda_joint3', 'panda_joint4', 'panda_joint5', 'panda_joint6', 'panda_joint7'] pts=3
[fjt] times[0..2]=[0. 1. 2.] times[-3:]=[1. 2. 3.]
[fjt] goal=[-0.268  0.378  0.074 -1.719  1.041  1.66  -1.333]
[fjt] final=[-0.268  0.379  0.074 -1.72   1.043  1.663 -1.336]
[fjt] err=[ 0.     0.     0.001 -0.001  0.001  0.002 -0.002]
[fjt] names=['panda_joint1', 'panda_joint2', 'panda_joint3', 'panda_joint4', 'panda_joint5', 'panda_joint6', 'panda_joint7'] pts=1
[fjt] times[0..2]=[0. 5.] times[-3:]=[0. 5.]
[fjt] goal=[-0.163  0.894  0.014 -1.664  1.436  1.496 -1.777]
[fjt] final=[-0.163  0.893  0.015 -1.665  1.435  1.498 -1.775]
[fjt] err=[-0.001 -0.001  0.001 -0.001 -0.001  0.002  0.002]
[fjt] names=['panda_joint1', 'panda_joint2', 'panda_joint3', 'panda_joint4', 'panda_joint5', 'panda_joint6', 'panda_joint7'] pts=1
[fjt] times[0..2]=[0. 5.] times[-3:]=[0. 5.]
[fjt] goal=[-0.19   0.868  0.002 -1.629  1.419  1.46  -1.72 ]
[fjt] final=[-0.189  0.868  0.003 -1.63   1.42   1.462 -1.722]
[fjt] err=[ 0.     0.     0.001 -0.001  0.001  0.002 -0.002]
[fjt] names=['panda_joint1', 'panda_joint2', 'panda_joint3', 'panda_joint4', 'panda_joint5', 'panda_joint6', 'panda_joint7'] pts=5
[fjt] times[0..2]=[0. 1. 2.] times[-3:]=[3. 4. 5.]
[fjt] goal=[ 0.024  0.862  0.14  -1.65   1.602  1.724 -1.731]
[fjt] final=[ 0.024  0.862  0.139 -1.652  1.6    1.722 -1.731]
[fjt] err=[-0.    -0.001 -0.001 -0.001 -0.001 -0.002 -0.   ]
[fjt] names=['panda_joint1', 'panda_joint2', 'panda_joint3', 'panda_joint4', 'panda_joint5', 'panda_joint6', 'panda_joint7'] pts=6
[fjt] times[0..2]=[0.         1.16666667 2.33333333] times[-3:]=[4.66666667 5.83333333 7.        ]
[fjt] goal=[-0.304  0.938 -0.06  -1.498  1.337  1.317 -1.688]
[fjt] final=[-0.304  0.938 -0.059 -1.5    1.338  1.32  -1.69 ]
[fjt] err=[ 0.    -0.     0.001 -0.002  0.001  0.003 -0.002]
[fjt] names=['panda_joint1', 'panda_joint2', 'panda_joint3', 'panda_joint4', 'panda_joint5', 'panda_joint6', 'panda_joint7'] pts=4
[fjt] times[0..2]=[0. 1. 2.] times[-3:]=[2. 3. 4.]
[fjt] goal=[-0.527  1.135 -0.132 -1.137  1.248  1.063 -1.603]
[fjt] final=[-0.527  1.135 -0.132 -1.138  1.249  1.066 -1.605]
[fjt] err=[ 0.    -0.     0.    -0.002  0.001  0.002 -0.002]
[fjt] names=['panda_joint1', 'panda_joint2', 'panda_joint3', 'panda_joint4', 'panda_joint5', 'panda_joint6', 'panda_joint7'] pts=3
[fjt] times[0..2]=[0. 1. 2.] times[-3:]=[1. 2. 3.]
[fjt] goal=[-0.533  1.235 -0.128 -1.055  1.245  1.074 -1.621]
[fjt] final=[-0.532  1.235 -0.129 -1.056  1.247  1.073 -1.619]
[fjt] err=[ 0.    -0.    -0.001 -0.001  0.001 -0.001  0.002]
[fjt] names=['panda_joint1', 'panda_joint2', 'panda_joint3', 'panda_joint4', 'panda_joint5', 'panda_joint6', 'panda_joint7'] pts=3
[fjt] times[0..2]=[0. 1. 2.] times[-3:]=[1. 2. 3.]
[fjt] goal=[-0.524  0.945 -0.136 -1.249  1.268  1.03  -1.523]
[fjt] final=[-0.524  0.946 -0.135 -1.248  1.266  1.032 -1.525]
[fjt] err=[-0.     0.001  0.001  0.001 -0.002  0.002 -0.002]
[fjt] names=['panda_joint1', 'panda_joint2', 'panda_joint3', 'panda_joint4', 'panda_joint5', 'panda_joint6', 'panda_joint7'] pts=1
[fjt] times[0..2]=[0. 5.] times[-3:]=[0. 5.]
[fjt] goal=[ 0.619  0.484 -1.046 -1.745  0.451  1.964  0.229]
[fjt] final=[ 0.412  0.484 -1.032 -1.745  0.458  1.873 -0.684]
[fjt] err=[-0.207  0.     0.014  0.     0.007 -0.091 -0.913]
[fjt] names=['panda_joint1', 'panda_joint2', 'panda_joint3', 'panda_joint4', 'panda_joint5', 'panda_joint6', 'panda_joint7'] pts=1
[fjt] times[0..2]=[0. 2.] times[-3:]=[0. 2.]
[fjt] goal=[ 0.619  0.484 -1.046 -1.745  0.451  1.964  0.229]
[fjt] final=[ 0.618  0.484 -1.045 -1.745  0.452  1.962 -0.242]
[fjt] err=[-0.     0.     0.001  0.     0.001 -0.002 -0.471]
[fjt] names=['panda_joint1', 'panda_joint2', 'panda_joint3', 'panda_joint4', 'panda_joint5', 'panda_joint6', 'panda_joint7'] pts=1
[fjt] times[0..2]=[0. 2.] times[-3:]=[0. 2.]
[fjt] goal=[ 0.619  0.484 -1.046 -1.745  0.451  1.964  0.229]
[fjt] final=[ 0.618  0.484 -1.045 -1.745  0.452  1.963  0.17 ]
[fjt] err=[-0.     0.     0.001  0.     0.001 -0.001 -0.059]
[fjt] names=['panda_joint1', 'panda_joint2', 'panda_joint3', 'panda_joint4', 'panda_joint5', 'panda_joint6', 'panda_joint7'] pts=1
[fjt] times[0..2]=[0. 2.] times[-3:]=[0. 2.]
[fjt] goal=[ 0.619  0.484 -1.046 -1.745  0.451  1.964  0.229]
[fjt] final=[ 0.618  0.484 -1.045 -1.745  0.451  1.963  0.227]
[fjt] err=[-0.     0.     0.     0.     0.001 -0.001 -0.002]
[fjt] names=['panda_joint1', 'panda_joint2', 'panda_joint3', 'panda_joint4', 'panda_joint5', 'panda_joint6', 'panda_joint7'] pts=1
[fjt] times[0..2]=[0. 5.] times[-3:]=[0. 5.]
[fjt] goal=[ 0.274  0.487 -0.595 -1.87   0.345  2.253 -1.273]
[fjt] final=[ 0.274  0.487 -0.596 -1.869  0.347  2.251 -0.626]
[fjt] err=[ 0.    -0.    -0.001  0.001  0.002 -0.002  0.647]
[fjt] names=['panda_joint1', 'panda_joint2', 'panda_joint3', 'panda_joint4', 'panda_joint5', 'panda_joint6', 'panda_joint7'] pts=1
[fjt] times[0..2]=[0. 2.] times[-3:]=[0. 2.]
[fjt] goal=[ 0.274  0.487 -0.595 -1.87   0.345  2.253 -1.273]
[fjt] final=[ 0.274  0.487 -0.596 -1.869  0.347  2.251 -1.048]
[fjt] err=[ 0.    -0.    -0.001  0.001  0.002 -0.002  0.226]
[fjt] names=['panda_joint1', 'panda_joint2', 'panda_joint3', 'panda_joint4', 'panda_joint5', 'panda_joint6', 'panda_joint7'] pts=1
[fjt] times[0..2]=[0. 2.] times[-3:]=[0. 2.]
[fjt] goal=[ 0.274  0.487 -0.595 -1.87   0.345  2.253 -1.273]
[fjt] final=[ 0.274  0.487 -0.596 -1.869  0.346  2.251 -1.271]
[fjt] err=[ 0.    -0.    -0.001  0.001  0.001 -0.002  0.002]
[fjt] names=['panda_joint1', 'panda_joint2', 'panda_joint3', 'panda_joint4', 'panda_joint5', 'panda_joint6', 'panda_joint7'] pts=4
[fjt] times[0..2]=[0. 1. 2.] times[-3:]=[2. 3. 4.]
[fjt] goal=[ 0.217  0.638 -0.516 -1.878  0.45   2.399 -1.338]
[fjt] final=[ 0.217  0.637 -0.517 -1.879  0.448  2.397 -1.335]
[fjt] err=[ 0.    -0.001 -0.001 -0.001 -0.002 -0.002  0.002]
[fjt] names=['panda_joint1', 'panda_joint2', 'panda_joint3', 'panda_joint4', 'panda_joint5', 'panda_joint6', 'panda_joint7'] pts=4
[fjt] times[0..2]=[0.   1.25 2.5 ] times[-3:]=[2.5  3.75 5.  ]
[fjt] goal=[ 0.302  0.415 -0.633 -1.837  0.291  2.158 -1.239]
[fjt] final=[ 0.302  0.415 -0.633 -1.838  0.292  2.16  -1.242]
[fjt] err=[-0.     0.001  0.001 -0.001  0.002  0.002 -0.002]
[fjt] names=['panda_joint1', 'panda_joint2', 'panda_joint3', 'panda_joint4', 'panda_joint5', 'panda_joint6', 'panda_joint7'] pts=1
[fjt] times[0..2]=[0. 7.] times[-3:]=[0. 7.]
[fjt] goal=[-0.259  0.581 -0.271 -1.543  0.807  1.597 -1.546]
[fjt] final=[-0.259  0.58  -0.271 -1.545  0.805  1.599 -1.543]
[fjt] err=[ 0.001 -0.    -0.001 -0.002 -0.002  0.002  0.002]
[fjt] names=['panda_joint1', 'panda_joint2', 'panda_joint3', 'panda_joint4', 'panda_joint5', 'panda_joint6', 'panda_joint7'] pts=1
[fjt] times[0..2]=[0. 7.] times[-3:]=[0. 7.]
[fjt] goal=[-0.602  0.934 -0.008 -1.263  1.189  1.087 -1.509]
[fjt] final=[-0.601  0.934 -0.009 -1.265  1.187  1.09  -1.512]
[fjt] err=[ 0.    -0.001 -0.001 -0.002 -0.002  0.002 -0.003]
[fjt] names=['panda_joint1', 'panda_joint2', 'panda_joint3', 'panda_joint4', 'panda_joint5', 'panda_joint6', 'panda_joint7'] pts=8
[fjt] times[0..2]=[0.   1.25 2.5 ] times[-3:]=[ 7.5   8.75 10.  ]
[fjt] goal=[-0.352  0.701  0.097 -1.679  1.325  1.426 -1.602]
[fjt] final=[-0.352  0.702  0.096 -1.678  1.323  1.425 -1.6  ]
[fjt] err=[-0.     0.001 -0.001  0.001 -0.002 -0.002  0.002]
[fjt] names=['panda_joint1', 'panda_joint2', 'panda_joint3', 'panda_joint4', 'panda_joint5', 'panda_joint6', 'panda_joint7'] pts=5
[fjt] times[0..2]=[0.  1.6 3.2] times[-3:]=[4.8 6.4 8. ]
[fjt] goal=[-0.223  0.959  0.149 -1.61   1.387  1.6   -1.767]
[fjt] final=[-0.223  0.959  0.149 -1.612  1.385  1.598 -1.764]
[fjt] err=[-0.    -0.001 -0.001 -0.001 -0.002 -0.001  0.002]
[fjt] names=['panda_joint1', 'panda_joint2', 'panda_joint3', 'panda_joint4', 'panda_joint5', 'panda_joint6', 'panda_joint7'] pts=6
[fjt] times[0..2]=[0.         1.66666667 3.33333333] times[-3:]=[ 6.66666667  8.33333333 10.        ]
[fjt] goal=[-0.071  0.977  0.248 -1.6    1.515  1.783 -1.776]
[fjt] final=[-0.084  0.945  0.236 -1.569  1.527  1.753 -1.76 ]
[fjt] err=[-0.013 -0.032 -0.012  0.031  0.012 -0.03   0.016]
[fjt] names=['panda_joint1', 'panda_joint2', 'panda_joint3', 'panda_joint4', 'panda_joint5', 'panda_joint6', 'panda_joint7'] pts=1
[fjt] times[0..2]=[0.         3.33333333] times[-3:]=[0.         3.33333333]
[fjt] goal=[-0.071  0.977  0.248 -1.6    1.515  1.783 -1.776]
[fjt] final=[-0.08   0.948  0.246 -1.576  1.528  1.752 -1.758]
[fjt] err=[-0.009 -0.029 -0.002  0.024  0.013 -0.031  0.018]
[fjt] names=['panda_joint1', 'panda_joint2', 'panda_joint3', 'panda_joint4', 'panda_joint5', 'panda_joint6', 'panda_joint7'] pts=1
[fjt] times[0..2]=[0.         3.33333333] times[-3:]=[0.         3.33333333]
[fjt] goal=[-0.071  0.977  0.248 -1.6    1.515  1.783 -1.776]
[fjt] final=[-0.077  0.95   0.253 -1.579  1.528  1.748 -1.759]
[fjt] err=[-0.007 -0.026  0.004  0.02   0.013 -0.035  0.017]
[fjt] names=['panda_joint1', 'panda_joint2', 'panda_joint3', 'panda_joint4', 'panda_joint5', 'panda_joint6', 'panda_joint7'] pts=1
[fjt] times[0..2]=[0.         3.33333333] times[-3:]=[0.         3.33333333]
[fjt] goal=[-0.071  0.977  0.248 -1.6    1.515  1.783 -1.776]
[fjt] final=[-0.075  0.953  0.257 -1.581  1.529  1.747 -1.761]
[fjt] err=[-0.005 -0.024  0.009  0.019  0.014 -0.036  0.015]
[fjt] names=['panda_joint1', 'panda_joint2', 'panda_joint3', 'panda_joint4', 'panda_joint5', 'panda_joint6', 'panda_joint7'] pts=2
[fjt] times[0..2]=[0. 1. 2.] times[-3:]=[0. 1. 2.]
[fjt] goal=[-0.06   1.009  0.236 -1.576  1.517  1.777 -1.787]
[fjt] final=[-0.07   0.97   0.244 -1.561  1.531  1.709 -1.788]
[fjt] err=[-0.01  -0.039  0.007  0.015  0.013 -0.068 -0.002]
[fjt] names=['panda_joint1', 'panda_joint2', 'panda_joint3', 'panda_joint4', 'panda_joint5', 'panda_joint6', 'panda_joint7'] pts=1
[fjt] times[0..2]=[0. 2.] times[-3:]=[0. 2.]
[fjt] goal=[-0.06   1.009  0.236 -1.576  1.517  1.777 -1.787]
[fjt] final=[-0.07   0.972  0.243 -1.56   1.533  1.706 -1.793]
[fjt] err=[-0.01  -0.037  0.007  0.016  0.015 -0.071 -0.006]
[fjt] names=['panda_joint1', 'panda_joint2', 'panda_joint3', 'panda_joint4', 'panda_joint5', 'panda_joint6', 'panda_joint7'] pts=1
[fjt] times[0..2]=[0. 2.] times[-3:]=[0. 2.]
[fjt] goal=[-0.06   1.009  0.236 -1.576  1.517  1.777 -1.787]
[fjt] final=[-0.07   0.972  0.244 -1.56   1.533  1.708 -1.795]
[fjt] err=[-0.01  -0.037  0.007  0.016  0.016 -0.069 -0.008]
[fjt] names=['panda_joint1', 'panda_joint2', 'panda_joint3', 'panda_joint4', 'panda_joint5', 'panda_joint6', 'panda_joint7'] pts=1
[fjt] times[0..2]=[0. 2.] times[-3:]=[0. 2.]
[fjt] goal=[-0.06   1.009  0.236 -1.576  1.517  1.777 -1.787]
[fjt] final=[-0.07   0.972  0.244 -1.561  1.533  1.711 -1.796]
[fjt] err=[-0.009 -0.037  0.008  0.016  0.016 -0.066 -0.01 ]
[fjt] names=['panda_joint1', 'panda_joint2', 'panda_joint3', 'panda_joint4', 'panda_joint5', 'panda_joint6', 'panda_joint7'] pts=4
[fjt] times[0..2]=[0. 1. 2.] times[-3:]=[2. 3. 4.]
[fjt] goal=[-0.257  0.972  0.089 -1.576  1.356  1.516 -1.758]
[fjt] final=[-0.257  0.971  0.089 -1.578  1.357  1.519 -1.755]
[fjt] err=[ 0.    -0.001  0.001 -0.001  0.001  0.002  0.002]
[fjt] names=['panda_joint1', 'panda_joint2', 'panda_joint3', 'panda_joint4', 'panda_joint5', 'panda_joint6', 'panda_joint7'] pts=3
[fjt] times[0..2]=[0. 1. 2.] times[-3:]=[1. 2. 3.]
[fjt] goal=[-0.343  0.529  0.08  -1.705  1.366  1.381 -1.46 ]
[fjt] final=[-0.343  0.529  0.081 -1.706  1.365  1.383 -1.462]
[fjt] err=[ 0.     0.     0.001 -0.    -0.001  0.002 -0.002]
[fjt] names=['panda_joint1', 'panda_joint2', 'panda_joint3', 'panda_joint4', 'panda_joint5', 'panda_joint6', 'panda_joint7'] pts=1
[fjt] times[0..2]=[0. 5.] times[-3:]=[0. 5.]
[fjt] goal=[-0.248  0.828  0.118 -1.706  1.383  1.544 -1.741]
[fjt] final=[-0.249  0.828  0.117 -1.706  1.382  1.542 -1.739]
[fjt] err=[-0.    -0.    -0.001  0.001 -0.001 -0.002  0.002]
[fjt] names=['panda_joint1', 'panda_joint2', 'panda_joint3', 'panda_joint4', 'panda_joint5', 'panda_joint6', 'panda_joint7'] pts=1
[fjt] times[0..2]=[0. 5.] times[-3:]=[0. 5.]
[fjt] goal=[-0.273  0.841  0.1   -1.686  1.36   1.512 -1.738]
[fjt] final=[-0.273  0.84   0.101 -1.688  1.361  1.514 -1.739]
[fjt] err=[ 0.    -0.001  0.001 -0.001  0.001  0.002 -0.001]
[fjt] names=['panda_joint1', 'panda_joint2', 'panda_joint3', 'panda_joint4', 'panda_joint5', 'panda_joint6', 'panda_joint7'] pts=5
[fjt] times[0..2]=[0. 1. 2.] times[-3:]=[3. 4. 5.]
[fjt] goal=[-0.048  0.849  0.249 -1.698  1.562  1.791 -1.757]
[fjt] final=[-0.048  0.849  0.248 -1.699  1.561  1.789 -1.755]
[fjt] err=[-0.    -0.001 -0.001 -0.001 -0.001 -0.002  0.001]
[fjt] names=['panda_joint1', 'panda_joint2', 'panda_joint3', 'panda_joint4', 'panda_joint5', 'panda_joint6', 'panda_joint7'] pts=6
[fjt] times[0..2]=[0.         1.16666667 2.33333333] times[-3:]=[4.66666667 5.83333333 7.        ]
[fjt] goal=[-0.382  0.905  0.034 -1.559  1.269  1.368 -1.705]
[fjt] final=[-0.382  0.904  0.035 -1.561  1.271  1.37  -1.707]
[fjt] err=[ 0.    -0.001  0.001 -0.002  0.001  0.002 -0.002]
[fjt] names=['panda_joint1', 'panda_joint2', 'panda_joint3', 'panda_joint4', 'panda_joint5', 'panda_joint6', 'panda_joint7'] pts=4
[fjt] times[0..2]=[0. 1. 2.] times[-3:]=[2. 3. 4.]
[fjt] goal=[-0.584  1.129 -0.037 -1.141  1.177  1.105 -1.59 ]
[fjt] final=[-0.584  1.129 -0.036 -1.143  1.178  1.107 -1.592]
[fjt] err=[ 0.    -0.001  0.001 -0.002  0.001  0.002 -0.002]
[fjt] names=['panda_joint1', 'panda_joint2', 'panda_joint3', 'panda_joint4', 'panda_joint5', 'panda_joint6', 'panda_joint7'] pts=3
[fjt] times[0..2]=[0. 1. 2.] times[-3:]=[1. 2. 3.]
[fjt] goal=[-0.585  1.23  -0.035 -1.059  1.171  1.114 -1.608]
[fjt] final=[-0.585  1.229 -0.036 -1.061  1.173  1.112 -1.606]
[fjt] err=[ 0.    -0.001 -0.001 -0.001  0.002 -0.002  0.002]
