[robosuite WARNING] No private macro file found! (__init__.py:7)
[robosuite WARNING] It is recommended to use a private macro file (__init__.py:8)
[robosuite WARNING] To setup, run: python /storage/home/yehe8/.openrua/simulators/cap-x/capx/third_party/libero_dependencies/robosuite/robosuite/scripts/setup_macros.py (__init__.py:9)
Gym has been unmaintained since 2022 and does not support NumPy 2.0 amongst other critical functionality.
Please upgrade to Gymnasium, the maintained drop-in replacement of Gym, or contact the authors of your software and request that they upgrade.
See the migration guide at https://gymnasium.farama.org/introduction/migration_guide/ for additional information.
[info] Using default task order for benchmark 'libero_10_swap' (10 tasks).
[Warning]: datasets path /storage/home/yehe8/.openrua/simulators/cap-x/capx/third_party/LIBERO-PRO/libero/datasets does not exist!
[Warning]: datasets path /storage/home/yehe8/.openrua/simulators/cap-x/capx/third_party/LIBERO-PRO/libero/datasets does not exist!
robot ready
[Warning]: datasets path /storage/home/yehe8/.openrua/simulators/cap-x/capx/third_party/LIBERO-PRO/libero/datasets does not exist!
[fjt] names=['panda_joint1', 'panda_joint2', 'panda_joint3', 'panda_joint4', 'panda_joint5', 'panda_joint6', 'panda_joint7'] pts=1
[fjt] times[0..2]=[0. 4.] times[-3:]=[0. 4.]
[fjt] goal=[ 3.500e-02  3.060e-01 -5.000e-03 -1.844e+00  2.000e-03  2.150e+00
  4.090e-01]
[fjt] final=[ 0.035  0.305 -0.004 -1.846  0.     2.152  0.412]
[fjt] err=[-0.    -0.001  0.001 -0.002 -0.001  0.002  0.003]
[fjt] names=['panda_joint1', 'panda_joint2', 'panda_joint3', 'panda_joint4', 'panda_joint5', 'panda_joint6', 'panda_joint7'] pts=1
[fjt] times[0..2]=[0. 4.] times[-3:]=[0. 4.]
[fjt] goal=[ 0.117  0.307 -0.094 -1.844  0.034  2.15   1.173]
[fjt] final=[ 0.117  0.306 -0.093 -1.846  0.032  2.151  1.115]
[fjt] err=[-0.    -0.001  0.001 -0.001 -0.002  0.002 -0.058]
[fjt] names=['panda_joint1', 'panda_joint2', 'panda_joint3', 'panda_joint4', 'panda_joint5', 'panda_joint6', 'panda_joint7'] pts=1
[fjt] times[0..2]=[0. 4.] times[-3:]=[0. 4.]
[fjt] goal=[ 0.122  0.307 -0.099 -1.844  0.036  2.15   1.172]
[fjt] final=[ 0.121  0.306 -0.098 -1.845  0.035  2.151  1.17 ]
[fjt] err=[-0.001 -0.001  0.001 -0.001 -0.001  0.002 -0.002]
[fjt] names=['panda_joint1', 'panda_joint2', 'panda_joint3', 'panda_joint4', 'panda_joint5', 'panda_joint6', 'panda_joint7'] pts=1
[fjt] times[0..2]=[0. 3.] times[-3:]=[0. 3.]
[fjt] goal=[ 0.113  0.501 -0.086 -1.916  0.062  2.415  1.155]
[fjt] final=[ 0.113  0.501 -0.087 -1.915  0.061  2.413  1.158]
[fjt] err=[ 0.    -0.    -0.001  0.001 -0.002 -0.002  0.002]
[fjt] names=['panda_joint1', 'panda_joint2', 'panda_joint3', 'panda_joint4', 'panda_joint5', 'panda_joint6', 'panda_joint7'] pts=1
[fjt] times[0..2]=[0. 3.] times[-3:]=[0. 3.]
[fjt] goal=[ 0.141  0.218 -0.123 -1.631  0.028  1.847  1.178]
[fjt] final=[ 0.141  0.218 -0.122 -1.632  0.029  1.854  1.176]
[fjt] err=[-0.     0.     0.001 -0.001  0.001  0.007 -0.002]
[fjt] names=['panda_joint1', 'panda_joint2', 'panda_joint3', 'panda_joint4', 'panda_joint5', 'panda_joint6', 'panda_joint7'] pts=1
[fjt] times[0..2]=[0. 3.] times[-3:]=[0. 3.]
[fjt] goal=[ 0.134  0.428 -0.11  -1.907  0.063  2.332  1.155]
[fjt] final=[ 0.134  0.427 -0.111 -1.906  0.061  2.329  1.157]
[fjt] err=[ 0.    -0.    -0.001  0.001 -0.002 -0.002  0.002]
[fjt] names=['panda_joint1', 'panda_joint2', 'panda_joint3', 'panda_joint4', 'panda_joint5', 'panda_joint6', 'panda_joint7'] pts=1
[fjt] times[0..2]=[0.  2.5] times[-3:]=[0.  2.5]
[fjt] goal=[ 0.123  0.593 -0.094 -1.909  0.088  2.498  1.139]
[fjt] final=[ 0.123  0.592 -0.095 -1.908  0.086  2.496  1.141]
[fjt] err=[ 0.    -0.    -0.001  0.001 -0.002 -0.002  0.002]
[fjt] names=['panda_joint1', 'panda_joint2', 'panda_joint3', 'panda_joint4', 'panda_joint5', 'panda_joint6', 'panda_joint7'] pts=1
[fjt] times[0..2]=[0. 3.] times[-3:]=[0. 3.]
[fjt] goal=[ 0.17   0.225 -0.154 -1.674  0.036  1.896  1.172]
[fjt] final=[ 0.169  0.225 -0.154 -1.676  0.037  1.912  1.17 ]
[fjt] err=[-0.     0.001  0.001 -0.002  0.001  0.016 -0.002]
[fjt] names=['panda_joint1', 'panda_joint2', 'panda_joint3', 'panda_joint4', 'panda_joint5', 'panda_joint6', 'panda_joint7'] pts=1
[fjt] times[0..2]=[0. 2.] times[-3:]=[0. 2.]
[fjt] goal=[ 0.17   0.225 -0.154 -1.674  0.036  1.896  1.172]
[fjt] final=[ 0.169  0.225 -0.154 -1.676  0.037  1.898  1.17 ]
[fjt] err=[-0.     0.001  0.001 -0.002  0.001  0.002 -0.002]
[fjt] names=['panda_joint1', 'panda_joint2', 'panda_joint3', 'panda_joint4', 'panda_joint5', 'panda_joint6', 'panda_joint7'] pts=1
[fjt] times[0..2]=[0. 5.] times[-3:]=[0. 5.]
[fjt] goal=[-0.163 -0.665 -0.244 -2.569 -0.159  1.915  2.053]
[fjt] final=[-0.163 -0.66  -0.243 -2.566 -0.158  1.913  1.975]
[fjt] err=[ 0.     0.005  0.001  0.003  0.001 -0.002 -0.079]
[fjt] names=['panda_joint1', 'panda_joint2', 'panda_joint3', 'panda_joint4', 'panda_joint5', 'panda_joint6', 'panda_joint7'] pts=1
[fjt] times[0..2]=[0.  2.5] times[-3:]=[0.  2.5]
[fjt] goal=[-0.163 -0.665 -0.244 -2.569 -0.159  1.915  2.053]
[fjt] final=[-0.163 -0.664 -0.244 -2.569 -0.158  1.913  2.051]
[fjt] err=[ 0.     0.001  0.     0.     0.001 -0.002 -0.002]
[fjt] names=['panda_joint1', 'panda_joint2', 'panda_joint3', 'panda_joint4', 'panda_joint5', 'panda_joint6', 'panda_joint7'] pts=1
[fjt] times[0..2]=[0. 3.] times[-3:]=[0. 3.]
[fjt] goal=[-0.166 -0.494 -0.302 -2.798 -0.193  2.314  2.053]
[fjt] final=[-0.166 -0.494 -0.302 -2.798 -0.191  2.311  2.051]
[fjt] err=[ 0.    -0.     0.001 -0.     0.002 -0.002 -0.002]
[fjt] names=['panda_joint1', 'panda_joint2', 'panda_joint3', 'panda_joint4', 'panda_joint5', 'panda_joint6', 'panda_joint7'] pts=1
[fjt] times[0..2]=[0.  2.5] times[-3:]=[0.  2.5]
[fjt] goal=[-0.154 -0.365 -0.325 -2.851 -0.19   2.495  2.05 ]
[fjt] final=[-0.155 -0.365 -0.324 -2.851 -0.191  2.493  2.051]
[fjt] err=[-0.    -0.     0.001 -0.    -0.001 -0.002  0.002]
[fjt] names=['panda_joint1', 'panda_joint2', 'panda_joint3', 'panda_joint4', 'panda_joint5', 'panda_joint6', 'panda_joint7'] pts=1
[fjt] times[0..2]=[0. 2.] times[-3:]=[0. 2.]
[fjt] goal=[-0.136 -0.249 -0.347 -2.871 -0.172  2.63   2.034]
[fjt] final=[-0.137 -0.25  -0.346 -2.871 -0.174  2.627  2.036]
[fjt] err=[-0.    -0.     0.001  0.    -0.002 -0.002  0.003]
[fjt] names=['panda_joint1', 'panda_joint2', 'panda_joint3', 'panda_joint4', 'panda_joint5', 'panda_joint6', 'panda_joint7'] pts=1
[fjt] times[0..2]=[0. 3.] times[-3:]=[0. 3.]
[fjt] goal=[-0.182 -0.645 -0.236 -2.635 -0.155  1.999  2.049]
[fjt] final=[-0.182 -0.645 -0.237 -2.636 -0.156  2.034  2.047]
[fjt] err=[ 0.     0.    -0.001 -0.001 -0.001  0.035 -0.002]
[fjt] names=['panda_joint1', 'panda_joint2', 'panda_joint3', 'panda_joint4', 'panda_joint5', 'panda_joint6', 'panda_joint7'] pts=1
[fjt] times[0..2]=[0. 2.] times[-3:]=[0. 2.]
[fjt] goal=[-0.182 -0.645 -0.236 -2.635 -0.155  1.999  2.049]
[fjt] final=[-0.182 -0.645 -0.237 -2.636 -0.156  2.001  2.047]
[fjt] err=[ 0.     0.    -0.001 -0.    -0.001  0.002 -0.002]
[fjt] names=['panda_joint1', 'panda_joint2', 'panda_joint3', 'panda_joint4', 'panda_joint5', 'panda_joint6', 'panda_joint7'] pts=1
[fjt] times[0..2]=[0. 4.] times[-3:]=[0. 4.]
[fjt] goal=[ 0.485 -0.158 -0.272 -2.086 -0.045  1.933  1.018]
[fjt] final=[ 0.484 -0.159 -0.272 -2.088 -0.046  1.935  1.421]
[fjt] err=[-0.001 -0.001 -0.    -0.001 -0.001  0.002  0.403]
[fjt] names=['panda_joint1', 'panda_joint2', 'panda_joint3', 'panda_joint4', 'panda_joint5', 'panda_joint6', 'panda_joint7'] pts=1
[fjt] times[0..2]=[0. 2.] times[-3:]=[0. 2.]
[fjt] goal=[ 0.485 -0.158 -0.272 -2.086 -0.045  1.933  1.018]
[fjt] final=[ 0.485 -0.159 -0.272 -2.088 -0.046  1.935  1.03 ]
[fjt] err=[-0.    -0.001 -0.    -0.001 -0.001  0.002  0.012]
[fjt] names=['panda_joint1', 'panda_joint2', 'panda_joint3', 'panda_joint4', 'panda_joint5', 'panda_joint6', 'panda_joint7'] pts=1
[fjt] times[0..2]=[0. 2.] times[-3:]=[0. 2.]
[fjt] goal=[ 0.485 -0.158 -0.272 -2.086 -0.045  1.933  1.018]
[fjt] final=[ 0.485 -0.159 -0.272 -2.087 -0.046  1.935  1.02 ]
[fjt] err=[-0.    -0.001 -0.    -0.001 -0.001  0.002  0.002]
