[robosuite WARNING] No private macro file found! (__init__.py:7)
[robosuite WARNING] It is recommended to use a private macro file (__init__.py:8)
[robosuite WARNING] To setup, run: python /storage/home/yehe8/.openrua/simulators/cap-x/capx/third_party/libero_dependencies/robosuite/robosuite/scripts/setup_macros.py (__init__.py:9)
Gym has been unmaintained since 2022 and does not support NumPy 2.0 amongst other critical functionality.
Please upgrade to Gymnasium, the maintained drop-in replacement of Gym, or contact the authors of your software and request that they upgrade.
See the migration guide at https://gymnasium.farama.org/introduction/migration_guide/ for additional information.
[info] Using default task order for benchmark 'libero_10_task' (10 tasks).
[Warning]: datasets path /storage/home/yehe8/.openrua/simulators/cap-x/capx/third_party/LIBERO-PRO/libero/datasets does not exist!
[Warning]: datasets path /storage/home/yehe8/.openrua/simulators/cap-x/capx/third_party/LIBERO-PRO/libero/datasets does not exist!
robot ready
[Warning]: datasets path /storage/home/yehe8/.openrua/simulators/cap-x/capx/third_party/LIBERO-PRO/libero/datasets does not exist!
[fjt] names=['panda_joint1', 'panda_joint2', 'panda_joint3', 'panda_joint4', 'panda_joint5', 'panda_joint6', 'panda_joint7'] pts=1
[fjt] times[0..2]=[0. 4.] times[-3:]=[0. 4.]
[fjt] goal=[-0.511  0.33   0.007 -1.948 -0.003  2.278 -0.502]
[fjt] final=[-5.100e-01  3.290e-01  6.000e-03 -1.949e+00 -2.000e-03  2.277e+00
  3.200e-02]
[fjt] err=[ 0.    -0.001 -0.001 -0.001  0.001 -0.002  0.534]
[fjt] names=['panda_joint1', 'panda_joint2', 'panda_joint3', 'panda_joint4', 'panda_joint5', 'panda_joint6', 'panda_joint7'] pts=1
[fjt] times[0..2]=[0. 3.] times[-3:]=[0. 3.]
[fjt] goal=[-0.51   0.563  0.006 -1.969 -0.006  2.532 -0.5  ]
[fjt] final=[-0.51   0.563  0.006 -1.968 -0.004  2.53  -0.494]
[fjt] err=[-0.    -0.     0.     0.001  0.002 -0.002  0.007]
[fjt] names=['panda_joint1', 'panda_joint2', 'panda_joint3', 'panda_joint4', 'panda_joint5', 'panda_joint6', 'panda_joint7'] pts=1
[fjt] times[0..2]=[0. 3.] times[-3:]=[0. 3.]
[fjt] goal=[-0.512  0.315  0.008 -1.941 -0.003  2.257 -0.502]
[fjt] final=[-0.511  0.316  0.007 -1.943 -0.004  2.259 -0.5  ]
[fjt] err=[ 0.     0.001 -0.001 -0.001 -0.001  0.002  0.002]
[fjt] names=['panda_joint1', 'panda_joint2', 'panda_joint3', 'panda_joint4', 'panda_joint5', 'panda_joint6', 'panda_joint7'] pts=1
[fjt] times[0..2]=[0. 4.] times[-3:]=[0. 4.]
[fjt] goal=[-0.512  0.315  0.008 -1.941 -0.003  2.257  2.64 ]
[fjt] final=[-0.511  0.316  0.008 -1.943 -0.004  2.259  0.219]
[fjt] err=[ 0.000e+00  1.000e-03 -0.000e+00 -1.000e-03 -1.000e-03  2.000e-03
 -2.421e+00]
[fjt] names=['panda_joint1', 'panda_joint2', 'panda_joint3', 'panda_joint4', 'panda_joint5', 'panda_joint6', 'panda_joint7'] pts=1
[fjt] times[0..2]=[0. 4.] times[-3:]=[0. 4.]
[fjt] goal=[-1.973  0.338  1.746 -2.437 -0.464  2.32   0.047]
[fjt] final=[-1.299  0.338  0.789 -2.436 -0.463  2.318  0.049]
[fjt] err=[ 0.673 -0.    -0.957  0.001  0.001 -0.002  0.002]
[fjt] names=['panda_joint1', 'panda_joint2', 'panda_joint3', 'panda_joint4', 'panda_joint5', 'panda_joint6', 'panda_joint7'] pts=1
[fjt] times[0..2]=[0. 3.] times[-3:]=[0. 3.]
[fjt] goal=[-1.286  0.504  0.959 -2.43  -0.831  2.576  0.291]
[fjt] final=[-1.286  0.503  0.958 -2.431 -0.83   2.574  0.289]
[fjt] err=[-0.    -0.001 -0.001 -0.001  0.002 -0.002 -0.003]
[fjt] names=['panda_joint1', 'panda_joint2', 'panda_joint3', 'panda_joint4', 'panda_joint5', 'panda_joint6', 'panda_joint7'] pts=1
[fjt] times[0..2]=[0. 3.] times[-3:]=[0. 3.]
[fjt] goal=[-1.98   0.476  1.782 -2.406 -0.593  2.208  0.143]
[fjt] final=[-1.907  0.477  1.575 -2.407 -0.595  2.209  0.146]
[fjt] err=[ 0.073  0.001 -0.207 -0.001 -0.002  0.002  0.002]
[fjt] names=['panda_joint1', 'panda_joint2', 'panda_joint3', 'panda_joint4', 'panda_joint5', 'panda_joint6', 'panda_joint7'] pts=1
[fjt] times[0..2]=[0. 2.] times[-3:]=[0. 2.]
[fjt] goal=[-2.015  0.46   1.75  -2.487 -0.623  2.295  0.199]
[fjt] final=[-2.014  0.461  1.749 -2.486 -0.622  2.293  0.197]
[fjt] err=[ 0.001  0.    -0.001  0.001  0.001 -0.002 -0.003]
[fjt] names=['panda_joint1', 'panda_joint2', 'panda_joint3', 'panda_joint4', 'panda_joint5', 'panda_joint6', 'panda_joint7'] pts=1
[fjt] times[0..2]=[0. 2.] times[-3:]=[0. 2.]
[fjt] goal=[-1.307  0.456  0.937 -2.489 -0.809  2.63   0.319]
[fjt] final=[-1.556  0.456  1.295 -2.488 -0.808  2.627  0.316]
[fjt] err=[-0.249  0.001  0.358  0.001  0.002 -0.003 -0.002]
[fjt] names=['panda_joint1', 'panda_joint2', 'panda_joint3', 'panda_joint4', 'panda_joint5', 'panda_joint6', 'panda_joint7'] pts=1
[fjt] times[0..2]=[0. 2.] times[-3:]=[0. 2.]
[fjt] goal=[-1.307  0.456  0.937 -2.489 -0.809  2.63   0.319]
[fjt] final=[-1.308  0.456  0.939 -2.489 -0.808  2.628  0.317]
[fjt] err=[-0.001  0.     0.002  0.001  0.002 -0.002 -0.002]
[fjt] names=['panda_joint1', 'panda_joint2', 'panda_joint3', 'panda_joint4', 'panda_joint5', 'panda_joint6', 'panda_joint7'] pts=1
[fjt] times[0..2]=[0. 2.] times[-3:]=[0. 2.]
[fjt] goal=[-2.12   0.371  1.859 -2.491 -0.494  2.318  0.109]
[fjt] final=[-1.766  0.372  1.394 -2.491 -0.496  2.319  0.111]
[fjt] err=[ 0.354  0.001 -0.465  0.    -0.002  0.002  0.002]
[fjt] names=['panda_joint1', 'panda_joint2', 'panda_joint3', 'panda_joint4', 'panda_joint5', 'panda_joint6', 'panda_joint7'] pts=1
[fjt] times[0..2]=[0. 2.] times[-3:]=[0. 2.]
[fjt] goal=[-2.12   0.371  1.859 -2.491 -0.494  2.318  0.109]
[fjt] final=[-2.119  0.372  1.837 -2.491 -0.495  2.319  0.111]
[fjt] err=[ 0.001  0.    -0.022 -0.    -0.001  0.001  0.002]
[fjt] names=['panda_joint1', 'panda_joint2', 'panda_joint3', 'panda_joint4', 'panda_joint5', 'panda_joint6', 'panda_joint7'] pts=1
[fjt] times[0..2]=[0. 2.] times[-3:]=[0. 2.]
[fjt] goal=[-2.12   0.371  1.859 -2.491 -0.494  2.318  0.109]
[fjt] final=[-2.12   0.371  1.858 -2.491 -0.495  2.319  0.111]
[fjt] err=[ 0.     0.    -0.001 -0.    -0.001  0.001  0.002]
[fjt] names=['panda_joint1', 'panda_joint2', 'panda_joint3', 'panda_joint4', 'panda_joint5', 'panda_joint6', 'panda_joint7'] pts=1
[fjt] times[0..2]=[0.   3.97] times[-3:]=[0.   3.97]
[fjt] goal=[-2.12   0.371  1.859 -2.491 -0.494  2.318 -2.274]
[fjt] final=[-2.12   0.371  1.858 -2.492 -0.495  2.319 -0.599]
[fjt] err=[ 0.000e+00  0.000e+00 -1.000e-03 -0.000e+00 -1.000e-03  1.000e-03
  1.675e+00]
[fjt] names=['panda_joint1', 'panda_joint2', 'panda_joint3', 'panda_joint4', 'panda_joint5', 'panda_joint6', 'panda_joint7'] pts=1
[fjt] times[0..2]=[0.         2.79161058] times[-3:]=[0.         2.79161058]
[fjt] goal=[-2.12   0.371  1.859 -2.491 -0.494  2.318 -2.274]
[fjt] final=[-2.12   0.371  1.858 -2.492 -0.494  2.319 -1.142]
[fjt] err=[ 0.000e+00  0.000e+00 -1.000e-03 -0.000e+00 -1.000e-03  1.000e-03
  1.132e+00]
[fjt] names=['panda_joint1', 'panda_joint2', 'panda_joint3', 'panda_joint4', 'panda_joint5', 'panda_joint6', 'panda_joint7'] pts=1
[fjt] times[0..2]=[0. 2.] times[-3:]=[0. 2.]
[fjt] goal=[-2.12   0.371  1.859 -2.491 -0.494  2.318 -2.274]
[fjt] final=[-2.12   0.371  1.858 -2.492 -0.494  2.319 -1.569]
[fjt] err=[ 0.     0.    -0.001 -0.    -0.     0.001  0.705]
[fjt] names=['panda_joint1', 'panda_joint2', 'panda_joint3', 'panda_joint4', 'panda_joint5', 'panda_joint6', 'panda_joint7'] pts=1
[fjt] times[0..2]=[0. 2.] times[-3:]=[0. 2.]
[fjt] goal=[-2.12   0.371  1.859 -2.491 -0.494  2.318 -2.274]
[fjt] final=[-2.12   0.371  1.858 -2.492 -0.494  2.318 -1.99 ]
[fjt] err=[ 0.     0.    -0.001 -0.    -0.     0.001  0.284]
[fjt] names=['panda_joint1', 'panda_joint2', 'panda_joint3', 'panda_joint4', 'panda_joint5', 'panda_joint6', 'panda_joint7'] pts=1
[fjt] times[0..2]=[0. 2.] times[-3:]=[0. 2.]
[fjt] goal=[-1.772  0.331  1.657 -2.399 -0.455  2.316 -2.674]
[fjt] final=[-1.773  0.331  1.657 -2.4   -0.456  2.318 -2.397]
[fjt] err=[-0.001  0.     0.    -0.001 -0.     0.002  0.277]
[fjt] names=['panda_joint1', 'panda_joint2', 'panda_joint3', 'panda_joint4', 'panda_joint5', 'panda_joint6', 'panda_joint7'] pts=1
[fjt] times[0..2]=[0. 2.] times[-3:]=[0. 2.]
[fjt] goal=[-1.772  0.331  1.657 -2.399 -0.455  2.316 -2.674]
[fjt] final=[-1.772  0.331  1.657 -2.4   -0.456  2.318 -2.671]
[fjt] err=[-0.     0.     0.    -0.001 -0.     0.002  0.003]
[fjt] names=['panda_joint1', 'panda_joint2', 'panda_joint3', 'panda_joint4', 'panda_joint5', 'panda_joint6', 'panda_joint7'] pts=1
[fjt] times[0..2]=[0. 2.] times[-3:]=[0. 2.]
[fjt] goal=[-1.135  0.514  0.926 -2.394 -0.808  2.568 -2.44 ]
[fjt] final=[-1.322  0.509  1.217 -2.364 -0.801  2.576 -2.443]
[fjt] err=[-0.186 -0.005  0.291  0.03   0.007  0.008 -0.003]
[fjt] names=['panda_joint1', 'panda_joint2', 'panda_joint3', 'panda_joint4', 'panda_joint5', 'panda_joint6', 'panda_joint7'] pts=1
[fjt] times[0..2]=[0. 2.] times[-3:]=[0. 2.]
[fjt] goal=[-1.135  0.514  0.926 -2.394 -0.808  2.568 -2.44 ]
[fjt] final=[-1.138  0.498  1.068 -2.274 -0.786  2.601 -2.436]
[fjt] err=[-0.002 -0.016  0.142  0.12   0.022  0.033  0.004]
[fjt] names=['panda_joint1', 'panda_joint2', 'panda_joint3', 'panda_joint4', 'panda_joint5', 'panda_joint6', 'panda_joint7'] pts=1
[fjt] times[0..2]=[0. 2.] times[-3:]=[0. 2.]
[fjt] goal=[-1.135  0.514  0.926 -2.394 -0.808  2.568 -2.44 ]
[fjt] final=[-1.136  0.497  1.063 -2.276 -0.784  2.607 -2.433]
[fjt] err=[-0.001 -0.017  0.137  0.118  0.024  0.039  0.007]
[fjt] names=['panda_joint1', 'panda_joint2', 'panda_joint3', 'panda_joint4', 'panda_joint5', 'panda_joint6', 'panda_joint7'] pts=1
[fjt] times[0..2]=[0. 2.] times[-3:]=[0. 2.]
[fjt] goal=[-1.135  0.514  0.926 -2.394 -0.808  2.568 -2.44 ]
[fjt] final=[-1.136  0.499  1.05  -2.285 -0.789  2.601 -2.433]
[fjt] err=[-0.    -0.015  0.124  0.109  0.019  0.033  0.007]
[fjt] names=['panda_joint1', 'panda_joint2', 'panda_joint3', 'panda_joint4', 'panda_joint5', 'panda_joint6', 'panda_joint7'] pts=1
[fjt] times[0..2]=[0. 2.] times[-3:]=[0. 2.]
[fjt] goal=[-1.833  0.403  1.739 -2.376 -0.513  2.237 -2.629]
[fjt] final=[-1.593  0.403  1.489 -2.375 -0.515  2.24  -2.626]
[fjt] err=[ 0.24   0.001 -0.249  0.001 -0.002  0.003  0.002]
[fjt] names=['panda_joint1', 'panda_joint2', 'panda_joint3', 'panda_joint4', 'panda_joint5', 'panda_joint6', 'panda_joint7'] pts=1
[fjt] times[0..2]=[0. 2.] times[-3:]=[0. 2.]
[fjt] goal=[-1.833  0.403  1.739 -2.376 -0.513  2.237 -2.629]
[fjt] final=[-1.833  0.403  1.738 -2.375 -0.515  2.239 -2.627]
[fjt] err=[ 0.001  0.001 -0.001  0.    -0.002  0.001  0.002]
[fjt] names=['panda_joint1', 'panda_joint2', 'panda_joint3', 'panda_joint4', 'panda_joint5', 'panda_joint6', 'panda_joint7'] pts=1
[fjt] times[0..2]=[ 0.   11.18] times[-3:]=[ 0.   11.18]
[fjt] goal=[ 1.307  1.096 -1.603 -2.194  1.159  1.816  0.727]
[fjt] final=[-0.067  0.723  0.165 -2.162  1.175  1.613 -1.144]
[fjt] err=[-1.373 -0.373  1.768  0.032  0.016 -0.204 -1.871]
[fjt] names=['panda_joint1', 'panda_joint2', 'panda_joint3', 'panda_joint4', 'panda_joint5', 'panda_joint6', 'panda_joint7'] pts=1
[fjt] times[0..2]=[0.         6.23828756] times[-3:]=[0.         6.23828756]
[fjt] goal=[ 1.307  1.096 -1.603 -2.194  1.159  1.816  0.727]
[fjt] final=[ 1.072  0.845 -0.813 -2.042  1.168  1.571 -0.352]
[fjt] err=[-0.234 -0.251  0.79   0.152  0.009 -0.245 -1.079]
[fjt] names=['panda_joint1', 'panda_joint2', 'panda_joint3', 'panda_joint4', 'panda_joint5', 'panda_joint6', 'panda_joint7'] pts=1
[fjt] times[0..2]=[0.         3.59642078] times[-3:]=[0.         3.59642078]
[fjt] goal=[ 1.307  1.096 -1.603 -2.194  1.159  1.816  0.727]
[fjt] final=[ 1.306  1.096 -1.507 -2.192  1.159  1.813  0.257]
[fjt] err=[-0.    -0.001  0.096  0.002 -0.    -0.003 -0.47 ]
[fjt] names=['panda_joint1', 'panda_joint2', 'panda_joint3', 'panda_joint4', 'panda_joint5', 'panda_joint6', 'panda_joint7'] pts=1
[fjt] times[0..2]=[0. 2.] times[-3:]=[0. 2.]
[fjt] goal=[ 1.307  1.096 -1.603 -2.194  1.159  1.816  0.727]
[fjt] final=[ 1.306  1.096 -1.602 -2.192  1.159  1.815  0.666]
[fjt] err=[-0.    -0.     0.001  0.002 -0.    -0.002 -0.061]
[fjt] names=['panda_joint1', 'panda_joint2', 'panda_joint3', 'panda_joint4', 'panda_joint5', 'panda_joint6', 'panda_joint7'] pts=1
[fjt] times[0..2]=[0. 2.] times[-3:]=[0. 2.]
[fjt] goal=[ 1.193  1.175 -1.31  -2.198  1.38   2.003  0.66 ]
[fjt] final=[ 1.2    1.164 -1.34  -2.19   1.375  1.99   0.658]
[fjt] err=[ 0.007 -0.012 -0.031  0.008 -0.005 -0.013 -0.002]
[fjt] names=['panda_joint1', 'panda_joint2', 'panda_joint3', 'panda_joint4', 'panda_joint5', 'panda_joint6', 'panda_joint7'] pts=1
[fjt] times[0..2]=[0. 2.] times[-3:]=[0. 2.]
[fjt] goal=[ 1.193  1.175 -1.31  -2.198  1.38   2.003  0.66 ]
[fjt] final=[ 1.199  1.165 -1.339 -2.19   1.376  1.995  0.658]
[fjt] err=[ 0.006 -0.011 -0.029  0.007 -0.004 -0.008 -0.003]
[fjt] names=['panda_joint1', 'panda_joint2', 'panda_joint3', 'panda_joint4', 'panda_joint5', 'panda_joint6', 'panda_joint7'] pts=1
[fjt] times[0..2]=[0. 2.] times[-3:]=[0. 2.]
[fjt] goal=[ 1.193  1.175 -1.31  -2.198  1.38   2.003  0.66 ]
[fjt] final=[ 1.198  1.166 -1.338 -2.19   1.377  1.998  0.658]
[fjt] err=[ 0.005 -0.009 -0.028  0.008 -0.003 -0.005 -0.003]
[fjt] names=['panda_joint1', 'panda_joint2', 'panda_joint3', 'panda_joint4', 'panda_joint5', 'panda_joint6', 'panda_joint7'] pts=1
[fjt] times[0..2]=[0. 2.] times[-3:]=[0. 2.]
[fjt] goal=[ 1.193  1.175 -1.31  -2.198  1.38   2.003  0.66 ]
[fjt] final=[ 1.197  1.166 -1.337 -2.189  1.378  1.999  0.658]
[fjt] err=[ 0.004 -0.009 -0.027  0.009 -0.002 -0.004 -0.003]
[fjt] names=['panda_joint1', 'panda_joint2', 'panda_joint3', 'panda_joint4', 'panda_joint5', 'panda_joint6', 'panda_joint7'] pts=1
[fjt] times[0..2]=[0. 2.] times[-3:]=[0. 2.]
[fjt] goal=[ 1.233  1.137 -1.398 -2.211  1.305  1.957  0.683]
[fjt] final=[ 1.233  1.138 -1.397 -2.211  1.307  1.959  0.681]
[fjt] err=[-0.     0.001  0.001  0.001  0.002  0.002 -0.002]
[fjt] names=['panda_joint1', 'panda_joint2', 'panda_joint3', 'panda_joint4', 'panda_joint5', 'panda_joint6', 'panda_joint7'] pts=1
[fjt] times[0..2]=[0.   9.09] times[-3:]=[0.   9.09]
[fjt] goal=[ 1.233  1.137 -1.398 -2.211  1.305  1.957  2.044]
[fjt] final=[ 1.233  1.138 -1.397 -2.211  1.306  1.958  2.041]
[fjt] err=[-0.     0.     0.001  0.001  0.001  0.001 -0.003]
[fjt] names=['panda_joint1', 'panda_joint2', 'panda_joint3', 'panda_joint4', 'panda_joint5', 'panda_joint6', 'panda_joint7'] pts=1
[fjt] times[0..2]=[0.   2.92] times[-3:]=[0.   2.92]
[fjt] goal=[ 1.316  0.954 -1.418 -2.437  1.238  2.12   1.165]
[fjt] final=[ 1.315  0.955 -1.417 -2.437  1.24   2.119  1.48 ]
[fjt] err=[-0.001  0.001  0.     0.001  0.002 -0.002  0.315]
[fjt] names=['panda_joint1', 'panda_joint2', 'panda_joint3', 'panda_joint4', 'panda_joint5', 'panda_joint6', 'panda_joint7'] pts=1
[fjt] times[0..2]=[0. 2.] times[-3:]=[0. 2.]
[fjt] goal=[ 1.316  0.954 -1.418 -2.437  1.238  2.12   1.165]
[fjt] final=[ 1.316  0.955 -1.417 -2.437  1.239  2.119  1.167]
[fjt] err=[-0.     0.001  0.     0.001  0.001 -0.002  0.003]
[fjt] names=['panda_joint1', 'panda_joint2', 'panda_joint3', 'panda_joint4', 'panda_joint5', 'panda_joint6', 'panda_joint7'] pts=1
[fjt] times[0..2]=[0. 2.] times[-3:]=[0. 2.]
[fjt] goal=[ 1.248  0.976 -1.305 -2.422  1.319  2.172  1.129]
[fjt] final=[ 1.248  0.975 -1.306 -2.422  1.317  2.17   1.131]
[fjt] err=[ 0.001 -0.001 -0.001 -0.001 -0.002 -0.002  0.002]
[fjt] names=['panda_joint1', 'panda_joint2', 'panda_joint3', 'panda_joint4', 'panda_joint5', 'panda_joint6', 'panda_joint7'] pts=1
[fjt] times[0..2]=[0. 2.] times[-3:]=[0. 2.]
[fjt] goal=[ 1.517  0.838 -1.771 -2.415  0.92   1.985  1.31 ]
[fjt] final=[ 1.517  0.839 -1.748 -2.416  0.925  1.987  1.307]
[fjt] err=[-0.     0.001  0.024 -0.001  0.005  0.002 -0.003]
[fjt] names=['panda_joint1', 'panda_joint2', 'panda_joint3', 'panda_joint4', 'panda_joint5', 'panda_joint6', 'panda_joint7'] pts=1
[fjt] times[0..2]=[0. 2.] times[-3:]=[0. 2.]
[fjt] goal=[ 1.517  0.838 -1.771 -2.415  0.92   1.985  1.31 ]
[fjt] final=[ 1.517  0.839 -1.771 -2.415  0.922  1.986  1.307]
[fjt] err=[-0.     0.     0.001 -0.001  0.002  0.001 -0.002]
[fjt] names=['panda_joint1', 'panda_joint2', 'panda_joint3', 'panda_joint4', 'panda_joint5', 'panda_joint6', 'panda_joint7'] pts=1
[fjt] times[0..2]=[0. 2.] times[-3:]=[0. 2.]
[fjt] goal=[ 1.27   0.704 -1.464 -2.214  0.847  2.108  0.885]
[fjt] final=[ 1.271  0.705 -1.465 -2.215  0.85   2.106  0.919]
[fjt] err=[ 0.001  0.001 -0.001 -0.001  0.002 -0.002  0.034]
[fjt] names=['panda_joint1', 'panda_joint2', 'panda_joint3', 'panda_joint4', 'panda_joint5', 'panda_joint6', 'panda_joint7'] pts=1
[fjt] times[0..2]=[0. 2.] times[-3:]=[0. 2.]
[fjt] goal=[ 1.27   0.704 -1.464 -2.214  0.847  2.108  0.885]
[fjt] final=[ 1.271  0.705 -1.465 -2.214  0.849  2.107  0.887]
[fjt] err=[ 0.001  0.001 -0.001 -0.001  0.001 -0.002  0.002]
[fjt] names=['panda_joint1', 'panda_joint2', 'panda_joint3', 'panda_joint4', 'panda_joint5', 'panda_joint6', 'panda_joint7'] pts=1
[fjt] times[0..2]=[0. 2.] times[-3:]=[0. 2.]
[fjt] goal=[ 0.988  0.808 -1.058 -2.207  1.069  2.34   0.768]
[fjt] final=[ 0.988  0.807 -1.063 -2.208  1.068  2.339  0.77 ]
[fjt] err=[ 0.001 -0.001 -0.005 -0.001 -0.002 -0.001  0.003]
[fjt] names=['panda_joint1', 'panda_joint2', 'panda_joint3', 'panda_joint4', 'panda_joint5', 'panda_joint6', 'panda_joint7'] pts=1
[fjt] times[0..2]=[0. 2.] times[-3:]=[0. 2.]
[fjt] goal=[ 0.988  0.808 -1.058 -2.207  1.069  2.34   0.768]
[fjt] final=[ 0.988  0.807 -1.06  -2.208  1.068  2.339  0.77 ]
[fjt] err=[ 0.    -0.001 -0.002 -0.001 -0.002 -0.001  0.002]
[fjt] names=['panda_joint1', 'panda_joint2', 'panda_joint3', 'panda_joint4', 'panda_joint5', 'panda_joint6', 'panda_joint7'] pts=1
[fjt] times[0..2]=[0. 2.] times[-3:]=[0. 2.]
[fjt] goal=[ 1.073  0.738 -1.176 -2.229  0.968  2.288  0.822]
[fjt] final=[ 1.072  0.738 -1.175 -2.229  0.97   2.29   0.82 ]
[fjt] err=[-0.001  0.001  0.001  0.     0.002  0.002 -0.002]
[fjt] names=['panda_joint1', 'panda_joint2', 'panda_joint3', 'panda_joint4', 'panda_joint5', 'panda_joint6', 'panda_joint7'] pts=1
[fjt] times[0..2]=[0.   8.51] times[-3:]=[0.   8.51]
[fjt] goal=[ 1.073  0.738 -1.176 -2.229  0.968  2.288  2.097]
[fjt] final=[ 1.072  0.738 -1.175 -2.229  0.969  2.289  2.093]
[fjt] err=[-0.     0.001  0.001  0.     0.001  0.001 -0.003]
[fjt] names=['panda_joint1', 'panda_joint2', 'panda_joint3', 'panda_joint4', 'panda_joint5', 'panda_joint6', 'panda_joint7'] pts=1
[fjt] times[0..2]=[0.   2.66] times[-3:]=[0.   2.66]
[fjt] goal=[ 1.178  0.5   -1.257 -2.497  0.84   2.483  1.295]
[fjt] final=[ 1.178  0.501 -1.257 -2.497  0.842  2.481  1.575]
[fjt] err=[-0.001  0.001  0.001  0.001  0.003 -0.002  0.28 ]
[fjt] names=['panda_joint1', 'panda_joint2', 'panda_joint3', 'panda_joint4', 'panda_joint5', 'panda_joint6', 'panda_joint7'] pts=1
[fjt] times[0..2]=[0. 2.] times[-3:]=[0. 2.]
[fjt] goal=[ 1.178  0.5   -1.257 -2.497  0.84   2.483  1.295]
[fjt] final=[ 1.178  0.5   -1.257 -2.497  0.841  2.481  1.298]
[fjt] err=[-0.     0.001  0.001  0.     0.001 -0.002  0.002]
[fjt] names=['panda_joint1', 'panda_joint2', 'panda_joint3', 'panda_joint4', 'panda_joint5', 'panda_joint6', 'panda_joint7'] pts=1
[fjt] times[0..2]=[0. 2.] times[-3:]=[0. 2.]
[fjt] goal=[ 1.01   0.552 -1.056 -2.474  0.953  2.548  1.219]
[fjt] final=[ 1.01   0.552 -1.057 -2.475  0.951  2.546  1.222]
[fjt] err=[ 0.001 -0.001 -0.001 -0.001 -0.002 -0.002  0.002]
[fjt] names=['panda_joint1', 'panda_joint2', 'panda_joint3', 'panda_joint4', 'panda_joint5', 'panda_joint6', 'panda_joint7'] pts=1
[fjt] times[0..2]=[0.   2.64] times[-3:]=[0.   2.64]
[fjt] goal=[ 1.653  0.545 -1.849 -2.459  0.654  2.183  1.401]
[fjt] final=[ 1.568  0.545 -1.611 -2.46   0.656  2.185  1.399]
[fjt] err=[-0.085  0.001  0.238 -0.001  0.002  0.002 -0.002]
[fjt] names=['panda_joint1', 'panda_joint2', 'panda_joint3', 'panda_joint4', 'panda_joint5', 'panda_joint6', 'panda_joint7'] pts=1
[fjt] times[0..2]=[0. 2.] times[-3:]=[0. 2.]
[fjt] goal=[ 1.653  0.545 -1.849 -2.459  0.654  2.183  1.401]
[fjt] final=[ 1.652  0.545 -1.848 -2.46   0.656  2.184  1.399]
[fjt] err=[-0.     0.     0.001 -0.001  0.002  0.002 -0.002]
[fjt] names=['panda_joint1', 'panda_joint2', 'panda_joint3', 'panda_joint4', 'panda_joint5', 'panda_joint6', 'panda_joint7'] pts=1
[fjt] times[0..2]=[0.   7.28] times[-3:]=[0.   7.28]
[fjt] goal=[ 2.197  0.481 -2.897 -2.515  0.126  2.043 -0.784]
[fjt] final=[ 2.197  0.482 -2.896 -2.515  0.128  2.044  0.197]
[fjt] err=[-0.001  0.     0.001  0.     0.002  0.001  0.981]
[fjt] names=['panda_joint1', 'panda_joint2', 'panda_joint3', 'panda_joint4', 'panda_joint5', 'panda_joint6', 'panda_joint7'] pts=1
[fjt] times[0..2]=[0.         3.27146849] times[-3:]=[0.         3.27146849]
[fjt] goal=[ 2.197  0.481 -2.897 -2.515  0.126  2.043 -0.784]
[fjt] final=[ 2.197  0.482 -2.897 -2.515  0.128  2.044 -0.412]
[fjt] err=[-0.001  0.     0.001  0.     0.002  0.001  0.373]
[fjt] names=['panda_joint1', 'panda_joint2', 'panda_joint3', 'panda_joint4', 'panda_joint5', 'panda_joint6', 'panda_joint7'] pts=1
[fjt] times[0..2]=[0. 2.] times[-3:]=[0. 2.]
[fjt] goal=[ 2.197  0.481 -2.897 -2.515  0.126  2.043 -0.784]
[fjt] final=[ 2.197  0.481 -2.897 -2.515  0.128  2.044 -0.779]
[fjt] err=[-0.     0.     0.     0.     0.001  0.001  0.006]
[fjt] names=['panda_joint1', 'panda_joint2', 'panda_joint3', 'panda_joint4', 'panda_joint5', 'panda_joint6', 'panda_joint7'] pts=1
[fjt] times[0..2]=[0.   6.13] times[-3:]=[0.   6.13]
[fjt] goal=[ 1.97   0.493 -2.196 -2.412  0.451  2.062  1.059]
[fjt] final=[ 1.971  0.493 -2.197 -2.413  0.449  2.061  0.268]
[fjt] err=[ 0.001 -0.    -0.001 -0.    -0.002 -0.002 -0.791]
[fjt] names=['panda_joint1', 'panda_joint2', 'panda_joint3', 'panda_joint4', 'panda_joint5', 'panda_joint6', 'panda_joint7'] pts=1
[fjt] times[0..2]=[0.         2.63771628] times[-3:]=[0.         2.63771628]
[fjt] goal=[ 1.97   0.493 -2.196 -2.412  0.451  2.062  1.059]
[fjt] final=[ 1.971  0.493 -2.197 -2.412  0.449  2.061  0.781]
[fjt] err=[ 0.001 -0.    -0.001 -0.    -0.002 -0.001 -0.278]
[fjt] names=['panda_joint1', 'panda_joint2', 'panda_joint3', 'panda_joint4', 'panda_joint5', 'panda_joint6', 'panda_joint7'] pts=1
[fjt] times[0..2]=[0. 2.] times[-3:]=[0. 2.]
[fjt] goal=[ 1.97   0.493 -2.196 -2.412  0.451  2.062  1.059]
[fjt] final=[ 1.97   0.493 -2.197 -2.412  0.449  2.061  1.057]
[fjt] err=[ 0.    -0.    -0.001 -0.    -0.001 -0.001 -0.002]
[fjt] names=['panda_joint1', 'panda_joint2', 'panda_joint3', 'panda_joint4', 'panda_joint5', 'panda_joint6', 'panda_joint7'] pts=1
[fjt] times[0..2]=[0.   2.72] times[-3:]=[0.   2.72]
[fjt] goal=[ 2.445 -0.278 -2.669 -2.56  -0.368  2.787  1.679]
[fjt] final=[ 2.444 -0.082 -2.667 -2.559 -0.111  2.616  1.602]
[fjt] err=[-0.001  0.196  0.002  0.001  0.257 -0.17  -0.077]
[fjt] names=['panda_joint1', 'panda_joint2', 'panda_joint3', 'panda_joint4', 'panda_joint5', 'panda_joint6', 'panda_joint7'] pts=1
[fjt] times[0..2]=[0. 2.] times[-3:]=[0. 2.]
[fjt] goal=[ 2.445 -0.278 -2.669 -2.56  -0.368  2.787  1.679]
[fjt] final=[ 2.445 -0.278 -2.668 -2.559 -0.366  2.784  1.676]
[fjt] err=[-0.     0.001  0.001  0.001  0.002 -0.002 -0.003]
[fjt] names=['panda_joint1', 'panda_joint2', 'panda_joint3', 'panda_joint4', 'panda_joint5', 'panda_joint6', 'panda_joint7'] pts=1
[fjt] times[0..2]=[0. 2.] times[-3:]=[0. 2.]
[fjt] goal=[ 2.342 -0.135 -2.527 -2.58  -0.176  2.684  1.539]
[fjt] final=[ 2.342 -0.136 -2.528 -2.58  -0.178  2.686  1.542]
[fjt] err=[ 0.001 -0.001 -0.001  0.    -0.002  0.002  0.003]
[fjt] names=['panda_joint1', 'panda_joint2', 'panda_joint3', 'panda_joint4', 'panda_joint5', 'panda_joint6', 'panda_joint7'] pts=1
[fjt] times[0..2]=[0. 2.] times[-3:]=[0. 2.]
[fjt] goal=[ 2.267  0.366 -2.46  -2.425  0.268  2.12   1.202]
[fjt] final=[ 2.267  0.314 -2.46  -2.427  0.25   2.245  1.205]
[fjt] err=[ 0.001 -0.052 -0.001 -0.001 -0.018  0.125  0.002]
[fjt] names=['panda_joint1', 'panda_joint2', 'panda_joint3', 'panda_joint4', 'panda_joint5', 'panda_joint6', 'panda_joint7'] pts=1
[fjt] times[0..2]=[0. 2.] times[-3:]=[0. 2.]
[fjt] goal=[ 2.267  0.366 -2.46  -2.425  0.268  2.12   1.202]
[fjt] final=[ 2.267  0.365 -2.46  -2.427  0.266  2.122  1.205]
[fjt] err=[ 0.    -0.001 -0.001 -0.001 -0.002  0.002  0.002]
[fjt] names=['panda_joint1', 'panda_joint2', 'panda_joint3', 'panda_joint4', 'panda_joint5', 'panda_joint6', 'panda_joint7'] pts=1
[fjt] times[0..2]=[ 0.   10.52] times[-3:]=[ 0.   10.52]
[fjt] goal=[ 2.267  0.366 -2.46  -2.425  0.268  2.12   2.782]
[fjt] final=[ 2.267  0.365 -2.46  -2.427  0.266  2.122  2.779]
[fjt] err=[ 0.    -0.001 -0.    -0.001 -0.001  0.002 -0.003]
[fjt] names=['panda_joint1', 'panda_joint2', 'panda_joint3', 'panda_joint4', 'panda_joint5', 'panda_joint6', 'panda_joint7'] pts=1
[fjt] times[0..2]=[0.   2.54] times[-3:]=[0.   2.54]
[fjt] goal=[ 2.382  0.32  -2.599 -2.42   0.192  2.135  2.017]
[fjt] final=[ 2.381  0.321 -2.599 -2.421  0.194  2.133  2.287]
[fjt] err=[-0.001  0.001  0.001 -0.001  0.002 -0.002  0.27 ]
[fjt] names=['panda_joint1', 'panda_joint2', 'panda_joint3', 'panda_joint4', 'panda_joint5', 'panda_joint6', 'panda_joint7'] pts=1
[fjt] times[0..2]=[0. 2.] times[-3:]=[0. 2.]
[fjt] goal=[ 2.382  0.32  -2.599 -2.42   0.192  2.135  2.017]
[fjt] final=[ 2.382  0.321 -2.599 -2.421  0.194  2.133  2.019]
[fjt] err=[-0.     0.001  0.001 -0.001  0.001 -0.002  0.002]
[fjt] names=['panda_joint1', 'panda_joint2', 'panda_joint3', 'panda_joint4', 'panda_joint5', 'panda_joint6', 'panda_joint7'] pts=1
[fjt] times[0..2]=[0. 2.] times[-3:]=[0. 2.]
[fjt] goal=[ 2.266 -0.147 -2.49  -2.569 -0.203  2.678  2.314]
[fjt] final=[ 2.267 -0.126 -2.491 -2.569 -0.198  2.572  2.312]
[fjt] err=[ 0.001  0.021 -0.001  0.001  0.005 -0.107 -0.002]
[fjt] names=['panda_joint1', 'panda_joint2', 'panda_joint3', 'panda_joint4', 'panda_joint5', 'panda_joint6', 'panda_joint7'] pts=1
[fjt] times[0..2]=[0. 2.] times[-3:]=[0. 2.]
[fjt] goal=[ 2.266 -0.147 -2.49  -2.569 -0.203  2.678  2.314]
[fjt] final=[ 2.267 -0.147 -2.491 -2.569 -0.201  2.676  2.312]
[fjt] err=[ 0.001  0.    -0.001  0.001  0.002 -0.002 -0.002]
[fjt] names=['panda_joint1', 'panda_joint2', 'panda_joint3', 'panda_joint4', 'panda_joint5', 'panda_joint6', 'panda_joint7'] pts=1
[fjt] times[0..2]=[0. 2.] times[-3:]=[0. 2.]
[fjt] goal=[ 2.32  -0.279 -2.582 -2.55  -0.405  2.759  2.46 ]
[fjt] final=[ 2.319 -0.278 -2.581 -2.551 -0.403  2.757  2.458]
[fjt] err=[-0.     0.001  0.001 -0.001  0.002 -0.002 -0.003]
[fjt] names=['panda_joint1', 'panda_joint2', 'panda_joint3', 'panda_joint4', 'panda_joint5', 'panda_joint6', 'panda_joint7'] pts=1
[fjt] times[0..2]=[0.   2.53] times[-3:]=[0.   2.53]
[fjt] goal=[ 1.934  0.311 -2.126 -2.502  0.355  2.302  1.904]
[fjt] final=[ 1.935  0.26  -2.128 -2.503  0.125  2.305  1.945]
[fjt] err=[ 0.001 -0.051 -0.002 -0.001 -0.23   0.003  0.041]
[fjt] names=['panda_joint1', 'panda_joint2', 'panda_joint3', 'panda_joint4', 'panda_joint5', 'panda_joint6', 'panda_joint7'] pts=1
[fjt] times[0..2]=[0. 2.] times[-3:]=[0. 2.]
[fjt] goal=[ 1.934  0.311 -2.126 -2.502  0.355  2.302  1.904]
[fjt] final=[ 1.935  0.31  -2.127 -2.503  0.353  2.304  1.906]
[fjt] err=[ 0.001 -0.001 -0.001 -0.001 -0.002  0.002  0.002]
[fjt] names=['panda_joint1', 'panda_joint2', 'panda_joint3', 'panda_joint4', 'panda_joint5', 'panda_joint6', 'panda_joint7'] pts=1
[fjt] times[0..2]=[0.   9.19] times[-3:]=[0.   9.19]
[fjt] goal=[ 2.11   0.37  -2.897 -2.423  0.099  2.06  -0.85 ]
[fjt] final=[ 2.109  0.37  -2.897 -2.424  0.101  2.063  0.399]
[fjt] err=[-1.000e-03 -0.000e+00  1.000e-03 -1.000e-03  2.000e-03  2.000e-03
  1.249e+00]
[fjt] names=['panda_joint1', 'panda_joint2', 'panda_joint3', 'panda_joint4', 'panda_joint5', 'panda_joint6', 'panda_joint7'] pts=1
[fjt] times[0..2]=[0.        4.1625855] times[-3:]=[0.        4.1625855]
[fjt] goal=[ 2.11   0.37  -2.897 -2.423  0.099  2.06  -0.85 ]
[fjt] final=[ 2.109  0.37  -2.897 -2.424  0.101  2.062 -0.341]
[fjt] err=[-0.001 -0.     0.    -0.001  0.002  0.002  0.509]
[fjt] names=['panda_joint1', 'panda_joint2', 'panda_joint3', 'panda_joint4', 'panda_joint5', 'panda_joint6', 'panda_joint7'] pts=1
[fjt] times[0..2]=[0. 2.] times[-3:]=[0. 2.]
[fjt] goal=[ 2.11   0.37  -2.897 -2.423  0.099  2.06  -0.85 ]
[fjt] final=[ 2.109  0.37  -2.897 -2.424  0.101  2.062 -0.757]
[fjt] err=[-0.001 -0.     0.    -0.001  0.002  0.002  0.093]
[fjt] names=['panda_joint1', 'panda_joint2', 'panda_joint3', 'panda_joint4', 'panda_joint5', 'panda_joint6', 'panda_joint7'] pts=1
[fjt] times[0..2]=[0. 2.] times[-3:]=[0. 2.]
[fjt] goal=[ 2.11   0.37  -2.897 -2.423  0.099  2.06  -0.85 ]
[fjt] final=[ 2.11   0.37  -2.897 -2.424  0.101  2.062 -0.848]
[fjt] err=[-0.    -0.     0.    -0.001  0.001  0.002  0.002]
[fjt] names=['panda_joint1', 'panda_joint2', 'panda_joint3', 'panda_joint4', 'panda_joint5', 'panda_joint6', 'panda_joint7'] pts=1
[fjt] times[0..2]=[0.   6.67] times[-3:]=[0.   6.67]
[fjt] goal=[ 2.11   0.37  -2.897 -2.424  0.101  2.062  0.152]
[fjt] final=[ 2.11   0.37  -2.897 -2.424  0.1    2.062  0.149]
[fjt] err=[ 0.    -0.     0.     0.    -0.    -0.    -0.003]
[fjt] names=['panda_joint1', 'panda_joint2', 'panda_joint3', 'panda_joint4', 'panda_joint5', 'panda_joint6', 'panda_joint7'] pts=1
[fjt] times[0..2]=[0.   4.12] times[-3:]=[0.   4.12]
[fjt] goal=[ 2.652  0.307 -2.895 -2.446  0.088  2.146 -1.088]
[fjt] final=[ 2.652  0.307 -2.896 -2.445  0.09   2.144 -0.497]
[fjt] err=[-0.001  0.    -0.001  0.001  0.002 -0.002  0.591]
[fjt] names=['panda_joint1', 'panda_joint2', 'panda_joint3', 'panda_joint4', 'panda_joint5', 'panda_joint6', 'panda_joint7'] pts=1
[fjt] times[0..2]=[0. 2.] times[-3:]=[0. 2.]
[fjt] goal=[ 2.652  0.307 -2.895 -2.446  0.088  2.146 -1.088]
[fjt] final=[ 2.652  0.307 -2.896 -2.446  0.09   2.144 -0.917]
[fjt] err=[-0.     0.    -0.001  0.001  0.002 -0.002  0.171]
[fjt] names=['panda_joint1', 'panda_joint2', 'panda_joint3', 'panda_joint4', 'panda_joint5', 'panda_joint6', 'panda_joint7'] pts=1
[fjt] times[0..2]=[0. 2.] times[-3:]=[0. 2.]
[fjt] goal=[ 2.652  0.307 -2.895 -2.446  0.088  2.146 -1.088]
[fjt] final=[ 2.652  0.307 -2.896 -2.446  0.089  2.144 -1.085]
[fjt] err=[-0.     0.    -0.     0.001  0.001 -0.002  0.002]
[fjt] names=['panda_joint1', 'panda_joint2', 'panda_joint3', 'panda_joint4', 'panda_joint5', 'panda_joint6', 'panda_joint7'] pts=1
[fjt] times[0..2]=[0.   2.22] times[-3:]=[0.   2.22]
[fjt] goal=[ 2.584 -0.244 -2.856 -2.583 -0.212  2.811 -0.865]
[fjt] final=[ 2.584 -0.184 -2.857 -2.582 -0.21   2.625 -0.868]
[fjt] err=[ 0.001  0.06  -0.001  0.001  0.002 -0.186 -0.003]
[fjt] names=['panda_joint1', 'panda_joint2', 'panda_joint3', 'panda_joint4', 'panda_joint5', 'panda_joint6', 'panda_joint7'] pts=1
[fjt] times[0..2]=[0. 2.] times[-3:]=[0. 2.]
[fjt] goal=[ 2.584 -0.244 -2.856 -2.583 -0.212  2.811 -0.865]
[fjt] final=[ 2.584 -0.244 -2.857 -2.582 -0.21   2.809 -0.868]
[fjt] err=[ 0.     0.    -0.001  0.001  0.001 -0.002 -0.002]
[fjt] names=['panda_joint1', 'panda_joint2', 'panda_joint3', 'panda_joint4', 'panda_joint5', 'panda_joint6', 'panda_joint7'] pts=1
[fjt] times[0..2]=[0. 2.] times[-3:]=[0. 2.]
[fjt] goal=[ 2.523 -0.105 -2.771 -2.598 -0.088  2.695 -0.955]
[fjt] final=[ 2.524 -0.106 -2.772 -2.597 -0.09   2.696 -0.952]
[fjt] err=[ 0.    -0.001 -0.001  0.    -0.002  0.002  0.002]
[fjt] names=['panda_joint1', 'panda_joint2', 'panda_joint3', 'panda_joint4', 'panda_joint5', 'panda_joint6', 'panda_joint7'] pts=1
[fjt] times[0..2]=[0. 2.] times[-3:]=[0. 2.]
[fjt] goal=[ 2.295  0.358 -2.556 -2.442  0.23   2.127 -1.2  ]
[fjt] final=[ 2.295  0.337 -2.557 -2.443  0.228  2.253 -1.197]
[fjt] err=[ 0.001 -0.021 -0.001 -0.001 -0.002  0.126  0.002]
[fjt] names=['panda_joint1', 'panda_joint2', 'panda_joint3', 'panda_joint4', 'panda_joint5', 'panda_joint6', 'panda_joint7'] pts=1
[fjt] times[0..2]=[0. 2.] times[-3:]=[0. 2.]
[fjt] goal=[ 2.295  0.358 -2.556 -2.442  0.23   2.127 -1.2  ]
[fjt] final=[ 2.295  0.357 -2.557 -2.443  0.228  2.129 -1.198]
[fjt] err=[ 0.001 -0.001 -0.001 -0.001 -0.002  0.002  0.002]
[fjt] names=['panda_joint1', 'panda_joint2', 'panda_joint3', 'panda_joint4', 'panda_joint5', 'panda_joint6', 'panda_joint7'] pts=1
[fjt] times[0..2]=[ 0.   10.34] times[-3:]=[ 0.   10.34]
[fjt] goal=[ 2.295  0.358 -2.556 -2.442  0.23   2.127  0.354]
[fjt] final=[ 2.295  0.357 -2.557 -2.443  0.229  2.129  0.35 ]
[fjt] err=[ 0.    -0.001 -0.    -0.001 -0.001  0.002 -0.004]
[fjt] names=['panda_joint1', 'panda_joint2', 'panda_joint3', 'panda_joint4', 'panda_joint5', 'panda_joint6', 'panda_joint7'] pts=1
[fjt] times[0..2]=[0. 2.] times[-3:]=[0. 2.]
[fjt] goal=[ 2.304  0.34  -2.527 -2.422  0.228  2.128  0.391]
[fjt] final=[ 2.304  0.341 -2.527 -2.423  0.229  2.129  0.389]
[fjt] err=[-0.     0.001 -0.001 -0.002  0.001  0.001 -0.003]
[fjt] names=['panda_joint1', 'panda_joint2', 'panda_joint3', 'panda_joint4', 'panda_joint5', 'panda_joint6', 'panda_joint7'] pts=1
[fjt] times[0..2]=[0. 2.] times[-3:]=[0. 2.]
[fjt] goal=[ 2.155 -0.159 -2.386 -2.571 -0.246  2.675  0.747]
[fjt] final=[ 2.155 -0.112 -2.387 -2.571 -0.209  2.568  0.745]
[fjt] err=[ 0.001  0.047 -0.001  0.001  0.037 -0.107 -0.002]
[fjt] names=['panda_joint1', 'panda_joint2', 'panda_joint3', 'panda_joint4', 'panda_joint5', 'panda_joint6', 'panda_joint7'] pts=1
[fjt] times[0..2]=[0. 2.] times[-3:]=[0. 2.]
[fjt] goal=[ 2.155 -0.159 -2.386 -2.571 -0.246  2.675  0.747]
[fjt] final=[ 2.155 -0.159 -2.386 -2.571 -0.244  2.673  0.745]
[fjt] err=[ 0.     0.    -0.001  0.001  0.002 -0.002 -0.002]
[fjt] names=['panda_joint1', 'panda_joint2', 'panda_joint3', 'panda_joint4', 'panda_joint5', 'panda_joint6', 'panda_joint7'] pts=1
[fjt] times[0..2]=[0. 2.] times[-3:]=[0. 2.]
[fjt] goal=[ 2.227 -0.296 -2.5   -2.548 -0.475  2.748  0.912]
[fjt] final=[ 2.226 -0.295 -2.499 -2.549 -0.473  2.746  0.91 ]
[fjt] err=[-0.     0.001  0.001 -0.001  0.002 -0.002 -0.003]
[fjt] names=['panda_joint1', 'panda_joint2', 'panda_joint3', 'panda_joint4', 'panda_joint5', 'panda_joint6', 'panda_joint7'] pts=1
[fjt] times[0..2]=[0.   2.21] times[-3:]=[0.   2.21]
[fjt] goal=[ 2.264  0.219 -2.455 -2.514  0.191  2.334  0.428]
[fjt] final=[ 2.264  0.193 -2.456 -2.515  0.008  2.337  0.448]
[fjt] err=[-0.    -0.027 -0.001 -0.001 -0.183  0.003  0.02 ]
[fjt] names=['panda_joint1', 'panda_joint2', 'panda_joint3', 'panda_joint4', 'panda_joint5', 'panda_joint6', 'panda_joint7'] pts=1
[fjt] times[0..2]=[0. 2.] times[-3:]=[0. 2.]
[fjt] goal=[ 2.264  0.219 -2.455 -2.514  0.191  2.334  0.428]
[fjt] final=[ 2.264  0.219 -2.456 -2.515  0.189  2.336  0.43 ]
[fjt] err=[-0.    -0.    -0.001 -0.001 -0.002  0.002  0.002]
[fjt] names=['panda_joint1', 'panda_joint2', 'panda_joint3', 'panda_joint4', 'panda_joint5', 'panda_joint6', 'panda_joint7'] pts=1
[fjt] times[0..2]=[0. 2.] times[-3:]=[0. 2.]
[fjt] goal=[ 2.108  0.371 -2.895 -2.423  0.1    2.06  -0.066]
[fjt] final=[ 2.108  0.37  -2.884 -2.424  0.102  2.063 -0.006]
[fjt] err=[ 0.    -0.     0.011 -0.001  0.001  0.002  0.059]
[fjt] names=['panda_joint1', 'panda_joint2', 'panda_joint3', 'panda_joint4', 'panda_joint5', 'panda_joint6', 'panda_joint7'] pts=1
[fjt] times[0..2]=[0. 2.] times[-3:]=[0. 2.]
[fjt] goal=[ 2.108  0.371 -2.895 -2.423  0.1    2.06  -0.066]
[fjt] final=[ 2.108  0.37  -2.894 -2.424  0.102  2.062 -0.063]
[fjt] err=[ 0.    -0.     0.001 -0.001  0.001  0.002  0.002]
[fjt] names=['panda_joint1', 'panda_joint2', 'panda_joint3', 'panda_joint4', 'panda_joint5', 'panda_joint6', 'panda_joint7'] pts=1
[fjt] times[0..2]=[0.   5.43] times[-3:]=[0.   5.43]
[fjt] goal=[ 2.09  -0.601 -1.776 -2.072 -0.692  2.091 -1.694]
[fjt] final=[ 2.09  -0.59  -1.947 -2.071 -0.689  2.089 -0.751]
[fjt] err=[-0.     0.011 -0.171  0.001  0.003 -0.002  0.943]
[fjt] names=['panda_joint1', 'panda_joint2', 'panda_joint3', 'panda_joint4', 'panda_joint5', 'panda_joint6', 'panda_joint7'] pts=1
[fjt] times[0..2]=[0.         3.14285649] times[-3:]=[0.         3.14285649]
[fjt] goal=[ 2.09  -0.601 -1.776 -2.072 -0.692  2.091 -1.694]
[fjt] final=[ 2.09  -0.6   -1.777 -2.071 -0.69   2.089 -1.321]
[fjt] err=[-0.     0.001 -0.001  0.001  0.002 -0.002  0.372]
[fjt] names=['panda_joint1', 'panda_joint2', 'panda_joint3', 'panda_joint4', 'panda_joint5', 'panda_joint6', 'panda_joint7'] pts=1
[fjt] times[0..2]=[0. 2.] times[-3:]=[0. 2.]
[fjt] goal=[ 2.09  -0.601 -1.776 -2.072 -0.692  2.091 -1.694]
[fjt] final=[ 2.09  -0.6   -1.776 -2.071 -0.69   2.089 -1.688]
[fjt] err=[-0.     0.001 -0.     0.001  0.002 -0.001  0.005]
[fjt] names=['panda_joint1', 'panda_joint2', 'panda_joint3', 'panda_joint4', 'panda_joint5', 'panda_joint6', 'panda_joint7'] pts=1
[fjt] times[0..2]=[0. 2.] times[-3:]=[0. 2.]
[fjt] goal=[ 2.46  -0.836 -2.287 -2.061 -0.997  2.412 -1.525]
[fjt] final=[ 2.365 -0.77  -2.041 -2.035 -0.966  2.407 -1.628]
[fjt] err=[-0.096  0.066  0.246  0.026  0.031 -0.005 -0.103]
[fjt] names=['panda_joint1', 'panda_joint2', 'panda_joint3', 'panda_joint4', 'panda_joint5', 'panda_joint6', 'panda_joint7'] pts=1
[fjt] times[0..2]=[0. 2.] times[-3:]=[0. 2.]
[fjt] goal=[ 2.46  -0.836 -2.287 -2.061 -0.997  2.412 -1.525]
[fjt] final=[ 2.421 -0.733 -2.085 -2.014 -0.965  2.416 -1.647]
[fjt] err=[-0.039  0.103  0.202  0.047  0.031  0.004 -0.122]
[fjt] names=['panda_joint1', 'panda_joint2', 'panda_joint3', 'panda_joint4', 'panda_joint5', 'panda_joint6', 'panda_joint7'] pts=1
[fjt] times[0..2]=[0. 2.] times[-3:]=[0. 2.]
[fjt] goal=[ 2.46  -0.836 -2.287 -2.061 -0.997  2.412 -1.525]
[fjt] final=[ 2.428 -0.734 -2.09  -2.013 -0.964  2.426 -1.58 ]
[fjt] err=[-0.033  0.101  0.196  0.048  0.032  0.014 -0.055]
[fjt] names=['panda_joint1', 'panda_joint2', 'panda_joint3', 'panda_joint4', 'panda_joint5', 'panda_joint6', 'panda_joint7'] pts=1
[fjt] times[0..2]=[0. 2.] times[-3:]=[0. 2.]
[fjt] goal=[ 2.46  -0.836 -2.287 -2.061 -0.997  2.412 -1.525]
[fjt] final=[ 2.43  -0.75  -2.089 -2.005 -0.965  2.432 -1.557]
[fjt] err=[-0.03   0.086  0.198  0.056  0.032  0.021 -0.032]
[fjt] names=['panda_joint1', 'panda_joint2', 'panda_joint3', 'panda_joint4', 'panda_joint5', 'panda_joint6', 'panda_joint7'] pts=1
[fjt] times[0..2]=[0. 2.] times[-3:]=[0. 2.]
[fjt] goal=[ 2.46  -0.836 -2.287 -2.061 -0.997  2.412 -1.525]
[fjt] final=[ 2.431 -0.769 -2.085 -1.993 -0.965  2.435 -1.553]
[fjt] err=[-0.029  0.067  0.202  0.068  0.031  0.023 -0.029]
[fjt] names=['panda_joint1', 'panda_joint2', 'panda_joint3', 'panda_joint4', 'panda_joint5', 'panda_joint6', 'panda_joint7'] pts=1
[fjt] times[0..2]=[0. 2.] times[-3:]=[0. 2.]
[fjt] goal=[ 2.46  -0.836 -2.287 -2.061 -0.997  2.412 -1.525]
[fjt] final=[ 2.431 -0.786 -2.081 -1.982 -0.966  2.435 -1.551]
[fjt] err=[-0.029  0.049  0.206  0.079  0.031  0.024 -0.026]
[fjt] names=['panda_joint1', 'panda_joint2', 'panda_joint3', 'panda_joint4', 'panda_joint5', 'panda_joint6', 'panda_joint7'] pts=1
[fjt] times[0..2]=[0. 2.] times[-3:]=[0. 2.]
[fjt] goal=[ 2.46  -0.836 -2.287 -2.061 -0.997  2.412 -1.525]
[fjt] final=[ 2.436 -0.793 -2.081 -1.975 -0.967  2.438 -1.545]
[fjt] err=[-0.025  0.043  0.205  0.086  0.029  0.026 -0.02 ]
[fjt] names=['panda_joint1', 'panda_joint2', 'panda_joint3', 'panda_joint4', 'panda_joint5', 'panda_joint6', 'panda_joint7'] pts=1
[fjt] times[0..2]=[0.   5.56] times[-3:]=[0.   5.56]
[fjt] goal=[ 2.897 -1.176 -2.514 -1.141 -0.687  2.116 -1.926]
[fjt] final=[ 2.896 -0.965 -2.332 -1.317 -0.65   1.988 -1.921]
[fjt] err=[-0.002  0.211  0.182 -0.176  0.036 -0.128  0.006]
[fjt] names=['panda_joint1', 'panda_joint2', 'panda_joint3', 'panda_joint4', 'panda_joint5', 'panda_joint6', 'panda_joint7'] pts=1
[fjt] times[0..2]=[0.   2.14] times[-3:]=[0.   2.14]
[fjt] goal=[ 2.816 -0.753 -2.221 -1.053 -0.523  1.559 -2.087]
[fjt] final=[ 2.816 -0.754 -2.221 -1.054 -0.524  1.565 -2.084]
[fjt] err=[ 0.    -0.    -0.001 -0.001 -0.001  0.006  0.002]
[fjt] names=['panda_joint1', 'panda_joint2', 'panda_joint3', 'panda_joint4', 'panda_joint5', 'panda_joint6', 'panda_joint7'] pts=1
[fjt] times[0..2]=[ 0.   10.07] times[-3:]=[ 0.   10.07]
[fjt] goal=[ 1.232  1.26  -2.07  -2.109  1.034  1.334 -0.237]
[fjt] final=[ 1.233  0.977 -2.071 -2.108  1.034  1.335 -0.726]
[fjt] err=[ 0.001 -0.282 -0.     0.001 -0.001  0.001 -0.489]
[fjt] names=['panda_joint1', 'panda_joint2', 'panda_joint3', 'panda_joint4', 'panda_joint5', 'panda_joint6', 'panda_joint7'] pts=1
[fjt] times[0..2]=[0.         2.44678162] times[-3:]=[0.         2.44678162]
[fjt] goal=[ 1.232  1.26  -2.07  -2.109  1.034  1.334 -0.237]
[fjt] final=[ 1.233  1.259 -2.071 -2.108  1.034  1.335 -0.258]
[fjt] err=[ 0.    -0.001 -0.     0.001 -0.     0.    -0.021]
[fjt] names=['panda_joint1', 'panda_joint2', 'panda_joint3', 'panda_joint4', 'panda_joint5', 'panda_joint6', 'panda_joint7'] pts=1
[fjt] times[0..2]=[0. 2.] times[-3:]=[0. 2.]
[fjt] goal=[ 1.232  1.26  -2.07  -2.109  1.034  1.334 -0.237]
[fjt] final=[ 1.232  1.259 -2.071 -2.109  1.034  1.335 -0.239]
[fjt] err=[ 0.    -0.001 -0.     0.001 -0.     0.    -0.002]
[fjt] names=['panda_joint1', 'panda_joint2', 'panda_joint3', 'panda_joint4', 'panda_joint5', 'panda_joint6', 'panda_joint7'] pts=1
[fjt] times[0..2]=[0.   2.49] times[-3:]=[0.   2.49]
[fjt] goal=[ 0.921  1.119 -2.036 -2.339  0.934  1.584 -0.737]
[fjt] final=[ 0.921  1.12  -2.037 -2.338  0.935  1.581 -0.725]
[fjt] err=[ 0.     0.001 -0.001  0.001  0.001 -0.002  0.012]
[fjt] names=['panda_joint1', 'panda_joint2', 'panda_joint3', 'panda_joint4', 'panda_joint5', 'panda_joint6', 'panda_joint7'] pts=1
[fjt] times[0..2]=[0. 2.] times[-3:]=[0. 2.]
[fjt] goal=[ 0.921  1.119 -2.036 -2.339  0.934  1.584 -0.737]
[fjt] final=[ 0.921  1.119 -2.037 -2.338  0.935  1.582 -0.735]
[fjt] err=[ 0.     0.001 -0.001  0.001  0.001 -0.002  0.002]
[fjt] names=['panda_joint1', 'panda_joint2', 'panda_joint3', 'panda_joint4', 'panda_joint5', 'panda_joint6', 'panda_joint7'] pts=1
[fjt] times[0..2]=[0.   8.51] times[-3:]=[0.   8.51]
[fjt] goal=[ 1.066  1.54  -1.905 -1.593  1.531  1.238  1.817]
[fjt] final=[ 1.066  1.539 -1.905 -1.593  1.529  1.239  0.703]
[fjt] err=[ 0.000e+00 -0.000e+00 -0.000e+00 -0.000e+00 -1.000e-03  2.000e-03
 -1.115e+00]
[fjt] names=['panda_joint1', 'panda_joint2', 'panda_joint3', 'panda_joint4', 'panda_joint5', 'panda_joint6', 'panda_joint7'] pts=1
[fjt] times[0..2]=[0.         3.71662481] times[-3:]=[0.         3.71662481]
[fjt] goal=[ 1.066  1.54  -1.905 -1.593  1.531  1.238  1.817]
[fjt] final=[ 1.066  1.54  -1.905 -1.593  1.53   1.239  1.374]
[fjt] err=[ 0.    -0.    -0.     0.    -0.001  0.001 -0.443]
[fjt] names=['panda_joint1', 'panda_joint2', 'panda_joint3', 'panda_joint4', 'panda_joint5', 'panda_joint6', 'panda_joint7'] pts=1
[fjt] times[0..2]=[0. 2.] times[-3:]=[0. 2.]
[fjt] goal=[ 1.066  1.54  -1.905 -1.593  1.531  1.238  1.817]
[fjt] final=[ 1.066  1.54  -1.905 -1.593  1.53   1.239  1.784]
[fjt] err=[ 0.    -0.    -0.     0.    -0.001  0.001 -0.034]
[fjt] names=['panda_joint1', 'panda_joint2', 'panda_joint3', 'panda_joint4', 'panda_joint5', 'panda_joint6', 'panda_joint7'] pts=1
[fjt] times[0..2]=[0. 2.] times[-3:]=[0. 2.]
[fjt] goal=[ 1.066  1.54  -1.905 -1.593  1.531  1.238  1.817]
[fjt] final=[ 1.066  1.54  -1.905 -1.593  1.53   1.239  1.815]
[fjt] err=[ 0.    -0.    -0.     0.    -0.001  0.001 -0.002]
[fjt] names=['panda_joint1', 'panda_joint2', 'panda_joint3', 'panda_joint4', 'panda_joint5', 'panda_joint6', 'panda_joint7'] pts=7
[fjt] times[0..2]=[0.  0.6 1.2] times[-3:]=[3.  3.6 4.2]
[fjt] goal=[ 1.148  1.753 -1.657 -1.705  1.741  1.462  1.816]
[fjt] final=[ 1.147  1.753 -1.658 -1.705  1.739  1.46   1.814]
[fjt] err=[-0.    -0.001 -0.001  0.001 -0.002 -0.002 -0.002]
[fjt] names=['panda_joint1', 'panda_joint2', 'panda_joint3', 'panda_joint4', 'panda_joint5', 'panda_joint6', 'panda_joint7'] pts=7
[fjt] times[0..2]=[0.  0.6 1.2] times[-3:]=[3.  3.6 4.2]
[fjt] goal=[ 1.066  1.541 -1.906 -1.593  1.532  1.237  1.817]
[fjt] final=[ 1.066  1.542 -1.904 -1.594  1.533  1.239  1.815]
[fjt] err=[ 0.     0.001  0.001 -0.001  0.002  0.002 -0.002]
[fjt] names=['panda_joint1', 'panda_joint2', 'panda_joint3', 'panda_joint4', 'panda_joint5', 'panda_joint6', 'panda_joint7'] pts=12
[fjt] times[0..2]=[0.   0.9  1.67] times[-3:]=[7.17 7.88 8.63]
[fjt] goal=[ 0.457  1.442 -1.898 -2.153  1.278  1.374  0.61 ]
[fjt] final=[ 0.458  1.443 -1.898 -2.154  1.28   1.372  0.612]
[fjt] err=[ 0.001  0.001  0.    -0.001  0.002 -0.002  0.002]
[fjt] names=['panda_joint1', 'panda_joint2', 'panda_joint3', 'panda_joint4', 'panda_joint5', 'panda_joint6', 'panda_joint7'] pts=8
[fjt] times[0..2]=[0.  0.6 1.2] times[-3:]=[3.6 4.2 4.8]
[fjt] goal=[ 0.492  1.617 -1.425 -2.239  1.698  1.656  0.6  ]
[fjt] final=[ 0.493  1.613 -1.515 -2.246  1.684  1.666  0.6  ]
[fjt] err=[ 0.002 -0.004 -0.089 -0.007 -0.014  0.01   0.001]
[fjt] names=['panda_joint1', 'panda_joint2', 'panda_joint3', 'panda_joint4', 'panda_joint5', 'panda_joint6', 'panda_joint7'] pts=1
[fjt] times[0..2]=[0. 2.] times[-3:]=[0. 2.]
[fjt] goal=[ 0.492  1.617 -1.425 -2.239  1.698  1.656  0.6  ]
[fjt] final=[ 0.493  1.613 -1.508 -2.245  1.686  1.669  0.6  ]
[fjt] err=[ 0.002 -0.005 -0.083 -0.005 -0.012  0.013  0.001]
[fjt] names=['panda_joint1', 'panda_joint2', 'panda_joint3', 'panda_joint4', 'panda_joint5', 'panda_joint6', 'panda_joint7'] pts=1
[fjt] times[0..2]=[0. 2.] times[-3:]=[0. 2.]
[fjt] goal=[ 0.492  1.617 -1.425 -2.239  1.698  1.656  0.6  ]
[fjt] final=[ 0.493  1.612 -1.503 -2.244  1.687  1.67   0.6  ]
[fjt] err=[ 0.002 -0.005 -0.078 -0.004 -0.011  0.015  0.001]
[fjt] names=['panda_joint1', 'panda_joint2', 'panda_joint3', 'panda_joint4', 'panda_joint5', 'panda_joint6', 'panda_joint7'] pts=1
[fjt] times[0..2]=[0. 2.] times[-3:]=[0. 2.]
[fjt] goal=[ 0.492  1.617 -1.425 -2.239  1.698  1.656  0.6  ]
[fjt] final=[ 0.493  1.613 -1.497 -2.241  1.69   1.673  0.6  ]
[fjt] err=[ 0.001 -0.004 -0.072 -0.002 -0.007  0.017  0.   ]
[fjt] names=['panda_joint1', 'panda_joint2', 'panda_joint3', 'panda_joint4', 'panda_joint5', 'panda_joint6', 'panda_joint7'] pts=1
[fjt] times[0..2]=[0. 2.] times[-3:]=[0. 2.]
[fjt] goal=[ 0.492  1.617 -1.425 -2.239  1.698  1.656  0.6  ]
[fjt] final=[ 0.492  1.614 -1.494 -2.247  1.685  1.675  0.6  ]
[fjt] err=[ 0.    -0.003 -0.068 -0.008 -0.012  0.02   0.   ]
[fjt] names=['panda_joint1', 'panda_joint2', 'panda_joint3', 'panda_joint4', 'panda_joint5', 'panda_joint6', 'panda_joint7'] pts=1
[fjt] times[0..2]=[0. 2.] times[-3:]=[0. 2.]
[fjt] goal=[ 0.492  1.617 -1.425 -2.239  1.698  1.656  0.6  ]
[fjt] final=[ 0.492  1.615 -1.493 -2.249  1.683  1.677  0.6  ]
[fjt] err=[ 0.    -0.003 -0.067 -0.01  -0.015  0.021  0.   ]
[fjt] names=['panda_joint1', 'panda_joint2', 'panda_joint3', 'panda_joint4', 'panda_joint5', 'panda_joint6', 'panda_joint7'] pts=1
[fjt] times[0..2]=[0. 2.] times[-3:]=[0. 2.]
[fjt] goal=[ 0.492  1.617 -1.425 -2.239  1.698  1.656  0.6  ]
[fjt] final=[ 0.492  1.615 -1.492 -2.25   1.682  1.677  0.6  ]
[fjt] err=[ 0.    -0.003 -0.066 -0.011 -0.016  0.022 -0.   ]
[fjt] names=['panda_joint1', 'panda_joint2', 'panda_joint3', 'panda_joint4', 'panda_joint5', 'panda_joint6', 'panda_joint7'] pts=7
[fjt] times[0..2]=[0.   0.71 1.31] times[-3:]=[3.11 3.71 4.31]
[fjt] goal=[ 0.455  1.446 -1.9   -2.153  1.281  1.37   0.609]
[fjt] final=[ 0.456  1.447 -1.899 -2.154  1.283  1.372  0.606]
[fjt] err=[ 0.     0.001  0.001 -0.001  0.002  0.002 -0.002]
[fjt] names=['panda_joint1', 'panda_joint2', 'panda_joint3', 'panda_joint4', 'panda_joint5', 'panda_joint6', 'panda_joint7'] pts=7
[fjt] times[0..2]=[ 0.    9.61 10.51] times[-3:]=[12.86 13.55 14.26]
[fjt] goal=[ 1.336  1.464 -1.954 -2.344  1.222  1.378 -0.277]
[fjt] final=[ 1.336  1.464 -1.954 -2.345  1.221  1.38  -0.28 ]
[fjt] err=[-0.    -0.001 -0.    -0.001 -0.001  0.002 -0.003]
[fjt] names=['panda_joint1', 'panda_joint2', 'panda_joint3', 'panda_joint4', 'panda_joint5', 'panda_joint6', 'panda_joint7'] pts=8
[fjt] times[0..2]=[0.  0.6 1.2] times[-3:]=[3.6 4.2 4.8]
[fjt] goal=[ 1.38   1.584 -1.446 -2.446  1.675  1.64  -0.285]
[fjt] final=[ 1.38   1.584 -1.448 -2.447  1.673  1.638 -0.283]
[fjt] err=[ 0.    -0.    -0.001 -0.001 -0.002 -0.002  0.002]
[fjt] names=['panda_joint1', 'panda_joint2', 'panda_joint3', 'panda_joint4', 'panda_joint5', 'panda_joint6', 'panda_joint7'] pts=3
[fjt] times[0..2]=[0.  0.6 1.2] times[-3:]=[0.6 1.2 1.8]
[fjt] goal=[ 1.384  1.545 -1.657 -2.451  1.488  1.536 -0.284]
[fjt] final=[ 1.385  1.545 -1.655 -2.452  1.49   1.538 -0.283]
[fjt] err=[ 0.     0.     0.002 -0.001  0.002  0.002  0.001]
[fjt] names=['panda_joint1', 'panda_joint2', 'panda_joint3', 'panda_joint4', 'panda_joint5', 'panda_joint6', 'panda_joint7'] pts=5
[fjt] times[0..2]=[0.   0.99 2.  ] times[-3:]=[3.09 4.28 5.61]
[fjt] goal=[ 0.666  1.511 -1.598 -1.616  1.51   1.547 -0.165]
[fjt] final=[ 0.667  1.511 -1.598 -1.617  1.509  1.546 -0.168]
[fjt] err=[ 0.001  0.001 -0.    -0.001 -0.001 -0.001 -0.002]
[fjt] names=['panda_joint1', 'panda_joint2', 'panda_joint3', 'panda_joint4', 'panda_joint5', 'panda_joint6', 'panda_joint7'] pts=3
[fjt] times[0..2]=[0.  0.6 1.2] times[-3:]=[0.6 1.2 1.8]
[fjt] goal=[ 0.663  1.592 -1.498 -1.613  1.596  1.643 -0.166]
[fjt] final=[ 0.663  1.592 -1.498 -1.614  1.594  1.641 -0.168]
[fjt] err=[ 0.    -0.    -0.    -0.001 -0.001 -0.002 -0.001]
[fjt] names=['panda_joint1', 'panda_joint2', 'panda_joint3', 'panda_joint4', 'panda_joint5', 'panda_joint6', 'panda_joint7'] pts=7
[fjt] times[0..2]=[0.  0.6 1.2] times[-3:]=[3.  3.6 4.2]
[fjt] goal=[ 0.624  1.369 -1.751 -1.51   1.377  1.382 -0.137]
[fjt] final=[ 0.625  1.37  -1.75  -1.511  1.378  1.384 -0.139]
[fjt] err=[ 0.     0.001  0.001 -0.001  0.001  0.002 -0.002]
[fjt] names=['panda_joint1', 'panda_joint2', 'panda_joint3', 'panda_joint4', 'panda_joint5', 'panda_joint6', 'panda_joint7'] pts=7
[fjt] times[0..2]=[0.   1.27 2.38] times[-3:]=[5.08 5.81 6.47]
[fjt] goal=[ 1.095  1.456 -2.15  -2.482  1.03   1.325 -0.704]
[fjt] final=[ 1.095  1.456 -2.149 -2.481  1.032  1.327 -0.701]
[fjt] err=[-0.    -0.001  0.001  0.001  0.002  0.002  0.003]
[fjt] names=['panda_joint1', 'panda_joint2', 'panda_joint3', 'panda_joint4', 'panda_joint5', 'panda_joint6', 'panda_joint7'] pts=1
[fjt] times[0..2]=[0.   4.53] times[-3:]=[0.   4.53]
[fjt] goal=[ 0.41   1.164 -1.164 -1.328  2.39   0.839 -1.138]
[fjt] final=[ 0.411  1.164 -1.308 -1.636  1.853  0.843 -1.132]
[fjt] err=[ 0.001  0.001 -0.144 -0.308 -0.538  0.005  0.007]
[fjt] names=['panda_joint1', 'panda_joint2', 'panda_joint3', 'panda_joint4', 'panda_joint5', 'panda_joint6', 'panda_joint7'] pts=1
[fjt] times[0..2]=[0. 2.] times[-3:]=[0. 2.]
[fjt] goal=[ 0.41   1.164 -1.164 -1.328  2.39   0.839 -1.138]
[fjt] final=[ 0.411  1.164 -1.165 -1.328  2.291  0.84  -1.135]
[fjt] err=[ 0.001  0.    -0.001 -0.001 -0.1    0.002  0.004]
[fjt] names=['panda_joint1', 'panda_joint2', 'panda_joint3', 'panda_joint4', 'panda_joint5', 'panda_joint6', 'panda_joint7'] pts=1
[fjt] times[0..2]=[0. 2.] times[-3:]=[0. 2.]
[fjt] goal=[ 0.41   1.164 -1.164 -1.328  2.39   0.839 -1.138]
[fjt] final=[ 0.411  1.164 -1.165 -1.328  2.389  0.84  -1.136]
[fjt] err=[ 0.     0.    -0.001 -0.001 -0.001  0.002  0.002]
[fjt] names=['panda_joint1', 'panda_joint2', 'panda_joint3', 'panda_joint4', 'panda_joint5', 'panda_joint6', 'panda_joint7'] pts=8
[fjt] times[0..2]=[0.  0.6 1.2] times[-3:]=[3.6 4.2 4.8]
[fjt] goal=[ 0.278  1.536 -1.034 -1.088  2.466  0.927 -1.363]
[fjt] final=[ 0.279  1.528 -1.041 -1.084  2.462  0.926 -1.359]
[fjt] err=[ 0.001 -0.008 -0.007  0.004 -0.004 -0.     0.004]
[fjt] names=['panda_joint1', 'panda_joint2', 'panda_joint3', 'panda_joint4', 'panda_joint5', 'panda_joint6', 'panda_joint7'] pts=1
[fjt] times[0..2]=[0. 2.] times[-3:]=[0. 2.]
[fjt] goal=[ 0.278  1.536 -1.034 -1.088  2.466  0.927 -1.363]
[fjt] final=[ 0.279  1.529 -1.041 -1.084  2.463  0.926 -1.359]
[fjt] err=[ 0.001 -0.007 -0.007  0.004 -0.003 -0.     0.004]
[fjt] names=['panda_joint1', 'panda_joint2', 'panda_joint3', 'panda_joint4', 'panda_joint5', 'panda_joint6', 'panda_joint7'] pts=1
[fjt] times[0..2]=[0. 2.] times[-3:]=[0. 2.]
[fjt] goal=[ 0.278  1.536 -1.034 -1.088  2.466  0.927 -1.363]
[fjt] final=[ 0.279  1.53  -1.041 -1.084  2.463  0.927 -1.359]
[fjt] err=[ 0.001 -0.006 -0.007  0.004 -0.003 -0.     0.004]
[fjt] names=['panda_joint1', 'panda_joint2', 'panda_joint3', 'panda_joint4', 'panda_joint5', 'panda_joint6', 'panda_joint7'] pts=1
[fjt] times[0..2]=[0. 2.] times[-3:]=[0. 2.]
[fjt] goal=[ 0.278  1.536 -1.034 -1.088  2.466  0.927 -1.363]
[fjt] final=[ 0.278  1.53  -1.04  -1.083  2.463  0.927 -1.36 ]
[fjt] err=[ 0.001 -0.006 -0.006  0.005 -0.003  0.     0.004]
[fjt] names=['panda_joint1', 'panda_joint2', 'panda_joint3', 'panda_joint4', 'panda_joint5', 'panda_joint6', 'panda_joint7'] pts=1
[fjt] times[0..2]=[0. 2.] times[-3:]=[0. 2.]
[fjt] goal=[ 0.278  1.536 -1.034 -1.088  2.466  0.927 -1.363]
[fjt] final=[ 0.279  1.531 -1.04  -1.083  2.463  0.927 -1.36 ]
[fjt] err=[ 0.001 -0.006 -0.006  0.005 -0.003  0.     0.003]
[fjt] names=['panda_joint1', 'panda_joint2', 'panda_joint3', 'panda_joint4', 'panda_joint5', 'panda_joint6', 'panda_joint7'] pts=8
[fjt] times[0..2]=[0.  0.6 1.2] times[-3:]=[3.6 4.2 4.8]
[fjt] goal=[ 0.567  1.455 -0.968 -1.242  2.506  1.102 -1.374]
[fjt] final=[ 0.566  1.455 -0.969 -1.241  2.505  1.1   -1.375]
[fjt] err=[-0.001  0.001 -0.001  0.001 -0.001 -0.002 -0.   ]
[fjt] names=['panda_joint1', 'panda_joint2', 'panda_joint3', 'panda_joint4', 'panda_joint5', 'panda_joint6', 'panda_joint7'] pts=3
[fjt] times[0..2]=[0.   0.77 1.49] times[-3:]=[0.77 1.49 2.14]
[fjt] goal=[ 0.632  1.372 -0.965 -1.497  2.538  1.121 -1.431]
[fjt] final=[ 0.632  1.372 -0.964 -1.496  2.535  1.115 -1.43 ]
[fjt] err=[ 0.001  0.001  0.001  0.001 -0.003 -0.006  0.001]
[fjt] names=['panda_joint1', 'panda_joint2', 'panda_joint3', 'panda_joint4', 'panda_joint5', 'panda_joint6', 'panda_joint7'] pts=1
[fjt] times[0..2]=[0. 2.] times[-3:]=[0. 2.]
[fjt] goal=[ 0.632  1.372 -0.965 -1.497  2.538  1.121 -1.431]
[fjt] final=[ 0.632  1.372 -0.964 -1.496  2.535  1.116 -1.43 ]
[fjt] err=[ 0.001  0.     0.001  0.001 -0.003 -0.006  0.001]
[fjt] names=['panda_joint1', 'panda_joint2', 'panda_joint3', 'panda_joint4', 'panda_joint5', 'panda_joint6', 'panda_joint7'] pts=3
[fjt] times[0..2]=[0.   0.72 1.32] times[-3:]=[0.72 1.32 1.92]
[fjt] goal=[ 0.685  1.295 -0.961 -1.72   2.582  1.154 -1.48 ]
[fjt] final=[ 0.688  1.294 -0.957 -1.719  2.576  1.14  -1.48 ]
[fjt] err=[ 0.003 -0.001  0.004  0.001 -0.006 -0.014  0.   ]
[fjt] names=['panda_joint1', 'panda_joint2', 'panda_joint3', 'panda_joint4', 'panda_joint5', 'panda_joint6', 'panda_joint7'] pts=1
[fjt] times[0..2]=[0. 2.] times[-3:]=[0. 2.]
[fjt] goal=[ 0.685  1.295 -0.961 -1.72   2.582  1.154 -1.48 ]
[fjt] final=[ 0.688  1.294 -0.957 -1.72   2.577  1.141 -1.48 ]
[fjt] err=[ 0.003 -0.001  0.004  0.    -0.006 -0.013 -0.   ]
[fjt] names=['panda_joint1', 'panda_joint2', 'panda_joint3', 'panda_joint4', 'panda_joint5', 'panda_joint6', 'panda_joint7'] pts=1
[fjt] times[0..2]=[0. 2.] times[-3:]=[0. 2.]
[fjt] goal=[ 0.685  1.295 -0.961 -1.72   2.582  1.154 -1.48 ]
[fjt] final=[ 0.688  1.294 -0.957 -1.72   2.577  1.141 -1.481]
[fjt] err=[ 0.003 -0.001  0.004  0.    -0.006 -0.013 -0.   ]
[fjt] names=['panda_joint1', 'panda_joint2', 'panda_joint3', 'panda_joint4', 'panda_joint5', 'panda_joint6', 'panda_joint7'] pts=1
[fjt] times[0..2]=[0. 2.] times[-3:]=[0. 2.]
[fjt] goal=[ 0.685  1.295 -0.961 -1.72   2.582  1.154 -1.48 ]
[fjt] final=[ 0.688  1.294 -0.956 -1.72   2.577  1.141 -1.481]
[fjt] err=[ 0.003 -0.001  0.004  0.    -0.006 -0.013 -0.001]
[fjt] names=['panda_joint1', 'panda_joint2', 'panda_joint3', 'panda_joint4', 'panda_joint5', 'panda_joint6', 'panda_joint7'] pts=1
[fjt] times[0..2]=[0. 2.] times[-3:]=[0. 2.]
[fjt] goal=[ 0.685  1.295 -0.961 -1.72   2.582  1.154 -1.48 ]
[fjt] final=[ 0.688  1.294 -0.956 -1.72   2.577  1.141 -1.481]
[fjt] err=[ 0.003 -0.001  0.004  0.    -0.006 -0.013 -0.001]
[fjt] names=['panda_joint1', 'panda_joint2', 'panda_joint3', 'panda_joint4', 'panda_joint5', 'panda_joint6', 'panda_joint7'] pts=3
[fjt] times[0..2]=[0.   0.69 1.29] times[-3:]=[0.69 1.29 1.89]
[fjt] goal=[ 0.732  1.218 -0.954 -1.924  2.64   1.195 -1.527]
[fjt] final=[ 0.737  1.216 -0.947 -1.923  2.631  1.176 -1.528]
[fjt] err=[ 0.005 -0.002  0.007  0.001 -0.009 -0.019 -0.001]
[fjt] names=['panda_joint1', 'panda_joint2', 'panda_joint3', 'panda_joint4', 'panda_joint5', 'panda_joint6', 'panda_joint7'] pts=1
[fjt] times[0..2]=[0. 2.] times[-3:]=[0. 2.]
[fjt] goal=[ 0.732  1.218 -0.954 -1.924  2.64   1.195 -1.527]
[fjt] final=[ 0.738  1.215 -0.946 -1.923  2.632  1.177 -1.529]
[fjt] err=[ 0.005 -0.002  0.008  0.    -0.008 -0.018 -0.001]
[fjt] names=['panda_joint1', 'panda_joint2', 'panda_joint3', 'panda_joint4', 'panda_joint5', 'panda_joint6', 'panda_joint7'] pts=1
[fjt] times[0..2]=[0. 2.] times[-3:]=[0. 2.]
[fjt] goal=[ 0.732  1.218 -0.954 -1.924  2.64   1.195 -1.527]
[fjt] final=[ 0.738  1.215 -0.946 -1.923  2.632  1.177 -1.529]
[fjt] err=[ 0.005 -0.002  0.008  0.    -0.008 -0.018 -0.002]
[fjt] names=['panda_joint1', 'panda_joint2', 'panda_joint3', 'panda_joint4', 'panda_joint5', 'panda_joint6', 'panda_joint7'] pts=1
[fjt] times[0..2]=[0. 2.] times[-3:]=[0. 2.]
[fjt] goal=[ 0.732  1.218 -0.954 -1.924  2.64   1.195 -1.527]
[fjt] final=[ 0.738  1.215 -0.946 -1.923  2.631  1.177 -1.529]
[fjt] err=[ 0.005 -0.002  0.008  0.    -0.008 -0.018 -0.002]
[fjt] names=['panda_joint1', 'panda_joint2', 'panda_joint3', 'panda_joint4', 'panda_joint5', 'panda_joint6', 'panda_joint7'] pts=1
[fjt] times[0..2]=[0. 2.] times[-3:]=[0. 2.]
[fjt] goal=[ 0.732  1.218 -0.954 -1.924  2.64   1.195 -1.527]
[fjt] final=[ 0.737  1.215 -0.946 -1.924  2.631  1.178 -1.53 ]
[fjt] err=[ 0.005 -0.003  0.008 -0.    -0.009 -0.017 -0.002]
[fjt] names=['panda_joint1', 'panda_joint2', 'panda_joint3', 'panda_joint4', 'panda_joint5', 'panda_joint6', 'panda_joint7'] pts=3
[fjt] times[0..2]=[0.   0.67 1.27] times[-3:]=[0.67 1.27 1.87]
[fjt] goal=[ 0.777  1.137 -0.944 -2.113  2.712  1.243 -1.576]
[fjt] final=[ 0.784  1.134 -0.933 -2.111  2.701  1.221 -1.578]
[fjt] err=[ 0.007 -0.003  0.011  0.001 -0.011 -0.022 -0.002]
[fjt] names=['panda_joint1', 'panda_joint2', 'panda_joint3', 'panda_joint4', 'panda_joint5', 'panda_joint6', 'panda_joint7'] pts=1
[fjt] times[0..2]=[0. 2.] times[-3:]=[0. 2.]
[fjt] goal=[ 0.777  1.137 -0.944 -2.113  2.712  1.243 -1.576]
[fjt] final=[ 0.784  1.134 -0.932 -2.112  2.702  1.222 -1.579]
[fjt] err=[ 0.007 -0.004  0.012  0.001 -0.01  -0.021 -0.003]
[fjt] names=['panda_joint1', 'panda_joint2', 'panda_joint3', 'panda_joint4', 'panda_joint5', 'panda_joint6', 'panda_joint7'] pts=1
[fjt] times[0..2]=[0. 2.] times[-3:]=[0. 2.]
[fjt] goal=[ 0.777  1.137 -0.944 -2.113  2.712  1.243 -1.576]
[fjt] final=[ 0.784  1.133 -0.932 -2.112  2.701  1.222 -1.579]
[fjt] err=[ 0.007 -0.004  0.012  0.001 -0.01  -0.021 -0.003]
[fjt] names=['panda_joint1', 'panda_joint2', 'panda_joint3', 'panda_joint4', 'panda_joint5', 'panda_joint6', 'panda_joint7'] pts=1
[fjt] times[0..2]=[0. 2.] times[-3:]=[0. 2.]
[fjt] goal=[ 0.777  1.137 -0.944 -2.113  2.712  1.243 -1.576]
[fjt] final=[ 0.784  1.133 -0.932 -2.112  2.701  1.223 -1.579]
[fjt] err=[ 0.007 -0.004  0.012  0.001 -0.011 -0.021 -0.004]
[fjt] names=['panda_joint1', 'panda_joint2', 'panda_joint3', 'panda_joint4', 'panda_joint5', 'panda_joint6', 'panda_joint7'] pts=1
[fjt] times[0..2]=[0. 2.] times[-3:]=[0. 2.]
[fjt] goal=[ 0.777  1.137 -0.944 -2.113  2.712  1.243 -1.576]
[fjt] final=[ 0.784  1.133 -0.932 -2.112  2.701  1.223 -1.58 ]
[fjt] err=[ 0.007 -0.004  0.012  0.001 -0.011 -0.02  -0.004]
[fjt] names=['panda_joint1', 'panda_joint2', 'panda_joint3', 'panda_joint4', 'panda_joint5', 'panda_joint6', 'panda_joint7'] pts=3
[fjt] times[0..2]=[0.   0.63 1.23] times[-3:]=[0.63 1.23 1.83]
[fjt] goal=[ 0.821  1.051 -0.928 -2.289  2.801  1.297 -1.628]
[fjt] final=[ 0.829  1.046 -0.913 -2.286  2.789  1.274 -1.632]
[fjt] err=[ 0.008 -0.005  0.015  0.003 -0.012 -0.023 -0.004]
[fjt] names=['panda_joint1', 'panda_joint2', 'panda_joint3', 'panda_joint4', 'panda_joint5', 'panda_joint6', 'panda_joint7'] pts=1
[fjt] times[0..2]=[0. 2.] times[-3:]=[0. 2.]
[fjt] goal=[ 0.821  1.051 -0.928 -2.289  2.801  1.297 -1.628]
[fjt] final=[ 0.829  1.046 -0.912 -2.286  2.79   1.274 -1.633]
[fjt] err=[ 0.008 -0.005  0.016  0.003 -0.012 -0.023 -0.004]
[fjt] names=['panda_joint1', 'panda_joint2', 'panda_joint3', 'panda_joint4', 'panda_joint5', 'panda_joint6', 'panda_joint7'] pts=1
[fjt] times[0..2]=[0. 2.] times[-3:]=[0. 2.]
[fjt] goal=[ 0.821  1.051 -0.928 -2.289  2.801  1.297 -1.628]
[fjt] final=[ 0.829  1.045 -0.912 -2.286  2.789  1.275 -1.633]
[fjt] err=[ 0.008 -0.006  0.016  0.002 -0.012 -0.022 -0.005]
[fjt] names=['panda_joint1', 'panda_joint2', 'panda_joint3', 'panda_joint4', 'panda_joint5', 'panda_joint6', 'panda_joint7'] pts=1
[fjt] times[0..2]=[0. 2.] times[-3:]=[0. 2.]
[fjt] goal=[ 0.821  1.051 -0.928 -2.289  2.801  1.297 -1.628]
[fjt] final=[ 0.829  1.045 -0.912 -2.287  2.789  1.275 -1.634]
[fjt] err=[ 0.008 -0.006  0.016  0.002 -0.012 -0.022 -0.006]
[fjt] names=['panda_joint1', 'panda_joint2', 'panda_joint3', 'panda_joint4', 'panda_joint5', 'panda_joint6', 'panda_joint7'] pts=1
[fjt] times[0..2]=[0. 2.] times[-3:]=[0. 2.]
[fjt] goal=[ 0.821  1.051 -0.928 -2.289  2.801  1.297 -1.628]
[fjt] final=[ 0.829  1.045 -0.912 -2.287  2.789  1.275 -1.634]
[fjt] err=[ 0.008 -0.006  0.016  0.002 -0.012 -0.022 -0.006]
[fjt] names=['panda_joint1', 'panda_joint2', 'panda_joint3', 'panda_joint4', 'panda_joint5', 'panda_joint6', 'panda_joint7'] pts=3
[fjt] times[0..2]=[0.  0.6 1.2] times[-3:]=[0.6 1.2 1.8]
[fjt] goal=[ 0.847  0.94  -0.893 -2.451  2.897  1.36  -1.704]
[fjt] final=[ 0.856  0.935 -0.874 -2.446  2.884  1.338 -1.708]
[fjt] err=[ 0.009 -0.005  0.019  0.005 -0.014 -0.022 -0.004]
[fjt] names=['panda_joint1', 'panda_joint2', 'panda_joint3', 'panda_joint4', 'panda_joint5', 'panda_joint6', 'panda_joint7'] pts=1
[fjt] times[0..2]=[0. 2.] times[-3:]=[0. 2.]
[fjt] goal=[ 0.847  0.94  -0.893 -2.451  2.897  1.36  -1.704]
[fjt] final=[ 0.855  0.934 -0.873 -2.446  2.884  1.338 -1.709]
[fjt] err=[ 0.009 -0.006  0.02   0.005 -0.013 -0.022 -0.005]
[fjt] names=['panda_joint1', 'panda_joint2', 'panda_joint3', 'panda_joint4', 'panda_joint5', 'panda_joint6', 'panda_joint7'] pts=1
[fjt] times[0..2]=[0. 2.] times[-3:]=[0. 2.]
[fjt] goal=[ 0.847  0.94  -0.893 -2.451  2.897  1.36  -1.704]
[fjt] final=[ 0.855  0.934 -0.873 -2.447  2.884  1.338 -1.71 ]
[fjt] err=[ 0.009 -0.006  0.02   0.005 -0.013 -0.021 -0.006]
[fjt] names=['panda_joint1', 'panda_joint2', 'panda_joint3', 'panda_joint4', 'panda_joint5', 'panda_joint6', 'panda_joint7'] pts=1
[fjt] times[0..2]=[0. 2.] times[-3:]=[0. 2.]
[fjt] goal=[ 0.847  0.94  -0.893 -2.451  2.897  1.36  -1.704]
[fjt] final=[ 0.855  0.934 -0.873 -2.447  2.884  1.338 -1.711]
[fjt] err=[ 0.009 -0.006  0.02   0.004 -0.013 -0.021 -0.007]
[fjt] names=['panda_joint1', 'panda_joint2', 'panda_joint3', 'panda_joint4', 'panda_joint5', 'panda_joint6', 'panda_joint7'] pts=1
[fjt] times[0..2]=[0. 2.] times[-3:]=[0. 2.]
[fjt] goal=[ 0.847  0.94  -0.893 -2.451  2.897  1.36  -1.704]
[fjt] final=[ 0.855  0.934 -0.873 -2.447  2.884  1.338 -1.711]
[fjt] err=[ 0.008 -0.006  0.02   0.004 -0.013 -0.021 -0.007]
[fjt] names=['panda_joint1', 'panda_joint2', 'panda_joint3', 'panda_joint4', 'panda_joint5', 'panda_joint6', 'panda_joint7'] pts=3
[fjt] times[0..2]=[0.   0.92 1.52] times[-3:]=[0.92 1.52 2.12]
[fjt] goal=[ 0.681  0.695 -0.728 -2.594  2.897  1.449 -1.932]
[fjt] final=[ 0.69   0.691 -0.701 -2.59   2.883  1.434 -1.936]
[fjt] err=[ 0.009 -0.004  0.027  0.003 -0.014 -0.015 -0.004]
[fjt] names=['panda_joint1', 'panda_joint2', 'panda_joint3', 'panda_joint4', 'panda_joint5', 'panda_joint6', 'panda_joint7'] pts=1
[fjt] times[0..2]=[0. 2.] times[-3:]=[0. 2.]
[fjt] goal=[ 0.681  0.695 -0.728 -2.594  2.897  1.449 -1.932]
[fjt] final=[ 0.689  0.69  -0.701 -2.591  2.882  1.434 -1.937]
[fjt] err=[ 0.008 -0.005  0.027  0.003 -0.015 -0.015 -0.006]
[fjt] names=['panda_joint1', 'panda_joint2', 'panda_joint3', 'panda_joint4', 'panda_joint5', 'panda_joint6', 'panda_joint7'] pts=1
[fjt] times[0..2]=[0. 2.] times[-3:]=[0. 2.]
[fjt] goal=[ 0.681  0.695 -0.728 -2.594  2.897  1.449 -1.932]
[fjt] final=[ 0.689  0.69  -0.701 -2.591  2.882  1.434 -1.938]
[fjt] err=[ 0.008 -0.005  0.027  0.003 -0.016 -0.014 -0.006]
[fjt] names=['panda_joint1', 'panda_joint2', 'panda_joint3', 'panda_joint4', 'panda_joint5', 'panda_joint6', 'panda_joint7'] pts=1
[fjt] times[0..2]=[0. 2.] times[-3:]=[0. 2.]
[fjt] goal=[ 0.681  0.695 -0.728 -2.594  2.897  1.449 -1.932]
[fjt] final=[ 0.689  0.69  -0.701 -2.591  2.881  1.434 -1.939]
[fjt] err=[ 0.008 -0.005  0.027  0.003 -0.016 -0.014 -0.007]
[fjt] names=['panda_joint1', 'panda_joint2', 'panda_joint3', 'panda_joint4', 'panda_joint5', 'panda_joint6', 'panda_joint7'] pts=1
[fjt] times[0..2]=[0. 2.] times[-3:]=[0. 2.]
[fjt] goal=[ 0.681  0.695 -0.728 -2.594  2.897  1.449 -1.932]
[fjt] final=[ 0.689  0.69  -0.701 -2.591  2.881  1.434 -1.94 ]
[fjt] err=[ 0.008 -0.005  0.027  0.003 -0.016 -0.014 -0.008]
[fjt] names=['panda_joint1', 'panda_joint2', 'panda_joint3', 'panda_joint4', 'panda_joint5', 'panda_joint6', 'panda_joint7'] pts=3
[fjt] times[0..2]=[0.   1.56 2.76] times[-3:]=[1.56 2.76 4.17]
[fjt] goal=[ 0.189  0.47  -0.29  -2.725  2.897  1.504 -2.239]
[fjt] final=[ 0.198  0.471 -0.258 -2.725  2.881  1.5   -2.242]
[fjt] err=[ 0.009  0.001  0.033 -0.001 -0.016 -0.004 -0.004]
[fjt] names=['panda_joint1', 'panda_joint2', 'panda_joint3', 'panda_joint4', 'panda_joint5', 'panda_joint6', 'panda_joint7'] pts=1
[fjt] times[0..2]=[0. 2.] times[-3:]=[0. 2.]
[fjt] goal=[ 0.189  0.47  -0.29  -2.725  2.897  1.504 -2.239]
[fjt] final=[ 0.197  0.471 -0.257 -2.725  2.879  1.5   -2.243]
[fjt] err=[ 0.008  0.     0.033 -0.001 -0.018 -0.004 -0.005]
[fjt] names=['panda_joint1', 'panda_joint2', 'panda_joint3', 'panda_joint4', 'panda_joint5', 'panda_joint6', 'panda_joint7'] pts=1
[fjt] times[0..2]=[0. 2.] times[-3:]=[0. 2.]
[fjt] goal=[ 0.189  0.47  -0.29  -2.725  2.897  1.504 -2.239]
[fjt] final=[ 0.197  0.47  -0.258 -2.725  2.879  1.5   -2.244]
[fjt] err=[ 0.008 -0.     0.033 -0.001 -0.018 -0.004 -0.005]
[fjt] names=['panda_joint1', 'panda_joint2', 'panda_joint3', 'panda_joint4', 'panda_joint5', 'panda_joint6', 'panda_joint7'] pts=1
[fjt] times[0..2]=[0. 2.] times[-3:]=[0. 2.]
[fjt] goal=[ 0.189  0.47  -0.29  -2.725  2.897  1.504 -2.239]
[fjt] final=[ 0.197  0.47  -0.258 -2.726  2.879  1.5   -2.245]
[fjt] err=[ 0.008 -0.     0.032 -0.001 -0.018 -0.004 -0.006]
[fjt] names=['panda_joint1', 'panda_joint2', 'panda_joint3', 'panda_joint4', 'panda_joint5', 'panda_joint6', 'panda_joint7'] pts=1
[fjt] times[0..2]=[0. 2.] times[-3:]=[0. 2.]
[fjt] goal=[ 0.189  0.47  -0.29  -2.725  2.897  1.504 -2.239]
[fjt] final=[ 0.197  0.47  -0.258 -2.726  2.879  1.5   -2.245]
[fjt] err=[ 0.008 -0.     0.032 -0.001 -0.018 -0.004 -0.006]
[fjt] names=['panda_joint1', 'panda_joint2', 'panda_joint3', 'panda_joint4', 'panda_joint5', 'panda_joint6', 'panda_joint7'] pts=3
[fjt] times[0..2]=[0.   3.25 4.55] times[-3:]=[3.25 4.55 5.74]
[fjt] goal=[-0.492  0.455  0.311 -2.823  2.897  1.49  -2.515]
[fjt] final=[-0.483  0.461  0.345 -2.825  2.879  1.499 -2.519]
[fjt] err=[ 0.009  0.006  0.033 -0.002 -0.018  0.009 -0.004]
[fjt] names=['panda_joint1', 'panda_joint2', 'panda_joint3', 'panda_joint4', 'panda_joint5', 'panda_joint6', 'panda_joint7'] pts=1
[fjt] times[0..2]=[0. 2.] times[-3:]=[0. 2.]
[fjt] goal=[-0.492  0.455  0.311 -2.823  2.897  1.49  -2.515]
[fjt] final=[-0.484  0.461  0.345 -2.825  2.877  1.498 -2.52 ]
[fjt] err=[ 0.008  0.006  0.034 -0.003 -0.02   0.008 -0.005]
[fjt] names=['panda_joint1', 'panda_joint2', 'panda_joint3', 'panda_joint4', 'panda_joint5', 'panda_joint6', 'panda_joint7'] pts=1
[fjt] times[0..2]=[0. 2.] times[-3:]=[0. 2.]
[fjt] goal=[-0.492  0.455  0.311 -2.823  2.897  1.49  -2.515]
[fjt] final=[-0.484  0.461  0.345 -2.825  2.877  1.497 -2.521]
[fjt] err=[ 0.008  0.006  0.033 -0.003 -0.02   0.007 -0.006]
[fjt] names=['panda_joint1', 'panda_joint2', 'panda_joint3', 'panda_joint4', 'panda_joint5', 'panda_joint6', 'panda_joint7'] pts=1
[fjt] times[0..2]=[0. 2.] times[-3:]=[0. 2.]
[fjt] goal=[-0.492  0.455  0.311 -2.823  2.897  1.49  -2.515]
[fjt] final=[-0.484  0.461  0.344 -2.826  2.878  1.497 -2.522]
[fjt] err=[ 0.008  0.006  0.033 -0.003 -0.02   0.007 -0.007]
[fjt] names=['panda_joint1', 'panda_joint2', 'panda_joint3', 'panda_joint4', 'panda_joint5', 'panda_joint6', 'panda_joint7'] pts=1
[fjt] times[0..2]=[0. 2.] times[-3:]=[0. 2.]
[fjt] goal=[-0.492  0.455  0.311 -2.823  2.897  1.49  -2.515]
[fjt] final=[-0.491  0.456  0.315 -2.823  2.894  1.492 -2.518]
[fjt] err=[ 0.001  0.001  0.004 -0.001 -0.004  0.002 -0.003]
[fjt] names=['panda_joint1', 'panda_joint2', 'panda_joint3', 'panda_joint4', 'panda_joint5', 'panda_joint6', 'panda_joint7'] pts=2
[fjt] times[0..2]=[0.  0.6 1.2] times[-3:]=[0.  0.6 1.2]
[fjt] goal=[-0.515  0.442  0.258 -2.974  2.817  1.359 -2.545]
[fjt] final=[-0.515  0.443  0.259 -2.973  2.818  1.361 -2.542]
[fjt] err=[0.    0.001 0.001 0.001 0.002 0.002 0.002]
[fjt] names=['panda_joint1', 'panda_joint2', 'panda_joint3', 'panda_joint4', 'panda_joint5', 'panda_joint6', 'panda_joint7'] pts=4
[fjt] times[0..2]=[0.   0.71 1.38] times[-3:]=[1.38 1.98 2.58]
[fjt] goal=[-0.621  0.423 -0.04  -2.856  2.442  1.459 -2.432]
[fjt] final=[-0.62   0.422 -0.039 -2.858  2.444  1.457 -2.434]
[fjt] err=[ 0.    -0.001  0.001 -0.001  0.002 -0.002 -0.002]
[fjt] names=['panda_joint1', 'panda_joint2', 'panda_joint3', 'panda_joint4', 'panda_joint5', 'panda_joint6', 'panda_joint7'] pts=1
[fjt] times[0..2]=[ 0.   10.71] times[-3:]=[ 0.   10.71]
[fjt] goal=[-1.672 -0.831  0.982 -2.43   0.686  1.816 -0.293]
[fjt] final=[-1.671 -0.831  0.981 -2.431  0.733  1.815 -0.675]
[fjt] err=[ 0.001  0.001 -0.001 -0.     0.047 -0.002 -0.382]
[fjt] names=['panda_joint1', 'panda_joint2', 'panda_joint3', 'panda_joint4', 'panda_joint5', 'panda_joint6', 'panda_joint7'] pts=1
[fjt] times[0..2]=[0. 2.] times[-3:]=[0. 2.]
[fjt] goal=[-1.672 -0.831  0.982 -2.43   0.686  1.816 -0.293]
[fjt] final=[-1.672 -0.831  0.982 -2.431  0.687  1.815 -0.3  ]
[fjt] err=[ 0.     0.    -0.    -0.     0.001 -0.001 -0.007]
[fjt] names=['panda_joint1', 'panda_joint2', 'panda_joint3', 'panda_joint4', 'panda_joint5', 'panda_joint6', 'panda_joint7'] pts=1
[fjt] times[0..2]=[0.   6.13] times[-3:]=[0.   6.13]
[fjt] goal=[-1.066  1.008  0.554 -1.018  0.222  1.392 -1.419]
[fjt] final=[-1.067  0.283  0.554 -1.349  0.223  1.394 -1.225]
[fjt] err=[-0.001 -0.726  0.    -0.332  0.001  0.002  0.194]
[fjt] names=['panda_joint1', 'panda_joint2', 'panda_joint3', 'panda_joint4', 'panda_joint5', 'panda_joint6', 'panda_joint7'] pts=1
[fjt] times[0..2]=[0.         2.41982037] times[-3:]=[0.         2.41982037]
[fjt] goal=[-1.066  1.008  0.554 -1.018  0.222  1.392 -1.419]
[fjt] final=[-1.067  0.813  0.554 -1.019  0.223  1.394 -1.417]
[fjt] err=[-0.    -0.195  0.    -0.001  0.     0.002  0.002]
[fjt] names=['panda_joint1', 'panda_joint2', 'panda_joint3', 'panda_joint4', 'panda_joint5', 'panda_joint6', 'panda_joint7'] pts=1
[fjt] times[0..2]=[0. 2.] times[-3:]=[0. 2.]
[fjt] goal=[-1.066  1.008  0.554 -1.018  0.222  1.392 -1.419]
[fjt] final=[-1.067  1.008  0.554 -1.019  0.223  1.394 -1.417]
[fjt] err=[-0.    -0.001  0.    -0.001  0.     0.002  0.002]
[fjt] names=['panda_joint1', 'panda_joint2', 'panda_joint3', 'panda_joint4', 'panda_joint5', 'panda_joint6', 'panda_joint7'] pts=1
[fjt] times[0..2]=[0. 2.] times[-3:]=[0. 2.]
[fjt] goal=[-1.066  1.009  0.554 -1.018  0.222  1.392 -1.419]
[fjt] final=[-1.067  1.008  0.554 -1.019  0.223  1.394 -1.417]
[fjt] err=[-0.    -0.001 -0.    -0.001  0.001  0.002  0.001]
[fjt] names=['panda_joint1', 'panda_joint2', 'panda_joint3', 'panda_joint4', 'panda_joint5', 'panda_joint6', 'panda_joint7'] pts=3
[fjt] times[0..2]=[0.  1.3 2.4] times[-3:]=[1.3  2.4  3.34]
[fjt] goal=[-1.098  0.866  0.584 -1.352  0.268  1.595 -1.438]
[fjt] final=[-1.098  0.867  0.583 -1.351  0.266  1.593 -1.436]
[fjt] err=[ 0.     0.001 -0.001  0.002 -0.001 -0.002  0.002]
[fjt] names=['panda_joint1', 'panda_joint2', 'panda_joint3', 'panda_joint4', 'panda_joint5', 'panda_joint6', 'panda_joint7'] pts=4
[fjt] times[0..2]=[0.   0.96 2.13] times[-3:]=[2.13 3.61 5.79]
[fjt] goal=[-0.867  1.254  0.55  -0.771  0.201  1.464 -1.353]
[fjt] final=[-0.868  1.253  0.55  -0.773  0.202  1.466 -1.355]
[fjt] err=[-0.    -0.001  0.    -0.002  0.001  0.002 -0.002]
[fjt] names=['panda_joint1', 'panda_joint2', 'panda_joint3', 'panda_joint4', 'panda_joint5', 'panda_joint6', 'panda_joint7'] pts=5
[fjt] times[0..2]=[0.  0.6 1.2] times[-3:]=[1.8  2.4  3.08]
[fjt] goal=[-0.825  1.394  0.531 -0.644  0.18   1.472 -1.389]
[fjt] final=[-0.826  1.393  0.531 -0.646  0.181  1.474 -1.387]
[fjt] err=[-0.    -0.001  0.001 -0.002  0.001  0.002  0.002]
[fjt] names=['panda_joint1', 'panda_joint2', 'panda_joint3', 'panda_joint4', 'panda_joint5', 'panda_joint6', 'panda_joint7'] pts=2
[fjt] times[0..2]=[0.   0.98 1.73] times[-3:]=[0.   0.98 1.73]
[fjt] goal=[-0.866  1.257  0.549 -0.769  0.201  1.465 -1.355]
[fjt] final=[-0.866  1.258  0.548 -0.768  0.199  1.467 -1.357]
[fjt] err=[ 0.     0.001 -0.001  0.001 -0.001  0.002 -0.002]
[fjt] names=['panda_joint1', 'panda_joint2', 'panda_joint3', 'panda_joint4', 'panda_joint5', 'panda_joint6', 'panda_joint7'] pts=2
[fjt] times[0..2]=[0.   0.76 1.73] times[-3:]=[0.   0.76 1.73]
[fjt] goal=[-0.825  1.394  0.53  -0.644  0.18   1.472 -1.389]
[fjt] final=[-0.826  1.392  0.531 -0.644  0.182  1.472 -1.387]
[fjt] err=[-0.001 -0.002  0.001 -0.     0.001  0.001  0.002]
[fjt] names=['panda_joint1', 'panda_joint2', 'panda_joint3', 'panda_joint4', 'panda_joint5', 'panda_joint6', 'panda_joint7'] pts=2
[fjt] times[0..2]=[0.  0.6 1.2] times[-3:]=[0.  0.6 1.2]
[fjt] goal=[-0.867  1.254  0.549 -0.771  0.202  1.464 -1.353]
[fjt] final=[-0.866  1.254  0.548 -0.77   0.201  1.466 -1.356]
[fjt] err=[ 0.     0.001 -0.001  0.001 -0.001  0.002 -0.002]
[fjt] names=['panda_joint1', 'panda_joint2', 'panda_joint3', 'panda_joint4', 'panda_joint5', 'panda_joint6', 'panda_joint7'] pts=1
[fjt] times[0..2]=[0. 2.] times[-3:]=[0. 2.]
[fjt] goal=[-1.07   1.011  0.561 -1.018  0.217  1.393 -1.416]
[fjt] final=[-1.07   1.011  0.561 -1.017  0.215  1.395 -1.414]
[fjt] err=[ 0.001  0.001 -0.     0.001 -0.001  0.002  0.002]
[fjt] names=['panda_joint1', 'panda_joint2', 'panda_joint3', 'panda_joint4', 'panda_joint5', 'panda_joint6', 'panda_joint7'] pts=3
[fjt] times[0..2]=[0.   1.31 2.41] times[-3:]=[1.31 2.41 3.36]
[fjt] goal=[-1.104  0.869  0.592 -1.353  0.262  1.596 -1.435]
[fjt] final=[-1.103  0.87   0.591 -1.351  0.26   1.594 -1.433]
[fjt] err=[ 0.     0.001 -0.001  0.002 -0.001 -0.002  0.002]
[fjt] names=['panda_joint1', 'panda_joint2', 'panda_joint3', 'panda_joint4', 'panda_joint5', 'panda_joint6', 'panda_joint7'] pts=4
[fjt] times[0..2]=[0.   0.96 2.13] times[-3:]=[2.13 3.61 5.79]
[fjt] goal=[-0.87   1.255  0.557 -0.772  0.195  1.465 -1.351]
[fjt] final=[-0.871  1.255  0.557 -0.773  0.196  1.467 -1.353]
[fjt] err=[-0.    -0.001  0.    -0.002  0.001  0.002 -0.002]
[fjt] names=['panda_joint1', 'panda_joint2', 'panda_joint3', 'panda_joint4', 'panda_joint5', 'panda_joint6', 'panda_joint7'] pts=5
[fjt] times[0..2]=[0.  0.6 1.2] times[-3:]=[1.8  2.4  3.08]
[fjt] goal=[-0.827  1.395  0.537 -0.645  0.174  1.472 -1.387]
[fjt] final=[-0.828  1.394  0.538 -0.646  0.175  1.474 -1.385]
[fjt] err=[-0.    -0.001  0.001 -0.002  0.001  0.002  0.002]
[fjt] names=['panda_joint1', 'panda_joint2', 'panda_joint3', 'panda_joint4', 'panda_joint5', 'panda_joint6', 'panda_joint7'] pts=2
[fjt] times[0..2]=[0.   0.98 1.73] times[-3:]=[0.   0.98 1.73]
[fjt] goal=[-0.869  1.259  0.556 -0.77   0.194  1.466 -1.353]
[fjt] final=[-0.869  1.26   0.555 -0.769  0.193  1.468 -1.355]
[fjt] err=[ 0.     0.001 -0.001  0.001 -0.001  0.002 -0.002]
[fjt] names=['panda_joint1', 'panda_joint2', 'panda_joint3', 'panda_joint4', 'panda_joint5', 'panda_joint6', 'panda_joint7'] pts=11
[fjt] times[0..2]=[0.   2.27 3.73] times[-3:]=[ 8.92  9.52 10.12]
[fjt] goal=[-0.716  0.831  0.792 -1.823  0.443  2.335 -1.207]
[fjt] final=[-0.716  0.831  0.791 -1.823  0.441  2.332 -1.209]
[fjt] err=[-0.    -0.    -0.001  0.001 -0.001 -0.002 -0.002]
[fjt] names=['panda_joint1', 'panda_joint2', 'panda_joint3', 'panda_joint4', 'panda_joint5', 'panda_joint6', 'panda_joint7'] pts=9
[fjt] times[0..2]=[0.  0.6 1.2] times[-3:]=[4.2 4.8 5.4]
[fjt] goal=[-0.455  0.889  0.825 -1.79   0.475  2.546 -1.066]
[fjt] final=[-0.456  0.889  0.824 -1.791  0.473  2.545 -1.068]
[fjt] err=[-0.    -0.    -0.001 -0.001 -0.001 -0.002 -0.002]
[fjt] names=['panda_joint1', 'panda_joint2', 'panda_joint3', 'panda_joint4', 'panda_joint5', 'panda_joint6', 'panda_joint7'] pts=1
[fjt] times[0..2]=[0.  0.6] times[-3:]=[0.  0.6]
[fjt] goal=[-0.448  0.913  0.816 -1.782  0.471  2.558 -1.078]
[fjt] final=[-0.451  0.907  0.818 -1.778  0.473  2.553 -1.075]
[fjt] err=[-0.003 -0.006  0.002  0.004  0.002 -0.005  0.003]
[fjt] names=['panda_joint1', 'panda_joint2', 'panda_joint3', 'panda_joint4', 'panda_joint5', 'panda_joint6', 'panda_joint7'] pts=1
[fjt] times[0..2]=[0. 2.] times[-3:]=[0. 2.]
[fjt] goal=[-0.448  0.913  0.816 -1.782  0.471  2.558 -1.078]
[fjt] final=[-0.45   0.91   0.817 -1.779  0.473  2.555 -1.076]
[fjt] err=[-0.002 -0.003  0.001  0.003  0.002 -0.003  0.002]
[fjt] names=['panda_joint1', 'panda_joint2', 'panda_joint3', 'panda_joint4', 'panda_joint5', 'panda_joint6', 'panda_joint7'] pts=6
[fjt] times[0..2]=[0.  0.6 1.2] times[-3:]=[2.4 3.  3.6]
[fjt] goal=[-0.707  0.854  0.782 -1.817  0.438  2.348 -1.217]
[fjt] final=[-0.707  0.854  0.783 -1.818  0.439  2.35  -1.215]
[fjt] err=[ 0.     0.     0.001 -0.001  0.001  0.002  0.002]
[fjt] names=['panda_joint1', 'panda_joint2', 'panda_joint3', 'panda_joint4', 'panda_joint5', 'panda_joint6', 'panda_joint7'] pts=5
[fjt] times[0..2]=[0.  0.6 1.2] times[-3:]=[1.8 2.4 3. ]
[fjt] goal=[-0.853  0.638  0.856 -1.797  0.473  2.109 -1.144]
[fjt] final=[-0.852  0.639  0.856 -1.797  0.472  2.111 -1.146]
[fjt] err=[ 0.     0.    -0.001 -0.001 -0.001  0.002 -0.002]
[fjt] names=['panda_joint1', 'panda_joint2', 'panda_joint3', 'panda_joint4', 'panda_joint5', 'panda_joint6', 'panda_joint7'] pts=6
[fjt] times[0..2]=[0.  0.6 1.2] times[-3:]=[2.4 3.  3.6]
[fjt] goal=[-0.967  0.748  0.746 -1.54   0.353  1.823 -1.228]
[fjt] final=[-0.967  0.748  0.747 -1.541  0.355  1.825 -1.226]
[fjt] err=[ 0.    -0.001  0.001 -0.001  0.001  0.002  0.002]
[fjt] names=['panda_joint1', 'panda_joint2', 'panda_joint3', 'panda_joint4', 'panda_joint5', 'panda_joint6', 'panda_joint7'] pts=1
[fjt] times[0..2]=[0.   6.97] times[-3:]=[0.   6.97]
[fjt] goal=[-1.867  0.953  0.902 -2.72   2.097  2.11  -2.897]
[fjt] final=[-1.867  0.952  0.903 -2.717  1.594  2.109 -2.383]
[fjt] err=[ 0.001 -0.001  0.001  0.003 -0.503 -0.     0.514]
[fjt] names=['panda_joint1', 'panda_joint2', 'panda_joint3', 'panda_joint4', 'panda_joint5', 'panda_joint6', 'panda_joint7'] pts=1
[fjt] times[0..2]=[0.         2.05652303] times[-3:]=[0.         2.05652303]
[fjt] goal=[-1.867  0.953  0.902 -2.72   2.097  2.11  -2.897]
[fjt] final=[-1.867  0.942  0.941 -2.716  2.034  2.116 -2.809]
[fjt] err=[ 0.001 -0.01   0.039  0.004 -0.064  0.006  0.088]
[fjt] names=['panda_joint1', 'panda_joint2', 'panda_joint3', 'panda_joint4', 'panda_joint5', 'panda_joint6', 'panda_joint7'] pts=1
[fjt] times[0..2]=[0. 2.] times[-3:]=[0. 2.]
[fjt] goal=[-1.867  0.953  0.902 -2.72   2.097  2.11  -2.897]
[fjt] final=[-1.867  0.94   0.948 -2.714  2.093  2.117 -2.888]
[fjt] err=[ 0.    -0.013  0.047  0.006 -0.005  0.007  0.009]
[fjt] names=['panda_joint1', 'panda_joint2', 'panda_joint3', 'panda_joint4', 'panda_joint5', 'panda_joint6', 'panda_joint7'] pts=1
[fjt] times[0..2]=[0. 2.] times[-3:]=[0. 2.]
[fjt] goal=[-1.867  0.953  0.902 -2.72   2.097  2.11  -2.897]
[fjt] final=[-1.867  0.939  0.946 -2.714  2.093  2.118 -2.888]
[fjt] err=[-0.    -0.013  0.044  0.006 -0.004  0.008  0.009]
[fjt] names=['panda_joint1', 'panda_joint2', 'panda_joint3', 'panda_joint4', 'panda_joint5', 'panda_joint6', 'panda_joint7'] pts=1
[fjt] times[0..2]=[0. 2.] times[-3:]=[0. 2.]
[fjt] goal=[-1.867  0.953  0.902 -2.72   2.097  2.11  -2.897]
[fjt] final=[-1.867  0.939  0.944 -2.714  2.093  2.118 -2.888]
[fjt] err=[-0.    -0.013  0.043  0.007 -0.004  0.008  0.009]
[fjt] names=['panda_joint1', 'panda_joint2', 'panda_joint3', 'panda_joint4', 'panda_joint5', 'panda_joint6', 'panda_joint7'] pts=1
[fjt] times[0..2]=[0. 2.] times[-3:]=[0. 2.]
[fjt] goal=[-1.867  0.953  0.902 -2.72   2.097  2.11  -2.897]
[fjt] final=[-1.868  0.939  0.943 -2.713  2.093  2.118 -2.888]
[fjt] err=[-0.    -0.013  0.041  0.007 -0.004  0.008  0.009]
[fjt] names=['panda_joint1', 'panda_joint2', 'panda_joint3', 'panda_joint4', 'panda_joint5', 'panda_joint6', 'panda_joint7'] pts=1
[fjt] times[0..2]=[0. 2.] times[-3:]=[0. 2.]
[fjt] goal=[-1.867  0.953  0.902 -2.72   2.097  2.11  -2.897]
[fjt] final=[-1.868  0.939  0.941 -2.713  2.093  2.118 -2.888]
[fjt] err=[-0.001 -0.013  0.04   0.007 -0.004  0.009  0.009]
[fjt] names=['panda_joint1', 'panda_joint2', 'panda_joint3', 'panda_joint4', 'panda_joint5', 'panda_joint6', 'panda_joint7'] pts=10
[fjt] times[0..2]=[0.   1.04 2.1 ] times[-3:]=[ 8.44  9.33 10.17]
[fjt] goal=[-0.865  0.739  0.693 -2.895  2.79   1.39  -2.897]
[fjt] final=[-0.866  0.739  0.692 -2.895  2.788  1.392 -2.896]
[fjt] err=[-0.    -0.001 -0.001  0.    -0.002  0.002  0.002]
[fjt] names=['panda_joint1', 'panda_joint2', 'panda_joint3', 'panda_joint4', 'panda_joint5', 'panda_joint6', 'panda_joint7'] pts=4
[fjt] times[0..2]=[0.  0.6 1.2] times[-3:]=[1.2  1.82 2.46]
[fjt] goal=[-0.851  0.748  0.743 -2.748  2.851  1.522 -2.872]
[fjt] final=[-0.851  0.748  0.742 -2.749  2.849  1.52  -2.874]
[fjt] err=[-0.    -0.    -0.001 -0.001 -0.002 -0.002 -0.002]
[fjt] names=['panda_joint1', 'panda_joint2', 'panda_joint3', 'panda_joint4', 'panda_joint5', 'panda_joint6', 'panda_joint7'] pts=2
[fjt] times[0..2]=[0.   0.79 1.51] times[-3:]=[0.   0.79 1.51]
[fjt] goal=[-0.838  0.706  0.7   -2.668  2.709  1.67  -2.789]
[fjt] final=[-0.838  0.706  0.702 -2.669  2.711  1.668 -2.791]
[fjt] err=[-0.     0.     0.001 -0.001  0.002 -0.002 -0.003]
[fjt] names=['panda_joint1', 'panda_joint2', 'panda_joint3', 'panda_joint4', 'panda_joint5', 'panda_joint6', 'panda_joint7'] pts=2
[fjt] times[0..2]=[0.   0.74 1.49] times[-3:]=[0.   0.74 1.49]
[fjt] goal=[-0.814  0.692  0.665 -2.575  2.562  1.792 -2.698]
[fjt] final=[-0.815  0.693  0.666 -2.576  2.564  1.79  -2.701]
[fjt] err=[-0.     0.     0.001 -0.001  0.002 -0.002 -0.003]
[fjt] names=['panda_joint1', 'panda_joint2', 'panda_joint3', 'panda_joint4', 'panda_joint5', 'panda_joint6', 'panda_joint7'] pts=2
[fjt] times[0..2]=[0.   0.76 1.54] times[-3:]=[0.   0.76 1.54]
[fjt] goal=[-0.783  0.701  0.636 -2.474  2.409  1.89  -2.6  ]
[fjt] final=[-0.783  0.7    0.637 -2.476  2.411  1.889 -2.602]
[fjt] err=[-0.    -0.001  0.001 -0.001  0.002 -0.002 -0.002]
[fjt] names=['panda_joint1', 'panda_joint2', 'panda_joint3', 'panda_joint4', 'panda_joint5', 'panda_joint6', 'panda_joint7'] pts=2
[fjt] times[0..2]=[0.   0.79 1.6 ] times[-3:]=[0.   0.79 1.6 ]
[fjt] goal=[-0.746  0.723  0.614 -2.37   2.251  1.966 -2.491]
[fjt] final=[-0.746  0.723  0.614 -2.371  2.253  1.964 -2.494]
[fjt] err=[-0.    -0.001  0.001 -0.001  0.002 -0.002 -0.003]
[fjt] names=['panda_joint1', 'panda_joint2', 'panda_joint3', 'panda_joint4', 'panda_joint5', 'panda_joint6', 'panda_joint7'] pts=2
[fjt] times[0..2]=[0.   0.81 1.64] times[-3:]=[0.   0.81 1.64]
[fjt] goal=[-0.702  0.756  0.594 -2.263  2.089  2.017 -2.375]
[fjt] final=[-0.703  0.755  0.594 -2.265  2.091  2.015 -2.377]
[fjt] err=[-0.    -0.001  0.    -0.001  0.002 -0.002 -0.003]
[fjt] names=['panda_joint1', 'panda_joint2', 'panda_joint3', 'panda_joint4', 'panda_joint5', 'panda_joint6', 'panda_joint7'] pts=2
[fjt] times[0..2]=[0.   0.83 1.66] times[-3:]=[0.   0.83 1.66]
[fjt] goal=[-0.654  0.795  0.575 -2.156  1.925  2.042 -2.253]
[fjt] final=[-0.654  0.794  0.575 -2.157  1.927  2.04  -2.255]
[fjt] err=[-0.    -0.001  0.    -0.001  0.002 -0.002 -0.003]
[fjt] names=['panda_joint1', 'panda_joint2', 'panda_joint3', 'panda_joint4', 'panda_joint5', 'panda_joint6', 'panda_joint7'] pts=2
[fjt] times[0..2]=[0.   0.82 1.64] times[-3:]=[0.   0.82 1.64]
[fjt] goal=[-0.6    0.838  0.554 -2.047  1.763  2.042 -2.13 ]
[fjt] final=[-0.6    0.838  0.555 -2.048  1.765  2.043 -2.132]
[fjt] err=[-0.    -0.001  0.001 -0.001  0.002  0.001 -0.003]
[fjt] names=['panda_joint1', 'panda_joint2', 'panda_joint3', 'panda_joint4', 'panda_joint5', 'panda_joint6', 'panda_joint7'] pts=2
[fjt] times[0..2]=[0.   0.8  1.57] times[-3:]=[0.   0.8  1.57]
[fjt] goal=[-0.542  0.887  0.532 -1.934  1.608  2.017 -2.011]
[fjt] final=[-0.542  0.886  0.533 -1.935  1.61   2.019 -2.013]
[fjt] err=[-0.    -0.001  0.001 -0.001  0.002  0.002 -0.003]
[fjt] names=['panda_joint1', 'panda_joint2', 'panda_joint3', 'panda_joint4', 'panda_joint5', 'panda_joint6', 'panda_joint7'] pts=2
[fjt] times[0..2]=[0.   0.75 1.46] times[-3:]=[0.   0.75 1.46]
[fjt] goal=[-0.481  0.94   0.511 -1.815  1.464  1.971 -1.899]
[fjt] final=[-0.482  0.94   0.511 -1.817  1.466  1.973 -1.902]
[fjt] err=[-0.    -0.001  0.001 -0.001  0.002  0.002 -0.002]
[fjt] names=['panda_joint1', 'panda_joint2', 'panda_joint3', 'panda_joint4', 'panda_joint5', 'panda_joint6', 'panda_joint7'] pts=2
[fjt] times[0..2]=[0.   0.69 1.35] times[-3:]=[0.   0.69 1.35]
[fjt] goal=[-0.419  0.999  0.49  -1.688  1.333  1.906 -1.796]
[fjt] final=[-0.42   0.998  0.491 -1.69   1.334  1.908 -1.799]
[fjt] err=[-0.001 -0.001  0.001 -0.001  0.002  0.002 -0.003]
[fjt] names=['panda_joint1', 'panda_joint2', 'panda_joint3', 'panda_joint4', 'panda_joint5', 'panda_joint6', 'panda_joint7'] pts=2
[fjt] times[0..2]=[0.   0.67 1.38] times[-3:]=[0.   0.67 1.38]
[fjt] goal=[-0.355  1.065  0.473 -1.551  1.214  1.825 -1.703]
[fjt] final=[-0.356  1.064  0.473 -1.552  1.217  1.827 -1.706]
[fjt] err=[-0.001 -0.001 -0.    -0.001  0.002  0.003 -0.002]
[fjt] names=['panda_joint1', 'panda_joint2', 'panda_joint3', 'panda_joint4', 'panda_joint5', 'panda_joint6', 'panda_joint7'] pts=1
[fjt] times[0..2]=[0.  0.6] times[-3:]=[0.  0.6]
[fjt] goal=[-0.347  1.073  0.471 -1.533  1.201  1.813 -1.692]
[fjt] final=[-0.348  1.073  0.472 -1.534  1.202  1.815 -1.695]
[fjt] err=[-0.001 -0.001  0.    -0.001  0.002  0.002 -0.002]
[fjt] names=['panda_joint1', 'panda_joint2', 'panda_joint3', 'panda_joint4', 'panda_joint5', 'panda_joint6', 'panda_joint7'] pts=4
[fjt] times[0..2]=[0.  0.6 1.2] times[-3:]=[1.2 1.8 2.4]
[fjt] goal=[-0.423  1.074  0.424 -1.504  1.142  1.713 -1.675]
[fjt] final=[-0.423  1.073  0.424 -1.506  1.144  1.715 -1.677]
[fjt] err=[ 0.    -0.001  0.001 -0.001  0.002  0.002 -0.002]
[fjt] names=['panda_joint1', 'panda_joint2', 'panda_joint3', 'panda_joint4', 'panda_joint5', 'panda_joint6', 'panda_joint7'] pts=7
[fjt] times[0..2]=[0.  0.6 1.2] times[-3:]=[3.  3.6 4.2]
[fjt] goal=[-0.56   0.7    0.475 -1.651  1.193  1.586 -1.472]
[fjt] final=[-0.559  0.701  0.474 -1.65   1.191  1.588 -1.474]
[fjt] err=[ 0.     0.001 -0.001  0.001 -0.001  0.002 -0.002]
