[robosuite WARNING] No private macro file found! (__init__.py:7)
[robosuite WARNING] It is recommended to use a private macro file (__init__.py:8)
[robosuite WARNING] To setup, run: python /storage/home/yehe8/.openrua/simulators/cap-x/capx/third_party/libero_dependencies/robosuite/robosuite/scripts/setup_macros.py (__init__.py:9)
Gym has been unmaintained since 2022 and does not support NumPy 2.0 amongst other critical functionality.
Please upgrade to Gymnasium, the maintained drop-in replacement of Gym, or contact the authors of your software and request that they upgrade.
See the migration guide at https://gymnasium.farama.org/introduction/migration_guide/ for additional information.
[info] Using default task order for benchmark 'libero_10_task' (10 tasks).
[Warning]: datasets path /storage/home/yehe8/.openrua/simulators/cap-x/capx/third_party/LIBERO-PRO/libero/datasets does not exist!
[Warning]: datasets path /storage/home/yehe8/.openrua/simulators/cap-x/capx/third_party/LIBERO-PRO/libero/datasets does not exist!
robot ready
[Warning]: datasets path /storage/home/yehe8/.openrua/simulators/cap-x/capx/third_party/LIBERO-PRO/libero/datasets does not exist!
[fjt] names=['panda_joint1', 'panda_joint2', 'panda_joint3', 'panda_joint4', 'panda_joint5', 'panda_joint6', 'panda_joint7'] pts=1
[fjt] times[0..2]=[0. 3.] times[-3:]=[0. 3.]
[fjt] goal=[ 3.800e-02 -2.200e-02  4.900e-02 -2.212e+00  1.000e-03  2.190e+00
  8.720e-01]
[fjt] final=[ 0.038 -0.023  0.049 -2.214  0.     2.192  0.87 ]
[fjt] err=[-0.    -0.001 -0.001 -0.001 -0.001  0.002 -0.002]
[fjt] names=['panda_joint1', 'panda_joint2', 'panda_joint3', 'panda_joint4', 'panda_joint5', 'panda_joint6', 'panda_joint7'] pts=1
[fjt] times[0..2]=[0. 2.] times[-3:]=[0. 2.]
[fjt] goal=[ 0.039  0.141  0.049 -2.303 -0.011  2.444  0.881]
[fjt] final=[ 0.039  0.141  0.049 -2.302 -0.009  2.442  0.878]
[fjt] err=[-0.    -0.    -0.     0.001  0.002 -0.002 -0.003]
[fjt] names=['panda_joint1', 'panda_joint2', 'panda_joint3', 'panda_joint4', 'panda_joint5', 'panda_joint6', 'panda_joint7'] pts=1
[fjt] times[0..2]=[0.  2.5] times[-3:]=[0.  2.5]
[fjt] goal=[ 0.032 -0.083  0.055 -2.122  0.005  2.039  0.869]
[fjt] final=[ 0.032 -0.082  0.054 -2.123  0.004  2.041  0.872]
[fjt] err=[ 0.     0.    -0.001 -0.001 -0.002  0.002  0.002]
[fjt] names=['panda_joint1', 'panda_joint2', 'panda_joint3', 'panda_joint4', 'panda_joint5', 'panda_joint6', 'panda_joint7'] pts=1
[fjt] times[0..2]=[0.  2.5] times[-3:]=[0.  2.5]
[fjt] goal=[ 0.035  0.285  0.053 -2.31  -0.028  2.595  0.895]
[fjt] final=[ 0.034  0.285  0.053 -2.309 -0.027  2.559  0.893]
[fjt] err=[-0.    -0.     0.001  0.001  0.002 -0.035 -0.002]
[fjt] names=['panda_joint1', 'panda_joint2', 'panda_joint3', 'panda_joint4', 'panda_joint5', 'panda_joint6', 'panda_joint7'] pts=1
[fjt] times[0..2]=[0.  2.5] times[-3:]=[0.  2.5]
[fjt] goal=[ 0.024  0.054  0.066 -2.26  -0.005  2.314  0.878]
[fjt] final=[ 0.024  0.055  0.065 -2.261 -0.006  2.316  0.881]
[fjt] err=[ 0.     0.001 -0.001 -0.001 -0.002  0.002  0.002]
[fjt] names=['panda_joint1', 'panda_joint2', 'panda_joint3', 'panda_joint4', 'panda_joint5', 'panda_joint6', 'panda_joint7'] pts=3
[fjt] times[0..2]=[0.  2.5 5.5] times[-3:]=[2.5 5.5 8. ]
[fjt] goal=[ 0.384  0.314  0.225 -2.419 -1.032  1.287  0.469]
[fjt] final=[ 0.384  0.313  0.224 -2.418 -0.945  1.289  0.467]
[fjt] err=[-0.    -0.    -0.001  0.001  0.088  0.002 -0.003]
[fjt] names=['panda_joint1', 'panda_joint2', 'panda_joint3', 'panda_joint4', 'panda_joint5', 'panda_joint6', 'panda_joint7'] pts=2
[fjt] times[0..2]=[0.  3.  4.5] times[-3:]=[0.  3.  4.5]
[fjt] goal=[ 0.04   0.456  0.038 -2.026 -0.027  2.481  0.882]
[fjt] final=[ 0.04   0.455  0.039 -2.025 -0.169  2.084  0.88 ]
[fjt] err=[-0.    -0.001  0.001  0.001 -0.141 -0.396 -0.002]
[fjt] names=['panda_joint1', 'panda_joint2', 'panda_joint3', 'panda_joint4', 'panda_joint5', 'panda_joint6', 'panda_joint7'] pts=8
[fjt] times[0..2]=[0.         0.8        1.54285714] times[-3:]=[4.51428571 5.25714286 6.        ]
[fjt] goal=[ 0.048  0.146  0.052 -2.528 -0.017  2.674  0.899]
[fjt] final=[ 0.047  0.147  0.051 -2.526 -0.018  2.672  0.897]
[fjt] err=[-0.     0.001 -0.001  0.001 -0.001 -0.002 -0.002]
[fjt] names=['panda_joint1', 'panda_joint2', 'panda_joint3', 'panda_joint4', 'panda_joint5', 'panda_joint6', 'panda_joint7'] pts=2
[fjt] times[0..2]=[0. 2. 4.] times[-3:]=[0. 2. 4.]
[fjt] goal=[ 0.025  0.103  0.062 -2.196 -0.009  2.299  0.878]
[fjt] final=[ 0.025  0.102  0.063 -2.197 -0.007  2.301  0.88 ]
[fjt] err=[ 0.    -0.001  0.001 -0.002  0.001  0.002  0.002]
[fjt] names=['panda_joint1', 'panda_joint2', 'panda_joint3', 'panda_joint4', 'panda_joint5', 'panda_joint6', 'panda_joint7'] pts=1
[fjt] times[0..2]=[0. 2.] times[-3:]=[0. 2.]
[fjt] goal=[ 0.029  0.325  0.055 -2.246 -0.033  2.569  0.895]
[fjt] final=[ 0.029  0.324  0.056 -2.245 -0.031  2.567  0.892]
[fjt] err=[-0.    -0.     0.001  0.001  0.002 -0.002 -0.002]
[fjt] names=['panda_joint1', 'panda_joint2', 'panda_joint3', 'panda_joint4', 'panda_joint5', 'panda_joint6', 'panda_joint7'] pts=6
[fjt] times[0..2]=[0. 1. 2.] times[-3:]=[4. 5. 6.]
[fjt] goal=[ 0.032  0.177  0.063 -2.483 -0.024  2.66   0.902]
[fjt] final=[ 0.032  0.177  0.063 -2.481 -0.026  2.658  0.899]
[fjt] err=[-0.    -0.    -0.001  0.003 -0.001 -0.001 -0.002]
[fjt] names=['panda_joint1', 'panda_joint2', 'panda_joint3', 'panda_joint4', 'panda_joint5', 'panda_joint6', 'panda_joint7'] pts=1
[fjt] times[0..2]=[0. 3.] times[-3:]=[0. 3.]
[fjt] goal=[-0.09   0.177  0.287 -2.453 -0.1    2.621 -0.506]
[fjt] final=[-0.09   0.177  0.286 -2.455 -0.098  2.623  0.344]
[fjt] err=[ 0.    -0.    -0.001 -0.001  0.002  0.002  0.85 ]
[fjt] names=['panda_joint1', 'panda_joint2', 'panda_joint3', 'panda_joint4', 'panda_joint5', 'panda_joint6', 'panda_joint7'] pts=1
[fjt] times[0..2]=[0. 4.] times[-3:]=[0. 4.]
[fjt] goal=[-0.191  0.183  0.383 -2.452 -0.137  2.618 -0.48 ]
[fjt] final=[-0.19   0.183  0.382 -2.454 -0.134  2.62  -0.367]
[fjt] err=[ 0.    -0.    -0.001 -0.002  0.002  0.002  0.113]
[fjt] names=['panda_joint1', 'panda_joint2', 'panda_joint3', 'panda_joint4', 'panda_joint5', 'panda_joint6', 'panda_joint7'] pts=1
[fjt] times[0..2]=[0. 3.] times[-3:]=[0. 3.]
[fjt] goal=[-0.191  0.183  0.383 -2.452 -0.137  2.618 -0.48 ]
[fjt] final=[-0.19   0.183  0.382 -2.454 -0.136  2.62  -0.478]
[fjt] err=[ 0.001 -0.    -0.001 -0.002  0.001  0.002  0.002]
[fjt] names=['panda_joint1', 'panda_joint2', 'panda_joint3', 'panda_joint4', 'panda_joint5', 'panda_joint6', 'panda_joint7'] pts=10
[fjt] times[0..2]=[0. 2. 3.] times[-3:]=[ 9. 10. 11.]
[fjt] goal=[-0.272  0.336  0.29  -2.465 -0.267  2.776 -0.533]
[fjt] final=[-0.277  0.309  0.275 -2.431 -0.265  2.79  -0.534]
[fjt] err=[-0.005 -0.027 -0.014  0.035  0.001  0.013 -0.001]
[fjt] names=['panda_joint1', 'panda_joint2', 'panda_joint3', 'panda_joint4', 'panda_joint5', 'panda_joint6', 'panda_joint7'] pts=9
[fjt] times[0..2]=[0. 1. 2.] times[-3:]=[7. 8. 9.]
[fjt] goal=[-0.279  0.494  0.181 -2.421 -0.356  2.894 -0.559]
[fjt] final=[-0.28   0.494  0.182 -2.422 -0.354  2.892 -0.562]
[fjt] err=[-0.    -0.001  0.001 -0.001  0.002 -0.002 -0.002]
[fjt] names=['panda_joint1', 'panda_joint2', 'panda_joint3', 'panda_joint4', 'panda_joint5', 'panda_joint6', 'panda_joint7'] pts=1
[fjt] times[0..2]=[0.  2.5] times[-3:]=[0.  2.5]
[fjt] goal=[-0.654 -0.202  0.604 -2.375  0.142  2.203 -0.929]
[fjt] final=[-0.653 -0.049  0.603 -2.376  0.135  2.368 -0.927]
[fjt] err=[ 0.001  0.153 -0.001 -0.001 -0.007  0.164  0.002]
[fjt] names=['panda_joint1', 'panda_joint2', 'panda_joint3', 'panda_joint4', 'panda_joint5', 'panda_joint6', 'panda_joint7'] pts=1
[fjt] times[0..2]=[0. 4.] times[-3:]=[0. 4.]
[fjt] goal=[-0.65   0.6    0.527 -1.634  0.437  1.99  -1.184]
[fjt] final=[-0.65   0.599  0.528 -1.643  0.435  1.991 -1.181]
[fjt] err=[-0.    -0.001  0.001 -0.008 -0.002  0.001  0.003]
[fjt] names=['panda_joint1', 'panda_joint2', 'panda_joint3', 'panda_joint4', 'panda_joint5', 'panda_joint6', 'panda_joint7'] pts=1
[fjt] times[0..2]=[0. 4.] times[-3:]=[0. 4.]
[fjt] goal=[ 0.707  0.34  -0.572 -2.451  0.765  2.948  1.804]
[fjt] final=[ 0.139  0.34  -0.239 -2.396  0.762  2.737 -0.502]
[fjt] err=[-5.680e-01  0.000e+00  3.330e-01  5.500e-02 -2.000e-03 -2.110e-01
 -2.306e+00]
[fjt] names=['panda_joint1', 'panda_joint2', 'panda_joint3', 'panda_joint4', 'panda_joint5', 'panda_joint6', 'panda_joint7'] pts=1
[fjt] times[0..2]=[0. 3.] times[-3:]=[0. 3.]
[fjt] goal=[ 0.347  0.619 -0.145 -2.266  1.277  3.118  1.321]
[fjt] final=[ 0.346  0.615 -0.149 -2.262  1.271  3.121  0.057]
[fjt] err=[-1.000e-03 -4.000e-03 -5.000e-03  4.000e-03 -6.000e-03  3.000e-03
 -1.265e+00]
[fjt] names=['panda_joint1', 'panda_joint2', 'panda_joint3', 'panda_joint4', 'panda_joint5', 'panda_joint6', 'panda_joint7'] pts=4
[fjt] times[0..2]=[0.   1.25 2.5 ] times[-3:]=[2.5  3.75 5.  ]
[fjt] goal=[ 0.578  0.54  -0.318 -2.415  2.057  3.052  0.631]
[fjt] final=[ 0.578  0.541 -0.317 -2.414  2.055  3.054  0.634]
[fjt] err=[-0.001  0.001  0.001  0.001 -0.002  0.002  0.002]
[fjt] names=['panda_joint1', 'panda_joint2', 'panda_joint3', 'panda_joint4', 'panda_joint5', 'panda_joint6', 'panda_joint7'] pts=1
[fjt] times[0..2]=[0. 3.] times[-3:]=[0. 3.]
[fjt] goal=[ 0.598  0.099 -0.441 -2.793  0.559  3.142  1.962]
[fjt] final=[ 0.598  0.1   -0.44  -2.792  1.442  3.14   1.234]
[fjt] err=[-0.     0.001  0.001  0.001  0.883 -0.002 -0.728]
[fjt] names=['panda_joint1', 'panda_joint2', 'panda_joint3', 'panda_joint4', 'panda_joint5', 'panda_joint6', 'panda_joint7'] pts=1
[fjt] times[0..2]=[0.         6.42936232] times[-3:]=[0.         6.42936232]
[fjt] goal=[ 0.651 -0.406 -0.385 -2.524 -0.487  2.395  0.068]
[fjt] final=[ 0.65  -0.405 -0.386 -2.525  0.386  2.397  0.354]
[fjt] err=[-0.     0.001 -0.002 -0.001  0.873  0.002  0.286]
[fjt] names=['panda_joint1', 'panda_joint2', 'panda_joint3', 'panda_joint4', 'panda_joint5', 'panda_joint6', 'panda_joint7'] pts=1
[fjt] times[0..2]=[0. 3.] times[-3:]=[0. 3.]
[fjt] goal=[ 0.651 -0.406 -0.385 -2.524 -0.487  2.395  0.068]
[fjt] final=[ 0.651 -0.406 -0.386 -2.525 -0.208  2.396  0.072]
[fjt] err=[-0.     0.    -0.001 -0.001  0.279  0.002  0.004]
[fjt] names=['panda_joint1', 'panda_joint2', 'panda_joint3', 'panda_joint4', 'panda_joint5', 'panda_joint6', 'panda_joint7'] pts=1
[fjt] times[0..2]=[0. 3.] times[-3:]=[0. 3.]
[fjt] goal=[ 0.651 -0.406 -0.385 -2.524 -0.487  2.395  0.068]
[fjt] final=[ 0.651 -0.406 -0.385 -2.525 -0.486  2.396  0.07 ]
[fjt] err=[-0.     0.    -0.    -0.001  0.001  0.002  0.002]
[fjt] names=['panda_joint1', 'panda_joint2', 'panda_joint3', 'panda_joint4', 'panda_joint5', 'panda_joint6', 'panda_joint7'] pts=1
[fjt] times[0..2]=[0. 4.] times[-3:]=[0. 4.]
[fjt] goal=[ 0.634  0.252 -0.427 -2.535 -0.729  3.051  0.429]
[fjt] final=[ 0.634  0.251 -0.427 -2.534 -0.727  3.049  0.426]
[fjt] err=[ 0.    -0.001  0.001  0.001  0.002 -0.003 -0.003]
[fjt] names=['panda_joint1', 'panda_joint2', 'panda_joint3', 'panda_joint4', 'panda_joint5', 'panda_joint6', 'panda_joint7'] pts=1
[fjt] times[0..2]=[0. 3.] times[-3:]=[0. 3.]
[fjt] goal=[ 0.782  0.639 -0.592 -2.409 -0.887  3.329  0.714]
[fjt] final=[ 0.782  0.636 -0.592 -2.411 -0.886  3.328  0.711]
[fjt] err=[-0.    -0.003  0.    -0.002  0.001 -0.001 -0.003]
[fjt] names=['panda_joint1', 'panda_joint2', 'panda_joint3', 'panda_joint4', 'panda_joint5', 'panda_joint6', 'panda_joint7'] pts=1
[fjt] times[0..2]=[0. 3.] times[-3:]=[0. 3.]
[fjt] goal=[ 0.578  0.315 -0.39  -2.503 -0.868  3.086  0.56 ]
[fjt] final=[ 0.578  0.316 -0.391 -2.502 -0.87   3.088  0.563]
[fjt] err=[ 0.     0.001 -0.001  0.001 -0.002  0.002  0.003]
[fjt] names=['panda_joint1', 'panda_joint2', 'panda_joint3', 'panda_joint4', 'panda_joint5', 'panda_joint6', 'panda_joint7'] pts=1
[fjt] times[0..2]=[0. 4.] times[-3:]=[0. 4.]
[fjt] goal=[ 0.194 -0.166 -0.099 -2.625 -0.375  2.765 -0.099]
[fjt] final=[ 0.195 -0.165 -0.1   -2.624 -0.377  2.767 -0.096]
[fjt] err=[ 0.001  0.001 -0.001  0.    -0.002  0.002  0.003]
[fjt] names=['panda_joint1', 'panda_joint2', 'panda_joint3', 'panda_joint4', 'panda_joint5', 'panda_joint6', 'panda_joint7'] pts=1
[fjt] times[0..2]=[0. 4.] times[-3:]=[0. 4.]
[fjt] goal=[ 0.34  -0.073 -0.236 -2.404 -0.023  2.333 -0.402]
[fjt] final=[ 0.34  -0.073 -0.235 -2.406 -0.025  2.335 -0.4  ]
[fjt] err=[-0.001 -0.     0.001 -0.002 -0.002  0.002  0.003]
[fjt] names=['panda_joint1', 'panda_joint2', 'panda_joint3', 'panda_joint4', 'panda_joint5', 'panda_joint6', 'panda_joint7'] pts=1
[fjt] times[0..2]=[0. 5.] times[-3:]=[0. 5.]
[fjt] goal=[ 0.303 -0.072 -0.199 -2.404 -0.02   2.333  0.555]
[fjt] final=[ 0.304 -0.073 -0.2   -2.406 -0.022  2.335  0.45 ]
[fjt] err=[ 0.001 -0.    -0.001 -0.002 -0.002  0.002 -0.104]
[fjt] names=['panda_joint1', 'panda_joint2', 'panda_joint3', 'panda_joint4', 'panda_joint5', 'panda_joint6', 'panda_joint7'] pts=1
[fjt] times[0..2]=[0. 3.] times[-3:]=[0. 3.]
[fjt] goal=[ 0.303 -0.072 -0.199 -2.404 -0.02   2.333  0.555]
[fjt] final=[ 0.303 -0.072 -0.199 -2.406 -0.021  2.335  0.553]
[fjt] err=[ 0.    -0.    -0.001 -0.002 -0.001  0.002 -0.002]
[fjt] names=['panda_joint1', 'panda_joint2', 'panda_joint3', 'panda_joint4', 'panda_joint5', 'panda_joint6', 'panda_joint7'] pts=1
[fjt] times[0..2]=[0. 5.] times[-3:]=[0. 5.]
[fjt] goal=[ 0.268 -0.072 -0.163 -2.404 -0.016  2.333  1.512]
[fjt] final=[ 0.268 -0.072 -0.164 -2.406 -0.018  2.335  1.403]
[fjt] err=[ 0.001 -0.    -0.001 -0.001 -0.002  0.001 -0.109]
[fjt] names=['panda_joint1', 'panda_joint2', 'panda_joint3', 'panda_joint4', 'panda_joint5', 'panda_joint6', 'panda_joint7'] pts=1
[fjt] times[0..2]=[0. 3.] times[-3:]=[0. 3.]
[fjt] goal=[ 0.268 -0.072 -0.163 -2.404 -0.016  2.333  1.512]
[fjt] final=[ 0.268 -0.072 -0.164 -2.406 -0.017  2.335  1.51 ]
[fjt] err=[ 0.    -0.    -0.001 -0.001 -0.001  0.001 -0.002]
[fjt] names=['panda_joint1', 'panda_joint2', 'panda_joint3', 'panda_joint4', 'panda_joint5', 'panda_joint6', 'panda_joint7'] pts=1
[fjt] times[0..2]=[0. 5.] times[-3:]=[0. 5.]
[fjt] goal=[ 0.233 -0.071 -0.129 -2.404 -0.013  2.333  2.469]
[fjt] final=[ 0.233 -0.072 -0.129 -2.405 -0.015  2.334  2.36 ]
[fjt] err=[ 0.001 -0.    -0.001 -0.001 -0.002  0.001 -0.109]
[fjt] names=['panda_joint1', 'panda_joint2', 'panda_joint3', 'panda_joint4', 'panda_joint5', 'panda_joint6', 'panda_joint7'] pts=1
[fjt] times[0..2]=[0. 3.] times[-3:]=[0. 3.]
[fjt] goal=[ 0.233 -0.071 -0.129 -2.404 -0.013  2.333  2.469]
[fjt] final=[ 0.233 -0.072 -0.129 -2.405 -0.014  2.334  2.467]
[fjt] err=[ 0.    -0.    -0.001 -0.001 -0.001  0.001 -0.002]
[fjt] names=['panda_joint1', 'panda_joint2', 'panda_joint3', 'panda_joint4', 'panda_joint5', 'panda_joint6', 'panda_joint7'] pts=1
[fjt] times[0..2]=[0. 4.] times[-3:]=[0. 4.]
[fjt] goal=[ 0.295 -0.137 -0.058 -2.639 -0.013  2.502  2.605]
[fjt] final=[ 0.295 -0.136 -0.058 -2.638 -0.014  2.5    2.603]
[fjt] err=[-0.     0.001 -0.001  0.001 -0.001 -0.002 -0.002]
[fjt] names=['panda_joint1', 'panda_joint2', 'panda_joint3', 'panda_joint4', 'panda_joint5', 'panda_joint6', 'panda_joint7'] pts=1
[fjt] times[0..2]=[0. 3.] times[-3:]=[0. 3.]
[fjt] goal=[ 0.273  0.348 -0.024 -2.617  0.046  2.965  2.561]
[fjt] final=[ 0.273  0.347 -0.025 -2.618  0.044  2.963  2.564]
[fjt] err=[ 0.    -0.001 -0.001 -0.001 -0.002 -0.002  0.002]
[fjt] names=['panda_joint1', 'panda_joint2', 'panda_joint3', 'panda_joint4', 'panda_joint5', 'panda_joint6', 'panda_joint7'] pts=1
[fjt] times[0..2]=[0. 3.] times[-3:]=[0. 3.]
[fjt] goal=[ 0.321 -0.137 -0.084 -2.639 -0.019  2.502  2.609]
[fjt] final=[ 0.32  -0.136 -0.083 -2.638 -0.017  2.504  2.607]
[fjt] err=[-0.     0.001  0.001  0.001  0.002  0.002 -0.002]
[fjt] names=['panda_joint1', 'panda_joint2', 'panda_joint3', 'panda_joint4', 'panda_joint5', 'panda_joint6', 'panda_joint7'] pts=1
[fjt] times[0..2]=[0. 4.] times[-3:]=[0. 4.]
[fjt] goal=[ 0.219  0.505 -0.206 -1.742  0.126  2.234  2.316]
[fjt] final=[ 0.219  0.505 -0.205 -1.874  0.125  2.234  2.319]
[fjt] err=[ 0.    -0.001  0.001 -0.133 -0.002  0.     0.003]
[fjt] names=['panda_joint1', 'panda_joint2', 'panda_joint3', 'panda_joint4', 'panda_joint5', 'panda_joint6', 'panda_joint7'] pts=1
[fjt] times[0..2]=[0. 3.] times[-3:]=[0. 3.]
[fjt] goal=[ 0.219  0.505 -0.206 -1.742  0.126  2.234  2.316]
[fjt] final=[ 0.219  0.505 -0.206 -1.743  0.125  2.234  2.319]
[fjt] err=[ 0.    -0.001  0.001 -0.001 -0.001  0.     0.002]
[fjt] names=['panda_joint1', 'panda_joint2', 'panda_joint3', 'panda_joint4', 'panda_joint5', 'panda_joint6', 'panda_joint7'] pts=1
[fjt] times[0..2]=[0. 3.] times[-3:]=[0. 3.]
[fjt] goal=[ 0.184  0.803 -0.157 -1.717  0.19   2.505  2.278]
[fjt] final=[ 0.185  0.802 -0.158 -1.718  0.188  2.503  2.28 ]
[fjt] err=[ 0.    -0.001 -0.001 -0.001 -0.002 -0.002  0.002]
[fjt] names=['panda_joint1', 'panda_joint2', 'panda_joint3', 'panda_joint4', 'panda_joint5', 'panda_joint6', 'panda_joint7'] pts=5
[fjt] times[0..2]=[0. 1. 2.] times[-3:]=[3. 4. 5.]
[fjt] goal=[ 0.112  0.803 -0.16  -1.717  0.194  2.504  2.2  ]
[fjt] final=[ 0.113  0.802 -0.158 -1.716  0.193  2.504  2.203]
[fjt] err=[ 0.001 -0.001  0.002  0.001 -0.001 -0.001  0.003]
[fjt] names=['panda_joint1', 'panda_joint2', 'panda_joint3', 'panda_joint4', 'panda_joint5', 'panda_joint6', 'panda_joint7'] pts=1
[fjt] times[0..2]=[0. 3.] times[-3:]=[0. 3.]
[fjt] goal=[ 0.166  0.443 -0.234 -1.705  0.118  2.134  2.246]
[fjt] final=[ 0.165  0.443 -0.233 -1.706  0.119  2.136  2.244]
[fjt] err=[-0.     0.     0.001 -0.001  0.001  0.002 -0.002]
[fjt] names=['panda_joint1', 'panda_joint2', 'panda_joint3', 'panda_joint4', 'panda_joint5', 'panda_joint6', 'panda_joint7'] pts=1
[fjt] times[0..2]=[0. 3.] times[-3:]=[0. 3.]
[fjt] goal=[ 0.144 -0.095 -0.329 -2.148 -0.035  2.057  2.189]
[fjt] final=[ 0.145 -0.093 -0.329 -2.147 -0.033  2.058  2.191]
[fjt] err=[0.    0.002 0.001 0.001 0.001 0.001 0.002]
[fjt] names=['panda_joint1', 'panda_joint2', 'panda_joint3', 'panda_joint4', 'panda_joint5', 'panda_joint6', 'panda_joint7'] pts=1
[fjt] times[0..2]=[0. 4.] times[-3:]=[0. 4.]
[fjt] goal=[ 0.337  0.248 -0.109 -2.133  0.039  2.379  2.56 ]
[fjt] final=[ 0.336  0.248 -0.109 -2.133  0.037  2.377  2.557]
[fjt] err=[-0.    -0.001 -0.001 -0.001 -0.001 -0.002 -0.002]
[fjt] names=['panda_joint1', 'panda_joint2', 'panda_joint3', 'panda_joint4', 'panda_joint5', 'panda_joint6', 'panda_joint7'] pts=1
[fjt] times[0..2]=[0. 3.] times[-3:]=[0. 3.]
[fjt] goal=[ 0.319  0.526 -0.083 -2.13   0.089  2.653  2.525]
[fjt] final=[ 0.32   0.525 -0.084 -2.131  0.087  2.652  2.527]
[fjt] err=[ 0.    -0.001 -0.001 -0.001 -0.002 -0.002  0.002]
[fjt] names=['panda_joint1', 'panda_joint2', 'panda_joint3', 'panda_joint4', 'panda_joint5', 'panda_joint6', 'panda_joint7'] pts=5
[fjt] times[0..2]=[0. 1. 2.] times[-3:]=[3. 4. 5.]
[fjt] goal=[ 0.241  0.508 -0.09  -2.165  0.097  2.67   2.432]
[fjt] final=[ 0.249  0.512 -0.061 -2.152  0.106  2.675  2.441]
[fjt] err=[0.007 0.004 0.03  0.013 0.009 0.005 0.009]
[fjt] names=['panda_joint1', 'panda_joint2', 'panda_joint3', 'panda_joint4', 'panda_joint5', 'panda_joint6', 'panda_joint7'] pts=1
[fjt] times[0..2]=[0. 3.] times[-3:]=[0. 3.]
[fjt] goal=[ 0.28   0.144 -0.14  -2.132  0.026  2.275  2.481]
[fjt] final=[ 0.279  0.145 -0.139 -2.133  0.028  2.277  2.479]
[fjt] err=[-0.     0.     0.001 -0.001  0.002  0.002 -0.002]
[fjt] names=['panda_joint1', 'panda_joint2', 'panda_joint3', 'panda_joint4', 'panda_joint5', 'panda_joint6', 'panda_joint7'] pts=1
[fjt] times[0..2]=[0. 3.] times[-3:]=[0. 3.]
[fjt] goal=[ 0.158 -0.115 -0.248 -2.172 -0.032  2.06   2.283]
[fjt] final=[ 0.158 -0.114 -0.247 -2.171 -0.031  2.062  2.285]
[fjt] err=[0.    0.001 0.001 0.001 0.001 0.002 0.002]
[fjt] names=['panda_joint1', 'panda_joint2', 'panda_joint3', 'panda_joint4', 'panda_joint5', 'panda_joint6', 'panda_joint7'] pts=1
[fjt] times[0..2]=[0. 4.] times[-3:]=[0. 4.]
[fjt] goal=[ 0.311 -0.167 -0.086 -2.671 -0.024  2.505  2.601]
[fjt] final=[ 0.31  -0.166 -0.087 -2.67  -0.025  2.503  2.599]
[fjt] err=[-0.     0.001 -0.001  0.001 -0.001 -0.002 -0.002]
[fjt] names=['panda_joint1', 'panda_joint2', 'panda_joint3', 'panda_joint4', 'panda_joint5', 'panda_joint6', 'panda_joint7'] pts=1
[fjt] times[0..2]=[0. 3.] times[-3:]=[0. 3.]
[fjt] goal=[ 0.256  0.397 -0.016 -2.631  0.054  3.028  2.544]
[fjt] final=[ 0.256  0.394 -0.017 -2.632  0.052  3.025  2.546]
[fjt] err=[ 0.    -0.003 -0.001 -0.001 -0.002 -0.002  0.002]
[fjt] names=['panda_joint1', 'panda_joint2', 'panda_joint3', 'panda_joint4', 'panda_joint5', 'panda_joint6', 'panda_joint7'] pts=1
[fjt] times[0..2]=[0. 3.] times[-3:]=[0. 3.]
[fjt] goal=[ 0.319 -0.28  -0.092 -2.628 -0.036  2.349  2.611]
[fjt] final=[ 0.318 -0.22  -0.092 -2.629 -0.034  2.425  2.609]
[fjt] err=[-0.     0.059  0.001 -0.     0.002  0.076 -0.002]
[fjt] names=['panda_joint1', 'panda_joint2', 'panda_joint3', 'panda_joint4', 'panda_joint5', 'panda_joint6', 'panda_joint7'] pts=1
[fjt] times[0..2]=[0. 3.] times[-3:]=[0. 3.]
[fjt] goal=[ 0.319 -0.28  -0.092 -2.628 -0.036  2.349  2.611]
[fjt] final=[ 0.318 -0.279 -0.092 -2.629 -0.034  2.351  2.609]
[fjt] err=[-0.     0.001  0.001 -0.     0.002  0.002 -0.002]
[fjt] names=['panda_joint1', 'panda_joint2', 'panda_joint3', 'panda_joint4', 'panda_joint5', 'panda_joint6', 'panda_joint7'] pts=1
[fjt] times[0..2]=[0. 4.] times[-3:]=[0. 4.]
[fjt] goal=[ 0.384 -0.132 -0.275 -2.469 -0.05   2.341  1.716]
[fjt] final=[ 0.383 -0.132 -0.275 -2.47  -0.048  2.343  1.889]
[fjt] err=[-0.001 -0.     0.001 -0.002  0.002  0.002  0.173]
[fjt] names=['panda_joint1', 'panda_joint2', 'panda_joint3', 'panda_joint4', 'panda_joint5', 'panda_joint6', 'panda_joint7'] pts=1
[fjt] times[0..2]=[0. 3.] times[-3:]=[0. 3.]
[fjt] goal=[ 0.384 -0.132 -0.275 -2.469 -0.05   2.341  1.716]
[fjt] final=[ 0.383 -0.132 -0.275 -2.47  -0.049  2.343  1.718]
[fjt] err=[-0.    -0.     0.001 -0.002  0.001  0.002  0.002]
[fjt] names=['panda_joint1', 'panda_joint2', 'panda_joint3', 'panda_joint4', 'panda_joint5', 'panda_joint6', 'panda_joint7'] pts=1
[fjt] times[0..2]=[0. 4.] times[-3:]=[0. 4.]
[fjt] goal=[ 0.437 -0.134 -0.329 -2.469 -0.06   2.341  0.938]
[fjt] final=[ 0.437 -0.133 -0.328 -2.47  -0.058  2.343  1.014]
[fjt] err=[-0.001  0.001  0.001 -0.001  0.002  0.002  0.075]
[fjt] names=['panda_joint1', 'panda_joint2', 'panda_joint3', 'panda_joint4', 'panda_joint5', 'panda_joint6', 'panda_joint7'] pts=1
[fjt] times[0..2]=[0. 3.] times[-3:]=[0. 3.]
[fjt] goal=[ 0.437 -0.134 -0.329 -2.469 -0.06   2.341  0.938]
[fjt] final=[ 0.437 -0.133 -0.328 -2.47  -0.059  2.343  0.94 ]
[fjt] err=[-0.     0.001  0.001 -0.001  0.001  0.002  0.002]
[fjt] names=['panda_joint1', 'panda_joint2', 'panda_joint3', 'panda_joint4', 'panda_joint5', 'panda_joint6', 'panda_joint7'] pts=1
[fjt] times[0..2]=[0. 5.] times[-3:]=[0. 5.]
[fjt] goal=[ 0.46   0.587 -0.383 -1.375  0.222  1.919  0.845]
[fjt] final=[ 0.46   0.586 -0.382 -1.555  0.22   1.919  0.848]
[fjt] err=[-0.    -0.001  0.001 -0.18  -0.002  0.     0.003]
[fjt] names=['panda_joint1', 'panda_joint2', 'panda_joint3', 'panda_joint4', 'panda_joint5', 'panda_joint6', 'panda_joint7'] pts=1
[fjt] times[0..2]=[0. 3.] times[-3:]=[0. 3.]
[fjt] goal=[ 0.46   0.587 -0.383 -1.375  0.222  1.919  0.845]
[fjt] final=[ 0.46   0.586 -0.382 -1.376  0.22   1.919  0.847]
[fjt] err=[-0.    -0.     0.001 -0.002 -0.001  0.     0.002]
[fjt] names=['panda_joint1', 'panda_joint2', 'panda_joint3', 'panda_joint4', 'panda_joint5', 'panda_joint6', 'panda_joint7'] pts=1
[fjt] times[0..2]=[0. 4.] times[-3:]=[0. 4.]
[fjt] goal=[ 0.423  0.849 -0.308 -1.491  0.308  2.292  0.795]
[fjt] final=[ 0.421  0.71  -0.319 -1.475  0.312  2.188  0.762]
[fjt] err=[-0.002 -0.139 -0.012  0.015  0.004 -0.104 -0.033]
[fjt] names=['panda_joint1', 'panda_joint2', 'panda_joint3', 'panda_joint4', 'panda_joint5', 'panda_joint6', 'panda_joint7'] pts=1
[fjt] times[0..2]=[0. 3.] times[-3:]=[0. 3.]
[fjt] goal=[ 0.423  0.849 -0.308 -1.491  0.308  2.292  0.795]
[fjt] final=[ 0.422  0.706 -0.318 -1.484  0.31   2.206  0.753]
[fjt] err=[-0.001 -0.142 -0.01   0.007  0.003 -0.085 -0.042]
[fjt] names=['panda_joint1', 'panda_joint2', 'panda_joint3', 'panda_joint4', 'panda_joint5', 'panda_joint6', 'panda_joint7'] pts=1
[fjt] times[0..2]=[0. 3.] times[-3:]=[0. 3.]
[fjt] goal=[ 0.423  0.849 -0.308 -1.491  0.308  2.292  0.795]
[fjt] final=[ 0.422  0.706 -0.317 -1.485  0.31   2.21   0.752]
[fjt] err=[-0.001 -0.143 -0.01   0.005  0.002 -0.081 -0.043]
[fjt] names=['panda_joint1', 'panda_joint2', 'panda_joint3', 'panda_joint4', 'panda_joint5', 'panda_joint6', 'panda_joint7'] pts=1
[fjt] times[0..2]=[0. 3.] times[-3:]=[0. 3.]
[fjt] goal=[ 0.423  0.849 -0.308 -1.491  0.308  2.292  0.795]
[fjt] final=[ 0.422  0.706 -0.317 -1.486  0.31   2.211  0.752]
[fjt] err=[-0.001 -0.143 -0.01   0.005  0.002 -0.08  -0.043]
[fjt] names=['panda_joint1', 'panda_joint2', 'panda_joint3', 'panda_joint4', 'panda_joint5', 'panda_joint6', 'panda_joint7'] pts=1
[fjt] times[0..2]=[0. 3.] times[-3:]=[0. 3.]
[fjt] goal=[ 0.46   0.587 -0.383 -1.375  0.222  1.919  0.845]
[fjt] final=[ 0.46   0.587 -0.382 -1.375  0.223  1.921  0.843]
[fjt] err=[-0.     0.     0.001 -0.001  0.001  0.002 -0.002]
[fjt] names=['panda_joint1', 'panda_joint2', 'panda_joint3', 'panda_joint4', 'panda_joint5', 'panda_joint6', 'panda_joint7'] pts=1
[fjt] times[0..2]=[0. 3.] times[-3:]=[0. 3.]
[fjt] goal=[ 0.46   0.042 -0.557 -1.997  0.025  2.033  0.679]
[fjt] final=[ 0.46   0.044 -0.556 -1.974  0.026  2.032  0.681]
[fjt] err=[-0.     0.002  0.001  0.023  0.001 -0.001  0.002]
[fjt] names=['panda_joint1', 'panda_joint2', 'panda_joint3', 'panda_joint4', 'panda_joint5', 'panda_joint6', 'panda_joint7'] pts=1
[fjt] times[0..2]=[0. 5.] times[-3:]=[0. 5.]
[fjt] goal=[ 0.398  0.589 -0.602 -1.675  0.908  1.908  1.784]
[fjt] final=[ 0.399  0.588 -0.601 -1.676  0.895  1.91   1.476]
[fjt] err=[ 0.    -0.001  0.001 -0.001 -0.013  0.002 -0.308]
[fjt] names=['panda_joint1', 'panda_joint2', 'panda_joint3', 'panda_joint4', 'panda_joint5', 'panda_joint6', 'panda_joint7'] pts=1
[fjt] times[0..2]=[0. 3.] times[-3:]=[0. 3.]
[fjt] goal=[ 0.398  0.589 -0.602 -1.675  0.908  1.908  1.784]
[fjt] final=[ 0.398  0.589 -0.601 -1.676  0.906  1.91   1.782]
[fjt] err=[ 0.    -0.001  0.001 -0.001 -0.001  0.002 -0.002]
[fjt] names=['panda_joint1', 'panda_joint2', 'panda_joint3', 'panda_joint4', 'panda_joint5', 'panda_joint6', 'panda_joint7'] pts=1
[fjt] times[0..2]=[0. 3.] times[-3:]=[0. 3.]
[fjt] goal=[ 0.309  0.907 -0.469 -1.616  1.103  2.089  1.591]
[fjt] final=[ 0.31   0.882 -0.478 -1.618  1.1    2.065  1.6  ]
[fjt] err=[ 0.001 -0.025 -0.009 -0.002 -0.003 -0.024  0.009]
[fjt] names=['panda_joint1', 'panda_joint2', 'panda_joint3', 'panda_joint4', 'panda_joint5', 'panda_joint6', 'panda_joint7'] pts=7
[fjt] times[0..2]=[0.         1.14285714 2.28571429] times[-3:]=[5.71428571 6.85714286 8.        ]
[fjt] goal=[ 0.485  0.899 -0.409 -1.618  1.148  2.208  1.744]
[fjt] final=[ 0.485  0.898 -0.41  -1.618  1.147  2.207  1.742]
[fjt] err=[-0.    -0.001 -0.001 -0.001 -0.001 -0.001 -0.002]
[fjt] names=['panda_joint1', 'panda_joint2', 'panda_joint3', 'panda_joint4', 'panda_joint5', 'panda_joint6', 'panda_joint7'] pts=1
[fjt] times[0..2]=[0. 3.] times[-3:]=[0. 3.]
[fjt] goal=[ 0.519  0.53  -0.592 -1.688  0.893  1.949  1.916]
[fjt] final=[ 0.519  0.531 -0.592 -1.687  0.895  1.951  1.914]
[fjt] err=[-0.     0.001  0.001  0.001  0.002  0.002 -0.002]
[fjt] names=['panda_joint1', 'panda_joint2', 'panda_joint3', 'panda_joint4', 'panda_joint5', 'panda_joint6', 'panda_joint7'] pts=1
[fjt] times[0..2]=[0. 3.] times[-3:]=[0. 3.]
[fjt] goal=[ 0.504  0.153 -0.794 -1.92   0.627  1.803  1.843]
[fjt] final=[ 0.504  0.154 -0.794 -1.919  0.629  1.805  1.846]
[fjt] err=[0.    0.001 0.001 0.001 0.002 0.002 0.002]
[fjt] names=['panda_joint1', 'panda_joint2', 'panda_joint3', 'panda_joint4', 'panda_joint5', 'panda_joint6', 'panda_joint7'] pts=1
[fjt] times[0..2]=[0. 5.] times[-3:]=[0. 5.]
[fjt] goal=[ 0.576  0.579 -0.581 -1.697  0.95   2.011  1.923]
[fjt] final=[ 0.576  0.579 -0.582 -1.698  0.949  2.009  1.92 ]
[fjt] err=[-0.    -0.001 -0.001 -0.001 -0.001 -0.002 -0.002]
[fjt] names=['panda_joint1', 'panda_joint2', 'panda_joint3', 'panda_joint4', 'panda_joint5', 'panda_joint6', 'panda_joint7'] pts=1
[fjt] times[0..2]=[0. 3.] times[-3:]=[0. 3.]
[fjt] goal=[ 0.481  0.902 -0.443 -1.625  1.164  2.18   1.713]
[fjt] final=[ 0.482  0.902 -0.444 -1.625  1.162  2.178  1.715]
[fjt] err=[ 0.    -0.001 -0.001 -0.001 -0.002 -0.002  0.002]
[fjt] names=['panda_joint1', 'panda_joint2', 'panda_joint3', 'panda_joint4', 'panda_joint5', 'panda_joint6', 'panda_joint7'] pts=1
[fjt] times[0..2]=[0. 3.] times[-3:]=[0. 3.]
[fjt] goal=[ 0.51   0.907 -0.432 -1.614  1.169  2.199  1.745]
[fjt] final=[ 0.51   0.906 -0.433 -1.615  1.168  2.197  1.743]
[fjt] err=[-0.    -0.001 -0.001 -0.001 -0.001 -0.002 -0.002]
[fjt] names=['panda_joint1', 'panda_joint2', 'panda_joint3', 'panda_joint4', 'panda_joint5', 'panda_joint6', 'panda_joint7'] pts=1
[fjt] times[0..2]=[0. 3.] times[-3:]=[0. 3.]
[fjt] goal=[ 0.521  0.909 -0.428 -1.608  1.171  2.206  1.758]
[fjt] final=[ 0.521  0.909 -0.429 -1.609  1.169  2.204  1.756]
[fjt] err=[-0.    -0.001 -0.001 -0.001 -0.001 -0.002 -0.002]
[fjt] names=['panda_joint1', 'panda_joint2', 'panda_joint3', 'panda_joint4', 'panda_joint5', 'panda_joint6', 'panda_joint7'] pts=1
[fjt] times[0..2]=[0. 3.] times[-3:]=[0. 3.]
[fjt] goal=[ 0.533  0.912 -0.424 -1.602  1.173  2.213  1.771]
[fjt] final=[ 0.531  0.911 -0.428 -1.606  1.17   2.211  1.769]
[fjt] err=[-0.002 -0.002 -0.004 -0.004 -0.003 -0.002 -0.003]
[fjt] names=['panda_joint1', 'panda_joint2', 'panda_joint3', 'panda_joint4', 'panda_joint5', 'panda_joint6', 'panda_joint7'] pts=1
[fjt] times[0..2]=[0. 3.] times[-3:]=[0. 3.]
[fjt] goal=[ 0.568  0.538 -0.614 -1.686  0.914  1.957  1.935]
[fjt] final=[ 0.567  0.539 -0.613 -1.686  0.915  1.959  1.933]
[fjt] err=[-0.     0.001  0.001  0.001  0.002  0.002 -0.002]
[fjt] names=['panda_joint1', 'panda_joint2', 'panda_joint3', 'panda_joint4', 'panda_joint5', 'panda_joint6', 'panda_joint7'] pts=1
[fjt] times[0..2]=[0. 3.] times[-3:]=[0. 3.]
[fjt] goal=[ 0.54   0.159 -0.834 -1.919  0.635  1.799  1.838]
[fjt] final=[ 0.54   0.16  -0.833 -1.918  0.636  1.801  1.841]
[fjt] err=[0.    0.001 0.001 0.001 0.002 0.002 0.002]
