[robosuite WARNING] No private macro file found! (__init__.py:7)
[robosuite WARNING] It is recommended to use a private macro file (__init__.py:8)
[robosuite WARNING] To setup, run: python /storage/home/yehe8/.openrua/simulators/cap-x/capx/third_party/libero_dependencies/robosuite/robosuite/scripts/setup_macros.py (__init__.py:9)
Gym has been unmaintained since 2022 and does not support NumPy 2.0 amongst other critical functionality.
Please upgrade to Gymnasium, the maintained drop-in replacement of Gym, or contact the authors of your software and request that they upgrade.
See the migration guide at https://gymnasium.farama.org/introduction/migration_guide/ for additional information.
[info] Using default task order for benchmark 'libero_10_task' (10 tasks).
[Warning]: datasets path /storage/home/yehe8/.openrua/simulators/cap-x/capx/third_party/LIBERO-PRO/libero/datasets does not exist!
[Warning]: datasets path /storage/home/yehe8/.openrua/simulators/cap-x/capx/third_party/LIBERO-PRO/libero/datasets does not exist!
robot ready
[Warning]: datasets path /storage/home/yehe8/.openrua/simulators/cap-x/capx/third_party/LIBERO-PRO/libero/datasets does not exist!
[fjt] names=['panda_joint1', 'panda_joint2', 'panda_joint3', 'panda_joint4', 'panda_joint5', 'panda_joint6', 'panda_joint7'] pts=1
[fjt] times[0..2]=[0. 3.] times[-3:]=[0. 3.]
[fjt] goal=[ 0.    -0.5    0.    -2.2    0.     1.8    0.785]
[fjt] final=[ 0.    -0.5    0.    -2.201 -0.     1.802  0.785]
[fjt] err=[ 0.     0.     0.    -0.001 -0.     0.002  0.   ]
[fjt] names=['panda_joint1', 'panda_joint2', 'panda_joint3', 'panda_joint4', 'panda_joint5', 'panda_joint6', 'panda_joint7'] pts=1
[fjt] times[0..2]=[0. 3.] times[-3:]=[0. 3.]
[fjt] goal=[ 0.9   -0.5    0.    -2.2    0.     1.8    0.785]
[fjt] final=[ 0.621 -0.5   -0.    -2.201  0.     1.802  0.787]
[fjt] err=[-0.279  0.    -0.    -0.001  0.     0.002  0.002]
[fjt] names=['panda_joint1', 'panda_joint2', 'panda_joint3', 'panda_joint4', 'panda_joint5', 'panda_joint6', 'panda_joint7'] pts=1
[fjt] times[0..2]=[0. 4.] times[-3:]=[0. 4.]
[fjt] goal=[ 0.583  0.452 -0.511 -1.867  0.277  2.248 -0.061]
[fjt] final=[ 0.583  0.275 -0.51  -1.867  0.277  2.248  0.046]
[fjt] err=[ 0.    -0.177  0.    -0.001  0.    -0.     0.106]
[fjt] names=['panda_joint1', 'panda_joint2', 'panda_joint3', 'panda_joint4', 'panda_joint5', 'panda_joint6', 'panda_joint7'] pts=1
[fjt] times[0..2]=[0. 4.] times[-3:]=[0. 4.]
[fjt] goal=[ 0.562  0.447 -0.487 -1.867  0.263  2.251 -0.052]
[fjt] final=[ 0.562  0.446 -0.488 -1.867  0.264  2.249 -0.049]
[fjt] err=[ 0.001 -0.    -0.001  0.     0.001 -0.002  0.002]
[fjt] names=['panda_joint1', 'panda_joint2', 'panda_joint3', 'panda_joint4', 'panda_joint5', 'panda_joint6', 'panda_joint7'] pts=1
[fjt] times[0..2]=[0. 3.] times[-3:]=[0. 3.]
[fjt] goal=[ 0.673  0.478 -0.613 -1.863  0.343  2.235  0.684]
[fjt] final=[ 0.672  0.477 -0.611 -1.864  0.34   2.237  0.51 ]
[fjt] err=[-0.    -0.001  0.001 -0.001 -0.002  0.002 -0.173]
[fjt] names=['panda_joint1', 'panda_joint2', 'panda_joint3', 'panda_joint4', 'panda_joint5', 'panda_joint6', 'panda_joint7'] pts=1
[fjt] times[0..2]=[0. 2.] times[-3:]=[0. 2.]
[fjt] goal=[ 0.673  0.478 -0.613 -1.863  0.343  2.235  0.684]
[fjt] final=[ 0.672  0.478 -0.612 -1.864  0.341  2.237  0.682]
[fjt] err=[-0.    -0.001  0.001 -0.001 -0.001  0.002 -0.002]
[fjt] names=['panda_joint1', 'panda_joint2', 'panda_joint3', 'panda_joint4', 'panda_joint5', 'panda_joint6', 'panda_joint7'] pts=2
[fjt] times[0..2]=[0.  1.5 3. ] times[-3:]=[0.  1.5 3. ]
[fjt] goal=[ 0.611  0.64  -0.527 -1.875  0.457  2.393  0.614]
[fjt] final=[ 0.612  0.639 -0.528 -1.876  0.456  2.391  0.616]
[fjt] err=[ 0.    -0.001 -0.001 -0.001 -0.002 -0.002  0.002]
[fjt] names=['panda_joint1', 'panda_joint2', 'panda_joint3', 'panda_joint4', 'panda_joint5', 'panda_joint6', 'panda_joint7'] pts=1
[fjt] times[0..2]=[0.  2.5] times[-3:]=[0.  2.5]
[fjt] goal=[ 0.735  0.37  -0.695 -1.784  0.265  2.059  0.733]
[fjt] final=[ 0.734  0.37  -0.694 -1.785  0.267  2.061  0.73 ]
[fjt] err=[-0.     0.     0.001 -0.001  0.002  0.002 -0.002]
[fjt] names=['panda_joint1', 'panda_joint2', 'panda_joint3', 'panda_joint4', 'panda_joint5', 'panda_joint6', 'panda_joint7'] pts=1
[fjt] times[0..2]=[0.  2.5] times[-3:]=[0.  2.5]
[fjt] goal=[ 0.879  0.539 -0.582 -1.516  0.31   1.962  1.029]
[fjt] final=[ 0.879  0.538 -0.583 -1.518  0.309  1.964  1.026]
[fjt] err=[-0.    -0.001 -0.    -0.002 -0.001  0.002 -0.002]
[fjt] names=['panda_joint1', 'panda_joint2', 'panda_joint3', 'panda_joint4', 'panda_joint5', 'panda_joint6', 'panda_joint7'] pts=1
[fjt] times[0..2]=[0. 3.] times[-3:]=[0. 3.]
[fjt] goal=[ 0.703  0.491 -0.646 -1.895  0.377  2.262  0.655]
[fjt] final=[ 0.704  0.491 -0.645 -1.893  0.375  2.26   0.658]
[fjt] err=[ 0.     0.     0.     0.001 -0.001 -0.002  0.003]
[fjt] names=['panda_joint1', 'panda_joint2', 'panda_joint3', 'panda_joint4', 'panda_joint5', 'panda_joint6', 'panda_joint7'] pts=2
[fjt] times[0..2]=[0.  1.5 3. ] times[-3:]=[0.  1.5 3. ]
[fjt] goal=[ 0.597  0.743 -0.5   -1.874  0.553  2.476  0.548]
[fjt] final=[ 0.597  0.742 -0.501 -1.875  0.552  2.474  0.55 ]
[fjt] err=[ 0.    -0.001 -0.001 -0.001 -0.002 -0.002  0.002]
[fjt] names=['panda_joint1', 'panda_joint2', 'panda_joint3', 'panda_joint4', 'panda_joint5', 'panda_joint6', 'panda_joint7'] pts=2
[fjt] times[0..2]=[0.  1.5 3. ] times[-3:]=[0.  1.5 3. ]
[fjt] goal=[ 0.765  0.382 -0.727 -1.835  0.292  2.107  0.708]
[fjt] final=[ 0.765  0.382 -0.726 -1.837  0.294  2.109  0.706]
[fjt] err=[-0.001  0.001  0.001 -0.002  0.002  0.002 -0.002]
[fjt] names=['panda_joint1', 'panda_joint2', 'panda_joint3', 'panda_joint4', 'panda_joint5', 'panda_joint6', 'panda_joint7'] pts=2
[fjt] times[0..2]=[0. 2. 4.] times[-3:]=[0. 2. 4.]
[fjt] goal=[ 0.535 -0.845 -0.774 -2.739 -0.607  1.983  1.016]
[fjt] final=[ 0.535 -0.397 -0.775 -2.619 -0.467  1.985  1.016]
[fjt] err=[ 0.001  0.448 -0.001  0.12   0.14   0.002 -0.001]
[fjt] names=['panda_joint1', 'panda_joint2', 'panda_joint3', 'panda_joint4', 'panda_joint5', 'panda_joint6', 'panda_joint7'] pts=1
[fjt] times[0..2]=[0. 2.] times[-3:]=[0. 2.]
[fjt] goal=[ 0.535 -0.845 -0.774 -2.739 -0.607  1.983  1.016]
[fjt] final=[ 0.535 -0.832 -0.775 -2.739 -0.606  1.983  1.016]
[fjt] err=[ 0.     0.013 -0.001 -0.     0.001  0.    -0.001]
[fjt] names=['panda_joint1', 'panda_joint2', 'panda_joint3', 'panda_joint4', 'panda_joint5', 'panda_joint6', 'panda_joint7'] pts=1
[fjt] times[0..2]=[0.  1.5] times[-3:]=[0.  1.5]
[fjt] goal=[ 0.542 -0.754 -0.867 -2.809 -0.672  2.146  1.026]
[fjt] final=[ 0.541 -0.755 -0.866 -2.809 -0.67   2.144  1.024]
[fjt] err=[-0.    -0.     0.001  0.     0.002 -0.002 -0.002]
[fjt] names=['panda_joint1', 'panda_joint2', 'panda_joint3', 'panda_joint4', 'panda_joint5', 'panda_joint6', 'panda_joint7'] pts=1
[fjt] times[0..2]=[0.  1.5] times[-3:]=[0.  1.5]
[fjt] goal=[ 0.545 -0.738 -0.881 -2.818 -0.68   2.172  1.028]
[fjt] final=[ 0.544 -0.738 -0.88  -2.817 -0.678  2.169  1.025]
[fjt] err=[-0.    -0.     0.001  0.     0.002 -0.002 -0.002]
[fjt] names=['panda_joint1', 'panda_joint2', 'panda_joint3', 'panda_joint4', 'panda_joint5', 'panda_joint6', 'panda_joint7'] pts=1
[fjt] times[0..2]=[0.  1.5] times[-3:]=[0.  1.5]
[fjt] goal=[ 0.547 -0.722 -0.894 -2.824 -0.687  2.194  1.029]
[fjt] final=[ 0.547 -0.723 -0.893 -2.824 -0.685  2.192  1.026]
[fjt] err=[-0.    -0.     0.001  0.     0.002 -0.002 -0.002]
[fjt] names=['panda_joint1', 'panda_joint2', 'panda_joint3', 'panda_joint4', 'panda_joint5', 'panda_joint6', 'panda_joint7'] pts=1
[fjt] times[0..2]=[0.  1.5] times[-3:]=[0.  1.5]
[fjt] goal=[ 0.551 -0.706 -0.906 -2.83  -0.694  2.217  1.029]
[fjt] final=[ 0.55  -0.707 -0.905 -2.83  -0.692  2.215  1.027]
[fjt] err=[-0.    -0.     0.001  0.     0.002 -0.002 -0.002]
[fjt] names=['panda_joint1', 'panda_joint2', 'panda_joint3', 'panda_joint4', 'panda_joint5', 'panda_joint6', 'panda_joint7'] pts=1
[fjt] times[0..2]=[0.  1.5] times[-3:]=[0.  1.5]
[fjt] goal=[ 0.555 -0.689 -0.919 -2.836 -0.701  2.24   1.03 ]
[fjt] final=[ 0.555 -0.691 -0.915 -2.832 -0.696  2.241  1.028]
[fjt] err=[ 0.001 -0.002  0.005  0.004  0.005  0.001 -0.002]
[fjt] names=['panda_joint1', 'panda_joint2', 'panda_joint3', 'panda_joint4', 'panda_joint5', 'panda_joint6', 'panda_joint7'] pts=1
[fjt] times[0..2]=[0. 2.] times[-3:]=[0. 2.]
[fjt] goal=[ 0.534 -0.876 -0.722 -2.687 -0.566  1.899  1.007]
[fjt] final=[ 0.534 -0.875 -0.723 -2.688 -0.568  1.902  1.01 ]
[fjt] err=[ 0.     0.001 -0.001 -0.001 -0.002  0.003  0.002]
[fjt] names=['panda_joint1', 'panda_joint2', 'panda_joint3', 'panda_joint4', 'panda_joint5', 'panda_joint6', 'panda_joint7'] pts=1
[fjt] times[0..2]=[0. 3.] times[-3:]=[0. 3.]
[fjt] goal=[ 0.907 -0.462 -0.479 -2.338 -0.22   1.914  1.333]
[fjt] final=[ 0.907 -0.463 -0.48  -2.339 -0.221  1.913  1.33 ]
[fjt] err=[-0.    -0.001 -0.001 -0.001 -0.002 -0.002 -0.002]
[fjt] names=['panda_joint1', 'panda_joint2', 'panda_joint3', 'panda_joint4', 'panda_joint5', 'panda_joint6', 'panda_joint7'] pts=1
[fjt] times[0..2]=[0. 4.] times[-3:]=[0. 4.]
[fjt] goal=[ 0.552 -0.479 -0.804 -2.53  -0.406  2.145  1.608]
[fjt] final=[ 0.553 -0.478 -0.803 -2.528 -0.404  2.143  1.606]
[fjt] err=[ 0.     0.001  0.001  0.001  0.002 -0.002 -0.003]
[fjt] names=['panda_joint1', 'panda_joint2', 'panda_joint3', 'panda_joint4', 'panda_joint5', 'panda_joint6', 'panda_joint7'] pts=1
[fjt] times[0..2]=[0. 2.] times[-3:]=[0. 2.]
[fjt] goal=[ 0.599 -0.354 -0.899 -2.604 -0.387  2.34   1.578]
[fjt] final=[ 0.598 -0.354 -0.898 -2.603 -0.388  2.338  1.58 ]
[fjt] err=[-0.    -0.001  0.001  0.001 -0.001 -0.002  0.002]
[fjt] names=['panda_joint1', 'panda_joint2', 'panda_joint3', 'panda_joint4', 'panda_joint5', 'panda_joint6', 'panda_joint7'] pts=1
[fjt] times[0..2]=[0. 2.] times[-3:]=[0. 2.]
[fjt] goal=[ 0.645 -0.267 -0.96  -2.632 -0.344  2.447  1.541]
[fjt] final=[ 0.644 -0.267 -0.959 -2.631 -0.346  2.445  1.544]
[fjt] err=[-0.    -0.001  0.001  0.001 -0.002 -0.002  0.003]
[fjt] names=['panda_joint1', 'panda_joint2', 'panda_joint3', 'panda_joint4', 'panda_joint5', 'panda_joint6', 'panda_joint7'] pts=1
[fjt] times[0..2]=[0. 2.] times[-3:]=[0. 2.]
[fjt] goal=[ 0.69  -0.196 -1.007 -2.647 -0.288  2.521  1.499]
[fjt] final=[ 0.689 -0.199 -1.005 -2.641 -0.29   2.518  1.501]
[fjt] err=[-0.    -0.002  0.002  0.006 -0.002 -0.003  0.003]
[fjt] names=['panda_joint1', 'panda_joint2', 'panda_joint3', 'panda_joint4', 'panda_joint5', 'panda_joint6', 'panda_joint7'] pts=1
[fjt] times[0..2]=[0. 2.] times[-3:]=[0. 2.]
[fjt] goal=[ 0.584 -0.494 -0.833 -2.528 -0.429  2.137  1.626]
[fjt] final=[ 0.585 -0.493 -0.834 -2.529 -0.427  2.141  1.623]
[fjt] err=[ 0.     0.001 -0.001 -0.001  0.002  0.004 -0.002]
[fjt] names=['panda_joint1', 'panda_joint2', 'panda_joint3', 'panda_joint4', 'panda_joint5', 'panda_joint6', 'panda_joint7'] pts=1
[fjt] times[0..2]=[0. 4.] times[-3:]=[0. 4.]
[fjt] goal=[ 0.321  0.332 -0.781 -2.023  0.404  1.55   0.915]
[fjt] final=[ 0.322  0.279 -0.782 -2.024  0.321  1.553  0.921]
[fjt] err=[ 0.001 -0.053 -0.001 -0.001 -0.083  0.003  0.006]
[fjt] names=['panda_joint1', 'panda_joint2', 'panda_joint3', 'panda_joint4', 'panda_joint5', 'panda_joint6', 'panda_joint7'] pts=1
[fjt] times[0..2]=[0. 2.] times[-3:]=[0. 2.]
[fjt] goal=[ 0.321  0.332 -0.781 -2.023  0.404  1.55   0.915]
[fjt] final=[ 0.322  0.332 -0.782 -2.024  0.402  1.552  0.917]
[fjt] err=[ 0.    -0.001 -0.001 -0.001 -0.001  0.002  0.002]
[fjt] names=['panda_joint1', 'panda_joint2', 'panda_joint3', 'panda_joint4', 'panda_joint5', 'panda_joint6', 'panda_joint7'] pts=1
[fjt] times[0..2]=[0. 2.] times[-3:]=[0. 2.]
[fjt] goal=[ 0.345  0.317 -0.775 -2.107  0.412  1.624  0.913]
[fjt] final=[ 0.345  0.317 -0.775 -2.106  0.411  1.621  0.916]
[fjt] err=[-0.     0.001 -0.001  0.001 -0.001 -0.002  0.002]
[fjt] names=['panda_joint1', 'panda_joint2', 'panda_joint3', 'panda_joint4', 'panda_joint5', 'panda_joint6', 'panda_joint7'] pts=1
[fjt] times[0..2]=[0. 2.] times[-3:]=[0. 2.]
[fjt] goal=[ 0.358  0.311 -0.769 -2.16   0.422  1.672  0.91 ]
[fjt] final=[ 0.358  0.311 -0.769 -2.158  0.42   1.67   0.912]
[fjt] err=[-0.     0.001 -0.001  0.001 -0.001 -0.002  0.002]
[fjt] names=['panda_joint1', 'panda_joint2', 'panda_joint3', 'panda_joint4', 'panda_joint5', 'panda_joint6', 'panda_joint7'] pts=1
[fjt] times[0..2]=[0. 2.] times[-3:]=[0. 2.]
[fjt] goal=[ 0.365  0.309 -0.765 -2.185  0.428  1.696  0.908]
[fjt] final=[ 0.364  0.31  -0.766 -2.183  0.426  1.693  0.91 ]
[fjt] err=[-0.     0.    -0.001  0.002 -0.001 -0.002  0.002]
[fjt] names=['panda_joint1', 'panda_joint2', 'panda_joint3', 'panda_joint4', 'panda_joint5', 'panda_joint6', 'panda_joint7'] pts=1
[fjt] times[0..2]=[0. 2.] times[-3:]=[0. 2.]
[fjt] goal=[ 0.344  0.317 -0.775 -2.106  0.412  1.622  0.913]
[fjt] final=[ 0.344  0.316 -0.775 -2.107  0.413  1.624  0.911]
[fjt] err=[ 0.    -0.001  0.001 -0.001  0.001  0.002 -0.002]
[fjt] names=['panda_joint1', 'panda_joint2', 'panda_joint3', 'panda_joint4', 'panda_joint5', 'panda_joint6', 'panda_joint7'] pts=1
[fjt] times[0..2]=[0. 3.] times[-3:]=[0. 3.]
[fjt] goal=[ 0.581 -0.329 -0.837 -2.152 -0.258  1.916  1.431]
[fjt] final=[ 0.58  -0.297 -0.837 -2.151 -0.179  1.913  1.428]
[fjt] err=[-0.001  0.033  0.001  0.001  0.079 -0.003 -0.003]
[fjt] names=['panda_joint1', 'panda_joint2', 'panda_joint3', 'panda_joint4', 'panda_joint5', 'panda_joint6', 'panda_joint7'] pts=1
[fjt] times[0..2]=[0. 2.] times[-3:]=[0. 2.]
[fjt] goal=[ 0.581 -0.329 -0.837 -2.152 -0.258  1.916  1.431]
[fjt] final=[ 0.581 -0.329 -0.837 -2.151 -0.256  1.914  1.429]
[fjt] err=[-0.     0.001  0.001  0.001  0.002 -0.002 -0.002]
[fjt] names=['panda_joint1', 'panda_joint2', 'panda_joint3', 'panda_joint4', 'panda_joint5', 'panda_joint6', 'panda_joint7'] pts=1
[fjt] times[0..2]=[0. 3.] times[-3:]=[0. 3.]
[fjt] goal=[ 0.953 -0.25  -0.479 -2.036 -0.118  1.812  1.3  ]
[fjt] final=[ 0.952 -0.25  -0.48  -2.038 -0.119  1.814  1.302]
[fjt] err=[-0.    -0.001 -0.001 -0.001 -0.002  0.002  0.003]
[fjt] names=['panda_joint1', 'panda_joint2', 'panda_joint3', 'panda_joint4', 'panda_joint5', 'panda_joint6', 'panda_joint7'] pts=1
[fjt] times[0..2]=[0. 3.] times[-3:]=[0. 3.]
[fjt] goal=[ 0.047 -0.641 -0.433 -2.744 -0.3    2.128  0.64 ]
[fjt] final=[ 0.328 -0.641 -0.434 -2.645 -0.299  2.127  0.708]
[fjt] err=[ 0.281  0.    -0.     0.099  0.001 -0.     0.068]
[fjt] names=['panda_joint1', 'panda_joint2', 'panda_joint3', 'panda_joint4', 'panda_joint5', 'panda_joint6', 'panda_joint7'] pts=1
[fjt] times[0..2]=[0. 2.] times[-3:]=[0. 2.]
[fjt] goal=[ 0.047 -0.641 -0.433 -2.744 -0.3    2.128  0.64 ]
[fjt] final=[ 0.048 -0.641 -0.434 -2.743 -0.299  2.127  0.642]
[fjt] err=[ 0.001  0.    -0.     0.001  0.001 -0.     0.002]
[fjt] names=['panda_joint1', 'panda_joint2', 'panda_joint3', 'panda_joint4', 'panda_joint5', 'panda_joint6', 'panda_joint7'] pts=1
[fjt] times[0..2]=[0. 2.] times[-3:]=[0. 2.]
[fjt] goal=[ 0.154 -0.191 -0.612 -2.892 -0.271  2.721  0.584]
[fjt] final=[ 0.152 -0.3   -0.598 -2.867 -0.267  2.427  0.59 ]
[fjt] err=[-0.002 -0.109  0.015  0.025  0.003 -0.294  0.006]
[fjt] names=['panda_joint1', 'panda_joint2', 'panda_joint3', 'panda_joint4', 'panda_joint5', 'panda_joint6', 'panda_joint7'] pts=1
[fjt] times[0..2]=[0. 2.] times[-3:]=[0. 2.]
[fjt] goal=[ 0.154 -0.191 -0.612 -2.892 -0.271  2.721  0.584]
[fjt] final=[ 0.156 -0.283 -0.589 -2.849 -0.26   2.4    0.594]
[fjt] err=[ 0.002 -0.092  0.023  0.043  0.01  -0.321  0.01 ]
[fjt] names=['panda_joint1', 'panda_joint2', 'panda_joint3', 'panda_joint4', 'panda_joint5', 'panda_joint6', 'panda_joint7'] pts=1
[fjt] times[0..2]=[0. 2.] times[-3:]=[0. 2.]
[fjt] goal=[ 0.154 -0.191 -0.612 -2.892 -0.271  2.721  0.584]
[fjt] final=[ 0.157 -0.275 -0.585 -2.842 -0.258  2.392  0.595]
[fjt] err=[ 0.003 -0.084  0.027  0.049  0.012 -0.329  0.011]
[fjt] names=['panda_joint1', 'panda_joint2', 'panda_joint3', 'panda_joint4', 'panda_joint5', 'panda_joint6', 'panda_joint7'] pts=1
[fjt] times[0..2]=[0. 2.] times[-3:]=[0. 2.]
[fjt] goal=[ 0.154 -0.191 -0.612 -2.892 -0.271  2.721  0.584]
[fjt] final=[ 0.157 -0.271 -0.584 -2.839 -0.257  2.389  0.596]
[fjt] err=[ 0.003 -0.08   0.029  0.053  0.013 -0.332  0.012]
[fjt] names=['panda_joint1', 'panda_joint2', 'panda_joint3', 'panda_joint4', 'panda_joint5', 'panda_joint6', 'panda_joint7'] pts=1
[fjt] times[0..2]=[0.  1.5] times[-3:]=[0.  1.5]
[fjt] goal=[ 0.23  -0.108 -0.622 -2.809 -0.153  2.717  0.535]
[fjt] final=[ 0.224 -0.187 -0.623 -2.744 -0.167  2.244  0.548]
[fjt] err=[-0.006 -0.08  -0.001  0.066 -0.014 -0.473  0.013]
[fjt] names=['panda_joint1', 'panda_joint2', 'panda_joint3', 'panda_joint4', 'panda_joint5', 'panda_joint6', 'panda_joint7'] pts=1
[fjt] times[0..2]=[0. 2.] times[-3:]=[0. 2.]
[fjt] goal=[ 0.23  -0.108 -0.622 -2.809 -0.153  2.717  0.535]
[fjt] final=[ 0.229 -0.108 -0.623 -2.809 -0.155  2.656  0.537]
[fjt] err=[-0.    -0.    -0.     0.    -0.002 -0.061  0.002]
[fjt] names=['panda_joint1', 'panda_joint2', 'panda_joint3', 'panda_joint4', 'panda_joint5', 'panda_joint6', 'panda_joint7'] pts=1
[fjt] times[0..2]=[0. 2.] times[-3:]=[0. 2.]
[fjt] goal=[ 0.23  -0.108 -0.622 -2.809 -0.153  2.717  0.535]
[fjt] final=[ 0.229 -0.111 -0.623 -2.813 -0.153  2.712  0.537]
[fjt] err=[-0.    -0.004 -0.    -0.003 -0.    -0.005  0.002]
[fjt] names=['panda_joint1', 'panda_joint2', 'panda_joint3', 'panda_joint4', 'panda_joint5', 'panda_joint6', 'panda_joint7'] pts=1
[fjt] times[0..2]=[0.  1.5] times[-3:]=[0.  1.5]
[fjt] goal=[ 0.287 -0.025 -0.626 -2.723 -0.034  2.703  0.478]
[fjt] final=[ 0.286 -0.055 -0.624 -2.706 -0.032  2.689  0.488]
[fjt] err=[-0.    -0.03   0.001  0.017  0.002 -0.014  0.011]
[fjt] names=['panda_joint1', 'panda_joint2', 'panda_joint3', 'panda_joint4', 'panda_joint5', 'panda_joint6', 'panda_joint7'] pts=1
[fjt] times[0..2]=[0. 2.] times[-3:]=[0. 2.]
[fjt] goal=[ 0.287 -0.025 -0.626 -2.723 -0.034  2.703  0.478]
[fjt] final=[ 0.287 -0.05  -0.624 -2.703 -0.032  2.696  0.481]
[fjt] err=[-0.    -0.025  0.002  0.02   0.002 -0.006  0.003]
[fjt] names=['panda_joint1', 'panda_joint2', 'panda_joint3', 'panda_joint4', 'panda_joint5', 'panda_joint6', 'panda_joint7'] pts=1
[fjt] times[0..2]=[0. 2.] times[-3:]=[0. 2.]
[fjt] goal=[ 0.287 -0.025 -0.626 -2.723 -0.034  2.703  0.478]
[fjt] final=[ 0.287 -0.048 -0.624 -2.701 -0.032  2.698  0.481]
[fjt] err=[ 0.    -0.024  0.002  0.021  0.002 -0.004  0.003]
[fjt] names=['panda_joint1', 'panda_joint2', 'panda_joint3', 'panda_joint4', 'panda_joint5', 'panda_joint6', 'panda_joint7'] pts=1
[fjt] times[0..2]=[0. 2.] times[-3:]=[0. 2.]
[fjt] goal=[ 0.287 -0.025 -0.626 -2.723 -0.034  2.703  0.478]
[fjt] final=[ 0.287 -0.048 -0.624 -2.701 -0.033  2.699  0.481]
[fjt] err=[-0.    -0.023  0.002  0.022  0.001 -0.004  0.003]
[fjt] names=['panda_joint1', 'panda_joint2', 'panda_joint3', 'panda_joint4', 'panda_joint5', 'panda_joint6', 'panda_joint7'] pts=1
[fjt] times[0..2]=[0.  1.5] times[-3:]=[0.  1.5]
[fjt] goal=[ 0.32   0.058 -0.617 -2.632  0.075  2.678  0.423]
[fjt] final=[ 0.321  0.039 -0.615 -2.601  0.074  2.682  0.43 ]
[fjt] err=[ 0.001 -0.019  0.002  0.03  -0.     0.005  0.008]
[fjt] names=['panda_joint1', 'panda_joint2', 'panda_joint3', 'panda_joint4', 'panda_joint5', 'panda_joint6', 'panda_joint7'] pts=1
[fjt] times[0..2]=[0. 2.] times[-3:]=[0. 2.]
[fjt] goal=[ 0.32   0.058 -0.617 -2.632  0.075  2.678  0.423]
[fjt] final=[ 0.321  0.042 -0.615 -2.601  0.075  2.686  0.43 ]
[fjt] err=[ 0.001 -0.016  0.002  0.031 -0.     0.008  0.007]
[fjt] names=['panda_joint1', 'panda_joint2', 'panda_joint3', 'panda_joint4', 'panda_joint5', 'panda_joint6', 'panda_joint7'] pts=1
[fjt] times[0..2]=[0. 2.] times[-3:]=[0. 2.]
[fjt] goal=[ 0.32   0.058 -0.617 -2.632  0.075  2.678  0.423]
[fjt] final=[ 0.32   0.058 -0.616 -2.631  0.075  2.679  0.425]
[fjt] err=[ 0.    -0.     0.001  0.    -0.     0.001  0.002]
[fjt] names=['panda_joint1', 'panda_joint2', 'panda_joint3', 'panda_joint4', 'panda_joint5', 'panda_joint6', 'panda_joint7'] pts=1
[fjt] times[0..2]=[0.  1.5] times[-3:]=[0.  1.5]
[fjt] goal=[ 0.325  0.137 -0.592 -2.536  0.16   2.645  0.381]
[fjt] final=[ 0.324  0.136 -0.593 -2.538  0.158  2.647  0.383]
[fjt] err=[-0.    -0.001 -0.001 -0.001 -0.002  0.002  0.002]
[fjt] names=['panda_joint1', 'panda_joint2', 'panda_joint3', 'panda_joint4', 'panda_joint5', 'panda_joint6', 'panda_joint7'] pts=1
[fjt] times[0..2]=[0.  1.5] times[-3:]=[0.  1.5]
[fjt] goal=[ 0.316  0.212 -0.565 -2.438  0.222  2.607  0.355]
[fjt] final=[ 0.316  0.211 -0.565 -2.439  0.221  2.608  0.357]
[fjt] err=[ 0.    -0.001 -0.001 -0.001 -0.002  0.002  0.002]
[fjt] names=['panda_joint1', 'panda_joint2', 'panda_joint3', 'panda_joint4', 'panda_joint5', 'panda_joint6', 'panda_joint7'] pts=1
[fjt] times[0..2]=[0. 3.] times[-3:]=[0. 3.]
[fjt] goal=[ 1.747 -0.572 -1.069 -2.011 -0.499  1.694  1.606]
[fjt] final=[ 0.946 -0.409 -1.068 -2.012 -0.385  1.998  0.955]
[fjt] err=[-0.801  0.163  0.001 -0.001  0.114  0.305 -0.651]
[fjt] names=['panda_joint1', 'panda_joint2', 'panda_joint3', 'panda_joint4', 'panda_joint5', 'panda_joint6', 'panda_joint7'] pts=1
[fjt] times[0..2]=[0. 2.] times[-3:]=[0. 2.]
[fjt] goal=[ 1.747 -0.572 -1.069 -2.011 -0.499  1.694  1.606]
[fjt] final=[ 1.413 -0.571 -1.069 -2.011 -0.497  1.696  1.403]
[fjt] err=[-0.334  0.001  0.    -0.001  0.001  0.002 -0.204]
[fjt] names=['panda_joint1', 'panda_joint2', 'panda_joint3', 'panda_joint4', 'panda_joint5', 'panda_joint6', 'panda_joint7'] pts=1
[fjt] times[0..2]=[0. 2.] times[-3:]=[0. 2.]
[fjt] goal=[ 1.747 -0.572 -1.069 -2.011 -0.499  1.694  1.606]
[fjt] final=[ 1.746 -0.572 -1.069 -2.011 -0.497  1.695  1.604]
[fjt] err=[-0.001  0.001  0.    -0.001  0.001  0.002 -0.002]
[fjt] names=['panda_joint1', 'panda_joint2', 'panda_joint3', 'panda_joint4', 'panda_joint5', 'panda_joint6', 'panda_joint7'] pts=1
[fjt] times[0..2]=[0. 3.] times[-3:]=[0. 3.]
[fjt] goal=[ 1.405 -1.423 -1.387 -2.087 -1.351  1.486 -0.411]
[fjt] final=[ 1.406 -1.192 -1.387 -2.086 -1.103  1.487  1.002]
[fjt] err=[0.000e+00 2.300e-01 0.000e+00 1.000e-03 2.470e-01 1.000e-03 1.414e+00]
[fjt] names=['panda_joint1', 'panda_joint2', 'panda_joint3', 'panda_joint4', 'panda_joint5', 'panda_joint6', 'panda_joint7'] pts=1
[fjt] times[0..2]=[0. 2.] times[-3:]=[0. 2.]
[fjt] goal=[ 1.405 -1.423 -1.387 -2.087 -1.351  1.486 -0.411]
[fjt] final=[ 1.406 -1.422 -1.387 -2.086 -1.349  1.487  0.573]
[fjt] err=[0.    0.001 0.    0.001 0.002 0.001 0.985]
[fjt] names=['panda_joint1', 'panda_joint2', 'panda_joint3', 'panda_joint4', 'panda_joint5', 'panda_joint6', 'panda_joint7'] pts=1
[fjt] times[0..2]=[0. 2.] times[-3:]=[0. 2.]
[fjt] goal=[ 1.405 -1.423 -1.387 -2.087 -1.351  1.486 -0.411]
[fjt] final=[ 1.406 -1.422 -1.387 -2.086 -1.349  1.487  0.148]
[fjt] err=[0.    0.001 0.    0.001 0.001 0.001 0.559]
[fjt] names=['panda_joint1', 'panda_joint2', 'panda_joint3', 'panda_joint4', 'panda_joint5', 'panda_joint6', 'panda_joint7'] pts=1
[fjt] times[0..2]=[0. 2.] times[-3:]=[0. 2.]
[fjt] goal=[ 1.405 -1.423 -1.387 -2.087 -1.351  1.486 -0.411]
[fjt] final=[ 1.406 -1.422 -1.387 -2.086 -1.349  1.487 -0.27 ]
[fjt] err=[ 0.     0.001 -0.     0.001  0.001  0.001  0.141]
[fjt] names=['panda_joint1', 'panda_joint2', 'panda_joint3', 'panda_joint4', 'panda_joint5', 'panda_joint6', 'panda_joint7'] pts=1
[fjt] times[0..2]=[0. 2.] times[-3:]=[0. 2.]
[fjt] goal=[ 1.416 -1.587 -1.741 -2.107 -1.672  1.708 -0.396]
[fjt] final=[ 1.416 -1.587 -1.739 -2.106 -1.67   1.706 -0.394]
[fjt] err=[-0.     0.001  0.001  0.001  0.002 -0.002  0.002]
[fjt] names=['panda_joint1', 'panda_joint2', 'panda_joint3', 'panda_joint4', 'panda_joint5', 'panda_joint6', 'panda_joint7'] pts=1
[fjt] times[0..2]=[0.  1.5] times[-3:]=[0.  1.5]
[fjt] goal=[ 1.433 -1.588 -1.742 -2.138 -1.678  1.706 -0.347]
[fjt] final=[ 1.432 -1.587 -1.739 -2.136 -1.677  1.706 -0.35 ]
[fjt] err=[-0.     0.001  0.003  0.003  0.001  0.    -0.003]
[fjt] names=['panda_joint1', 'panda_joint2', 'panda_joint3', 'panda_joint4', 'panda_joint5', 'panda_joint6', 'panda_joint7'] pts=1
[fjt] times[0..2]=[0.  1.5] times[-3:]=[0.  1.5]
[fjt] goal=[ 1.45  -1.589 -1.744 -2.163 -1.683  1.703 -0.305]
[fjt] final=[ 1.448 -1.586 -1.731 -2.154 -1.684  1.703 -0.31 ]
[fjt] err=[-0.002  0.004  0.013  0.009 -0.001  0.    -0.005]
[fjt] names=['panda_joint1', 'panda_joint2', 'panda_joint3', 'panda_joint4', 'panda_joint5', 'panda_joint6', 'panda_joint7'] pts=1
[fjt] times[0..2]=[0.  1.5] times[-3:]=[0.  1.5]
[fjt] goal=[ 1.469 -1.592 -1.744 -2.185 -1.689  1.7   -0.263]
[fjt] final=[ 1.465 -1.584 -1.72  -2.175 -1.687  1.693 -0.267]
[fjt] err=[-0.004  0.007  0.024  0.01   0.001 -0.007 -0.004]
[fjt] names=['panda_joint1', 'panda_joint2', 'panda_joint3', 'panda_joint4', 'panda_joint5', 'panda_joint6', 'panda_joint7'] pts=1
[fjt] times[0..2]=[0. 2.] times[-3:]=[0. 2.]
[fjt] goal=[ 1.469 -1.592 -1.744 -2.185 -1.689  1.7   -0.263]
[fjt] final=[ 1.467 -1.586 -1.722 -2.176 -1.688  1.698 -0.267]
[fjt] err=[-0.003  0.006  0.022  0.009  0.    -0.002 -0.004]
[fjt] names=['panda_joint1', 'panda_joint2', 'panda_joint3', 'panda_joint4', 'panda_joint5', 'panda_joint6', 'panda_joint7'] pts=1
[fjt] times[0..2]=[0. 2.] times[-3:]=[0. 2.]
[fjt] goal=[ 1.469 -1.592 -1.744 -2.185 -1.689  1.7   -0.263]
[fjt] final=[ 1.467 -1.587 -1.723 -2.175 -1.69   1.7   -0.267]
[fjt] err=[-0.002  0.005  0.021  0.01  -0.001  0.    -0.004]
[fjt] names=['panda_joint1', 'panda_joint2', 'panda_joint3', 'panda_joint4', 'panda_joint5', 'panda_joint6', 'panda_joint7'] pts=1
[fjt] times[0..2]=[0. 2.] times[-3:]=[0. 2.]
[fjt] goal=[ 1.469 -1.592 -1.744 -2.185 -1.689  1.7   -0.263]
[fjt] final=[ 1.468 -1.587 -1.724 -2.175 -1.69   1.702 -0.267]
[fjt] err=[-0.002  0.004  0.02   0.01  -0.002  0.002 -0.003]
[fjt] names=['panda_joint1', 'panda_joint2', 'panda_joint3', 'panda_joint4', 'panda_joint5', 'panda_joint6', 'panda_joint7'] pts=1
[fjt] times[0..2]=[0.  1.5] times[-3:]=[0.  1.5]
[fjt] goal=[ 1.492 -1.595 -1.745 -2.205 -1.694  1.696 -0.221]
[fjt] final=[ 1.486 -1.585 -1.713 -2.19  -1.694  1.688 -0.226]
[fjt] err=[-0.006  0.01   0.032  0.015  0.    -0.008 -0.005]
[fjt] names=['panda_joint1', 'panda_joint2', 'panda_joint3', 'panda_joint4', 'panda_joint5', 'panda_joint6', 'panda_joint7'] pts=1
[fjt] times[0..2]=[0. 2.] times[-3:]=[0. 2.]
[fjt] goal=[ 1.492 -1.595 -1.745 -2.205 -1.694  1.696 -0.221]
[fjt] final=[ 1.487 -1.587 -1.713 -2.191 -1.694  1.691 -0.225]
[fjt] err=[-0.004  0.008  0.032  0.013  0.    -0.005 -0.004]
[fjt] names=['panda_joint1', 'panda_joint2', 'panda_joint3', 'panda_joint4', 'panda_joint5', 'panda_joint6', 'panda_joint7'] pts=1
[fjt] times[0..2]=[0. 2.] times[-3:]=[0. 2.]
[fjt] goal=[ 1.492 -1.595 -1.745 -2.205 -1.694  1.696 -0.221]
[fjt] final=[ 1.488 -1.588 -1.714 -2.192 -1.694  1.694 -0.225]
[fjt] err=[-0.004  0.007  0.031  0.013  0.    -0.002 -0.004]
[fjt] names=['panda_joint1', 'panda_joint2', 'panda_joint3', 'panda_joint4', 'panda_joint5', 'panda_joint6', 'panda_joint7'] pts=1
[fjt] times[0..2]=[0. 2.] times[-3:]=[0. 2.]
[fjt] goal=[ 1.492 -1.595 -1.745 -2.205 -1.694  1.696 -0.221]
[fjt] final=[ 1.489 -1.589 -1.714 -2.192 -1.694  1.697 -0.225]
[fjt] err=[-0.003  0.006  0.031  0.013  0.     0.001 -0.004]
[fjt] names=['panda_joint1', 'panda_joint2', 'panda_joint3', 'panda_joint4', 'panda_joint5', 'panda_joint6', 'panda_joint7'] pts=1
[fjt] times[0..2]=[0.  1.5] times[-3:]=[0.  1.5]
[fjt] goal=[ 1.503 -1.598 -1.744 -2.213 -1.697  1.693 -0.2  ]
[fjt] final=[ 1.499 -1.59  -1.709 -2.202 -1.695  1.689 -0.202]
[fjt] err=[-0.005  0.009  0.035  0.011  0.003 -0.004 -0.002]
[fjt] names=['panda_joint1', 'panda_joint2', 'panda_joint3', 'panda_joint4', 'panda_joint5', 'panda_joint6', 'panda_joint7'] pts=1
[fjt] times[0..2]=[0. 2.] times[-3:]=[0. 2.]
[fjt] goal=[ 1.503 -1.598 -1.744 -2.213 -1.697  1.693 -0.2  ]
[fjt] final=[ 1.5   -1.592 -1.716 -2.203 -1.698  1.693 -0.203]
[fjt] err=[-0.003  0.006  0.028  0.01  -0.     0.    -0.002]
[fjt] names=['panda_joint1', 'panda_joint2', 'panda_joint3', 'panda_joint4', 'panda_joint5', 'panda_joint6', 'panda_joint7'] pts=1
[fjt] times[0..2]=[0. 2.] times[-3:]=[0. 2.]
[fjt] goal=[ 1.503 -1.598 -1.744 -2.213 -1.697  1.693 -0.2  ]
[fjt] final=[ 1.501 -1.593 -1.718 -2.202 -1.699  1.695 -0.202]
[fjt] err=[-0.002  0.005  0.027  0.011 -0.001  0.002 -0.002]
[fjt] names=['panda_joint1', 'panda_joint2', 'panda_joint3', 'panda_joint4', 'panda_joint5', 'panda_joint6', 'panda_joint7'] pts=1
[fjt] times[0..2]=[0. 2.] times[-3:]=[0. 2.]
[fjt] goal=[ 1.503 -1.598 -1.744 -2.213 -1.697  1.693 -0.2  ]
[fjt] final=[ 1.501 -1.593 -1.718 -2.202 -1.699  1.696 -0.202]
[fjt] err=[-0.002  0.005  0.026  0.012 -0.001  0.003 -0.002]
[fjt] names=['panda_joint1', 'panda_joint2', 'panda_joint3', 'panda_joint4', 'panda_joint5', 'panda_joint6', 'panda_joint7'] pts=1
[fjt] times[0..2]=[0. 2.] times[-3:]=[0. 2.]
[fjt] goal=[ 1.499 -1.451 -1.358 -2.192 -1.348  1.47  -0.212]
[fjt] final=[ 1.499 -1.451 -1.359 -2.193 -1.351  1.472 -0.209]
[fjt] err=[ 0.    -0.001 -0.002 -0.001 -0.002  0.002  0.002]
[fjt] names=['panda_joint1', 'panda_joint2', 'panda_joint3', 'panda_joint4', 'panda_joint5', 'panda_joint6', 'panda_joint7'] pts=1
[fjt] times[0..2]=[0. 3.] times[-3:]=[0. 3.]
[fjt] goal=[ 2.063 -0.981 -1.102 -1.966 -0.845  1.438  1.868]
[fjt] final=[ 2.06  -0.982 -1.102 -1.967 -0.847  1.44   0.398]
[fjt] err=[-2.00e-03 -1.00e-03 -1.00e-03 -1.00e-03 -2.00e-03  2.00e-03 -1.47e+00]
[fjt] names=['panda_joint1', 'panda_joint2', 'panda_joint3', 'panda_joint4', 'panda_joint5', 'panda_joint6', 'panda_joint7'] pts=1
[fjt] times[0..2]=[0. 2.] times[-3:]=[0. 2.]
[fjt] goal=[ 2.063 -0.981 -1.102 -1.966 -0.845  1.438  1.868]
[fjt] final=[ 2.063 -0.982 -1.102 -1.967 -0.846  1.439  0.827]
[fjt] err=[-0.000e+00 -1.000e-03 -0.000e+00 -1.000e-03 -1.000e-03  2.000e-03
 -1.041e+00]
[fjt] names=['panda_joint1', 'panda_joint2', 'panda_joint3', 'panda_joint4', 'panda_joint5', 'panda_joint6', 'panda_joint7'] pts=1
[fjt] times[0..2]=[0. 2.] times[-3:]=[0. 2.]
[fjt] goal=[ 2.063 -0.981 -1.102 -1.966 -0.845  1.438  1.868]
[fjt] final=[ 2.063 -0.982 -1.102 -1.967 -0.846  1.439  1.253]
[fjt] err=[-0.    -0.001 -0.    -0.001 -0.001  0.002 -0.615]
[fjt] names=['panda_joint1', 'panda_joint2', 'panda_joint3', 'panda_joint4', 'panda_joint5', 'panda_joint6', 'panda_joint7'] pts=1
[fjt] times[0..2]=[0. 2.] times[-3:]=[0. 2.]
[fjt] goal=[ 2.063 -0.981 -1.102 -1.966 -0.845  1.438  1.868]
[fjt] final=[ 2.063 -0.982 -1.102 -1.967 -0.846  1.439  1.672]
[fjt] err=[-0.    -0.001 -0.    -0.001 -0.001  0.002 -0.196]
[fjt] names=['panda_joint1', 'panda_joint2', 'panda_joint3', 'panda_joint4', 'panda_joint5', 'panda_joint6', 'panda_joint7'] pts=1
[fjt] times[0..2]=[0. 3.] times[-3:]=[0. 3.]
[fjt] goal=[ 1.406 -1.368 -1.404 -2.112 -1.311  1.535  1.183]
[fjt] final=[ 1.445 -1.367 -1.403 -2.111 -1.309  1.533  1.183]
[fjt] err=[ 0.039  0.001  0.001  0.     0.002 -0.002 -0.   ]
[fjt] names=['panda_joint1', 'panda_joint2', 'panda_joint3', 'panda_joint4', 'panda_joint5', 'panda_joint6', 'panda_joint7'] pts=1
[fjt] times[0..2]=[0. 2.] times[-3:]=[0. 2.]
[fjt] goal=[ 1.406 -1.368 -1.404 -2.112 -1.311  1.535  1.183]
[fjt] final=[ 1.406 -1.368 -1.403 -2.111 -1.31   1.533  1.183]
[fjt] err=[ 0.     0.     0.001  0.     0.002 -0.002 -0.   ]
[fjt] names=['panda_joint1', 'panda_joint2', 'panda_joint3', 'panda_joint4', 'panda_joint5', 'panda_joint6', 'panda_joint7'] pts=1
[fjt] times[0..2]=[0. 2.] times[-3:]=[0. 2.]
[fjt] goal=[ 1.46  -1.552 -1.841 -2.098 -1.693  1.813  1.214]
[fjt] final=[ 1.458 -1.549 -1.801 -2.094 -1.679  1.821  1.212]
[fjt] err=[-0.002  0.003  0.04   0.004  0.014  0.008 -0.002]
[fjt] names=['panda_joint1', 'panda_joint2', 'panda_joint3', 'panda_joint4', 'panda_joint5', 'panda_joint6', 'panda_joint7'] pts=1
[fjt] times[0..2]=[0. 2.] times[-3:]=[0. 2.]
[fjt] goal=[ 1.46  -1.552 -1.841 -2.098 -1.693  1.813  1.214]
[fjt] final=[ 1.458 -1.548 -1.803 -2.091 -1.678  1.825  1.214]
[fjt] err=[-0.002  0.004  0.038  0.007  0.015  0.012 -0.   ]
[fjt] names=['panda_joint1', 'panda_joint2', 'panda_joint3', 'panda_joint4', 'panda_joint5', 'panda_joint6', 'panda_joint7'] pts=1
[fjt] times[0..2]=[0. 2.] times[-3:]=[0. 2.]
[fjt] goal=[ 1.46  -1.552 -1.841 -2.098 -1.693  1.813  1.214]
[fjt] final=[ 1.458 -1.548 -1.804 -2.089 -1.679  1.825  1.215]
[fjt] err=[-0.002  0.004  0.037  0.009  0.014  0.012  0.001]
[fjt] names=['panda_joint1', 'panda_joint2', 'panda_joint3', 'panda_joint4', 'panda_joint5', 'panda_joint6', 'panda_joint7'] pts=1
[fjt] times[0..2]=[0. 2.] times[-3:]=[0. 2.]
[fjt] goal=[ 1.46  -1.552 -1.841 -2.098 -1.693  1.813  1.214]
[fjt] final=[ 1.458 -1.548 -1.805 -2.087 -1.681  1.826  1.215]
[fjt] err=[-0.002  0.004  0.036  0.011  0.012  0.013  0.001]
[fjt] names=['panda_joint1', 'panda_joint2', 'panda_joint3', 'panda_joint4', 'panda_joint5', 'panda_joint6', 'panda_joint7'] pts=1
[fjt] times[0..2]=[0.  1.5] times[-3:]=[0.  1.5]
[fjt] goal=[ 1.491 -1.551 -1.844 -2.141 -1.704  1.811  1.289]
[fjt] final=[ 1.474 -1.53  -1.796 -2.11  -1.699  1.795  1.265]
[fjt] err=[-0.018  0.021  0.048  0.031  0.005 -0.016 -0.024]
[fjt] names=['panda_joint1', 'panda_joint2', 'panda_joint3', 'panda_joint4', 'panda_joint5', 'panda_joint6', 'panda_joint7'] pts=1
[fjt] times[0..2]=[0. 2.] times[-3:]=[0. 2.]
[fjt] goal=[ 1.491 -1.551 -1.844 -2.141 -1.704  1.811  1.289]
[fjt] final=[ 1.479 -1.533 -1.796 -2.109 -1.699  1.799  1.274]
[fjt] err=[-0.013  0.018  0.048  0.031  0.005 -0.012 -0.015]
[fjt] names=['panda_joint1', 'panda_joint2', 'panda_joint3', 'panda_joint4', 'panda_joint5', 'panda_joint6', 'panda_joint7'] pts=1
[fjt] times[0..2]=[0. 2.] times[-3:]=[0. 2.]
[fjt] goal=[ 1.491 -1.551 -1.844 -2.141 -1.704  1.811  1.289]
[fjt] final=[ 1.48  -1.535 -1.797 -2.107 -1.701  1.804  1.276]
[fjt] err=[-0.011  0.016  0.047  0.033  0.003 -0.007 -0.013]
[fjt] names=['panda_joint1', 'panda_joint2', 'panda_joint3', 'panda_joint4', 'panda_joint5', 'panda_joint6', 'panda_joint7'] pts=1
[fjt] times[0..2]=[0. 2.] times[-3:]=[0. 2.]
[fjt] goal=[ 1.491 -1.551 -1.844 -2.141 -1.704  1.811  1.289]
[fjt] final=[ 1.482 -1.536 -1.798 -2.106 -1.703  1.808  1.277]
[fjt] err=[-0.01   0.015  0.046  0.034  0.001 -0.003 -0.012]
[fjt] names=['panda_joint1', 'panda_joint2', 'panda_joint3', 'panda_joint4', 'panda_joint5', 'panda_joint6', 'panda_joint7'] pts=8
[fjt] times[0..2]=[0.  1.5 3. ] times[-3:]=[ 9.  10.5 12. ]
[fjt] goal=[ 1.648 -1.506 -1.698 -2.281 -1.605  1.71   1.571]
[fjt] final=[ 1.648 -1.505 -1.699 -2.28  -1.604  1.712  1.569]
[fjt] err=[-0.     0.001 -0.001  0.001  0.001  0.002 -0.002]
[fjt] names=['panda_joint1', 'panda_joint2', 'panda_joint3', 'panda_joint4', 'panda_joint5', 'panda_joint6', 'panda_joint7'] pts=1
[fjt] times[0..2]=[0. 3.] times[-3:]=[0. 3.]
[fjt] goal=[ 2.136 -1.097 -1.077 -1.953 -0.933  1.347  1.929]
[fjt] final=[ 2.136 -1.097 -1.096 -1.954 -1.003  1.348  1.927]
[fjt] err=[-0.001 -0.    -0.02  -0.001 -0.07   0.001 -0.001]
[fjt] names=['panda_joint1', 'panda_joint2', 'panda_joint3', 'panda_joint4', 'panda_joint5', 'panda_joint6', 'panda_joint7'] pts=1
[fjt] times[0..2]=[0. 2.] times[-3:]=[0. 2.]
[fjt] goal=[ 2.136 -1.097 -1.077 -1.953 -0.933  1.347  1.929]
[fjt] final=[ 2.136 -1.097 -1.077 -1.954 -0.934  1.348  1.927]
[fjt] err=[-0.    -0.    -0.001 -0.001 -0.002  0.001 -0.001]
[fjt] names=['panda_joint1', 'panda_joint2', 'panda_joint3', 'panda_joint4', 'panda_joint5', 'panda_joint6', 'panda_joint7'] pts=1
[fjt] times[0..2]=[0. 4.] times[-3:]=[0. 4.]
[fjt] goal=[ 1.687 -1.422 -1.243 -2.217 -1.251  1.405  1.599]
[fjt] final=[ 1.688 -1.421 -1.242 -2.216 -1.249  1.403  1.601]
[fjt] err=[ 0.001  0.001  0.001  0.001  0.002 -0.002  0.002]
[fjt] names=['panda_joint1', 'panda_joint2', 'panda_joint3', 'panda_joint4', 'panda_joint5', 'panda_joint6', 'panda_joint7'] pts=1
[fjt] times[0..2]=[0. 3.] times[-3:]=[0. 3.]
[fjt] goal=[ 1.655 -1.526 -1.531 -2.316 -1.511  1.572  1.615]
[fjt] final=[ 1.655 -1.525 -1.53  -2.315 -1.509  1.57   1.613]
[fjt] err=[ 0.     0.001  0.001  0.001  0.002 -0.002 -0.002]
[fjt] names=['panda_joint1', 'panda_joint2', 'panda_joint3', 'panda_joint4', 'panda_joint5', 'panda_joint6', 'panda_joint7'] pts=1
[fjt] times[0..2]=[0. 3.] times[-3:]=[0. 3.]
[fjt] goal=[ 1.659 -1.558 -1.646 -2.313 -1.612  1.635  1.617]
[fjt] final=[ 1.659 -1.557 -1.645 -2.314 -1.61   1.633  1.615]
[fjt] err=[-0.     0.     0.001 -0.001  0.002 -0.002 -0.002]
[fjt] names=['panda_joint1', 'panda_joint2', 'panda_joint3', 'panda_joint4', 'panda_joint5', 'panda_joint6', 'panda_joint7'] pts=1
[fjt] times[0..2]=[0. 3.] times[-3:]=[0. 3.]
[fjt] goal=[ 1.654 -1.525 -1.531 -2.316 -1.51   1.572  1.615]
[fjt] final=[ 1.655 -1.526 -1.533 -2.315 -1.512  1.574  1.615]
[fjt] err=[ 0.    -0.001 -0.002  0.001 -0.002  0.002  0.   ]
[fjt] names=['panda_joint1', 'panda_joint2', 'panda_joint3', 'panda_joint4', 'panda_joint5', 'panda_joint6', 'panda_joint7'] pts=1
[fjt] times[0..2]=[0. 3.] times[-3:]=[0. 3.]
[fjt] goal=[ 1.669 -1.465 -1.339 -2.269 -1.34   1.464  1.607]
[fjt] final=[ 1.669 -1.466 -1.341 -2.271 -1.342  1.465  1.609]
[fjt] err=[-0.    -0.001 -0.002 -0.001 -0.002  0.002  0.002]
[fjt] names=['panda_joint1', 'panda_joint2', 'panda_joint3', 'panda_joint4', 'panda_joint5', 'panda_joint6', 'panda_joint7'] pts=1
[fjt] times[0..2]=[0. 3.] times[-3:]=[0. 3.]
[fjt] goal=[ 1.715 -1.379 -1.155 -2.145 -1.175  1.339  1.591]
[fjt] final=[ 1.714 -1.38  -1.156 -2.147 -1.177  1.341  1.593]
[fjt] err=[-0.    -0.001 -0.002 -0.002 -0.002  0.002  0.002]
[fjt] names=['panda_joint1', 'panda_joint2', 'panda_joint3', 'panda_joint4', 'panda_joint5', 'panda_joint6', 'panda_joint7'] pts=2
[fjt] times[0..2]=[0. 3. 6.] times[-3:]=[0. 3. 6.]
[fjt] goal=[ 1.249 -1.763 -0.931 -2.486 -1.154  1.037 -0.141]
[fjt] final=[ 1.249 -1.762 -0.933 -2.485 -1.157  1.039  0.564]
[fjt] err=[ 0.     0.001 -0.002  0.001 -0.002  0.002  0.705]
[fjt] names=['panda_joint1', 'panda_joint2', 'panda_joint3', 'panda_joint4', 'panda_joint5', 'panda_joint6', 'panda_joint7'] pts=1
[fjt] times[0..2]=[0. 3.] times[-3:]=[0. 3.]
[fjt] goal=[ 1.249 -1.763 -0.931 -2.486 -1.154  1.037 -0.141]
[fjt] final=[ 1.249 -1.762 -0.933 -2.485 -1.156  1.039 -0.003]
[fjt] err=[ 0.     0.001 -0.002  0.001 -0.002  0.001  0.138]
[fjt] names=['panda_joint1', 'panda_joint2', 'panda_joint3', 'panda_joint4', 'panda_joint5', 'panda_joint6', 'panda_joint7'] pts=1
[fjt] times[0..2]=[0. 3.] times[-3:]=[0. 3.]
[fjt] goal=[ 1.249 -1.763 -0.931 -2.486 -1.154  1.037 -0.141]
[fjt] final=[ 1.249 -1.762 -0.933 -2.486 -1.156  1.039 -0.139]
[fjt] err=[ 0.     0.001 -0.001  0.    -0.001  0.001  0.002]
[fjt] names=['panda_joint1', 'panda_joint2', 'panda_joint3', 'panda_joint4', 'panda_joint5', 'panda_joint6', 'panda_joint7'] pts=1
[fjt] times[0..2]=[0. 3.] times[-3:]=[0. 3.]
[fjt] goal=[ 1.16  -1.763 -1.073 -2.563 -1.248  1.141 -0.183]
[fjt] final=[ 1.16  -1.762 -1.072 -2.562 -1.247  1.139 -0.18 ]
[fjt] err=[ 0.     0.     0.     0.001  0.002 -0.002  0.002]
[fjt] names=['panda_joint1', 'panda_joint2', 'panda_joint3', 'panda_joint4', 'panda_joint5', 'panda_joint6', 'panda_joint7'] pts=1
[fjt] times[0..2]=[0. 3.] times[-3:]=[0. 3.]
[fjt] goal=[ 1.088 -1.763 -1.188 -2.622 -1.33   1.215 -0.211]
[fjt] final=[ 1.089 -1.762 -1.187 -2.621 -1.328  1.213 -0.209]
[fjt] err=[ 0.     0.     0.     0.001  0.002 -0.002  0.002]
[fjt] names=['panda_joint1', 'panda_joint2', 'panda_joint3', 'panda_joint4', 'panda_joint5', 'panda_joint6', 'panda_joint7'] pts=1
[fjt] times[0..2]=[0. 3.] times[-3:]=[0. 3.]
[fjt] goal=[ 1.058 -1.763 -1.247 -2.646 -1.376  1.249 -0.223]
[fjt] final=[ 1.064 -1.763 -1.228 -2.648 -1.365  1.278 -0.218]
[fjt] err=[ 0.006 -0.     0.019 -0.002  0.012  0.029  0.005]
[fjt] names=['panda_joint1', 'panda_joint2', 'panda_joint3', 'panda_joint4', 'panda_joint5', 'panda_joint6', 'panda_joint7'] pts=1
[fjt] times[0..2]=[0. 2.] times[-3:]=[0. 2.]
[fjt] goal=[ 1.058 -1.763 -1.247 -2.646 -1.376  1.249 -0.223]
[fjt] final=[ 1.063 -1.763 -1.231 -2.648 -1.366  1.277 -0.219]
[fjt] err=[ 0.006 -0.     0.016 -0.003  0.01   0.028  0.004]
[fjt] names=['panda_joint1', 'panda_joint2', 'panda_joint3', 'panda_joint4', 'panda_joint5', 'panda_joint6', 'panda_joint7'] pts=1
[fjt] times[0..2]=[0. 2.] times[-3:]=[0. 2.]
[fjt] goal=[ 1.058 -1.763 -1.247 -2.646 -1.376  1.249 -0.223]
[fjt] final=[ 1.063 -1.763 -1.232 -2.649 -1.366  1.275 -0.219]
[fjt] err=[ 0.005 -0.     0.015 -0.003  0.01   0.026  0.004]
[fjt] names=['panda_joint1', 'panda_joint2', 'panda_joint3', 'panda_joint4', 'panda_joint5', 'panda_joint6', 'panda_joint7'] pts=1
[fjt] times[0..2]=[0. 2.] times[-3:]=[0. 2.]
[fjt] goal=[ 1.058 -1.763 -1.247 -2.646 -1.376  1.249 -0.223]
[fjt] final=[ 1.062 -1.763 -1.235 -2.649 -1.367  1.27  -0.219]
[fjt] err=[ 0.004 -0.     0.013 -0.003  0.009  0.021  0.004]
[fjt] names=['panda_joint1', 'panda_joint2', 'panda_joint3', 'panda_joint4', 'panda_joint5', 'panda_joint6', 'panda_joint7'] pts=1
[fjt] times[0..2]=[0. 3.] times[-3:]=[0. 3.]
[fjt] goal=[ 1.254 -1.595 -0.865 -2.377 -1.036  1.086 -0.169]
[fjt] final=[ 1.254 -1.596 -0.866 -2.378 -1.038  1.088 -0.171]
[fjt] err=[-0.    -0.001 -0.001 -0.001 -0.002  0.002 -0.002]
[fjt] names=['panda_joint1', 'panda_joint2', 'panda_joint3', 'panda_joint4', 'panda_joint5', 'panda_joint6', 'panda_joint7'] pts=1
[fjt] times[0..2]=[0. 4.] times[-3:]=[0. 4.]
[fjt] goal=[ 1.873 -0.71  -1.108 -1.996 -0.624  1.619  1.704]
[fjt] final=[ 1.873 -0.823 -1.107 -1.998 -0.625  1.618  0.574]
[fjt] err=[-0.00e+00 -1.12e-01  1.00e-03 -1.00e-03 -1.00e-03 -1.00e-03 -1.13e+00]
[fjt] names=['panda_joint1', 'panda_joint2', 'panda_joint3', 'panda_joint4', 'panda_joint5', 'panda_joint6', 'panda_joint7'] pts=1
[fjt] times[0..2]=[0. 2.] times[-3:]=[0. 2.]
[fjt] goal=[ 1.873 -0.71  -1.108 -1.996 -0.624  1.619  1.704]
[fjt] final=[ 1.873 -0.711 -1.107 -1.997 -0.625  1.618  1.002]
[fjt] err=[-0.    -0.001  0.001 -0.001 -0.001 -0.001 -0.702]
[fjt] names=['panda_joint1', 'panda_joint2', 'panda_joint3', 'panda_joint4', 'panda_joint5', 'panda_joint6', 'panda_joint7'] pts=1
[fjt] times[0..2]=[0. 2.] times[-3:]=[0. 2.]
[fjt] goal=[ 1.873 -0.71  -1.108 -1.996 -0.624  1.619  1.704]
[fjt] final=[ 1.873 -0.711 -1.107 -1.997 -0.625  1.618  1.424]
[fjt] err=[-0.    -0.001  0.001 -0.001 -0.001 -0.001 -0.28 ]
[fjt] names=['panda_joint1', 'panda_joint2', 'panda_joint3', 'panda_joint4', 'panda_joint5', 'panda_joint6', 'panda_joint7'] pts=1
[fjt] times[0..2]=[0. 2.] times[-3:]=[0. 2.]
[fjt] goal=[ 1.873 -0.71  -1.108 -1.996 -0.624  1.619  1.704]
[fjt] final=[ 1.873 -0.711 -1.108 -1.997 -0.625  1.618  1.702]
[fjt] err=[-0.    -0.001  0.001 -0.001 -0.001 -0.001 -0.002]
[fjt] names=['panda_joint1', 'panda_joint2', 'panda_joint3', 'panda_joint4', 'panda_joint5', 'panda_joint6', 'panda_joint7'] pts=1
[fjt] times[0..2]=[0. 4.] times[-3:]=[0. 4.]
[fjt] goal=[ 1.852 -1.728 -1.247 -1.743 -1.116  0.557  0.002]
[fjt] final=[ 1.852 -1.492 -1.246 -1.743 -1.116  0.869  0.966]
[fjt] err=[-0.     0.235  0.001 -0.    -0.001  0.312  0.964]
[fjt] names=['panda_joint1', 'panda_joint2', 'panda_joint3', 'panda_joint4', 'panda_joint5', 'panda_joint6', 'panda_joint7'] pts=1
[fjt] times[0..2]=[0. 2.] times[-3:]=[0. 2.]
[fjt] goal=[ 1.852 -1.728 -1.247 -1.743 -1.116  0.557  0.002]
[fjt] final=[ 1.851 -1.727 -1.246 -1.743 -1.117  0.559  0.559]
[fjt] err=[-0.     0.001  0.     0.    -0.001  0.002  0.556]
[fjt] names=['panda_joint1', 'panda_joint2', 'panda_joint3', 'panda_joint4', 'panda_joint5', 'panda_joint6', 'panda_joint7'] pts=1
[fjt] times[0..2]=[0. 2.] times[-3:]=[0. 2.]
[fjt] goal=[ 1.852 -1.728 -1.247 -1.743 -1.116  0.557  0.002]
[fjt] final=[ 1.851 -1.727 -1.247 -1.743 -1.117  0.558  0.141]
[fjt] err=[-0.     0.001  0.     0.    -0.001  0.002  0.138]
[fjt] names=['panda_joint1', 'panda_joint2', 'panda_joint3', 'panda_joint4', 'panda_joint5', 'panda_joint6', 'panda_joint7'] pts=1
[fjt] times[0..2]=[0. 2.] times[-3:]=[0. 2.]
[fjt] goal=[ 1.852 -1.728 -1.247 -1.743 -1.116  0.557  0.002]
[fjt] final=[ 1.852 -1.727 -1.247 -1.743 -1.117  0.558  0.005]
[fjt] err=[-0.     0.     0.     0.    -0.001  0.001  0.002]
[fjt] names=['panda_joint1', 'panda_joint2', 'panda_joint3', 'panda_joint4', 'panda_joint5', 'panda_joint6', 'panda_joint7'] pts=1
[fjt] times[0..2]=[0. 3.] times[-3:]=[0. 3.]
[fjt] goal=[ 1.78  -1.763 -1.441 -1.815 -1.266  0.717 -0.114]
[fjt] final=[ 1.781 -1.762 -1.44  -1.814 -1.264  0.715 -0.112]
[fjt] err=[ 0.     0.     0.001  0.001  0.002 -0.002  0.002]
[fjt] names=['panda_joint1', 'panda_joint2', 'panda_joint3', 'panda_joint4', 'panda_joint5', 'panda_joint6', 'panda_joint7'] pts=1
[fjt] times[0..2]=[0. 2.] times[-3:]=[0. 2.]
[fjt] goal=[ 1.735 -1.763 -1.451 -1.872 -1.248  0.724 -0.097]
[fjt] final=[ 1.735 -1.763 -1.451 -1.871 -1.249  0.722 -0.1  ]
[fjt] err=[ 0.     0.     0.001  0.001 -0.001 -0.002 -0.003]
[fjt] names=['panda_joint1', 'panda_joint2', 'panda_joint3', 'panda_joint4', 'panda_joint5', 'panda_joint6', 'panda_joint7'] pts=1
[fjt] times[0..2]=[0. 2.] times[-3:]=[0. 2.]
[fjt] goal=[ 1.699 -1.763 -1.459 -1.917 -1.235  0.729 -0.085]
[fjt] final=[ 1.699 -1.763 -1.458 -1.915 -1.236  0.727 -0.087]
[fjt] err=[ 0.     0.     0.001  0.001 -0.001 -0.002 -0.003]
[fjt] names=['panda_joint1', 'panda_joint2', 'panda_joint3', 'panda_joint4', 'panda_joint5', 'panda_joint6', 'panda_joint7'] pts=1
[fjt] times[0..2]=[0. 2.] times[-3:]=[0. 2.]
[fjt] goal=[ 1.669 -1.763 -1.465 -1.953 -1.225  0.733 -0.075]
[fjt] final=[ 1.671 -1.763 -1.463 -1.95  -1.227  0.736 -0.079]
[fjt] err=[ 0.002  0.     0.002  0.002 -0.001  0.003 -0.004]
[fjt] names=['panda_joint1', 'panda_joint2', 'panda_joint3', 'panda_joint4', 'panda_joint5', 'panda_joint6', 'panda_joint7'] pts=1
[fjt] times[0..2]=[0. 2.] times[-3:]=[0. 2.]
[fjt] goal=[ 1.639 -1.763 -1.471 -1.989 -1.216  0.736 -0.067]
[fjt] final=[ 1.647 -1.763 -1.46  -1.981 -1.219  0.761 -0.075]
[fjt] err=[ 0.008  0.     0.011  0.008 -0.003  0.025 -0.009]
[fjt] names=['panda_joint1', 'panda_joint2', 'panda_joint3', 'panda_joint4', 'panda_joint5', 'panda_joint6', 'panda_joint7'] pts=1
[fjt] times[0..2]=[0. 2.] times[-3:]=[0. 2.]
[fjt] goal=[ 1.639 -1.763 -1.471 -1.989 -1.216  0.736 -0.067]
[fjt] final=[ 1.646 -1.763 -1.46  -1.983 -1.217  0.76  -0.072]
[fjt] err=[ 0.007  0.     0.012  0.006 -0.     0.023 -0.005]
[fjt] names=['panda_joint1', 'panda_joint2', 'panda_joint3', 'panda_joint4', 'panda_joint5', 'panda_joint6', 'panda_joint7'] pts=1
[fjt] times[0..2]=[0. 2.] times[-3:]=[0. 2.]
[fjt] goal=[ 1.639 -1.763 -1.471 -1.989 -1.216  0.736 -0.067]
[fjt] final=[ 1.646 -1.762 -1.459 -1.984 -1.215  0.758 -0.07 ]
[fjt] err=[ 0.007  0.001  0.012  0.004  0.001  0.022 -0.003]
[fjt] names=['panda_joint1', 'panda_joint2', 'panda_joint3', 'panda_joint4', 'panda_joint5', 'panda_joint6', 'panda_joint7'] pts=1
[fjt] times[0..2]=[0. 2.] times[-3:]=[0. 2.]
[fjt] goal=[ 1.639 -1.763 -1.471 -1.989 -1.216  0.736 -0.067]
[fjt] final=[ 1.646 -1.762 -1.459 -1.985 -1.214  0.757 -0.069]
[fjt] err=[ 0.007  0.001  0.013  0.004  0.002  0.021 -0.002]
[fjt] names=['panda_joint1', 'panda_joint2', 'panda_joint3', 'panda_joint4', 'panda_joint5', 'panda_joint6', 'panda_joint7'] pts=1
[fjt] times[0..2]=[0. 3.] times[-3:]=[0. 3.]
[fjt] goal=[ 1.818 -1.624 -1.321 -1.757 -1.067  0.641 -0.052]
[fjt] final=[ 1.818 -1.625 -1.322 -1.759 -1.068  0.643 -0.055]
[fjt] err=[-0.    -0.    -0.001 -0.001 -0.002  0.002 -0.002]
[fjt] names=['panda_joint1', 'panda_joint2', 'panda_joint3', 'panda_joint4', 'panda_joint5', 'panda_joint6', 'panda_joint7'] pts=1
[fjt] times[0..2]=[0. 4.] times[-3:]=[0. 4.]
[fjt] goal=[ 2.228 -1.239 -1.031 -1.937 -1.038  1.227  1.996]
[fjt] final=[ 2.228 -1.24  -1.031 -1.937 -1.039  1.225  0.694]
[fjt] err=[-0.000e+00 -1.000e-03 -0.000e+00  0.000e+00 -1.000e-03 -2.000e-03
 -1.302e+00]
[fjt] names=['panda_joint1', 'panda_joint2', 'panda_joint3', 'panda_joint4', 'panda_joint5', 'panda_joint6', 'panda_joint7'] pts=1
[fjt] times[0..2]=[0. 2.] times[-3:]=[0. 2.]
[fjt] goal=[ 2.228 -1.239 -1.031 -1.937 -1.038  1.227  1.996]
[fjt] final=[ 2.228 -1.24  -1.031 -1.937 -1.039  1.225  1.121]
[fjt] err=[ 0.    -0.    -0.     0.    -0.001 -0.002 -0.875]
[fjt] names=['panda_joint1', 'panda_joint2', 'panda_joint3', 'panda_joint4', 'panda_joint5', 'panda_joint6', 'panda_joint7'] pts=1
[fjt] times[0..2]=[0. 2.] times[-3:]=[0. 2.]
[fjt] goal=[ 2.228 -1.239 -1.031 -1.937 -1.038  1.227  1.996]
[fjt] final=[ 2.228 -1.239 -1.031 -1.937 -1.038  1.225  1.544]
[fjt] err=[ 0.    -0.    -0.     0.    -0.    -0.001 -0.452]
[fjt] names=['panda_joint1', 'panda_joint2', 'panda_joint3', 'panda_joint4', 'panda_joint5', 'panda_joint6', 'panda_joint7'] pts=1
[fjt] times[0..2]=[0. 2.] times[-3:]=[0. 2.]
[fjt] goal=[ 2.228 -1.239 -1.031 -1.937 -1.038  1.227  1.996]
[fjt] final=[ 2.228 -1.239 -1.031 -1.937 -1.038  1.225  1.955]
[fjt] err=[ 0.    -0.    -0.    -0.    -0.    -0.001 -0.041]
[fjt] names=['panda_joint1', 'panda_joint2', 'panda_joint3', 'panda_joint4', 'panda_joint5', 'panda_joint6', 'panda_joint7'] pts=1
[fjt] times[0..2]=[0. 4.] times[-3:]=[0. 4.]
[fjt] goal=[ 2.225 -1.235 -1.032 -1.937 -1.035  1.231  1.994]
[fjt] final=[ 2.225 -1.235 -1.032 -1.937 -1.036  1.229  1.992]
[fjt] err=[ 0.    -0.001  0.001  0.    -0.001 -0.002 -0.002]
[fjt] names=['panda_joint1', 'panda_joint2', 'panda_joint3', 'panda_joint4', 'panda_joint5', 'panda_joint6', 'panda_joint7'] pts=1
[fjt] times[0..2]=[0. 4.] times[-3:]=[0. 4.]
[fjt] goal=[ 2.877 -1.115 -1.493 -1.207 -1.163  1.347  1.792]
[fjt] final=[ 2.876 -1.115 -1.492 -1.212 -1.162  1.345  1.794]
[fjt] err=[-0.001 -0.     0.001 -0.005  0.001 -0.002  0.001]
