grip 0.04
  grip reached=True stalled=False fingers=(0.0387,-0.0387)
goto 0.108 -0.189 0.62 0.0 3.0
  move done code=0 max_joint_err=0.0236
  now hand=(0.102,-0.187,0.718) tcp=(0.100,-0.187,0.615) target_tcp=(0.108,-0.189,0.620)
goto 0.102 -0.187 0.5 0.0 2.0
  move done code=0 max_joint_err=0.0024
  now hand=(0.102,-0.187,0.604) tcp=(0.102,-0.187,0.500) target_tcp=(0.102,-0.187,0.500)
goto 0.102 -0.187 0.434 0.0 2.0
  move done code=0 max_joint_err=0.0113
  now hand=(0.102,-0.187,0.543) tcp=(0.102,-0.187,0.439) target_tcp=(0.102,-0.187,0.434)
grip 0.0
  grip reached=True stalled=False fingers=(0.0211,-0.0211)
goto 0.102 -0.187 0.65 0.0 2.5
  move done code=0 max_joint_err=0.0024
  now hand=(0.102,-0.187,0.753) tcp=(0.102,-0.187,0.649) target_tcp=(0.102,-0.187,0.650)
hand [ 0.102  -0.1868  0.7528] tcp [ 0.1021 -0.1867  0.6494] fingers 0.0211 -0.0211
goto 0.0 0.26 0.72 0.0 3.5
  move done code=-5 max_joint_err=0.1425
  now hand=(0.001,0.260,0.823) tcp=(0.001,0.260,0.720) target_tcp=(0.000,0.260,0.720)
grip 0.04
  grip reached=True stalled=False fingers=(0.0363,-0.0363)
hand [6.000e-04 2.597e-01 8.234e-01] tcp [7.000e-04 2.599e-01 7.200e-01] fingers 0.0363 -0.0363
goto -0.097 0.04 0.65 0.0 3.5
  move done code=0 max_joint_err=0.0025
  now hand=(-0.096,0.041,0.754) tcp=(-0.096,0.041,0.651) target_tcp=(-0.097,0.040,0.650)
grip 0.04
  grip reached=True stalled=False fingers=(0.0400,-0.0400)
goto -0.102 0.041 0.56 0.0 2.5
  move done code=0 max_joint_err=0.0026
  now hand=(-0.102,0.041,0.664) tcp=(-0.102,0.041,0.560) target_tcp=(-0.102,0.041,0.560)
hand [-0.1018  0.0412  0.6637] tcp [-0.1019  0.0411  0.5603] fingers 0.04 -0.04
goto -0.102 0.041 0.462 0.0 2.0
  move done code=0 max_joint_err=0.0370
  now hand=(-0.101,0.041,0.577) tcp=(-0.099,0.042,0.474) target_tcp=(-0.102,0.041,0.462)
grip 0.0
  grip reached=True stalled=False fingers=(0.0314,-0.0308)
goto -0.102 0.041 0.68 0.0 2.5
  move done code=-5 max_joint_err=0.1434
  now hand=(-0.087,0.046,0.772) tcp=(-0.078,0.046,0.669) target_tcp=(-0.102,0.041,0.680)
hand [-0.0868  0.0456  0.7719] tcp [-0.0783  0.046   0.6689] fingers 0.0314 -0.0308
goto 0.0 0.26 0.72 0.0 4.0
  move done code=0 max_joint_err=0.0023
  now hand=(-0.000,0.259,0.823) tcp=(0.000,0.259,0.719) target_tcp=(0.000,0.260,0.720)
hand [-0.      0.2593  0.8228] tcp [0.     0.2592 0.7194] fingers 0.0314 -0.0308
grip 0.04
  grip reached=True stalled=False fingers=(0.0372,-0.0371)
goto -0.15 0.0 0.75 0.0 3.5
  move done code=-5 max_joint_err=0.0616
  now hand=(-0.145,0.003,0.834) tcp=(-0.150,0.000,0.731) target_tcp=(-0.150,0.000,0.750)
hand [-0.1448  0.003   0.8342] tcp [-1.503e-01  1.000e-04  7.310e-01] fingers 0.0399 -0.04
