[robosuite WARNING] No private macro file found! (__init__.py:7)
[robosuite WARNING] It is recommended to use a private macro file (__init__.py:8)
[robosuite WARNING] To setup, run: python /storage/home/yehe8/.openrua/simulators/cap-x/capx/third_party/libero_dependencies/robosuite/robosuite/scripts/setup_macros.py (__init__.py:9)
Gym has been unmaintained since 2022 and does not support NumPy 2.0 amongst other critical functionality.
Please upgrade to Gymnasium, the maintained drop-in replacement of Gym, or contact the authors of your software and request that they upgrade.
See the migration guide at https://gymnasium.farama.org/introduction/migration_guide/ for additional information.
[info] Using default task order for benchmark 'libero_10_task' (10 tasks).
[Warning]: datasets path /storage/home/yehe8/.openrua/simulators/cap-x/capx/third_party/LIBERO-PRO/libero/datasets does not exist!
[Warning]: datasets path /storage/home/yehe8/.openrua/simulators/cap-x/capx/third_party/LIBERO-PRO/libero/datasets does not exist!
robot ready
[Warning]: datasets path /storage/home/yehe8/.openrua/simulators/cap-x/capx/third_party/LIBERO-PRO/libero/datasets does not exist!
[fjt] names=['panda_joint1', 'panda_joint2', 'panda_joint3', 'panda_joint4', 'panda_joint5', 'panda_joint6', 'panda_joint7'] pts=1
[fjt] times[0..2]=[0. 4.] times[-3:]=[0. 4.]
[fjt] goal=[-0.019  0.666  0.019 -1.459 -0.014  2.125  1.574]
[fjt] final=[-0.018  0.613  0.018 -1.679 -0.013  2.127  1.487]
[fjt] err=[ 0.001 -0.053 -0.    -0.22   0.001  0.002 -0.087]
[fjt] names=['panda_joint1', 'panda_joint2', 'panda_joint3', 'panda_joint4', 'panda_joint5', 'panda_joint6', 'panda_joint7'] pts=1
[fjt] times[0..2]=[0. 4.] times[-3:]=[0. 4.]
[fjt] goal=[-6.000e-03  6.660e-01  2.000e-03 -1.459e+00 -2.000e-03  2.125e+00
  1.567e+00]
[fjt] final=[-0.006  0.665  0.003 -1.461 -0.003  2.127  1.565]
[fjt] err=[-0.001 -0.001  0.001 -0.001 -0.001  0.002 -0.002]
[fjt] names=['panda_joint1', 'panda_joint2', 'panda_joint3', 'panda_joint4', 'panda_joint5', 'panda_joint6', 'panda_joint7'] pts=2
[fjt] times[0..2]=[0. 2. 4.] times[-3:]=[0. 2. 4.]
[fjt] goal=[-6.000e-03  8.810e-01  2.000e-03 -1.457e+00 -3.000e-03  2.338e+00
  1.568e+00]
[fjt] final=[-6.000e-03  8.810e-01  2.000e-03 -1.456e+00 -4.000e-03  2.336e+00
  1.566e+00]
[fjt] err=[-0.    -0.    -0.     0.001 -0.001 -0.002 -0.002]
[fjt] names=['panda_joint1', 'panda_joint2', 'panda_joint3', 'panda_joint4', 'panda_joint5', 'panda_joint6', 'panda_joint7'] pts=1
[fjt] times[0..2]=[0. 3.] times[-3:]=[0. 3.]
[fjt] goal=[-7.000e-03  6.430e-01  3.000e-03 -1.445e+00 -2.000e-03  2.088e+00
  1.568e+00]
[fjt] final=[-0.007  0.643  0.003 -1.447 -0.003  2.09   1.566]
[fjt] err=[ 0.     0.001  0.    -0.002 -0.001  0.002 -0.001]
[fjt] names=['panda_joint1', 'panda_joint2', 'panda_joint3', 'panda_joint4', 'panda_joint5', 'panda_joint6', 'panda_joint7'] pts=1
[fjt] times[0..2]=[0. 4.] times[-3:]=[0. 4.]
[fjt] goal=[-0.208  0.591  0.279 -1.345 -0.164  1.914  0.08 ]
[fjt] final=[-0.208  0.592  0.277 -1.347 -0.162  1.917  0.859]
[fjt] err=[ 0.     0.001 -0.001 -0.002  0.002  0.002  0.779]
[fjt] names=['panda_joint1', 'panda_joint2', 'panda_joint3', 'panda_joint4', 'panda_joint5', 'panda_joint6', 'panda_joint7'] pts=1
[fjt] times[0..2]=[0. 4.] times[-3:]=[0. 4.]
[fjt] goal=[-0.81   0.51   0.698 -1.573  0.469  1.81  -0.308]
[fjt] final=[-0.809  0.511  0.696 -1.573  0.467  1.812  0.112]
[fjt] err=[ 0.001  0.001 -0.001 -0.    -0.002  0.002  0.42 ]
[fjt] names=['panda_joint1', 'panda_joint2', 'panda_joint3', 'panda_joint4', 'panda_joint5', 'panda_joint6', 'panda_joint7'] pts=1
[fjt] times[0..2]=[0. 4.] times[-3:]=[0. 4.]
[fjt] goal=[-1.149  0.759  0.903 -1.701  0.884  1.565 -0.543]
[fjt] final=[-1.149  0.759  0.902 -1.701  0.882  1.567 -0.54 ]
[fjt] err=[ 0.001 -0.    -0.001  0.    -0.002  0.002  0.003]
[fjt] names=['panda_joint1', 'panda_joint2', 'panda_joint3', 'panda_joint4', 'panda_joint5', 'panda_joint6', 'panda_joint7'] pts=2
[fjt] times[0..2]=[0. 3. 6.] times[-3:]=[0. 3. 6.]
[fjt] goal=[-1.908  0.266  0.912 -2.263  0.627  1.083 -0.991]
[fjt] final=[-1.907  0.267  0.913 -2.262  0.628  1.086 -0.989]
[fjt] err=[0.    0.001 0.001 0.    0.001 0.003 0.003]
[fjt] names=['panda_joint1', 'panda_joint2', 'panda_joint3', 'panda_joint4', 'panda_joint5', 'panda_joint6', 'panda_joint7'] pts=1
[fjt] times[0..2]=[0. 5.] times[-3:]=[0. 5.]
[fjt] goal=[-1.829  0.535  0.833 -2.271  0.476  1.317 -1.002]
[fjt] final=[-1.829  0.534  0.834 -2.271  0.477  1.316 -0.999]
[fjt] err=[-0.    -0.     0.001  0.001  0.001 -0.001  0.002]
[fjt] names=['panda_joint1', 'panda_joint2', 'panda_joint3', 'panda_joint4', 'panda_joint5', 'panda_joint6', 'panda_joint7'] pts=1
[fjt] times[0..2]=[0. 4.] times[-3:]=[0. 4.]
[fjt] goal=[-1.791  0.727  0.751 -1.939  0.376  1.159 -0.904]
[fjt] final=[-1.792  0.727  0.752 -1.94   0.378  1.162 -0.906]
[fjt] err=[-0.    -0.001  0.001 -0.002  0.001  0.002 -0.002]
[fjt] names=['panda_joint1', 'panda_joint2', 'panda_joint3', 'panda_joint4', 'panda_joint5', 'panda_joint6', 'panda_joint7'] pts=1
[fjt] times[0..2]=[0. 5.] times[-3:]=[0. 5.]
[fjt] goal=[-1.757  0.669  0.832 -1.64   0.596  0.916 -0.636]
[fjt] final=[-1.758  0.669  0.832 -1.641  0.595  0.918 -0.638]
[fjt] err=[-0.     0.    -0.    -0.001 -0.002  0.002 -0.003]
[fjt] names=['panda_joint1', 'panda_joint2', 'panda_joint3', 'panda_joint4', 'panda_joint5', 'panda_joint6', 'panda_joint7'] pts=1
[fjt] times[0..2]=[0. 6.] times[-3:]=[0. 6.]
[fjt] goal=[-1.656  0.176  1.188 -1.82  -0.171  1.882 -1.206]
[fjt] final=[-1.656  0.176  1.187 -1.819 -0.17   1.878 -1.204]
[fjt] err=[-0.     0.    -0.     0.001  0.001 -0.004  0.002]
[fjt] names=['panda_joint1', 'panda_joint2', 'panda_joint3', 'panda_joint4', 'panda_joint5', 'panda_joint6', 'panda_joint7'] pts=1
[fjt] times[0..2]=[0. 6.] times[-3:]=[0. 6.]
[fjt] goal=[-1.759 -0.953  1.543 -1.461  0.957  1.485 -0.9  ]
[fjt] final=[-1.758 -0.918  1.542 -1.462  0.899  1.487 -0.902]
[fjt] err=[ 0.001  0.035 -0.001 -0.001 -0.058  0.002 -0.002]
[fjt] names=['panda_joint1', 'panda_joint2', 'panda_joint3', 'panda_joint4', 'panda_joint5', 'panda_joint6', 'panda_joint7'] pts=1
[fjt] times[0..2]=[0. 3.] times[-3:]=[0. 3.]
[fjt] goal=[-1.759 -0.953  1.543 -1.461  0.957  1.485 -0.9  ]
[fjt] final=[-1.758 -0.952  1.542 -1.462  0.956  1.486 -0.902]
[fjt] err=[ 0.001  0.    -0.    -0.001 -0.001  0.002 -0.002]
