[robosuite WARNING] No private macro file found! (__init__.py:7)
[robosuite WARNING] It is recommended to use a private macro file (__init__.py:8)
[robosuite WARNING] To setup, run: python /storage/home/yehe8/.openrua/simulators/cap-x/capx/third_party/libero_dependencies/robosuite/robosuite/scripts/setup_macros.py (__init__.py:9)
Gym has been unmaintained since 2022 and does not support NumPy 2.0 amongst other critical functionality.
Please upgrade to Gymnasium, the maintained drop-in replacement of Gym, or contact the authors of your software and request that they upgrade.
See the migration guide at https://gymnasium.farama.org/introduction/migration_guide/ for additional information.
[info] Using default task order for benchmark 'libero_10_swap' (10 tasks).
[Warning]: datasets path /storage/home/yehe8/.openrua/simulators/cap-x/capx/third_party/LIBERO-PRO/libero/datasets does not exist!
[Warning]: datasets path /storage/home/yehe8/.openrua/simulators/cap-x/capx/third_party/LIBERO-PRO/libero/datasets does not exist!
robot ready
[Warning]: datasets path /storage/home/yehe8/.openrua/simulators/cap-x/capx/third_party/LIBERO-PRO/libero/datasets does not exist!
[fjt] names=['panda_joint1', 'panda_joint2', 'panda_joint3', 'panda_joint4', 'panda_joint5', 'panda_joint6', 'panda_joint7'] pts=1
[fjt] times[0..2]=[0. 2.] times[-3:]=[0. 2.]
[fjt] goal=[ 0.    -0.161  0.    -2.445  0.     2.227  0.785]
[fjt] final=[-0.    -0.161 -0.    -2.445  0.     2.227  0.785]
[fjt] err=[-0. -0. -0.  0.  0. -0. -0.]
[fjt] names=['panda_joint1', 'panda_joint2', 'panda_joint3', 'panda_joint4', 'panda_joint5', 'panda_joint6', 'panda_joint7'] pts=1
[fjt] times[0..2]=[0. 4.] times[-3:]=[0. 4.]
[fjt] goal=[-0.135 -0.186 -0.328 -2.517 -0.083  2.339 -0.4  ]
[fjt] final=[-0.135 -0.186 -0.327 -2.516 -0.081  2.337  0.039]
[fjt] err=[ 0.     0.001  0.     0.001  0.002 -0.002  0.439]
[fjt] names=['panda_joint1', 'panda_joint2', 'panda_joint3', 'panda_joint4', 'panda_joint5', 'panda_joint6', 'panda_joint7'] pts=4
[fjt] times[0..2]=[0.   0.75 1.5 ] times[-3:]=[1.5  2.25 3.  ]
[fjt] goal=[-0.079  0.175 -0.357 -2.575  0.154  2.734 -0.573]
[fjt] final=[-0.078  0.174 -0.358 -2.575  0.153  2.733 -0.551]
[fjt] err=[ 0.    -0.001 -0.001 -0.001 -0.001 -0.002  0.022]
[fjt] names=['panda_joint1', 'panda_joint2', 'panda_joint3', 'panda_joint4', 'panda_joint5', 'panda_joint6', 'panda_joint7'] pts=4
[fjt] times[0..2]=[0.   0.75 1.5 ] times[-3:]=[1.5  2.25 3.  ]
[fjt] goal=[-0.048 -0.23  -0.41  -2.494 -0.12   2.279 -0.371]
[fjt] final=[-0.048 -0.229 -0.411 -2.495 -0.119  2.281 -0.373]
[fjt] err=[ 0.     0.001 -0.001 -0.001  0.001  0.002 -0.002]
[fjt] names=['panda_joint1', 'panda_joint2', 'panda_joint3', 'panda_joint4', 'panda_joint5', 'panda_joint6', 'panda_joint7'] pts=1
[fjt] times[0..2]=[0. 5.] times[-3:]=[0. 5.]
[fjt] goal=[ 0.191  0.391 -0.214 -1.722  0.094  2.103 -0.055]
[fjt] final=[ 0.191  0.39  -0.215 -1.724  0.093  2.105 -0.058]
[fjt] err=[-0.    -0.001 -0.001 -0.002 -0.001  0.002 -0.002]
[fjt] names=['panda_joint1', 'panda_joint2', 'panda_joint3', 'panda_joint4', 'panda_joint5', 'panda_joint6', 'panda_joint7'] pts=4
[fjt] times[0..2]=[0.   0.75 1.5 ] times[-3:]=[1.5  2.25 3.  ]
[fjt] goal=[ 0.172  0.582 -0.185 -1.798  0.145  2.366 -0.087]
[fjt] final=[ 0.173  0.582 -0.186 -1.797  0.144  2.364 -0.085]
[fjt] err=[ 0.    -0.    -0.001  0.001 -0.002 -0.002  0.002]
[fjt] names=['panda_joint1', 'panda_joint2', 'panda_joint3', 'panda_joint4', 'panda_joint5', 'panda_joint6', 'panda_joint7'] pts=4
[fjt] times[0..2]=[0.   0.75 1.5 ] times[-3:]=[1.5  2.25 3.  ]
[fjt] goal=[ 0.194  0.371 -0.218 -1.698  0.089  2.06  -0.052]
[fjt] final=[ 0.193  0.372 -0.218 -1.699  0.091  2.062 -0.055]
[fjt] err=[-0.     0.     0.001 -0.001  0.001  0.002 -0.002]
[fjt] names=['panda_joint1', 'panda_joint2', 'panda_joint3', 'panda_joint4', 'panda_joint5', 'panda_joint6', 'panda_joint7'] pts=1
[fjt] times[0..2]=[0. 4.] times[-3:]=[0. 4.]
[fjt] goal=[ 0.169  0.368 -0.229 -1.757  0.095  2.115 -0.094]
[fjt] final=[ 0.169  0.369 -0.228 -1.756  0.094  2.113 -0.092]
[fjt] err=[ 0.     0.001  0.001  0.001 -0.001 -0.002  0.003]
[fjt] names=['panda_joint1', 'panda_joint2', 'panda_joint3', 'panda_joint4', 'panda_joint5', 'panda_joint6', 'panda_joint7'] pts=4
[fjt] times[0..2]=[0.   0.75 1.5 ] times[-3:]=[1.5  2.25 3.  ]
[fjt] goal=[ 0.142  0.609 -0.188 -1.829  0.163  2.423 -0.137]
[fjt] final=[ 0.142  0.602 -0.19  -1.826  0.162  2.416 -0.139]
[fjt] err=[ 0.    -0.007 -0.002  0.004 -0.001 -0.007 -0.002]
[fjt] names=['panda_joint1', 'panda_joint2', 'panda_joint3', 'panda_joint4', 'panda_joint5', 'panda_joint6', 'panda_joint7'] pts=4
[fjt] times[0..2]=[0.   0.75 1.5 ] times[-3:]=[1.5  2.25 3.  ]
[fjt] goal=[ 0.175  0.331 -0.238 -1.706  0.085  2.027 -0.088]
[fjt] final=[ 0.175  0.332 -0.237 -1.707  0.087  2.029 -0.09 ]
[fjt] err=[-0.     0.001  0.001 -0.001  0.001  0.002 -0.002]
[fjt] names=['panda_joint1', 'panda_joint2', 'panda_joint3', 'panda_joint4', 'panda_joint5', 'panda_joint6', 'panda_joint7'] pts=1
[fjt] times[0..2]=[0. 3.] times[-3:]=[0. 3.]
[fjt] goal=[ 0.285  0.34  -0.287 -1.711 -0.186  2.028  0.097]
[fjt] final=[ 0.285  0.34  -0.286 -1.711 -0.185  2.029  0.095]
[fjt] err=[-0.001  0.     0.001  0.     0.002  0.001 -0.002]
[fjt] names=['panda_joint1', 'panda_joint2', 'panda_joint3', 'panda_joint4', 'panda_joint5', 'panda_joint6', 'panda_joint7'] pts=1
[fjt] times[0..2]=[0. 5.] times[-3:]=[0. 5.]
[fjt] goal=[ 0.054 -0.302 -0.41  -2.47  -0.466  2.23  -0.851]
[fjt] final=[ 0.054 -0.301 -0.409 -2.469 -0.463  2.228 -0.77 ]
[fjt] err=[ 0.     0.001  0.     0.001  0.002 -0.002  0.081]
[fjt] names=['panda_joint1', 'panda_joint2', 'panda_joint3', 'panda_joint4', 'panda_joint5', 'panda_joint6', 'panda_joint7'] pts=4
[fjt] times[0..2]=[0.   0.75 1.5 ] times[-3:]=[1.5  2.25 3.  ]
[fjt] goal=[ 0.049  0.101 -0.471 -2.585 -0.504  2.738 -0.746]
[fjt] final=[ 0.05   0.101 -0.471 -2.585 -0.503  2.735 -0.748]
[fjt] err=[ 0.    -0.     0.001  0.001  0.001 -0.003 -0.002]
[fjt] names=['panda_joint1', 'panda_joint2', 'panda_joint3', 'panda_joint4', 'panda_joint5', 'panda_joint6', 'panda_joint7'] pts=4
[fjt] times[0..2]=[0.   0.75 1.5 ] times[-3:]=[1.5  2.25 3.  ]
[fjt] goal=[-0.023 -0.256 -0.405 -2.405 -0.121  2.166 -0.349]
[fjt] final=[-0.023 -0.255 -0.406 -2.406 -0.121  2.172 -0.351]
[fjt] err=[ 0.     0.    -0.001 -0.001 -0.001  0.006 -0.002]
[fjt] names=['panda_joint1', 'panda_joint2', 'panda_joint3', 'panda_joint4', 'panda_joint5', 'panda_joint6', 'panda_joint7'] pts=1
[fjt] times[0..2]=[0. 4.] times[-3:]=[0. 4.]
[fjt] goal=[-0.174 -0.183 -0.423 -2.447 -0.098  2.278  0.259]
[fjt] final=[-0.173 -0.183 -0.423 -2.446 -0.099  2.276  0.256]
[fjt] err=[ 0.    -0.     0.     0.001 -0.001 -0.002 -0.003]
[fjt] names=['panda_joint1', 'panda_joint2', 'panda_joint3', 'panda_joint4', 'panda_joint5', 'panda_joint6', 'panda_joint7'] pts=4
[fjt] times[0..2]=[0.   0.75 1.5 ] times[-3:]=[1.5  2.25 3.  ]
[fjt] goal=[-0.168  0.213 -0.403 -2.524  0.2    2.712  0.041]
[fjt] final=[-0.167  0.212 -0.404 -2.525  0.198  2.71   0.044]
[fjt] err=[ 0.    -0.001 -0.001 -0.001 -0.002 -0.002  0.003]
[fjt] names=['panda_joint1', 'panda_joint2', 'panda_joint3', 'panda_joint4', 'panda_joint5', 'panda_joint6', 'panda_joint7'] pts=4
[fjt] times[0..2]=[0.   0.75 1.5 ] times[-3:]=[1.5  2.25 3.  ]
[fjt] goal=[-0.111 -0.222 -0.48  -2.421 -0.128  2.22   0.282]
[fjt] final=[-0.111 -0.221 -0.481 -2.423 -0.126  2.223  0.28 ]
[fjt] err=[ 0.     0.001 -0.001 -0.001  0.001  0.003 -0.002]
[fjt] names=['panda_joint1', 'panda_joint2', 'panda_joint3', 'panda_joint4', 'panda_joint5', 'panda_joint6', 'panda_joint7'] pts=1
[fjt] times[0..2]=[0. 5.] times[-3:]=[0. 5.]
[fjt] goal=[ 0.136  0.35  -0.202 -1.728  0.078  2.07   0.695]
[fjt] final=[ 0.136  0.35  -0.202 -1.73   0.077  2.072  0.692]
[fjt] err=[-0.    -0.    -0.001 -0.002 -0.001  0.002 -0.002]
[fjt] names=['panda_joint1', 'panda_joint2', 'panda_joint3', 'panda_joint4', 'panda_joint5', 'panda_joint6', 'panda_joint7'] pts=4
[fjt] times[0..2]=[0.   0.75 1.5 ] times[-3:]=[1.5  2.25 3.  ]
[fjt] goal=[ 0.118  0.564 -0.173 -1.827  0.133  2.379  0.66 ]
[fjt] final=[ 0.118  0.564 -0.173 -1.826  0.132  2.377  0.662]
[fjt] err=[ 0.    -0.    -0.001  0.001 -0.002 -0.002  0.002]
[fjt] names=['panda_joint1', 'panda_joint2', 'panda_joint3', 'panda_joint4', 'panda_joint5', 'panda_joint6', 'panda_joint7'] pts=4
[fjt] times[0..2]=[0.   0.75 1.5 ] times[-3:]=[1.5  2.25 3.  ]
[fjt] goal=[ 0.14   0.333 -0.206 -1.701  0.075  2.026  0.697]
[fjt] final=[ 0.139  0.333 -0.205 -1.702  0.076  2.028  0.695]
[fjt] err=[-0.     0.     0.001 -0.001  0.001  0.002 -0.002]
[fjt] names=['panda_joint1', 'panda_joint2', 'panda_joint3', 'panda_joint4', 'panda_joint5', 'panda_joint6', 'panda_joint7'] pts=1
[fjt] times[0..2]=[0. 4.] times[-3:]=[0. 4.]
[fjt] goal=[ 2.863  0.41  -2.897 -2.924  0.166  2.518  0.597]
[fjt] final=[ 0.932  0.409 -0.991 -2.476  0.164  2.517  0.599]
[fjt] err=[-1.931e+00 -1.000e-03  1.906e+00  4.480e-01 -2.000e-03 -1.000e-03
  3.000e-03]
[fjt] names=['panda_joint1', 'panda_joint2', 'panda_joint3', 'panda_joint4', 'panda_joint5', 'panda_joint6', 'panda_joint7'] pts=4
[fjt] times[0..2]=[0.   0.75 1.5 ] times[-3:]=[1.5  2.25 3.  ]
[fjt] goal=[ 0.412  0.312 -0.244 -2.793  1.018  3.055 -0.051]
[fjt] final=[ 0.412  0.27  -0.399 -2.786  0.798  3.068  0.024]
[fjt] err=[-0.    -0.042 -0.155  0.007 -0.22   0.014  0.075]
[fjt] names=['panda_joint1', 'panda_joint2', 'panda_joint3', 'panda_joint4', 'panda_joint5', 'panda_joint6', 'panda_joint7'] pts=4
[fjt] times[0..2]=[0.   0.75 1.5 ] times[-3:]=[1.5  2.25 3.  ]
[fjt] goal=[ 0.611 -0.528 -0.809 -2.897 -0.588  2.424  1.127]
[fjt] final=[ 0.612 -0.365 -0.81  -2.896  0.188  2.469  0.61 ]
[fjt] err=[ 0.001  0.163 -0.001  0.001  0.776  0.045 -0.517]
[fjt] names=['panda_joint1', 'panda_joint2', 'panda_joint3', 'panda_joint4', 'panda_joint5', 'panda_joint6', 'panda_joint7'] pts=1
[fjt] times[0..2]=[0. 5.] times[-3:]=[0. 5.]
[fjt] goal=[ 0.939  0.754 -0.834 -1.63   0.627  2.097  0.699]
[fjt] final=[ 0.939  0.564 -0.833 -1.97   0.626  2.099  0.697]
[fjt] err=[-0.001 -0.19   0.001 -0.34  -0.001  0.002 -0.002]
[fjt] names=['panda_joint1', 'panda_joint2', 'panda_joint3', 'panda_joint4', 'panda_joint5', 'panda_joint6', 'panda_joint7'] pts=4
[fjt] times[0..2]=[0.   0.75 1.5 ] times[-3:]=[1.5  2.25 3.  ]
[fjt] goal=[ 0.805  0.978 -0.634 -1.595  0.736  2.321  0.647]
[fjt] final=[ 0.805  0.977 -0.635 -1.598  0.735  2.323  0.645]
[fjt] err=[ 0.    -0.001 -0.001 -0.002 -0.001  0.002 -0.002]
[fjt] names=['panda_joint1', 'panda_joint2', 'panda_joint3', 'panda_joint4', 'panda_joint5', 'panda_joint6', 'panda_joint7'] pts=4
[fjt] times[0..2]=[0.   0.75 1.5 ] times[-3:]=[1.5  2.25 3.  ]
[fjt] goal=[ 0.918  0.704 -0.808 -1.624  0.566  2.08   0.731]
[fjt] final=[ 0.918  0.705 -0.807 -1.625  0.567  2.082  0.728]
[fjt] err=[-0.     0.     0.001 -0.001  0.002  0.002 -0.002]
[fjt] names=['panda_joint1', 'panda_joint2', 'panda_joint3', 'panda_joint4', 'panda_joint5', 'panda_joint6', 'panda_joint7'] pts=4
[fjt] times[0..2]=[0.   0.75 1.5 ] times[-3:]=[1.5  2.25 3.  ]
[fjt] goal=[ 0.932  0.567 -0.899 -1.409  0.443  1.766  0.811]
[fjt] final=[ 0.932  0.568 -0.899 -1.41   0.445  1.769  0.808]
[fjt] err=[ 0.     0.     0.    -0.001  0.001  0.002 -0.002]
[fjt] names=['panda_joint1', 'panda_joint2', 'panda_joint3', 'panda_joint4', 'panda_joint5', 'panda_joint6', 'panda_joint7'] pts=1
[fjt] times[0..2]=[0. 6.] times[-3:]=[0. 6.]
[fjt] goal=[ 0.    -0.161  0.    -2.445  0.     2.227  0.785]
[fjt] final=[ 1.000e-03 -1.600e-01 -1.000e-03 -2.440e+00  1.000e-03  2.226e+00
  7.870e-01]
[fjt] err=[ 0.001  0.001 -0.001  0.005  0.001 -0.001  0.002]
[fjt] names=['panda_joint1', 'panda_joint2', 'panda_joint3', 'panda_joint4', 'panda_joint5', 'panda_joint6', 'panda_joint7'] pts=1
[fjt] times[0..2]=[0. 4.] times[-3:]=[0. 4.]
[fjt] goal=[-0.271 -0.384  0.188 -2.907  0.121  2.525  0.59 ]
[fjt] final=[-0.27  -0.384  0.187 -2.905  0.12   2.523  0.592]
[fjt] err=[ 0.     0.001 -0.001  0.001 -0.002 -0.002  0.002]
[fjt] names=['panda_joint1', 'panda_joint2', 'panda_joint3', 'panda_joint4', 'panda_joint5', 'panda_joint6', 'panda_joint7'] pts=4
[fjt] times[0..2]=[0.   0.75 1.5 ] times[-3:]=[1.5  2.25 3.  ]
[fjt] goal=[-0.211  0.281  0.01  -2.854 -0.353  3.134  0.937]
[fjt] final=[-0.212  0.227  0.011 -2.855 -0.303  3.116  0.933]
[fjt] err=[-0.001 -0.054  0.001 -0.001  0.05  -0.018 -0.003]
[fjt] names=['panda_joint1', 'panda_joint2', 'panda_joint3', 'panda_joint4', 'panda_joint5', 'panda_joint6', 'panda_joint7'] pts=1
[fjt] times[0..2]=[0. 3.] times[-3:]=[0. 3.]
[fjt] goal=[-0.211  0.281  0.01  -2.854 -0.353  3.134  0.937]
[fjt] final=[-0.211  0.28   0.011 -2.854 -0.351  3.132  0.934]
[fjt] err=[-0.    -0.001  0.001 -0.001  0.002 -0.002 -0.002]
[fjt] names=['panda_joint1', 'panda_joint2', 'panda_joint3', 'panda_joint4', 'panda_joint5', 'panda_joint6', 'panda_joint7'] pts=4
[fjt] times[0..2]=[0.   0.75 1.5 ] times[-3:]=[1.5  2.25 3.  ]
[fjt] goal=[-0.491 -0.41   0.445 -2.9    0.293  2.506  0.469]
[fjt] final=[-0.491 -0.336  0.445 -2.901  0.248  2.54   0.469]
[fjt] err=[-0.     0.074 -0.    -0.001 -0.045  0.034  0.001]
[fjt] names=['panda_joint1', 'panda_joint2', 'panda_joint3', 'panda_joint4', 'panda_joint5', 'panda_joint6', 'panda_joint7'] pts=1
[fjt] times[0..2]=[0. 3.] times[-3:]=[0. 3.]
[fjt] goal=[-0.491 -0.41   0.445 -2.9    0.293  2.506  0.469]
[fjt] final=[-0.491 -0.409  0.445 -2.901  0.292  2.508  0.469]
[fjt] err=[-0.     0.001 -0.    -0.001 -0.002  0.002  0.001]
[fjt] names=['panda_joint1', 'panda_joint2', 'panda_joint3', 'panda_joint4', 'panda_joint5', 'panda_joint6', 'panda_joint7'] pts=1
[fjt] times[0..2]=[0. 5.] times[-3:]=[0. 5.]
[fjt] goal=[ 0.172  0.562  0.112 -1.661 -0.075  2.219  1.097]
[fjt] final=[ 0.173  0.478  0.116 -1.904 -0.071  2.22   1.097]
[fjt] err=[ 0.001 -0.084  0.004 -0.243  0.003  0.001 -0.   ]
[fjt] names=['panda_joint1', 'panda_joint2', 'panda_joint3', 'panda_joint4', 'panda_joint5', 'panda_joint6', 'panda_joint7'] pts=1
[fjt] times[0..2]=[0. 5.] times[-3:]=[0. 5.]
[fjt] goal=[ 0.172  0.562  0.112 -1.661 -0.075  2.219  1.097]
[fjt] final=[ 0.172  0.562  0.112 -1.663 -0.073  2.22   1.097]
[fjt] err=[ 0.    -0.001  0.    -0.001  0.001  0.001 -0.   ]
[fjt] names=['panda_joint1', 'panda_joint2', 'panda_joint3', 'panda_joint4', 'panda_joint5', 'panda_joint6', 'panda_joint7'] pts=4
[fjt] times[0..2]=[0.   0.75 1.5 ] times[-3:]=[1.5  2.25 3.  ]
[fjt] goal=[ 0.189  0.832  0.087 -1.636 -0.103  2.464  1.114]
[fjt] final=[ 0.188  0.804  0.089 -1.559 -0.102  2.483  1.109]
[fjt] err=[-0.001 -0.028  0.001  0.077  0.001  0.02  -0.005]
[fjt] names=['panda_joint1', 'panda_joint2', 'panda_joint3', 'panda_joint4', 'panda_joint5', 'panda_joint6', 'panda_joint7'] pts=1
[fjt] times[0..2]=[0. 3.] times[-3:]=[0. 3.]
[fjt] goal=[ 0.189  0.832  0.087 -1.636 -0.103  2.464  1.114]
[fjt] final=[ 0.189  0.832  0.088 -1.634 -0.102  2.466  1.111]
[fjt] err=[-0.    -0.001  0.     0.002  0.001  0.002 -0.002]
[fjt] names=['panda_joint1', 'panda_joint2', 'panda_joint3', 'panda_joint4', 'panda_joint5', 'panda_joint6', 'panda_joint7'] pts=4
[fjt] times[0..2]=[0.   0.75 1.5 ] times[-3:]=[1.5  2.25 3.  ]
[fjt] goal=[ 0.17   0.535  0.114 -1.65  -0.071  2.181  1.095]
[fjt] final=[ 0.171  0.536  0.114 -1.651 -0.073  2.183  1.097]
[fjt] err=[ 0.     0.    -0.001 -0.001 -0.001  0.002  0.002]
[fjt] names=['panda_joint1', 'panda_joint2', 'panda_joint3', 'panda_joint4', 'panda_joint5', 'panda_joint6', 'panda_joint7'] pts=4
[fjt] times[0..2]=[0.   0.75 1.5 ] times[-3:]=[1.5  2.25 3.  ]
[fjt] goal=[ 0.168  0.41   0.125 -1.425 -0.052  1.832  1.081]
[fjt] final=[ 0.168  0.41   0.125 -1.426 -0.053  1.835  1.084]
[fjt] err=[-0.     0.    -0.    -0.001 -0.001  0.002  0.002]
[fjt] names=['panda_joint1', 'panda_joint2', 'panda_joint3', 'panda_joint4', 'panda_joint5', 'panda_joint6', 'panda_joint7'] pts=1
[fjt] times[0..2]=[0. 6.] times[-3:]=[0. 6.]
[fjt] goal=[ 0.    -0.161  0.    -2.445  0.     2.227  0.785]
[fjt] final=[ 0.000e+00 -1.600e-01  1.000e-03 -2.441e+00 -1.000e-03  2.225e+00
  7.880e-01]
[fjt] err=[ 0.     0.001  0.001  0.003 -0.001 -0.001  0.003]
[fjt] names=['panda_joint1', 'panda_joint2', 'panda_joint3', 'panda_joint4', 'panda_joint5', 'panda_joint6', 'panda_joint7'] pts=1
[fjt] times[0..2]=[0. 4.] times[-3:]=[0. 4.]
[fjt] goal=[ 0.227  0.214  0.017 -1.527 -0.004  1.741  1.029]
[fjt] final=[ 0.226  0.214  0.016 -1.678 -0.002  1.742  1.026]
[fjt] err=[-0.    -0.001 -0.001 -0.151  0.001  0.    -0.002]
[fjt] names=['panda_joint1', 'panda_joint2', 'panda_joint3', 'panda_joint4', 'panda_joint5', 'panda_joint6', 'panda_joint7'] pts=1
[fjt] times[0..2]=[0. 4.] times[-3:]=[0. 4.]
[fjt] goal=[ 0.227  0.214  0.017 -1.527 -0.004  1.741  1.029]
[fjt] final=[ 0.226  0.214  0.016 -1.528 -0.002  1.742  1.027]
[fjt] err=[-0.    -0.001 -0.    -0.001  0.001  0.    -0.002]
[fjt] names=['panda_joint1', 'panda_joint2', 'panda_joint3', 'panda_joint4', 'panda_joint5', 'panda_joint6', 'panda_joint7'] pts=1
[fjt] times[0..2]=[0. 8.] times[-3:]=[0. 8.]
[fjt] goal=[ 0.731  1.118 -0.752 -0.53  -0.029  0.78   1.466]
[fjt] final=[ 0.73   1.117 -0.752 -0.532 -0.028  0.782  1.464]
[fjt] err=[-0.    -0.001  0.001 -0.001  0.001  0.002 -0.002]
[fjt] names=['panda_joint1', 'panda_joint2', 'panda_joint3', 'panda_joint4', 'panda_joint5', 'panda_joint6', 'panda_joint7'] pts=3
[fjt] times[0..2]=[0.         1.66666667 3.33333333] times[-3:]=[1.66666667 3.33333333 5.        ]
[fjt] goal=[ 0.841  1.136 -0.703 -0.953  0.047  1.151  1.619]
[fjt] final=[ 0.841  1.136 -0.703 -0.952  0.045  1.149  1.616]
[fjt] err=[ 0.    -0.    -0.001  0.001 -0.001 -0.002 -0.002]
[fjt] names=['panda_joint1', 'panda_joint2', 'panda_joint3', 'panda_joint4', 'panda_joint5', 'panda_joint6', 'panda_joint7'] pts=4
[fjt] times[0..2]=[0.  1.5 3. ] times[-3:]=[3.  4.5 6. ]
[fjt] goal=[ 0.859  1.174 -0.68  -1.084  0.076  1.303  1.657]
[fjt] final=[ 0.859  1.174 -0.681 -1.083  0.074  1.301  1.654]
[fjt] err=[-0.    -0.    -0.     0.001 -0.001 -0.002 -0.002]
[fjt] names=['panda_joint1', 'panda_joint2', 'panda_joint3', 'panda_joint4', 'panda_joint5', 'panda_joint6', 'panda_joint7'] pts=4
[fjt] times[0..2]=[0.  1.5 3. ] times[-3:]=[3.  4.5 6. ]
[fjt] goal=[ 0.879  0.966 -0.774 -0.96  -0.047  1.01   1.512]
[fjt] final=[ 0.88   0.967 -0.773 -0.962 -0.045  1.013  1.515]
[fjt] err=[ 0.     0.001  0.001 -0.002  0.002  0.003  0.003]
[fjt] names=['panda_joint1', 'panda_joint2', 'panda_joint3', 'panda_joint4', 'panda_joint5', 'panda_joint6', 'panda_joint7'] pts=6
[fjt] times[0..2]=[0.         1.66666667 3.33333333] times[-3:]=[ 6.66666667  8.33333333 10.        ]
[fjt] goal=[ 1.04   0.037 -0.764 -2.242  0.852  2.61   1.007]
[fjt] final=[ 1.04   0.038 -0.765 -2.241  0.807  2.604  1.019]
[fjt] err=[ 0.     0.001 -0.001  0.    -0.045 -0.006  0.012]
[fjt] names=['panda_joint1', 'panda_joint2', 'panda_joint3', 'panda_joint4', 'panda_joint5', 'panda_joint6', 'panda_joint7'] pts=1
[fjt] times[0..2]=[ 0. 10.] times[-3:]=[ 0. 10.]
[fjt] goal=[ 1.04   0.037 -0.764 -2.242  0.852  2.61   1.007]
[fjt] final=[ 1.04   0.038 -0.765 -2.242  0.85   2.608  1.009]
[fjt] err=[ 0.     0.001 -0.001 -0.    -0.002 -0.002  0.002]
[fjt] names=['panda_joint1', 'panda_joint2', 'panda_joint3', 'panda_joint4', 'panda_joint5', 'panda_joint6', 'panda_joint7'] pts=4
[fjt] times[0..2]=[0.  1.5 3. ] times[-3:]=[3.  4.5 6. ]
[fjt] goal=[ 0.865 -0.368 -0.728 -2.594  0.477  2.697  1.125]
[fjt] final=[ 0.866 -0.367 -0.728 -2.593  0.479  2.696  1.123]
[fjt] err=[ 0.001  0.001 -0.001  0.001  0.002 -0.001 -0.003]
[fjt] names=['panda_joint1', 'panda_joint2', 'panda_joint3', 'panda_joint4', 'panda_joint5', 'panda_joint6', 'panda_joint7'] pts=5
[fjt] times[0..2]=[0.  1.2 2.4] times[-3:]=[3.6 4.8 6. ]
[fjt] goal=[ 1.327  0.334 -1.16  -2.501  1.639  2.463  0.202]
[fjt] final=[ 1.328  0.331 -1.161 -2.502  1.475  2.465  0.206]
[fjt] err=[ 0.001 -0.003 -0.001 -0.001 -0.164  0.002  0.003]
[fjt] names=['panda_joint1', 'panda_joint2', 'panda_joint3', 'panda_joint4', 'panda_joint5', 'panda_joint6', 'panda_joint7'] pts=1
[fjt] times[0..2]=[0. 6.] times[-3:]=[0. 6.]
[fjt] goal=[ 1.327  0.334 -1.16  -2.501  1.639  2.463  0.202]
[fjt] final=[ 1.328  0.333 -1.161 -2.502  1.638  2.464  0.205]
[fjt] err=[ 0.    -0.001 -0.001 -0.001 -0.002  0.001  0.002]
[fjt] names=['panda_joint1', 'panda_joint2', 'panda_joint3', 'panda_joint4', 'panda_joint5', 'panda_joint6', 'panda_joint7'] pts=3
[fjt] times[0..2]=[0.         1.66666667 3.33333333] times[-3:]=[1.66666667 3.33333333 5.        ]
[fjt] goal=[ 0.97  -0.338 -0.827 -2.611  0.536  2.754  1.058]
[fjt] final=[ 0.971 -0.337 -0.828 -2.61   0.727  2.755  1.028]
[fjt] err=[ 0.001  0.001 -0.001  0.001  0.192  0.002 -0.029]
[fjt] names=['panda_joint1', 'panda_joint2', 'panda_joint3', 'panda_joint4', 'panda_joint5', 'panda_joint6', 'panda_joint7'] pts=1
[fjt] times[0..2]=[0. 5.] times[-3:]=[0. 5.]
[fjt] goal=[ 0.97  -0.338 -0.827 -2.611  0.536  2.754  1.058]
[fjt] final=[ 0.971 -0.337 -0.828 -2.61   0.537  2.755  1.055]
[fjt] err=[ 0.     0.001 -0.001  0.001  0.002  0.001 -0.003]
[fjt] names=['panda_joint1', 'panda_joint2', 'panda_joint3', 'panda_joint4', 'panda_joint5', 'panda_joint6', 'panda_joint7'] pts=1
[fjt] times[0..2]=[0. 8.] times[-3:]=[0. 8.]
[fjt] goal=[ 0.582  0.067 -0.017 -1.93  -0.776  1.408  1.462]
[fjt] final=[ 0.582  0.066 -0.018 -1.93  -0.762  1.435  1.46 ]
[fjt] err=[ 0.    -0.001 -0.001 -0.001  0.014  0.027 -0.002]
[fjt] names=['panda_joint1', 'panda_joint2', 'panda_joint3', 'panda_joint4', 'panda_joint5', 'panda_joint6', 'panda_joint7'] pts=3
[fjt] times[0..2]=[0.         1.66666667 3.33333333] times[-3:]=[1.66666667 3.33333333 5.        ]
[fjt] goal=[ 0.56   0.369 -0.035 -2.085 -0.794  1.76   1.758]
[fjt] final=[ 0.561  0.368 -0.035 -2.084 -0.793  1.758  1.755]
[fjt] err=[ 0.    -0.     0.001  0.001  0.002 -0.002 -0.002]
[fjt] names=['panda_joint1', 'panda_joint2', 'panda_joint3', 'panda_joint4', 'panda_joint5', 'panda_joint6', 'panda_joint7'] pts=4
[fjt] times[0..2]=[0.  1.5 3. ] times[-3:]=[3.  4.5 6. ]
[fjt] goal=[ 0.539  0.503 -0.054 -2.092 -0.836  1.88   1.841]
[fjt] final=[ 0.539  0.502 -0.054 -2.093 -0.835  1.878  1.839]
[fjt] err=[ 0.    -0.001  0.001 -0.001  0.001 -0.002 -0.002]
[fjt] names=['panda_joint1', 'panda_joint2', 'panda_joint3', 'panda_joint4', 'panda_joint5', 'panda_joint6', 'panda_joint7'] pts=4
[fjt] times[0..2]=[0.  1.5 3. ] times[-3:]=[3.  4.5 6. ]
[fjt] goal=[ 0.56   0.135 -0.04  -2.07  -0.786  1.585  1.58 ]
[fjt] final=[ 0.56   0.135 -0.041 -2.071 -0.788  1.587  1.582]
[fjt] err=[-0.     0.    -0.001 -0.001 -0.001  0.002  0.002]
[fjt] names=['panda_joint1', 'panda_joint2', 'panda_joint3', 'panda_joint4', 'panda_joint5', 'panda_joint6', 'panda_joint7'] pts=6
[fjt] times[0..2]=[0.         1.66666667 3.33333333] times[-3:]=[ 6.66666667  8.33333333 10.        ]
[fjt] goal=[ 0.443 -0.141 -0.405 -2.346  0.671  2.13   0.436]
[fjt] final=[ 0.443 -0.141 -0.404 -2.346  0.651  2.132  0.439]
[fjt] err=[-0.    -0.     0.001  0.    -0.02   0.002  0.002]
[fjt] names=['panda_joint1', 'panda_joint2', 'panda_joint3', 'panda_joint4', 'panda_joint5', 'panda_joint6', 'panda_joint7'] pts=1
[fjt] times[0..2]=[0. 8.] times[-3:]=[0. 8.]
[fjt] goal=[ 0.548  0.45   0.231 -1.709 -1.161  0.909  1.546]
[fjt] final=[ 0.548  0.449  0.23  -1.71  -0.654  0.912  1.542]
[fjt] err=[-0.    -0.001 -0.001 -0.001  0.507  0.003 -0.004]
[fjt] names=['panda_joint1', 'panda_joint2', 'panda_joint3', 'panda_joint4', 'panda_joint5', 'panda_joint6', 'panda_joint7'] pts=1
[fjt] times[0..2]=[0. 8.] times[-3:]=[0. 8.]
[fjt] goal=[ 0.548  0.45   0.231 -1.709 -1.161  0.909  1.546]
[fjt] final=[ 0.548  0.449  0.23  -1.71  -1.16   0.911  1.544]
[fjt] err=[-0.    -0.001 -0.001 -0.001  0.001  0.002 -0.002]
[fjt] names=['panda_joint1', 'panda_joint2', 'panda_joint3', 'panda_joint4', 'panda_joint5', 'panda_joint6', 'panda_joint7'] pts=4
[fjt] times[0..2]=[0.   1.75 3.5 ] times[-3:]=[3.5  5.25 7.  ]
[fjt] goal=[ 0.553  0.948  0.198 -1.578 -1.063  1.088  1.915]
[fjt] final=[ 0.554  0.935  0.201 -1.58  -1.063  1.069  1.905]
[fjt] err=[ 0.001 -0.013  0.003 -0.002 -0.    -0.019 -0.01 ]
[fjt] names=['panda_joint1', 'panda_joint2', 'panda_joint3', 'panda_joint4', 'panda_joint5', 'panda_joint6', 'panda_joint7'] pts=4
[fjt] times[0..2]=[0.  1.5 3. ] times[-3:]=[3.  4.5 6. ]
[fjt] goal=[ 0.459  0.849  0.174 -1.773 -1.108  1.194  1.957]
[fjt] final=[ 0.465  0.838  0.192 -1.758 -1.102  1.19   1.95 ]
[fjt] err=[ 0.005 -0.01   0.017  0.015  0.006 -0.004 -0.007]
[fjt] names=['panda_joint1', 'panda_joint2', 'panda_joint3', 'panda_joint4', 'panda_joint5', 'panda_joint6', 'panda_joint7'] pts=2
[fjt] times[0..2]=[0. 2. 4.] times[-3:]=[0. 2. 4.]
[fjt] goal=[ 0.455  0.849  0.179 -1.773 -1.11   1.191  1.958]
[fjt] final=[ 0.461  0.839  0.196 -1.758 -1.104  1.188  1.95 ]
[fjt] err=[ 0.005 -0.01   0.017  0.015  0.006 -0.003 -0.008]
[fjt] names=['panda_joint1', 'panda_joint2', 'panda_joint3', 'panda_joint4', 'panda_joint5', 'panda_joint6', 'panda_joint7'] pts=1
[fjt] times[0..2]=[0. 4.] times[-3:]=[0. 4.]
[fjt] goal=[ 0.455  0.849  0.179 -1.773 -1.11   1.191  1.958]
[fjt] final=[ 0.461  0.839  0.196 -1.758 -1.104  1.189  1.951]
[fjt] err=[ 0.005 -0.011  0.017  0.015  0.006 -0.003 -0.008]
[fjt] names=['panda_joint1', 'panda_joint2', 'panda_joint3', 'panda_joint4', 'panda_joint5', 'panda_joint6', 'panda_joint7'] pts=1
[fjt] times[0..2]=[0. 4.] times[-3:]=[0. 4.]
[fjt] goal=[ 0.455  0.849  0.179 -1.773 -1.11   1.191  1.958]
[fjt] final=[ 0.461  0.839  0.196 -1.758 -1.104  1.189  1.951]
[fjt] err=[ 0.005 -0.011  0.017  0.014  0.006 -0.003 -0.007]
[fjt] names=['panda_joint1', 'panda_joint2', 'panda_joint3', 'panda_joint4', 'panda_joint5', 'panda_joint6', 'panda_joint7'] pts=1
[fjt] times[0..2]=[0. 4.] times[-3:]=[0. 4.]
[fjt] goal=[ 0.455  0.849  0.179 -1.773 -1.11   1.191  1.958]
[fjt] final=[ 0.46   0.838  0.196 -1.758 -1.104  1.189  1.951]
[fjt] err=[ 0.005 -0.011  0.017  0.014  0.006 -0.002 -0.007]
[fjt] names=['panda_joint1', 'panda_joint2', 'panda_joint3', 'panda_joint4', 'panda_joint5', 'panda_joint6', 'panda_joint7'] pts=1
[fjt] times[0..2]=[0. 3.] times[-3:]=[0. 3.]
[fjt] goal=[ 0.468  0.834  0.192 -1.752 -1.104  1.159  1.933]
[fjt] final=[ 0.467  0.834  0.193 -1.752 -1.104  1.161  1.936]
[fjt] err=[-0.     0.     0.001 -0.001 -0.     0.002  0.002]
[fjt] names=['panda_joint1', 'panda_joint2', 'panda_joint3', 'panda_joint4', 'panda_joint5', 'panda_joint6', 'panda_joint7'] pts=2
[fjt] times[0..2]=[0. 2. 4.] times[-3:]=[0. 2. 4.]
[fjt] goal=[ 0.449  0.812  0.187 -1.793 -1.112  1.181  1.944]
[fjt] final=[ 0.45   0.811  0.19  -1.79  -1.112  1.177  1.941]
[fjt] err=[ 0.001 -0.001  0.003  0.004  0.001 -0.004 -0.002]
[fjt] names=['panda_joint1', 'panda_joint2', 'panda_joint3', 'panda_joint4', 'panda_joint5', 'panda_joint6', 'panda_joint7'] pts=1
[fjt] times[0..2]=[0. 5.] times[-3:]=[0. 5.]
[fjt] goal=[ 0.428  0.314  0.243 -1.893 -1.193  1.013  1.549]
[fjt] final=[ 0.428  0.315  0.242 -1.892 -1.192  1.014  1.551]
[fjt] err=[ 0.     0.001 -0.001  0.001  0.001  0.002  0.002]
[fjt] names=['panda_joint1', 'panda_joint2', 'panda_joint3', 'panda_joint4', 'panda_joint5', 'panda_joint6', 'panda_joint7'] pts=1
[fjt] times[0..2]=[ 0. 10.] times[-3:]=[ 0. 10.]
[fjt] goal=[-1.505  0.433  1.002 -1.964  0.966  1.329  0.175]
[fjt] final=[-1.297  0.432  1.002 -1.964  0.378  1.325  0.177]
[fjt] err=[ 0.208 -0.001 -0.     0.    -0.587 -0.004  0.002]
[fjt] names=['panda_joint1', 'panda_joint2', 'panda_joint3', 'panda_joint4', 'panda_joint5', 'panda_joint6', 'panda_joint7'] pts=1
[fjt] times[0..2]=[ 0. 10.] times[-3:]=[ 0. 10.]
[fjt] goal=[-1.505  0.433  1.002 -1.964  0.966  1.329  0.175]
[fjt] final=[-1.505  0.433  1.002 -1.964  0.964  1.328  0.176]
[fjt] err=[ 0.    -0.    -0.     0.    -0.001 -0.002  0.002]
[fjt] names=['panda_joint1', 'panda_joint2', 'panda_joint3', 'panda_joint4', 'panda_joint5', 'panda_joint6', 'panda_joint7'] pts=4
[fjt] times[0..2]=[0.   1.75 3.5 ] times[-3:]=[3.5  5.25 7.  ]
[fjt] goal=[-1.242  0.961  0.715 -1.892  0.644  1.628 -0.092]
[fjt] final=[-1.243  0.96   0.716 -1.893  0.645  1.627 -0.09 ]
[fjt] err=[-0.    -0.001  0.001 -0.001  0.001 -0.002  0.002]
[fjt] names=['panda_joint1', 'panda_joint2', 'panda_joint3', 'panda_joint4', 'panda_joint5', 'panda_joint6', 'panda_joint7'] pts=4
[fjt] times[0..2]=[0.  1.5 3. ] times[-3:]=[3.  4.5 6. ]
[fjt] goal=[-1.207  0.926  0.77  -2.032  0.72   1.765 -0.136]
[fjt] final=[-1.207  0.926  0.77  -2.031  0.718  1.763 -0.133]
[fjt] err=[-0.     0.001 -0.001  0.001 -0.002 -0.002  0.002]
[fjt] names=['panda_joint1', 'panda_joint2', 'panda_joint3', 'panda_joint4', 'panda_joint5', 'panda_joint6', 'panda_joint7'] pts=3
[fjt] times[0..2]=[0.         1.33333333 2.66666667] times[-3:]=[1.33333333 2.66666667 4.        ]
[fjt] goal=[-1.261  0.816  0.836 -2.082  0.77   1.724 -0.092]
[fjt] final=[-1.261  0.816  0.835 -2.081  0.769  1.726 -0.094]
[fjt] err=[ 0.     0.001 -0.001  0.001 -0.001  0.002 -0.002]
[fjt] names=['panda_joint1', 'panda_joint2', 'panda_joint3', 'panda_joint4', 'panda_joint5', 'panda_joint6', 'panda_joint7'] pts=1
[fjt] times[0..2]=[0. 5.] times[-3:]=[0. 5.]
[fjt] goal=[-1.636  0.264  1.212 -2.072  1.123  1.344  0.192]
[fjt] final=[-1.636  0.265  1.212 -2.073  1.122  1.346  0.189]
[fjt] err=[ 0.001  0.001 -0.001 -0.001 -0.002  0.002 -0.003]
[fjt] names=['panda_joint1', 'panda_joint2', 'panda_joint3', 'panda_joint4', 'panda_joint5', 'panda_joint6', 'panda_joint7'] pts=1
[fjt] times[0..2]=[ 0. 10.] times[-3:]=[ 0. 10.]
[fjt] goal=[-1.473  0.432  0.965 -1.967  0.966  1.328  0.157]
[fjt] final=[-1.474  0.431  0.966 -1.968  0.967  1.33   0.159]
[fjt] err=[-0.    -0.001  0.001 -0.001  0.002  0.002  0.002]
[fjt] names=['panda_joint1', 'panda_joint2', 'panda_joint3', 'panda_joint4', 'panda_joint5', 'panda_joint6', 'panda_joint7'] pts=4
[fjt] times[0..2]=[0.   1.75 3.5 ] times[-3:]=[3.5  5.25 7.  ]
[fjt] goal=[-1.221  0.969  0.692 -1.88   0.648  1.625 -0.107]
[fjt] final=[-1.222  0.968  0.692 -1.881  0.65   1.623 -0.104]
[fjt] err=[-0.    -0.001  0.001 -0.001  0.001 -0.002  0.002]
[fjt] names=['panda_joint1', 'panda_joint2', 'panda_joint3', 'panda_joint4', 'panda_joint5', 'panda_joint6', 'panda_joint7'] pts=4
[fjt] times[0..2]=[0.  1.5 3. ] times[-3:]=[3.  4.5 6. ]
[fjt] goal=[-1.185  0.934  0.746 -2.021  0.724  1.762 -0.15 ]
[fjt] final=[-1.185  0.934  0.746 -2.02   0.723  1.76  -0.148]
[fjt] err=[-0.     0.001 -0.001  0.001 -0.002 -0.002  0.002]
[fjt] names=['panda_joint1', 'panda_joint2', 'panda_joint3', 'panda_joint4', 'panda_joint5', 'panda_joint6', 'panda_joint7'] pts=3
[fjt] times[0..2]=[0.         1.33333333 2.66666667] times[-3:]=[1.33333333 2.66666667 4.        ]
[fjt] goal=[-1.238  0.822  0.809 -2.073  0.774  1.722 -0.107]
[fjt] final=[-1.237  0.823  0.808 -2.072  0.771  1.724 -0.109]
[fjt] err=[ 0.001  0.001 -0.001  0.001 -0.002  0.003 -0.002]
[fjt] names=['panda_joint1', 'panda_joint2', 'panda_joint3', 'panda_joint4', 'panda_joint5', 'panda_joint6', 'panda_joint7'] pts=4
[fjt] times[0..2]=[0.  1.5 3. ] times[-3:]=[3.  4.5 6. ]
[fjt] goal=[-1.425  0.495  1.02  -2.131  0.958  1.539  0.039]
[fjt] final=[-1.425  0.495  1.019 -2.131  0.956  1.542  0.037]
[fjt] err=[ 0.001  0.001 -0.001  0.    -0.002  0.003 -0.002]
[fjt] names=['panda_joint1', 'panda_joint2', 'panda_joint3', 'panda_joint4', 'panda_joint5', 'panda_joint6', 'panda_joint7'] pts=6
[fjt] times[0..2]=[0.         1.66666667 3.33333333] times[-3:]=[ 6.66666667  8.33333333 10.        ]
[fjt] goal=[-1.391 -0.542  1.211 -2.248  0.554  1.977  0.312]
[fjt] final=[-1.391 -0.542  1.211 -2.248  0.555  1.975  0.31 ]
[fjt] err=[-0.     0.001 -0.     0.     0.001 -0.002 -0.002]
[fjt] names=['panda_joint1', 'panda_joint2', 'panda_joint3', 'panda_joint4', 'panda_joint5', 'panda_joint6', 'panda_joint7'] pts=4
[fjt] times[0..2]=[0.  1.5 3. ] times[-3:]=[3.  4.5 6. ]
[fjt] goal=[-1.245 -0.654  1.394 -2.112  0.683  1.894  0.637]
[fjt] final=[-1.245 -0.653  1.394 -2.114  0.682  1.896  0.635]
[fjt] err=[-0.     0.001 -0.    -0.002 -0.001  0.002 -0.002]
[fjt] names=['panda_joint1', 'panda_joint2', 'panda_joint3', 'panda_joint4', 'panda_joint5', 'panda_joint6', 'panda_joint7'] pts=6
[fjt] times[0..2]=[0.         1.66666667 3.33333333] times[-3:]=[ 6.66666667  8.33333333 10.        ]
[fjt] goal=[-1.555 -0.724  1.891 -2.241  0.942  2.25   0.506]
[fjt] final=[-1.55  -0.716  1.882 -2.22   0.941  2.245  0.511]
[fjt] err=[ 0.005  0.008 -0.009  0.021 -0.001 -0.005  0.005]
[fjt] names=['panda_joint1', 'panda_joint2', 'panda_joint3', 'panda_joint4', 'panda_joint5', 'panda_joint6', 'panda_joint7'] pts=1
[fjt] times[0..2]=[ 0. 10.] times[-3:]=[ 0. 10.]
[fjt] goal=[-1.555 -0.724  1.891 -2.241  0.942  2.25   0.506]
[fjt] final=[-1.551 -0.719  1.884 -2.224  0.941  2.247  0.51 ]
[fjt] err=[ 0.003  0.006 -0.007  0.017 -0.001 -0.004  0.004]
[fjt] names=['panda_joint1', 'panda_joint2', 'panda_joint3', 'panda_joint4', 'panda_joint5', 'panda_joint6', 'panda_joint7'] pts=1
[fjt] times[0..2]=[ 0. 10.] times[-3:]=[ 0. 10.]
[fjt] goal=[-1.555 -0.724  1.891 -2.241  0.942  2.25   0.506]
[fjt] final=[-1.552 -0.72   1.885 -2.228  0.941  2.247  0.509]
[fjt] err=[ 0.003  0.004 -0.006  0.013 -0.001 -0.003  0.004]
[fjt] names=['panda_joint1', 'panda_joint2', 'panda_joint3', 'panda_joint4', 'panda_joint5', 'panda_joint6', 'panda_joint7'] pts=1
[fjt] times[0..2]=[ 0. 10.] times[-3:]=[ 0. 10.]
[fjt] goal=[-1.555 -0.724  1.891 -2.241  0.942  2.25   0.506]
[fjt] final=[-1.553 -0.721  1.886 -2.231  0.941  2.248  0.509]
[fjt] err=[ 0.002  0.003 -0.005  0.01  -0.001 -0.002  0.003]
[fjt] names=['panda_joint1', 'panda_joint2', 'panda_joint3', 'panda_joint4', 'panda_joint5', 'panda_joint6', 'panda_joint7'] pts=6
[fjt] times[0..2]=[0.         2.33333333 4.66666667] times[-3:]=[ 9.33333333 11.66666667 14.        ]
[fjt] goal=[-1.284 -0.627  1.476 -2.137  0.686  1.969  0.648]
[fjt] final=[-1.284 -0.627  1.476 -2.138  0.687  1.971  0.646]
[fjt] err=[-0.    -0.001  0.001 -0.001  0.002  0.002 -0.002]
[fjt] names=['panda_joint1', 'panda_joint2', 'panda_joint3', 'panda_joint4', 'panda_joint5', 'panda_joint6', 'panda_joint7'] pts=1
[fjt] times[0..2]=[0. 8.] times[-3:]=[0. 8.]
[fjt] goal=[ 0.    -0.161  0.    -2.445  0.     2.227  0.785]
[fjt] final=[-0.000e+00 -1.610e-01  6.900e-02 -2.444e+00  1.000e-03  2.225e+00
  7.820e-01]
[fjt] err=[-0.    -0.     0.069  0.001  0.001 -0.002 -0.003]
[fjt] names=['panda_joint1', 'panda_joint2', 'panda_joint3', 'panda_joint4', 'panda_joint5', 'panda_joint6', 'panda_joint7'] pts=1
[fjt] times[0..2]=[0. 8.] times[-3:]=[0. 8.]
[fjt] goal=[ 0.    -0.161  0.    -2.445  0.     2.227  0.785]
[fjt] final=[-0.000e+00 -1.610e-01  1.000e-03 -2.444e+00  1.000e-03  2.225e+00
  7.830e-01]
[fjt] err=[-0.    -0.     0.001  0.001  0.001 -0.002 -0.002]
