   grasp hand z: [ 0.546 -0.045 -0.837] hand y (fingers): [0.794 0.346 0.5  ]
   lowest finger corner: [ 0.188 -0.014  0.94 ]
  gripper -> 0.04: reached=True stalled=False fingers=0.0400,-0.0400
[grasp: above] 1 waypoints, 4.0s
   q=[-0.184  0.918  0.22  -1.363 -0.531  2.814 -0.769] tcp=[ 0.171 -0.     1.06 ] minlinkz=1.147
  traj done code=-5 max_joint_err=0.8840
   retrying final waypoint (code=-5, err=0.8840)
  traj done code=-5 max_joint_err=0.4509
   retrying final waypoint (code=-5, err=0.4509)
  traj done code=0 max_joint_err=0.0382
   retrying final waypoint (code=0, err=0.0382)
  traj done code=0 max_joint_err=0.0020
   TCP now [ 1.7060e-01 -3.0000e-04  1.0599e+00] (target [ 1.709e-01 -1.000e-04  1.060e+00]) err=0.0004
[grasp: descend] 1 waypoints, 3.0s
   q=[-0.119  1.368  0.243 -0.752 -0.46   2.664 -0.915] tcp=[ 0.226 -0.005  0.976] minlinkz=1.063
  traj done code=0 max_joint_err=0.0073
   TCP now [ 0.2292 -0.0014  0.9863] (target [ 0.2255 -0.0046  0.9764]) err=0.0110
  gripper -> 0.0: reached=True stalled=False fingers=0.0241,-0.0241
   grasp width 4.82 cm
[lift] 1 waypoints, 3.0s
   q=[-0.148  1.123  0.281 -0.908 -0.455  2.605 -0.908] tcp=[0.234 0.002 1.1  ] minlinkz=1.184
  traj done code=0 max_joint_err=0.0020
   TCP now [0.2338 0.0016 1.1001] (target [0.2335 0.0018 1.1   ]) err=0.0004
   pot up in hand frame [ 0.965  0.011 -0.264] -> theta=164.7 deg
   handle dir now: [0.92 0.4  0.  ] -> final: [ 0.89 -0.47 -0.01]
   final pot up (world): [0. 0. 1.]  final hand z: [ 0.835  0.482 -0.264]
   t=0.2 pot up=[-0.28  0.92  0.29] lowest pot pt z~1.041
   t=0.4 pot up=[-0.16  0.81  0.57] lowest pot pt z~1.023
   t=0.6 pot up=[-0.07  0.6   0.8 ] lowest pot pt z~1.008
   t=0.8 pot up=[-0.01  0.32  0.95] lowest pot pt z~0.999
   t=1.0 pot up=[ 0. -0.  1.] lowest pot pt z~0.995
[place: stage+reorient+transport] 9 waypoints, 12.0s
   q=[-0.258  0.804  0.247 -1.487 -0.504  2.868 -0.824] tcp=[ 0.157 -0.029  1.1  ] minlinkz=1.184
   q=[-0.344  0.599  0.231 -1.848 -0.536  3.038 -0.805] tcp=[ 0.08 -0.06  1.1 ] minlinkz=1.184
   q=[-0.643  0.682  0.566 -1.863 -0.354  3.052 -0.832] tcp=[ 0.08 -0.06  1.1 ] minlinkz=1.182
   q=[-0.874  0.824  0.829 -1.878 -0.238  3.086 -0.808] tcp=[ 0.08 -0.06  1.1 ] minlinkz=1.174
   q=[-1.034  1.009  1.024 -1.897 -0.16   3.145 -0.761] tcp=[ 0.08 -0.06  1.1 ] minlinkz=1.161
   q=[-1.141  1.227  1.174 -1.919 -0.108  3.229 -0.708] tcp=[ 0.08 -0.06  1.1 ] minlinkz=1.145
   q=[-1.208  1.474  1.3   -1.94  -0.084  3.331 -0.654] tcp=[ 0.08 -0.06  1.1 ] minlinkz=1.127
   q=[-1.067  1.485  1.295 -1.778 -0.068  3.308 -0.641] tcp=[ 0.121 -0.038  1.1  ] minlinkz=1.127
   q=[-0.92   1.499  1.287 -1.591 -0.053  3.266 -0.628] tcp=[ 0.162 -0.017  1.1  ] minlinkz=1.127
  traj done code=0 max_joint_err=0.0020
   TCP now [ 0.1615 -0.0168  1.1006] (target [ 0.1616 -0.0168  1.1001]) err=0.0005
[place: lower] 1 waypoints, 4.0s
   q=[-0.88   1.72   1.345 -1.458  0.199  3.23  -1.089] tcp=[ 0.162 -0.017  0.998] minlinkz=1.025
  traj done code=0 max_joint_err=0.0028
   TCP now [ 0.1614 -0.0169  0.9976] (target [ 0.1616 -0.0168  0.9976]) err=0.0002
[place: creep] 1 waypoints, 1.0s
   q=[-0.875  1.72   1.35  -1.446  0.277  3.224 -1.167] tcp=[ 0.162 -0.017  0.994] minlinkz=1.021
  traj done code=0 max_joint_err=0.0028
   TCP now [ 0.1614 -0.0169  0.9936] (target [ 0.1616 -0.0168  0.9936]) err=0.0002
[place: creep] 1 waypoints, 1.0s
   q=[-0.869  1.72   1.354 -1.433  0.347  3.218 -1.236] tcp=[ 0.162 -0.017  0.99 ] minlinkz=1.017
  traj done code=0 max_joint_err=0.0027
   TCP now [ 0.1614 -0.0169  0.9895] (target [ 0.1616 -0.0168  0.9896]) err=0.0003
[place: creep] 1 waypoints, 1.0s
   q=[-0.864  1.72   1.357 -1.419  0.409  3.211 -1.298] tcp=[ 0.162 -0.017  0.986] minlinkz=1.013
  traj done code=0 max_joint_err=0.0027
   TCP now [ 0.1614 -0.0169  0.9855] (target [ 0.1616 -0.0168  0.9856]) err=0.0003
[place: creep] 1 waypoints, 1.0s
   q=[-0.858  1.72   1.357 -1.406  0.465  3.203 -1.352] tcp=[ 0.162 -0.017  0.982] minlinkz=1.009
  traj done code=0 max_joint_err=0.0027
   TCP now [ 0.1614 -0.0169  0.9815] (target [ 0.1616 -0.0168  0.9816]) err=0.0003
[place: creep] 1 waypoints, 1.0s
   q=[-0.853  1.72   1.357 -1.392  0.514  3.196 -1.401] tcp=[ 0.162 -0.017  0.978] minlinkz=1.005
  traj done code=0 max_joint_err=0.0027
   TCP now [ 0.1615 -0.0169  0.9778] (target [ 0.1616 -0.0168  0.9776]) err=0.0002
[place: creep] 1 waypoints, 1.0s
   q=[-0.847  1.72   1.355 -1.379  0.559  3.187 -1.444] tcp=[ 0.162 -0.017  0.974] minlinkz=1.001
  traj done code=0 max_joint_err=0.0026
   TCP now [ 0.1616 -0.0169  0.9741] (target [ 0.1616 -0.0168  0.9736]) err=0.0004
[place: creep] 1 waypoints, 1.0s
   q=[-0.841  1.72   1.352 -1.365  0.599  3.179 -1.482] tcp=[ 0.162 -0.017  0.97 ] minlinkz=0.997
  traj done code=0 max_joint_err=0.0026
   TCP now [ 0.1616 -0.0168  0.97  ] (target [ 0.1616 -0.0168  0.9696]) err=0.0004
  gripper -> 0.04: reached=True stalled=False fingers=0.0359,-0.0359
   fingers not fully open yet, re-issuing
  gripper -> 0.04: reached=True stalled=False fingers=0.0391,-0.0391
[place: retreat 1] 1 waypoints, 2.0s
   q=[-0.948  1.72   1.362 -1.488  0.686  3.208 -1.595] tcp=[ 0.136 -0.032  0.97 ] minlinkz=0.997
  traj done code=0 max_joint_err=0.0027
   TCP now [ 0.1359 -0.032   0.9699] (target [ 0.1356 -0.0318  0.97  ]) err=0.0003
[place: retreat 2] 1 waypoints, 2.0s
   q=[-1.079  1.72   1.366 -1.625  0.792  3.231 -1.728] tcp=[ 0.101 -0.052  0.97 ] minlinkz=0.997
  traj done code=0 max_joint_err=0.0027
   TCP now [ 0.1013 -0.052   0.9699] (target [ 0.101  -0.0518  0.97  ]) err=0.0003
[place: rise] 1 waypoints, 2.0s
   q=[-1.117  1.396  1.427 -1.764  0.935  3.276 -1.553] tcp=[ 0.101 -0.052  1.12 ] minlinkz=1.147
  traj done code=0 max_joint_err=0.0022
   TCP now [ 0.1013 -0.052   1.1197] (target [ 0.101  -0.0518  1.12  ]) err=0.0005
LIVE DONE
fingers: (0.03999763074086376, -0.040000124639859254)
