   final pot up (world): [-0.  0.  1.]  final hand z: [ 0.5   -0.866 -0.   ]
   t=0.2 pot up=[0.46 0.85 0.25] lowest pot pt z~1.001
   t=0.4 pot up=[0.55 0.65 0.52] lowest pot pt z~0.983
   t=0.6 pot up=[0.49 0.41 0.77] lowest pot pt z~0.967
   t=0.8 pot up=[0.29 0.18 0.94] lowest pot pt z~0.956
   t=1.0 pot up=[-0. -0.  1.] lowest pot pt z~0.952
[place: stage+reorient+transport] 9 waypoints, 12.0s
  traj done code=-5 max_joint_err=1.0607
   retrying final waypoint (code=-5, err=1.0607)
  traj done code=-5 max_joint_err=0.6645
   retrying final waypoint (code=-5, err=0.6645)
  traj done code=-5 max_joint_err=0.2901
   retrying final waypoint (code=-5, err=0.2901)
  traj done code=0 max_joint_err=0.0028
   TCP now [0.1454 0.0904 1.0569] (target [0.145  0.0887 1.0572]) err=0.0018
[place: lower] 1 waypoints, 4.0s
  traj done code=0 max_joint_err=0.0258
   TCP now [0.1509 0.0962 1.0222] (target [0.145  0.0887 0.993 ]) err=0.0307
  gripper -> 0.04: reached=True stalled=False fingers=0.0377,-0.0373
   fingers after open: [ 0.0377 -0.0373]
[place: retreat] 1 waypoints, 2.0s
  traj done code=0 max_joint_err=0.0021
   TCP now [0.1155 0.1409 0.9932] (target [0.115  0.1406 0.993 ]) err=0.0006
[place: rise] 1 waypoints, 2.0s
  traj done code=0 max_joint_err=0.0022
   TCP now [0.1148 0.1407 1.1375] (target [0.115  0.1406 1.138 ]) err=0.0006
fingers: (0.03999469571421131, -0.03999005121873023)
