[robosuite WARNING] No private macro file found! (__init__.py:7)
[robosuite WARNING] It is recommended to use a private macro file (__init__.py:8)
[robosuite WARNING] To setup, run: python /storage/home/yehe8/.openrua/simulators/cap-x/capx/third_party/libero_dependencies/robosuite/robosuite/scripts/setup_macros.py (__init__.py:9)
Gym has been unmaintained since 2022 and does not support NumPy 2.0 amongst other critical functionality.
Please upgrade to Gymnasium, the maintained drop-in replacement of Gym, or contact the authors of your software and request that they upgrade.
See the migration guide at https://gymnasium.farama.org/introduction/migration_guide/ for additional information.
[info] Using default task order for benchmark 'libero_10_task' (10 tasks).
[Warning]: datasets path /storage/home/yehe8/.openrua/simulators/cap-x/capx/third_party/LIBERO-PRO/libero/datasets does not exist!
[Warning]: datasets path /storage/home/yehe8/.openrua/simulators/cap-x/capx/third_party/LIBERO-PRO/libero/datasets does not exist!
robot ready
[Warning]: datasets path /storage/home/yehe8/.openrua/simulators/cap-x/capx/third_party/LIBERO-PRO/libero/datasets does not exist!
[fjt] names=['panda_joint1', 'panda_joint2', 'panda_joint3', 'panda_joint4', 'panda_joint5', 'panda_joint6', 'panda_joint7'] pts=1
[fjt] times[0..2]=[0. 4.] times[-3:]=[0. 4.]
[fjt] goal=[-0.068 -0.086 -0.235 -2.604 -0.034  2.521 -0.274]
[fjt] final=[-0.068 -0.086 -0.235 -2.603 -0.032  2.518  0.048]
[fjt] err=[ 0.    -0.     0.     0.001  0.002 -0.002  0.323]
[fjt] names=['panda_joint1', 'panda_joint2', 'panda_joint3', 'panda_joint4', 'panda_joint5', 'panda_joint6', 'panda_joint7'] pts=1
[fjt] times[0..2]=[0. 4.] times[-3:]=[0. 4.]
[fjt] goal=[-0.068 -0.086 -0.235 -2.604 -0.034  2.521 -0.274]
[fjt] final=[-0.068 -0.086 -0.235 -2.604 -0.033  2.519 -0.272]
[fjt] err=[ 0.    -0.     0.     0.001  0.001 -0.002  0.002]
[fjt] names=['panda_joint1', 'panda_joint2', 'panda_joint3', 'panda_joint4', 'panda_joint5', 'panda_joint6', 'panda_joint7'] pts=1
[fjt] times[0..2]=[0. 2.] times[-3:]=[0. 2.]
[fjt] goal=[-0.11  -0.085 -0.192 -2.604 -0.028  2.521  0.506]
[fjt] final=[-0.11  -0.086 -0.193 -2.604 -0.03   2.519  0.145]
[fjt] err=[ 0.001 -0.    -0.001  0.001 -0.002 -0.002 -0.361]
[fjt] names=['panda_joint1', 'panda_joint2', 'panda_joint3', 'panda_joint4', 'panda_joint5', 'panda_joint6', 'panda_joint7'] pts=1
[fjt] times[0..2]=[0. 2.] times[-3:]=[0. 2.]
[fjt] goal=[-0.11  -0.085 -0.192 -2.604 -0.028  2.521  0.506]
[fjt] final=[-0.11  -0.085 -0.193 -2.604 -0.029  2.519  0.502]
[fjt] err=[ 0.    -0.    -0.001  0.001 -0.001 -0.002 -0.005]
[fjt] names=['panda_joint1', 'panda_joint2', 'panda_joint3', 'panda_joint4', 'panda_joint5', 'panda_joint6', 'panda_joint7'] pts=1
[fjt] times[0..2]=[0. 3.] times[-3:]=[0. 3.]
[fjt] goal=[-0.152  0.313 -0.117 -2.59   0.15   2.898  0.376]
[fjt] final=[-0.151  0.287 -0.119 -2.596  0.148  2.891  0.378]
[fjt] err=[ 0.001 -0.026 -0.002 -0.007 -0.002 -0.007  0.002]
[fjt] names=['panda_joint1', 'panda_joint2', 'panda_joint3', 'panda_joint4', 'panda_joint5', 'panda_joint6', 'panda_joint7'] pts=1
[fjt] times[0..2]=[0. 3.] times[-3:]=[0. 3.]
[fjt] goal=[-0.152  0.313 -0.117 -2.59   0.15   2.898  0.376]
[fjt] final=[-0.151  0.289 -0.119 -2.594  0.148  2.892  0.378]
[fjt] err=[ 0.001 -0.024 -0.002 -0.004 -0.002 -0.006  0.002]
[fjt] names=['panda_joint1', 'panda_joint2', 'panda_joint3', 'panda_joint4', 'panda_joint5', 'panda_joint6', 'panda_joint7'] pts=1
[fjt] times[0..2]=[0. 3.] times[-3:]=[0. 3.]
[fjt] goal=[ 0.17  -0.342 -0.452 -2.476 -0.177  2.158  0.626]
[fjt] final=[ 0.169 -0.321 -0.451 -2.477 -0.175  2.29   0.623]
[fjt] err=[-0.001  0.021  0.001 -0.002  0.002  0.132 -0.002]
[fjt] names=['panda_joint1', 'panda_joint2', 'panda_joint3', 'panda_joint4', 'panda_joint5', 'panda_joint6', 'panda_joint7'] pts=1
[fjt] times[0..2]=[0. 3.] times[-3:]=[0. 3.]
[fjt] goal=[ 0.17  -0.342 -0.452 -2.476 -0.177  2.158  0.626]
[fjt] final=[ 0.17  -0.342 -0.451 -2.477 -0.176  2.16   0.623]
[fjt] err=[-0.     0.001  0.001 -0.002  0.002  0.002 -0.002]
[fjt] names=['panda_joint1', 'panda_joint2', 'panda_joint3', 'panda_joint4', 'panda_joint5', 'panda_joint6', 'panda_joint7'] pts=1
[fjt] times[0..2]=[0. 4.] times[-3:]=[0. 4.]
[fjt] goal=[ 4.460e-01  5.300e-02  2.000e-02 -2.077e+00 -1.000e-03  2.130e+00
  1.252e+00]
[fjt] final=[ 0.446  0.052  0.019 -2.079 -0.003  2.132  1.25 ]
[fjt] err=[-0.    -0.    -0.001 -0.002 -0.001  0.002 -0.002]
[fjt] names=['panda_joint1', 'panda_joint2', 'panda_joint3', 'panda_joint4', 'panda_joint5', 'panda_joint6', 'panda_joint7'] pts=1
[fjt] times[0..2]=[0. 4.] times[-3:]=[0. 4.]
[fjt] goal=[ 0.222  0.239 -0.176 -2.175  0.062  2.409  0.791]
[fjt] final=[ 0.223  0.238 -0.175 -2.174  0.06   2.407  0.793]
[fjt] err=[ 0.    -0.     0.001  0.001 -0.001 -0.002  0.003]
[fjt] names=['panda_joint1', 'panda_joint2', 'panda_joint3', 'panda_joint4', 'panda_joint5', 'panda_joint6', 'panda_joint7'] pts=1
[fjt] times[0..2]=[0. 3.] times[-3:]=[0. 3.]
[fjt] goal=[ 0.202  0.448 -0.146 -2.18   0.126  2.62   0.746]
[fjt] final=[ 0.202  0.447 -0.146 -2.179  0.125  2.618  0.749]
[fjt] err=[ 0.001 -0.001 -0.001  0.001 -0.002 -0.002  0.003]
[fjt] names=['panda_joint1', 'panda_joint2', 'panda_joint3', 'panda_joint4', 'panda_joint5', 'panda_joint6', 'panda_joint7'] pts=1
[fjt] times[0..2]=[0. 3.] times[-3:]=[0. 3.]
[fjt] goal=[ 0.18   0.592 -0.116 -2.144  0.162  2.729  0.721]
[fjt] final=[ 0.18   0.591 -0.116 -2.145  0.16   2.727  0.723]
[fjt] err=[ 0.001 -0.001 -0.    -0.    -0.002 -0.002  0.003]
[fjt] names=['panda_joint1', 'panda_joint2', 'panda_joint3', 'panda_joint4', 'panda_joint5', 'panda_joint6', 'panda_joint7'] pts=1
[fjt] times[0..2]=[0. 3.] times[-3:]=[0. 3.]
[fjt] goal=[ 0.272  0.156 -0.228 -2.143  0.047  2.294  0.801]
[fjt] final=[ 0.271  0.156 -0.227 -2.144  0.048  2.296  0.798]
[fjt] err=[-0.     0.001  0.001 -0.001  0.002  0.002 -0.002]
[fjt] names=['panda_joint1', 'panda_joint2', 'panda_joint3', 'panda_joint4', 'panda_joint5', 'panda_joint6', 'panda_joint7'] pts=1
[fjt] times[0..2]=[0. 4.] times[-3:]=[0. 4.]
[fjt] goal=[ 0.543  0.053 -0.078 -2.077  0.005  2.13   1.248]
[fjt] final=[ 0.543  0.053 -0.078 -2.078  0.006  2.132  1.245]
[fjt] err=[-0.     0.    -0.001 -0.001  0.001  0.002 -0.003]
[fjt] names=['panda_joint1', 'panda_joint2', 'panda_joint3', 'panda_joint4', 'panda_joint5', 'panda_joint6', 'panda_joint7'] pts=1
[fjt] times[0..2]=[0. 3.] times[-3:]=[0. 3.]
[fjt] goal=[ 0.427 -0.387 -0.176 -2.465 -0.076  2.081  1.087]
[fjt] final=[ 0.427 -0.387 -0.175 -2.464 -0.074  2.083  1.089]
[fjt] err=[0.    0.001 0.001 0.001 0.001 0.002 0.002]
[fjt] names=['panda_joint1', 'panda_joint2', 'panda_joint3', 'panda_joint4', 'panda_joint5', 'panda_joint6', 'panda_joint7'] pts=1
[fjt] times[0..2]=[0. 3.] times[-3:]=[0. 3.]
[fjt] goal=[ 5.290e-01 -2.100e-02 -6.200e-02 -1.830e+00 -1.000e-03  1.809e+00
  1.252e+00]
[fjt] final=[ 0.529 -0.022 -0.063 -1.861 -0.002  1.809  1.25 ]
[fjt] err=[-0.    -0.001 -0.001 -0.031 -0.001  0.001 -0.002]
[fjt] names=['panda_joint1', 'panda_joint2', 'panda_joint3', 'panda_joint4', 'panda_joint5', 'panda_joint6', 'panda_joint7'] pts=1
[fjt] times[0..2]=[0. 3.] times[-3:]=[0. 3.]
[fjt] goal=[ 5.290e-01 -2.100e-02 -6.200e-02 -1.830e+00 -1.000e-03  1.809e+00
  1.252e+00]
[fjt] final=[ 0.529 -0.022 -0.063 -1.831 -0.002  1.809  1.25 ]
[fjt] err=[-0.    -0.001 -0.001 -0.001 -0.001  0.    -0.002]
