== soup2: start q=[-0.49  -0.344  0.711 -2.529  0.327  2.024  0.082] fingers=(0.04000681838276772, -0.039878235114098506)
-- open gripper
  gripper -> 0.04: reached=True stalled=False fingers=0.0400,-0.0399
-- move above guess
  traj[0] code=0 max_joint_err=0.0047
  hand now [0.0101 0.2211 0.7809] target [0.0105 0.2213 0.78  ]
-- refine with eye-in-hand
  locate robot0_eye_in_hand: n=6768 center=(0.0043,0.2715) ztop=0.5768 extent=(0.081,0.091)
   correction 50.6 mm
  traj[0] code=0 max_joint_err=0.0025
  hand now [0.0042 0.2714 0.7799] target [0.0043 0.2715 0.78  ]
  locate robot0_eye_in_hand: n=14146 center=(0.0029,0.2749) ztop=0.5768 extent=(0.120,0.120)
-- descend to grasp: xy=(0.0029,0.2749) hand z=0.6402
  traj[0] code=0 max_joint_err=0.0025
  hand now [0.003  0.2749 0.7207] target [0.0029 0.2749 0.7202]
  traj[0] code=0 max_joint_err=0.0056
  hand now [0.0034 0.2752 0.6432] target [0.0029 0.2749 0.6402]
-- close gripper
  gripper -> 0.0: reached=True stalled=False fingers=0.0153,-0.0158
   finger gap after close = 31.1 mm
-- lift
  traj[0] code=0 max_joint_err=0.0048
  hand now [0.0024 0.2742 0.8274] target [0.0029 0.2749 0.83  ]
   fingers after lift (0.008711309343012546, -0.008734558760901493)
-- carry to basket
  traj[0] code=0 max_joint_err=0.0050
  hand now [-7.000e-04  3.495e-01  8.277e-01] target [0.   0.35 0.83]
  traj[0] code=0 max_joint_err=0.0035
  hand now [4.000e-04 3.485e-01 6.693e-01] target [0.   0.35 0.67]
-- release
  gripper -> 0.04: reached=True stalled=False fingers=0.0360,-0.0359
-- retreat
  traj[0] code=0 max_joint_err=0.0024
  hand now [1.000e-04 3.500e-01 8.294e-01] target [0.   0.35 0.83]
  traj[0] code=-5 max_joint_err=0.5278
  traj[1] code=0 max_joint_err=0.0099
  hand now [-0.1494  0.1     0.8275] target [-0.15  0.1   0.83]
-- verify: birdview look into basket
       -12  -11  -10   -9   -8   -7   -6   -5   -4   -3   -2   -1   -0    1    2    3    4    5    6    7    8    9   10   11   12
y= 16    .    .   -0   -0   -0   -0   -0   -0   -0   -0   -0   -0   -0   -0   -0   -0   -0   -0   -0   -0   -0   -0   -0   -0   -0
y= 17   -0   -0   -0   -0   -0   -0   -0   -0   -0   -0   -0   -0   -0   -0   -0   -0   -0   -0   -0   -0   -0   -0   -0   -0   -0
y= 18   -0   -0   -0   -0   -0   -0   -0   -0   -0   -0   -0   -0   -0   -0   -0   -0   -0   -0   -0   -0   -0   -0   -0   -0   -0
y= 19   -0   -0   -0   -0   -0   -0   -0   -0   -0   -0   -0    9    9    9    9    9   -0   -0   -0   -0   -0   -0   -0   -0   -0
y= 20   -0   -0   -0   -0   -0   -0   -0   -0   -0   -0    9    9    8    8    8    9    9   -0   -0   -0   -0   -0   -0   -0   -0
y= 21   -0   -0   -0   -0   -0   -0   -0   -0   -0   -0    9    8    8    8    8    8    9   -0   -0   -0   -0   -0   -0   -0   -0
y= 22   -0   -0   -0   -0   -0   -0   -0   -0   -0   -0    9    8    8    8    8    8    9   -0   -0   -0   -0   -0   -0   -0   -0
y= 23   -0   -0   -0   -0   -0   -0   -0   -0   -0   -0    9    8    8    8    8    8    9   -0   -0   -0   -0   -0   -0   -0   -0
y= 24   -0   -0   -0   -0   -0   -0   -0   -0   -0   -0    9    9    8    8    8    9    9   -0   -0   -0   -0   -0   -0   -0   -0
y= 25   -0   -0   -0   -0   -0   -0   -0   -0   -0   -0   -0    9    9    9    9    9   -0   -0   -0   -0   -0   -0   -0   -0   -0
y= 26   -0   -0   -0   -0   -0   -0   -0   -0   -0   -0   -0   -0   -0    .    .   -0   -0   -0   -0   -0   -0   -0   -0   -0   -0
y= 27   -0   -0   -0   -0   -0   -0   -0   -0   15   15   -0   -0   -0   -0   -0   -0   -0   -0   -0   -0   -0   -0   -0   -0   -0
y= 28   -0   -0   -0   -0   -0   -0   -0   15   15   15   15   -0   -0   -0   -0   -0   -0   -0   -0   -0   -0   -0   -0   -0   -0
y= 29   -0   -0   -0   -0   -0   15   15   15   15   15   15   15   -0   -0   -0   -0   -0   -0   -0   -0   -0   -0   -0   -0   -0
y= 30   -0   -0   -0   -0   15   15   15   15   14   15   15   15   15   -0   -0   -0   -0   -0   -0   -0   -0   -0   -0   -0   -0
y= 31   -0   -0   15   15   15   15   15   14    9   13   15   15   15   -0   -0   -0   -0   -0   -0   -0   -0   -0   -0   -0   -0
y= 32   -0   14   15   15   15   14   13   12    .   11   12   15   15   15   -0   -0   -0   -0   -0   -0   -0   -0   -0   -0   -0
y= 33   15   15   15   15   13   10    9    2    3    3    9    9   15   15   15   -0   -0   -0   -0   -0   -0   -0   -0   -0   -0
y= 34   15   15   15   14   11    8    2    2    2    2    3    6   11   15   15   15   -0   -0   -0   -0   -0   -0   -0   -0   -0
y= 35   15   14   13   11    9    3    2    2    2    2    2    4    4   11   14   15   -0   -0   -0   -0   -0   -0   -0   -0   -0
y= 36   15   13   12    3    3    3    3    2    2    2    2    2    4    8   10   15   15   15   -0   -0   -0   -0   -0   -0   -0
y= 37    .    .    3    3    3    3    3    3    2    2    2    2    2    7    9   14   15   15   -0   -0   -0   -0   -0   -0   -0
y= 38    5    3    3    3    3    3    3    3    2    2    3    3    3    7   12   13   15   15   15   -0   -0   -0   -0   -0   -0
y= 39    4    4    3    3    3    3    2    2    2    2    3    3    3    5    9   14   15   15   15   -0   -0   -0   -0   -0   -0
y= 40   15   11    4    3    2    2    2    2    2    2    3    8    9   11   13   15   15   15    .   -0   -0   -0   -0   -0   -0
y= 41   15   11    7    4    3    2    2    2    3    8   10   10   12   15   15   15   15    .    .    .   -0   -0   -0   -0   -0
y= 42   15   15   10    4    3    3    2    2    9   10   10   12   14   15   15   15    .    .    .   -0   -0   -0   -0   -0   -0
y= 43   15   15   15    9    4    3    8    9   10   11   13   15   15   15   15    .    .    .   -0   -0   -0   -0   -0   -0   -0
y= 44    .   15   15   11    7    9   10   10   11   13   15   15   15   15    .    .    .   -0   -0   -0   -0   -0   -0   -0   -0
y= 45   -0    .   15   15   14   12   12   12   14   15   15   15    .    .    .    .   -0   -0   -0   -0   -0   -0   -0   -0   -0
y= 46   -0   -0   15   15   15   14   14   15   15   15   15    .    .    .    .   -0   -0   -0   -0   -0   -0   -0   -0   -0   -0
y= 47   -0   -0    .   15   15   15   15   15   15   15    .    .    .   -0   -0   -0   -0   -0   -0   -0   -0   -0   -0   -0   -0
y= 48   -0   -0   -0   -0   15   15   15   15    .    .    .    .   -0   -0   -0   -0   -0   -0   -0   -0   -0   -0   -0   -0   -0
y= 49   -0   -0   -0   -0    .   15   15    .    .    .    .   -0   -0   -0   -0   -0   -0   -0   -0   -0   -0   -0   -0   -0   -0
== soup2: DONE
