== tomato: start q=[-0.491 -0.662  0.593 -2.651  0.396  2.042 -1.759] fingers=(0.040000043211177234, -0.0399887921754029)
   basket rim centroid [-0.0485  0.3818] floor centroid [-0.0536  0.3711] (n=327)
   using explicit drop point [-0.0055  0.3495]
-- open gripper
  gripper -> 0.04: reached=True stalled=False fingers=0.0400,-0.0400
-- move above guess
  traj[0] code=-5 max_joint_err=0.1179
  traj[1] code=0 max_joint_err=0.0021
  hand now [-0.0189 -0.2286  0.7801] target [-0.019 -0.229  0.78 ]
-- refine with eye-in-hand
  locate robot0_eye_in_hand: n=5071 center=(-0.0155,-0.2273) ztop=0.5165 extent=(0.066,0.069)
   correction 3.9 mm
-- descend to grasp: xy=(-0.0155,-0.2273) hand z=0.5799
  traj[0] code=0 max_joint_err=0.0025
  hand now [-0.0153 -0.2273  0.6603] target [-0.0155 -0.2273  0.6599]
  traj[0] code=0 max_joint_err=0.0025
  hand now [-0.0157 -0.227   0.58  ] target [-0.0155 -0.2273  0.5799]
-- close gripper
  gripper -> 0.0: reached=True stalled=False fingers=0.0316,-0.0321
   finger gap after close = 63.6 mm
-- lift
  traj[0] code=0 max_joint_err=0.0241
  traj[1] code=0 max_joint_err=0.0022
  hand now [-0.0156 -0.2275  0.8292] target [-0.0155 -0.2273  0.83  ]
   fingers after lift (0.031411622344114105, -0.032190404138432875)
-- carry to basket
  traj[0] code=-5 max_joint_err=0.5476
  traj[1] code=0 max_joint_err=0.0020
  hand now [-0.0054  0.3489  0.8296] target [-0.0055  0.3495  0.83  ]
  traj[0] code=0 max_joint_err=0.0145
  hand now [-0.      0.3494  0.7126] target [-0.0055  0.3495  0.7   ]
-- release
  gripper -> 0.04: reached=True stalled=False fingers=0.0370,-0.0377
-- retreat
  traj[0] code=0 max_joint_err=0.0024
  hand now [-0.0054  0.3496  0.8294] target [-0.0055  0.3495  0.83  ]
  traj[0] code=-5 max_joint_err=0.7598
  traj[1] code=-5 max_joint_err=0.2162
  traj[2] code=0 max_joint_err=0.0014
  hand now [-0.1499  0.0504  0.8301] target [-0.15  0.05  0.83]
-- verify: birdview
   basket rim centroid [-0.0376  0.3486] floor centroid [-0.0644  0.3341] (n=212)
       -16  -15  -14  -13  -12  -11  -10   -9   -8   -7   -6   -5   -4   -3   -2   -1    0    1    2    3    4    5    6    7    8    9   10   11   12   13
y= 16   -0   -0   -0   -0   -0   -0   -0   -0   -0   -0   -0   -0   -0   -0   -0   -0   -0   -0   -0   -0   -0   -0   -0   -0   -0   -0   -0   -0   -0   -0
y= 17   -0   -0   -0   -0   -0   -0   -0   -0   -0   -0   -0   -0   -0   -0   -0   -0   -0   -0   -0   -0   -0   -0   -0   -0   -0   -0   -0   -0   -0   -0
y= 18   -0   -0   -0   -0   -0   -0   -0   -0   -0   -0   -0   -0   -0   -0   -0   -0   -0   -0   -0   -0   -0   -0   -0   -0   -0   -0   -0   -0   -0   -0
y= 19   -0   -0   -0   -0   -0   -0   -0   -0   -0   -0   -0   -0   -0   -0   -0   -0   -0   -0   -0   -0   -0   -0   -0   -0   -0   -0   -0   -0   -0   -0
y= 20   -0   -0   -0   -0   -0   -0   -0   -0   -0   -0   -0   -0   -0   -0   -0   -0   -0   -0   -0   -0   -0   -0   -0   -0   -0   -0   -0   -0   -0   -0
y= 21   -0   -0   -0   -0   -0   -0   -0   -0   -0   -0   -0   -0   -0   -0   -0   -0   -0   -0   -0   -0   -0   -0   -0   -0   -0   -0   -0   -0   -0   -0
y= 22   -0   -0   -0   -0   -0   -0   -0   -0   -0   -0   -0   -0   -0   -0   -0   -0   -0   -0   -0   -0   -0   -0   -0   -0   -0   -0   -0   -0   -0   -0
y= 23   -0   -0   -0   -0   -0   -0   -0   -0   -0   -0   -0   -0   -0   -0   -0   -0   -0   -0   -0   -0   -0   -0   -0   -0   -0   -0   -0   -0   -0   -0
y= 24   -0   -0   -0   -0   -0   -0   -0   -0   -0   -0   -0   -0   -0   -0   -0   -0   -0   -0   -0   -0   -0   -0   -0   -0   -0   -0   -0   -0   -0   -0
y= 25   -0   -0   -0   -0   -0   -0   -0   -0   -0   -0   -0   -0   -0   -0   -0   13   15   15   -0   -0   -0   -0   -0   -0   -0   -0   -0   -0   -0   -0
y= 26   -0   -0   -0   -0   -0   -0   -0   -0   -0   -0   -0   -0   15   15   15   15   15   15   -0   -0   -0   -0   -0   -0   -0   -0   -0   -0   -0   -0
y= 27   -0   -0   -0   -0   -0   -0   -0   -0   -0   15   15   15   15   15   15   15   15   15   15   -0   -0   -0   -0   -0   -0   -0   -0   -0   -0   -0
y= 28   -0   -0   -0   -0   -0   -0   15   15   15   15   15   15   15   15   14   10   13   15   15   -0   -0   -0   -0   -0   -0   -0   -0   -0   -0   -0
y= 29   -0   -0   -0   -0   15   15   15   15   15   15   14   15   12   12   13    9   13   15   15   15   -0   -0   -0   -0   -0   -0   -0   -0   -0   -0
y= 30   -0   -0   15   15   15   15   15   15   14   13   13   10    .    .    3   15   12   13   15   15   -0   -0   -0   -0   -0   -0   -0   -0   -0   -0
y= 31   -0   15   15   15   15   15   14   13   11   11    6    3   14   15   16   16   16   10   15   15   -0   -0   -0   -0   -0   -0   -0   -0   -0   -0
y= 32   -0   -0   15   15   14    9    .    .    .    3   14   15   16   16   16   17   17    7   11   15   15   -0   -0   -0   -0   -0   -0   -0   -0   -0
y= 33   -0   -0   15   15   15    6    5    3    3   15   16   16   16   17   17   17   17   17   11   15   15   -0   -0   -0   -0   -0   -0   -0   -0   -0
y= 34   -0   -0   14   15   15    8    3    3   15   16   16   17   17   17   17   17   17   17   11   14   15   15   -0   -0   -0   -0   -0   -0   -0   -0
y= 35   -0   -0   -0   15   15   11    4    3   16   17   17   17   17   17   17   17   17   16   16   10   15   15   -0   -0   -0   -0   -0   -0   -0   -0
y= 36   -0   -0   -0   15   15   10    4    4   10   17   17   17   17   17   16   16   16   15   15    9   15   15   15   -0   -0   -0   -0   -0   -0   -0
y= 37   -0   -0   -0   -0   15   14    9    4   11   10   17   17   17   16   16   15    .    .    9   12   14   15   15   -0   -0   -0   -0   -0   -0   -0
y= 38   -0   -0   -0   -0   15   15   10    4   11   11   16   16   16   16   15    8    7    6    9   13   14   15   15   -0   -0   -0   -0   -0   -0   -0
y= 39   -0   -0   -0   -0   15   15   14    6    3   11   11   15    .   10   10   11   12   13   13   15   15   15   15    .   -0   -0   -0   -0   -0   -0
y= 40   -0   -0   -0   -0   -0   15   15    8    9    9    9   10   11   11   11   13   14   15   15   15   15   15    .    .   -0   -0   -0   -0   -0   -0
y= 41   -0   -0   -0   -0   -0   15   15   10   12   11   11   11   13   14   15   15   15   15   15   15    .    .    .    .   -0   -0   -0   -0   -0   -0
y= 42   -0   -0   -0   -0   -0   -0   15   14   14   14   14   14   15   15   15   15   15    .    .    .    .    .    .   -0   -0   -0   -0   -0   -0   -0
y= 43   -0   -0   -0   -0   -0   -0   15   15   15   15   15   15   15   15   15    .    .    .    .    .    .   -0   -0   -0   -0   -0   -0   -0   -0   -0
y= 44   -0   -0   -0   -0   -0   -0   15   15   15   15   15   15   15    .    .    .    .    .   -0   -0   -0   -0   -0   -0   -0   -0   -0   -0   -0   -0
y= 45   -0   -0   -0   -0   -0   -0   -0   15    .    .    .    .    .    .    .    .   -0   -0   -0   -0   -0   -0   -0   -0   -0   -0   -0   -0   -0   -0
y= 46   -0   -0   -0   -0   -0   -0   -0    .    .    .    .    .    .   -0   -0   -0   -0   -0   -0   -0   -0   -0   -0   -0   -0   -0   -0   -0   -0   -0
y= 47   -0   -0   -0   -0   -0   -0   -0   -0    .    .   -0   -0   -0   -0   -0   -0   -0   -0   -0   -0   -0   -0   -0   -0   -0   -0   -0   -0   -0   -0
y= 48   -0   -0   -0   -0   -0   -0   -0   -0   -0   -0   -0   -0   -0   -0   -0   -0   -0   -0   -0   -0   -0   -0   -0   -0   -0   -0   -0   -0   -0   -0
y= 49   -0   -0   -0   -0   -0   -0   -0   -0   -0   -0   -0   -0   -0   -0   -0   -0   -0   -0   -0   -0   -0   -0   -0   -0   -0   -0   -0   -0   -0   -0
== tomato: DONE (basket moved 61 mm during place)
