[robosuite WARNING] No private macro file found! (__init__.py:7)
[robosuite WARNING] It is recommended to use a private macro file (__init__.py:8)
[robosuite WARNING] To setup, run: python /storage/home/yehe8/.openrua/simulators/cap-x/capx/third_party/libero_dependencies/robosuite/robosuite/scripts/setup_macros.py (__init__.py:9)
Gym has been unmaintained since 2022 and does not support NumPy 2.0 amongst other critical functionality.
Please upgrade to Gymnasium, the maintained drop-in replacement of Gym, or contact the authors of your software and request that they upgrade.
See the migration guide at https://gymnasium.farama.org/introduction/migration_guide/ for additional information.
[info] Using default task order for benchmark 'libero_10_task' (10 tasks).
[Warning]: datasets path /storage/home/yehe8/.openrua/simulators/cap-x/capx/third_party/LIBERO-PRO/libero/datasets does not exist!
[Warning]: datasets path /storage/home/yehe8/.openrua/simulators/cap-x/capx/third_party/LIBERO-PRO/libero/datasets does not exist!
robot ready
[Warning]: datasets path /storage/home/yehe8/.openrua/simulators/cap-x/capx/third_party/LIBERO-PRO/libero/datasets does not exist!
[fjt] names=['panda_joint1', 'panda_joint2', 'panda_joint3', 'panda_joint4', 'panda_joint5', 'panda_joint6', 'panda_joint7'] pts=1
[fjt] times[0..2]=[0. 3.] times[-3:]=[0. 3.]
[fjt] goal=[ 0.    -0.785  0.    -2.356  0.     1.571  0.785]
[fjt] final=[ 0.    -0.769  0.    -2.357 -0.     1.629  0.785]
[fjt] err=[ 0.     0.016  0.    -0.001 -0.     0.058  0.   ]
[fjt] names=['panda_joint1', 'panda_joint2', 'panda_joint3', 'panda_joint4', 'panda_joint5', 'panda_joint6', 'panda_joint7'] pts=1
[fjt] times[0..2]=[0. 2.] times[-3:]=[0. 2.]
[fjt] goal=[ 0.    -0.785  0.    -2.356  0.     1.571  0.785]
[fjt] final=[ 0.    -0.785  0.    -2.357 -0.     1.573  0.785]
[fjt] err=[ 0.     0.     0.    -0.001 -0.     0.002  0.   ]
[fjt] names=['panda_joint1', 'panda_joint2', 'panda_joint3', 'panda_joint4', 'panda_joint5', 'panda_joint6', 'panda_joint7'] pts=1
[fjt] times[0..2]=[0. 4.] times[-3:]=[0. 4.]
[fjt] goal=[ 0.696 -0.411 -0.368 -2.384 -0.158  1.993 -1.15 ]
[fjt] final=[ 0.694 -0.411 -0.368 -2.383 -0.156  1.991  0.129]
[fjt] err=[-2.000e-03 -0.000e+00  0.000e+00  1.000e-03  2.000e-03 -2.000e-03
  1.278e+00]
[fjt] names=['panda_joint1', 'panda_joint2', 'panda_joint3', 'panda_joint4', 'panda_joint5', 'panda_joint6', 'panda_joint7'] pts=1
[fjt] times[0..2]=[0.  2.8] times[-3:]=[0.  2.8]
[fjt] goal=[ 0.696 -0.411 -0.368 -2.384 -0.158  1.993 -1.15 ]
[fjt] final=[ 0.695 -0.411 -0.368 -2.383 -0.157  1.991 -0.413]
[fjt] err=[-0.001 -0.     0.     0.001  0.002 -0.002  0.736]
[fjt] names=['panda_joint1', 'panda_joint2', 'panda_joint3', 'panda_joint4', 'panda_joint5', 'panda_joint6', 'panda_joint7'] pts=1
[fjt] times[0..2]=[0.   1.96] times[-3:]=[0.   1.96]
[fjt] goal=[ 0.696 -0.411 -0.368 -2.384 -0.158  1.993 -1.15 ]
[fjt] final=[ 0.695 -0.411 -0.368 -2.383 -0.157  1.991 -0.836]
[fjt] err=[-0.001 -0.     0.     0.001  0.002 -0.002  0.313]
[fjt] names=['panda_joint1', 'panda_joint2', 'panda_joint3', 'panda_joint4', 'panda_joint5', 'panda_joint6', 'panda_joint7'] pts=1
[fjt] times[0..2]=[0.  2.5] times[-3:]=[0.  2.5]
[fjt] goal=[ 0.773 -0.023 -0.487 -2.63  -0.021  2.61  -1.267]
[fjt] final=[ 0.773 -0.023 -0.487 -2.63  -0.023  2.514 -1.263]
[fjt] err=[-0.001 -0.     0.001  0.001 -0.002 -0.096  0.004]
[fjt] names=['panda_joint1', 'panda_joint2', 'panda_joint3', 'panda_joint4', 'panda_joint5', 'panda_joint6', 'panda_joint7'] pts=1
[fjt] times[0..2]=[0.   1.75] times[-3:]=[0.   1.75]
[fjt] goal=[ 0.773 -0.023 -0.487 -2.63  -0.021  2.61  -1.267]
[fjt] final=[ 0.773 -0.023 -0.487 -2.63  -0.023  2.608 -1.264]
[fjt] err=[-0.    -0.     0.001  0.001 -0.001 -0.002  0.003]
[fjt] names=['panda_joint1', 'panda_joint2', 'panda_joint3', 'panda_joint4', 'panda_joint5', 'panda_joint6', 'panda_joint7'] pts=1
[fjt] times[0..2]=[0. 2.] times[-3:]=[0. 2.]
[fjt] goal=[ 0.778  0.158 -0.454 -2.628  0.188  2.764 -1.417]
[fjt] final=[ 0.778  0.157 -0.455 -2.628  0.186  2.762 -1.414]
[fjt] err=[-0.    -0.001 -0.001 -0.001 -0.002 -0.002  0.003]
[fjt] names=['panda_joint1', 'panda_joint2', 'panda_joint3', 'panda_joint4', 'panda_joint5', 'panda_joint6', 'panda_joint7'] pts=1
[fjt] times[0..2]=[0. 3.] times[-3:]=[0. 3.]
[fjt] goal=[ 0.886 -0.449 -0.536 -2.38  -0.244  1.977 -1.078]
[fjt] final=[ 0.885 -0.438 -0.535 -2.382 -0.242  2.156 -1.081]
[fjt] err=[-0.001  0.011  0.001 -0.002  0.002  0.179 -0.002]
[fjt] names=['panda_joint1', 'panda_joint2', 'panda_joint3', 'panda_joint4', 'panda_joint5', 'panda_joint6', 'panda_joint7'] pts=1
[fjt] times[0..2]=[0.  2.1] times[-3:]=[0.  2.1]
[fjt] goal=[ 0.886 -0.449 -0.536 -2.38  -0.244  1.977 -1.078]
[fjt] final=[ 0.885 -0.448 -0.535 -2.382 -0.242  1.979 -1.081]
[fjt] err=[-0.001  0.001  0.001 -0.002  0.002  0.002 -0.002]
[fjt] names=['panda_joint1', 'panda_joint2', 'panda_joint3', 'panda_joint4', 'panda_joint5', 'panda_joint6', 'panda_joint7'] pts=1
[fjt] times[0..2]=[0. 3.] times[-3:]=[0. 3.]
[fjt] goal=[ 0.733 -0.573 -0.799 -2.287 -0.415  1.84  -1.433]
[fjt] final=[ 0.734 -0.572 -0.798 -2.288 -0.413  1.842 -1.43 ]
[fjt] err=[ 0.     0.001  0.    -0.002  0.001  0.002  0.002]
[fjt] names=['panda_joint1', 'panda_joint2', 'panda_joint3', 'panda_joint4', 'panda_joint5', 'panda_joint6', 'panda_joint7'] pts=1
[fjt] times[0..2]=[0. 3.] times[-3:]=[0. 3.]
[fjt] goal=[ 0.902 -0.378 -1.379 -2.028 -0.397  1.926 -1.889]
[fjt] final=[ 0.901 -0.379 -1.374 -2.03  -0.398  1.924 -1.888]
[fjt] err=[-0.    -0.001  0.005 -0.002 -0.002 -0.002  0.002]
[fjt] names=['panda_joint1', 'panda_joint2', 'panda_joint3', 'panda_joint4', 'panda_joint5', 'panda_joint6', 'panda_joint7'] pts=1
[fjt] times[0..2]=[0.  2.5] times[-3:]=[0.  2.5]
[fjt] goal=[ 1.436 -0.428 -2.034 -2.228 -0.549  2.35  -1.801]
[fjt] final=[ 1.424 -0.428 -1.916 -2.228 -0.548  2.347 -1.804]
[fjt] err=[-0.012  0.     0.118  0.     0.002 -0.003 -0.002]
[fjt] names=['panda_joint1', 'panda_joint2', 'panda_joint3', 'panda_joint4', 'panda_joint5', 'panda_joint6', 'panda_joint7'] pts=1
[fjt] times[0..2]=[0.   1.75] times[-3:]=[0.   1.75]
[fjt] goal=[ 1.436 -0.428 -2.034 -2.228 -0.549  2.35  -1.801]
[fjt] final=[ 1.436 -0.428 -2.034 -2.228 -0.548  2.348 -1.804]
[fjt] err=[-0.     0.     0.001  0.     0.001 -0.002 -0.002]
[fjt] names=['panda_joint1', 'panda_joint2', 'panda_joint3', 'panda_joint4', 'panda_joint5', 'panda_joint6', 'panda_joint7'] pts=1
[fjt] times[0..2]=[0. 2.] times[-3:]=[0. 2.]
[fjt] goal=[ 1.554 -0.525 -2.179 -2.226 -0.677  2.426 -1.72 ]
[fjt] final=[ 1.554 -0.524 -2.178 -2.227 -0.675  2.424 -1.722]
[fjt] err=[-0.001  0.001  0.001 -0.001  0.002 -0.002 -0.002]
[fjt] names=['panda_joint1', 'panda_joint2', 'panda_joint3', 'panda_joint4', 'panda_joint5', 'panda_joint6', 'panda_joint7'] pts=1
[fjt] times[0..2]=[0. 3.] times[-3:]=[0. 3.]
[fjt] goal=[ 0.717 -0.184 -1.267 -2.04  -0.191  1.978 -2.04 ]
[fjt] final=[ 0.93  -0.184 -1.559 -2.042 -0.193  1.98  -2.037]
[fjt] err=[ 0.213 -0.001 -0.292 -0.001 -0.002  0.002  0.002]
[fjt] names=['panda_joint1', 'panda_joint2', 'panda_joint3', 'panda_joint4', 'panda_joint5', 'panda_joint6', 'panda_joint7'] pts=1
[fjt] times[0..2]=[0.  2.1] times[-3:]=[0.  2.1]
[fjt] goal=[ 0.717 -0.184 -1.267 -2.04  -0.191  1.978 -2.04 ]
[fjt] final=[ 0.717 -0.184 -1.268 -2.041 -0.193  1.98  -2.038]
[fjt] err=[ 0.001 -0.001 -0.001 -0.001 -0.002  0.002  0.002]
[fjt] names=['panda_joint1', 'panda_joint2', 'panda_joint3', 'panda_joint4', 'panda_joint5', 'panda_joint6', 'panda_joint7'] pts=1
[fjt] times[0..2]=[0. 4.] times[-3:]=[0. 4.]
[fjt] goal=[ 0.    -0.785  0.    -2.356  0.     1.571  0.785]
[fjt] final=[ 3.000e-03 -7.840e-01 -4.860e-01 -2.355e+00 -1.000e-03  1.572e+00
 -1.307e+00]
[fjt] err=[ 3.000e-03  1.000e-03 -4.860e-01  1.000e-03 -1.000e-03  1.000e-03
 -2.092e+00]
[fjt] names=['panda_joint1', 'panda_joint2', 'panda_joint3', 'panda_joint4', 'panda_joint5', 'panda_joint6', 'panda_joint7'] pts=1
[fjt] times[0..2]=[0. 2.] times[-3:]=[0. 2.]
[fjt] goal=[ 0.    -0.785  0.    -2.356  0.     1.571  0.785]
[fjt] final=[ 0.000e+00 -7.840e-01 -3.700e-02 -2.355e+00 -1.000e-03  1.572e+00
 -8.520e-01]
[fjt] err=[ 0.000e+00  1.000e-03 -3.700e-02  1.000e-03 -1.000e-03  1.000e-03
 -1.637e+00]
[fjt] names=['panda_joint1', 'panda_joint2', 'panda_joint3', 'panda_joint4', 'panda_joint5', 'panda_joint6', 'panda_joint7'] pts=1
[fjt] times[0..2]=[0. 4.] times[-3:]=[0. 4.]
[fjt] goal=[ 0.113 -0.558 -0.503 -2.466 -0.279  1.951 -1.788]
[fjt] final=[ 0.113 -0.559 -0.502 -2.465 -0.277  1.949 -1.574]
[fjt] err=[-0.001 -0.     0.001  0.001  0.002 -0.002  0.214]
[fjt] names=['panda_joint1', 'panda_joint2', 'panda_joint3', 'panda_joint4', 'panda_joint5', 'panda_joint6', 'panda_joint7'] pts=1
[fjt] times[0..2]=[0.  2.8] times[-3:]=[0.  2.8]
[fjt] goal=[ 0.113 -0.558 -0.503 -2.466 -0.279  1.951 -1.788]
[fjt] final=[ 0.113 -0.559 -0.502 -2.465 -0.277  1.949 -1.786]
[fjt] err=[-0.    -0.     0.001  0.001  0.001 -0.002  0.002]
[fjt] names=['panda_joint1', 'panda_joint2', 'panda_joint3', 'panda_joint4', 'panda_joint5', 'panda_joint6', 'panda_joint7'] pts=1
[fjt] times[0..2]=[0.  2.5] times[-3:]=[0.  2.5]
[fjt] goal=[ 0.229 -0.163 -0.723 -2.725 -0.207  2.593 -1.881]
[fjt] final=[ 0.229 -0.163 -0.722 -2.724 -0.208  2.473 -1.878]
[fjt] err=[-0.    -0.001  0.001  0.001 -0.001 -0.119  0.003]
[fjt] names=['panda_joint1', 'panda_joint2', 'panda_joint3', 'panda_joint4', 'panda_joint5', 'panda_joint6', 'panda_joint7'] pts=1
[fjt] times[0..2]=[0.   1.75] times[-3:]=[0.   1.75]
[fjt] goal=[ 0.229 -0.163 -0.723 -2.725 -0.207  2.593 -1.881]
[fjt] final=[ 0.229 -0.163 -0.722 -2.724 -0.208  2.591 -1.878]
[fjt] err=[-0.    -0.     0.001  0.    -0.001 -0.002  0.002]
[fjt] names=['panda_joint1', 'panda_joint2', 'panda_joint3', 'panda_joint4', 'panda_joint5', 'panda_joint6', 'panda_joint7'] pts=1
[fjt] times[0..2]=[0. 2.] times[-3:]=[0. 2.]
[fjt] goal=[ 0.312  0.066 -0.743 -2.732  0.127  2.778 -2.119]
[fjt] final=[ 0.313  0.062 -0.742 -2.729  0.125  2.776 -2.121]
[fjt] err=[ 0.    -0.005  0.001  0.003 -0.001 -0.002 -0.002]
[fjt] names=['panda_joint1', 'panda_joint2', 'panda_joint3', 'panda_joint4', 'panda_joint5', 'panda_joint6', 'panda_joint7'] pts=1
[fjt] times[0..2]=[0. 3.] times[-3:]=[0. 3.]
[fjt] goal=[ 0.33  -0.638 -0.681 -2.456 -0.408  1.906 -1.676]
[fjt] final=[ 0.33  -0.554 -0.681 -2.457 -0.405  2.171 -1.679]
[fjt] err=[-0.     0.084 -0.001 -0.001  0.003  0.266 -0.003]
[fjt] names=['panda_joint1', 'panda_joint2', 'panda_joint3', 'panda_joint4', 'panda_joint5', 'panda_joint6', 'panda_joint7'] pts=1
[fjt] times[0..2]=[0.  2.1] times[-3:]=[0.  2.1]
[fjt] goal=[ 0.33  -0.638 -0.681 -2.456 -0.408  1.906 -1.676]
[fjt] final=[ 0.33  -0.637 -0.681 -2.457 -0.407  1.908 -1.678]
[fjt] err=[-0.     0.001 -0.001 -0.001  0.001  0.002 -0.002]
[fjt] names=['panda_joint1', 'panda_joint2', 'panda_joint3', 'panda_joint4', 'panda_joint5', 'panda_joint6', 'panda_joint7'] pts=1
[fjt] times[0..2]=[0. 3.] times[-3:]=[0. 3.]
[fjt] goal=[ 0.533 -0.487 -0.325 -2.373 -0.159  1.903 -1.275]
[fjt] final=[ 0.533 -0.488 -0.326 -2.375 -0.16   1.905 -1.277]
[fjt] err=[-0.    -0.001 -0.001 -0.002 -0.002  0.002 -0.002]
[fjt] names=['panda_joint1', 'panda_joint2', 'panda_joint3', 'panda_joint4', 'panda_joint5', 'panda_joint6', 'panda_joint7'] pts=1
[fjt] times[0..2]=[0. 3.] times[-3:]=[0. 3.]
[fjt] goal=[ 0.716 -0.025 -0.126 -2.013 -0.003  1.989 -0.979]
[fjt] final=[ 0.716 -0.025 -0.127 -2.015 -0.005  1.987 -0.982]
[fjt] err=[-0.    -0.001 -0.001 -0.001 -0.001 -0.002 -0.002]
[fjt] names=['panda_joint1', 'panda_joint2', 'panda_joint3', 'panda_joint4', 'panda_joint5', 'panda_joint6', 'panda_joint7'] pts=1
[fjt] times[0..2]=[0.  2.5] times[-3:]=[0.  2.5]
[fjt] goal=[ 0.712  0.215 -0.123 -2.223  0.041  2.436 -1.01 ]
[fjt] final=[ 0.713  0.215 -0.124 -2.222  0.039  2.432 -1.008]
[fjt] err=[ 0.    -0.    -0.001  0.001 -0.002 -0.004  0.002]
[fjt] names=['panda_joint1', 'panda_joint2', 'panda_joint3', 'panda_joint4', 'panda_joint5', 'panda_joint6', 'panda_joint7'] pts=1
[fjt] times[0..2]=[0. 2.] times[-3:]=[0. 2.]
[fjt] goal=[ 0.707  0.317 -0.115 -2.234  0.064  2.548 -1.026]
[fjt] final=[ 0.707  0.317 -0.116 -2.233  0.062  2.546 -1.024]
[fjt] err=[ 0.    -0.    -0.001  0.001 -0.002 -0.002  0.002]
[fjt] names=['panda_joint1', 'panda_joint2', 'panda_joint3', 'panda_joint4', 'panda_joint5', 'panda_joint6', 'panda_joint7'] pts=1
[fjt] times[0..2]=[0. 3.] times[-3:]=[0. 3.]
[fjt] goal=[ 0.768 -0.025 -0.177 -2.013 -0.005  1.989 -0.978]
[fjt] final=[ 0.767 -0.024 -0.176 -2.014 -0.003  1.995 -0.981]
[fjt] err=[-0.001  0.     0.001 -0.001  0.002  0.006 -0.002]
[fjt] names=['panda_joint1', 'panda_joint2', 'panda_joint3', 'panda_joint4', 'panda_joint5', 'panda_joint6', 'panda_joint7'] pts=1
[fjt] times[0..2]=[0. 4.] times[-3:]=[0. 4.]
[fjt] goal=[ 0.    -0.785  0.    -2.356  0.     1.571  0.785]
[fjt] final=[ 1.300e-02 -7.750e-01  0.000e+00 -2.355e+00 -1.000e-03  1.572e+00
 -3.530e-01]
[fjt] err=[ 1.300e-02  1.000e-02  0.000e+00  1.000e-03 -1.000e-03  1.000e-03
 -1.138e+00]
