[robosuite WARNING] No private macro file found! (__init__.py:7)
[robosuite WARNING] It is recommended to use a private macro file (__init__.py:8)
[robosuite WARNING] To setup, run: python /storage/home/yehe8/.openrua/simulators/cap-x/capx/third_party/libero_dependencies/robosuite/robosuite/scripts/setup_macros.py (__init__.py:9)
Gym has been unmaintained since 2022 and does not support NumPy 2.0 amongst other critical functionality.
Please upgrade to Gymnasium, the maintained drop-in replacement of Gym, or contact the authors of your software and request that they upgrade.
See the migration guide at https://gymnasium.farama.org/introduction/migration_guide/ for additional information.
[info] Using default task order for benchmark 'libero_10_task' (10 tasks).
[Warning]: datasets path /storage/home/yehe8/.openrua/simulators/cap-x/capx/third_party/LIBERO-PRO/libero/datasets does not exist!
[Warning]: datasets path /storage/home/yehe8/.openrua/simulators/cap-x/capx/third_party/LIBERO-PRO/libero/datasets does not exist!
robot ready
[Warning]: datasets path /storage/home/yehe8/.openrua/simulators/cap-x/capx/third_party/LIBERO-PRO/libero/datasets does not exist!
[fjt] names=['panda_joint1', 'panda_joint2', 'panda_joint3', 'panda_joint4', 'panda_joint5', 'panda_joint6', 'panda_joint7'] pts=1
[fjt] times[0..2]=[0. 4.] times[-3:]=[0. 4.]
[fjt] goal=[-0.107 -0.178 -0.281 -2.636 -0.078  2.464 -0.323]
[fjt] final=[-0.107 -0.177 -0.281 -2.635 -0.076  2.462  0.044]
[fjt] err=[ 0.     0.001  0.     0.001  0.002 -0.002  0.367]
[fjt] names=['panda_joint1', 'panda_joint2', 'panda_joint3', 'panda_joint4', 'panda_joint5', 'panda_joint6', 'panda_joint7'] pts=1
[fjt] times[0..2]=[0. 4.] times[-3:]=[0. 4.]
[fjt] goal=[-0.107 -0.178 -0.281 -2.636 -0.078  2.464 -0.323]
[fjt] final=[-0.107 -0.177 -0.281 -2.635 -0.077  2.462 -0.321]
[fjt] err=[ 0.     0.001  0.     0.001  0.001 -0.002  0.002]
[fjt] names=['panda_joint1', 'panda_joint2', 'panda_joint3', 'panda_joint4', 'panda_joint5', 'panda_joint6', 'panda_joint7'] pts=1
[fjt] times[0..2]=[0. 3.] times[-3:]=[0. 3.]
[fjt] goal=[-0.186 -0.174 -0.201 -2.637 -0.055  2.465  0.445]
[fjt] final=[-0.185 -0.175 -0.201 -2.636 -0.058  2.463  0.243]
[fjt] err=[ 0.001 -0.    -0.001  0.001 -0.002 -0.002 -0.202]
[fjt] names=['panda_joint1', 'panda_joint2', 'panda_joint3', 'panda_joint4', 'panda_joint5', 'panda_joint6', 'panda_joint7'] pts=1
[fjt] times[0..2]=[0. 3.] times[-3:]=[0. 3.]
[fjt] goal=[-0.186 -0.174 -0.201 -2.637 -0.055  2.465  0.445]
[fjt] final=[-0.185 -0.175 -0.201 -2.636 -0.056  2.463  0.443]
[fjt] err=[ 0.    -0.    -0.001  0.001 -0.001 -0.002 -0.002]
[fjt] names=['panda_joint1', 'panda_joint2', 'panda_joint3', 'panda_joint4', 'panda_joint5', 'panda_joint6', 'panda_joint7'] pts=1
[fjt] times[0..2]=[0. 3.] times[-3:]=[0. 3.]
[fjt] goal=[-0.179  0.175 -0.181 -2.656  0.101  2.826  0.332]
[fjt] final=[-0.179  0.174 -0.181 -2.655  0.099  2.824  0.334]
[fjt] err=[-0.    -0.001 -0.001  0.001 -0.002 -0.002  0.002]
[fjt] names=['panda_joint1', 'panda_joint2', 'panda_joint3', 'panda_joint4', 'panda_joint5', 'panda_joint6', 'panda_joint7'] pts=1
[fjt] times[0..2]=[0. 2.] times[-3:]=[0. 2.]
[fjt] goal=[-0.219  0.336 -0.117 -2.623  0.206  2.952  0.253]
[fjt] final=[-0.219  0.265 -0.123 -2.648  0.204  2.939  0.253]
[fjt] err=[ 0.001 -0.07  -0.006 -0.025 -0.003 -0.014  0.   ]
[fjt] names=['panda_joint1', 'panda_joint2', 'panda_joint3', 'panda_joint4', 'panda_joint5', 'panda_joint6', 'panda_joint7'] pts=1
[fjt] times[0..2]=[0. 2.] times[-3:]=[0. 2.]
[fjt] goal=[-0.219  0.336 -0.117 -2.623  0.206  2.952  0.253]
[fjt] final=[-0.219  0.268 -0.123 -2.644  0.204  2.94   0.253]
[fjt] err=[ 0.001 -0.068 -0.006 -0.021 -0.002 -0.012  0.   ]
[fjt] names=['panda_joint1', 'panda_joint2', 'panda_joint3', 'panda_joint4', 'panda_joint5', 'panda_joint6', 'panda_joint7'] pts=1
[fjt] times[0..2]=[0. 2.] times[-3:]=[0. 2.]
[fjt] goal=[-0.219  0.336 -0.117 -2.623  0.206  2.952  0.253]
[fjt] final=[-0.219  0.271 -0.123 -2.64   0.204  2.941  0.253]
[fjt] err=[ 0.001 -0.065 -0.005 -0.017 -0.002 -0.011 -0.   ]
[fjt] names=['panda_joint1', 'panda_joint2', 'panda_joint3', 'panda_joint4', 'panda_joint5', 'panda_joint6', 'panda_joint7'] pts=1
[fjt] times[0..2]=[0. 3.] times[-3:]=[0. 3.]
[fjt] goal=[ 0.01  -0.132 -0.402 -2.649 -0.089  2.525  0.47 ]
[fjt] final=[ 0.009 -0.131 -0.401 -2.648 -0.087  2.527  0.467]
[fjt] err=[-0.001  0.001  0.001  0.001  0.002  0.002 -0.002]
[fjt] names=['panda_joint1', 'panda_joint2', 'panda_joint3', 'panda_joint4', 'panda_joint5', 'panda_joint6', 'panda_joint7'] pts=1
[fjt] times[0..2]=[0. 3.] times[-3:]=[0. 3.]
[fjt] goal=[ 0.037  0.083 -0.402 -2.664  0.083  2.739  0.345]
[fjt] final=[ 0.037  0.083 -0.401 -2.663  0.082  2.737  0.348]
[fjt] err=[-0.    -0.     0.001  0.001 -0.002 -0.002  0.003]
[fjt] names=['panda_joint1', 'panda_joint2', 'panda_joint3', 'panda_joint4', 'panda_joint5', 'panda_joint6', 'panda_joint7'] pts=1
[fjt] times[0..2]=[0. 3.] times[-3:]=[0. 3.]
[fjt] goal=[ 0.042  0.096 -0.394 -2.647  0.092  2.734  0.35 ]
[fjt] final=[ 0.041  0.095 -0.394 -2.648  0.091  2.736  0.348]
[fjt] err=[-0.    -0.001 -0.001 -0.001 -0.001  0.002 -0.002]
[fjt] names=['panda_joint1', 'panda_joint2', 'panda_joint3', 'panda_joint4', 'panda_joint5', 'panda_joint6', 'panda_joint7'] pts=1
[fjt] times[0..2]=[0. 3.] times[-3:]=[0. 3.]
[fjt] goal=[ 0.035  0.149 -0.375 -2.638  0.151  2.773  0.308]
[fjt] final=[ 0.036  0.148 -0.376 -2.639  0.149  2.771  0.311]
[fjt] err=[ 0.    -0.001 -0.001 -0.001 -0.002 -0.002  0.002]
[fjt] names=['panda_joint1', 'panda_joint2', 'panda_joint3', 'panda_joint4', 'panda_joint5', 'panda_joint6', 'panda_joint7'] pts=1
[fjt] times[0..2]=[0. 3.] times[-3:]=[0. 3.]
[fjt] goal=[-0.035  0.348 -0.25  -2.595  0.389  2.917  0.134]
[fjt] final=[-0.033  0.289 -0.26  -2.616  0.385  2.912  0.136]
[fjt] err=[ 0.002 -0.059 -0.01  -0.02  -0.004 -0.005  0.002]
[fjt] names=['panda_joint1', 'panda_joint2', 'panda_joint3', 'panda_joint4', 'panda_joint5', 'panda_joint6', 'panda_joint7'] pts=1
[fjt] times[0..2]=[0. 3.] times[-3:]=[0. 3.]
[fjt] goal=[-0.035  0.348 -0.25  -2.595  0.389  2.917  0.134]
[fjt] final=[-0.034  0.292 -0.26  -2.611  0.386  2.913  0.136]
[fjt] err=[ 0.001 -0.056 -0.009 -0.015 -0.004 -0.004  0.002]
[fjt] names=['panda_joint1', 'panda_joint2', 'panda_joint3', 'panda_joint4', 'panda_joint5', 'panda_joint6', 'panda_joint7'] pts=1
[fjt] times[0..2]=[0. 3.] times[-3:]=[0. 3.]
[fjt] goal=[-0.035  0.348 -0.25  -2.595  0.389  2.917  0.134]
[fjt] final=[-0.034  0.296 -0.26  -2.606  0.386  2.914  0.136]
[fjt] err=[ 0.001 -0.053 -0.009 -0.01  -0.004 -0.004  0.002]
[fjt] names=['panda_joint1', 'panda_joint2', 'panda_joint3', 'panda_joint4', 'panda_joint5', 'panda_joint6', 'panda_joint7'] pts=1
[fjt] times[0..2]=[0. 3.] times[-3:]=[0. 3.]
[fjt] goal=[ 0.116  0.153 -0.446 -2.639  0.182  2.771  0.289]
[fjt] final=[ 0.115  0.154 -0.445 -2.638  0.184  2.773  0.287]
[fjt] err=[-0.     0.001  0.001  0.001  0.002  0.002 -0.002]
[fjt] names=['panda_joint1', 'panda_joint2', 'panda_joint3', 'panda_joint4', 'panda_joint5', 'panda_joint6', 'panda_joint7'] pts=1
[fjt] times[0..2]=[0. 3.] times[-3:]=[0. 3.]
[fjt] goal=[ 0.071  0.268 -0.368 -2.617  0.341  2.852  0.173]
[fjt] final=[ 0.071  0.268 -0.369 -2.618  0.339  2.851  0.175]
[fjt] err=[ 0.    -0.001 -0.001 -0.001 -0.002 -0.002  0.002]
[fjt] names=['panda_joint1', 'panda_joint2', 'panda_joint3', 'panda_joint4', 'panda_joint5', 'panda_joint6', 'panda_joint7'] pts=1
[fjt] times[0..2]=[0. 3.] times[-3:]=[0. 3.]
[fjt] goal=[ 0.489 -0.329 -0.868 -2.58  -0.347  2.333  0.679]
[fjt] final=[ 0.489 -0.321 -0.867 -2.582 -0.261  2.335  0.677]
[fjt] err=[-0.001  0.008  0.001 -0.002  0.086  0.003 -0.002]
[fjt] names=['panda_joint1', 'panda_joint2', 'panda_joint3', 'panda_joint4', 'panda_joint5', 'panda_joint6', 'panda_joint7'] pts=1
[fjt] times[0..2]=[0. 3.] times[-3:]=[0. 3.]
[fjt] goal=[ 0.489 -0.329 -0.868 -2.58  -0.347  2.333  0.679]
[fjt] final=[ 0.489 -0.328 -0.867 -2.582 -0.345  2.335  0.677]
[fjt] err=[-0.     0.001  0.001 -0.002  0.002  0.002 -0.002]
[fjt] names=['panda_joint1', 'panda_joint2', 'panda_joint3', 'panda_joint4', 'panda_joint5', 'panda_joint6', 'panda_joint7'] pts=1
[fjt] times[0..2]=[0. 3.] times[-3:]=[0. 3.]
[fjt] goal=[ 0.457 -0.511 -0.752 -2.439 -0.38   2.02   0.73 ]
[fjt] final=[ 0.457 -0.511 -0.753 -2.44  -0.379  2.022  0.728]
[fjt] err=[ 0.     0.001 -0.001 -0.002  0.001  0.002 -0.002]
[fjt] names=['panda_joint1', 'panda_joint2', 'panda_joint3', 'panda_joint4', 'panda_joint5', 'panda_joint6', 'panda_joint7'] pts=1
[fjt] times[0..2]=[0. 4.] times[-3:]=[0. 4.]
[fjt] goal=[ 0.788  0.075 -0.286 -2.026  0.024  2.098  1.275]
[fjt] final=[ 0.787  0.074 -0.287 -2.028  0.023  2.096  1.273]
[fjt] err=[-0.    -0.001 -0.001 -0.002 -0.001 -0.002 -0.002]
[fjt] names=['panda_joint1', 'panda_joint2', 'panda_joint3', 'panda_joint4', 'panda_joint5', 'panda_joint6', 'panda_joint7'] pts=1
[fjt] times[0..2]=[0. 3.] times[-3:]=[0. 3.]
[fjt] goal=[ 0.792  0.024 -0.287 -1.905  0.007  1.927  1.287]
[fjt] final=[ 0.791  0.024 -0.287 -1.906  0.009  1.929  1.285]
[fjt] err=[-0.     0.     0.    -0.001  0.001  0.002 -0.002]
[fjt] names=['panda_joint1', 'panda_joint2', 'panda_joint3', 'panda_joint4', 'panda_joint5', 'panda_joint6', 'panda_joint7'] pts=1
[fjt] times[0..2]=[0. 4.] times[-3:]=[0. 4.]
[fjt] goal=[ 0.615  0.23  -0.52  -2.225  0.172  2.418  0.763]
[fjt] final=[ 0.616  0.23  -0.519 -2.224  0.17   2.416  0.766]
[fjt] err=[ 0.    -0.     0.001  0.001 -0.002 -0.002  0.003]
[fjt] names=['panda_joint1', 'panda_joint2', 'panda_joint3', 'panda_joint4', 'panda_joint5', 'panda_joint6', 'panda_joint7'] pts=1
[fjt] times[0..2]=[0. 3.] times[-3:]=[0. 3.]
[fjt] goal=[ 0.527  0.519 -0.393 -2.207  0.418  2.655  0.592]
[fjt] final=[ 0.527  0.518 -0.394 -2.207  0.416  2.654  0.595]
[fjt] err=[ 0.    -0.001 -0.001 -0.001 -0.002 -0.002  0.002]
[fjt] names=['panda_joint1', 'panda_joint2', 'panda_joint3', 'panda_joint4', 'panda_joint5', 'panda_joint6', 'panda_joint7'] pts=1
[fjt] times[0..2]=[0. 3.] times[-3:]=[0. 3.]
[fjt] goal=[ 0.471  0.62  -0.33  -2.173  0.483  2.724  0.538]
[fjt] final=[ 0.474  0.603 -0.335 -2.18   0.476  2.715  0.542]
[fjt] err=[ 0.003 -0.017 -0.005 -0.007 -0.006 -0.009  0.004]
[fjt] names=['panda_joint1', 'panda_joint2', 'panda_joint3', 'panda_joint4', 'panda_joint5', 'panda_joint6', 'panda_joint7'] pts=1
[fjt] times[0..2]=[0. 3.] times[-3:]=[0. 3.]
[fjt] goal=[ 0.684  0.24  -0.596 -2.225  0.203  2.415  0.734]
[fjt] final=[ 0.684  0.241 -0.595 -2.224  0.204  2.417  0.732]
[fjt] err=[-0.001  0.001  0.001  0.001  0.002  0.002 -0.002]
[fjt] names=['panda_joint1', 'panda_joint2', 'panda_joint3', 'panda_joint4', 'panda_joint5', 'panda_joint6', 'panda_joint7'] pts=1
[fjt] times[0..2]=[0. 3.] times[-3:]=[0. 3.]
[fjt] goal=[ 0.777  0.026 -0.69  -2.118  0.02   2.138  0.862]
[fjt] final=[ 0.777  0.027 -0.689 -2.119  0.022  2.14   0.86 ]
[fjt] err=[-0.001  0.001  0.001 -0.001  0.002  0.002 -0.002]
[fjt] names=['panda_joint1', 'panda_joint2', 'panda_joint3', 'panda_joint4', 'panda_joint5', 'panda_joint6', 'panda_joint7'] pts=1
[fjt] times[0..2]=[0. 4.] times[-3:]=[0. 4.]
[fjt] goal=[ 0.988  0.175 -0.494 -2.109  0.108  2.261  1.217]
[fjt] final=[ 0.988  0.175 -0.495 -2.109  0.106  2.259  1.215]
[fjt] err=[-0.    -0.001 -0.001 -0.001 -0.001 -0.002 -0.002]
[fjt] names=['panda_joint1', 'panda_joint2', 'panda_joint3', 'panda_joint4', 'panda_joint5', 'panda_joint6', 'panda_joint7'] pts=1
[fjt] times[0..2]=[0. 3.] times[-3:]=[0. 3.]
[fjt] goal=[ 1.06   0.011 -0.556 -1.792  0.006  1.802  1.288]
[fjt] final=[ 1.059  0.012 -0.555 -1.793  0.008  1.804  1.286]
[fjt] err=[-0.001  0.     0.001 -0.001  0.001  0.002 -0.002]
[fjt] names=['panda_joint1', 'panda_joint2', 'panda_joint3', 'panda_joint4', 'panda_joint5', 'panda_joint6', 'panda_joint7'] pts=1
[fjt] times[0..2]=[0. 4.] times[-3:]=[0. 4.]
[fjt] goal=[ 0.72  -1.246 -0.607 -2.681 -0.573  1.51   1.248]
[fjt] final=[ 0.72  -0.771 -0.607 -2.564 -0.571  1.512  1.251]
[fjt] err=[0.    0.475 0.001 0.117 0.002 0.002 0.003]
[fjt] names=['panda_joint1', 'panda_joint2', 'panda_joint3', 'panda_joint4', 'panda_joint5', 'panda_joint6', 'panda_joint7'] pts=1
[fjt] times[0..2]=[0. 4.] times[-3:]=[0. 4.]
[fjt] goal=[ 0.72  -1.246 -0.607 -2.681 -0.573  1.51   1.248]
[fjt] final=[ 0.72  -1.245 -0.607 -2.68  -0.571  1.511  1.25 ]
[fjt] err=[0.    0.001 0.001 0.001 0.001 0.001 0.002]
