[robosuite WARNING] No private macro file found! (__init__.py:7)
[robosuite WARNING] It is recommended to use a private macro file (__init__.py:8)
[robosuite WARNING] To setup, run: python /storage/home/yehe8/.openrua/simulators/cap-x/capx/third_party/libero_dependencies/robosuite/robosuite/scripts/setup_macros.py (__init__.py:9)
Gym has been unmaintained since 2022 and does not support NumPy 2.0 amongst other critical functionality.
Please upgrade to Gymnasium, the maintained drop-in replacement of Gym, or contact the authors of your software and request that they upgrade.
See the migration guide at https://gymnasium.farama.org/introduction/migration_guide/ for additional information.
[info] Using default task order for benchmark 'libero_10_task' (10 tasks).
[Warning]: datasets path /storage/home/yehe8/.openrua/simulators/cap-x/capx/third_party/LIBERO-PRO/libero/datasets does not exist!
[Warning]: datasets path /storage/home/yehe8/.openrua/simulators/cap-x/capx/third_party/LIBERO-PRO/libero/datasets does not exist!
robot ready
[Warning]: datasets path /storage/home/yehe8/.openrua/simulators/cap-x/capx/third_party/LIBERO-PRO/libero/datasets does not exist!
[fjt] names=['panda_joint1', 'panda_joint2', 'panda_joint3', 'panda_joint4', 'panda_joint5', 'panda_joint6', 'panda_joint7'] pts=1
[fjt] times[0..2]=[0. 4.] times[-3:]=[0. 4.]
[fjt] goal=[ 0.    -1.     0.    -2.     0.     1.     0.785]
[fjt] final=[ 0.    -0.938  0.    -2.001 -0.     1.453  0.785]
[fjt] err=[ 0.     0.062  0.    -0.001 -0.     0.453  0.   ]
[fjt] names=['panda_joint1', 'panda_joint2', 'panda_joint3', 'panda_joint4', 'panda_joint5', 'panda_joint6', 'panda_joint7'] pts=1
[fjt] times[0..2]=[0. 4.] times[-3:]=[0. 4.]
[fjt] goal=[ 0.    -1.     0.    -2.     0.     1.     0.785]
[fjt] final=[ 0.    -1.     0.    -2.001  0.     1.002  0.785]
[fjt] err=[ 0.     0.     0.    -0.001  0.     0.002  0.   ]
[fjt] names=['panda_joint1', 'panda_joint2', 'panda_joint3', 'panda_joint4', 'panda_joint5', 'panda_joint6', 'panda_joint7'] pts=1
[fjt] times[0..2]=[0. 4.] times[-3:]=[0. 4.]
[fjt] goal=[-1.722  1.763  2.15  -2.183 -1.388  0.99   1.244]
[fjt] final=[-0.79  -0.209  0.772 -2.181 -0.708  0.992  1.242]
[fjt] err=[ 9.320e-01 -1.972e+00 -1.378e+00  1.000e-03  6.800e-01  3.000e-03
 -2.000e-03]
[fjt] names=['panda_joint1', 'panda_joint2', 'panda_joint3', 'panda_joint4', 'panda_joint5', 'panda_joint6', 'panda_joint7'] pts=1
[fjt] times[0..2]=[0. 4.] times[-3:]=[0. 4.]
[fjt] goal=[-1.722  1.763  2.15  -2.183 -1.388  0.99   1.244]
[fjt] final=[-1.575  0.586  1.556 -2.182 -1.386  0.99   1.242]
[fjt] err=[ 1.460e-01 -1.177e+00 -5.940e-01  0.000e+00  1.000e-03  1.000e-03
 -2.000e-03]
[fjt] names=['panda_joint1', 'panda_joint2', 'panda_joint3', 'panda_joint4', 'panda_joint5', 'panda_joint6', 'panda_joint7'] pts=1
[fjt] times[0..2]=[0. 4.] times[-3:]=[0. 4.]
[fjt] goal=[-1.722  1.763  2.15  -2.183 -1.388  0.99   1.244]
[fjt] final=[-1.722  1.365  2.149 -2.182 -1.388  0.989  1.243]
[fjt] err=[ 0.    -0.398 -0.001  0.    -0.    -0.001 -0.001]
[fjt] names=['panda_joint1', 'panda_joint2', 'panda_joint3', 'panda_joint4', 'panda_joint5', 'panda_joint6', 'panda_joint7'] pts=1
[fjt] times[0..2]=[0.  2.5] times[-3:]=[0.  2.5]
[fjt] goal=[-1.961  1.762  1.711 -2.368 -1.607  1.336  1.174]
[fjt] final=[-1.961  1.762  1.713 -2.367 -1.605  1.335  1.177]
[fjt] err=[ 0.001 -0.001  0.002  0.001  0.002 -0.002  0.002]
[fjt] names=['panda_joint1', 'panda_joint2', 'panda_joint3', 'panda_joint4', 'panda_joint5', 'panda_joint6', 'panda_joint7'] pts=1
[fjt] times[0..2]=[0. 2.] times[-3:]=[0. 2.]
[fjt] goal=[-1.994  1.763  1.56  -2.376 -1.712  1.44   1.159]
[fjt] final=[-1.994  1.762  1.561 -2.375 -1.71   1.438  1.161]
[fjt] err=[ 0.    -0.     0.001  0.001  0.002 -0.002  0.002]
[fjt] names=['panda_joint1', 'panda_joint2', 'panda_joint3', 'panda_joint4', 'panda_joint5', 'panda_joint6', 'panda_joint7'] pts=1
[fjt] times[0..2]=[0. 3.] times[-3:]=[0. 3.]
[fjt] goal=[-1.829  1.588  2.065 -2.193 -1.281  1.164  1.205]
[fjt] final=[-1.829  1.589  2.064 -2.194 -1.283  1.166  1.203]
[fjt] err=[-0.001  0.001 -0.002 -0.001 -0.002  0.002 -0.002]
[fjt] names=['panda_joint1', 'panda_joint2', 'panda_joint3', 'panda_joint4', 'panda_joint5', 'panda_joint6', 'panda_joint7'] pts=1
[fjt] times[0..2]=[0. 4.] times[-3:]=[0. 4.]
[fjt] goal=[-0.765  1.216  1.811 -1.843 -1.162  1.449  1.931]
[fjt] final=[-1.045  1.216  1.811 -1.844 -1.163  1.447  1.921]
[fjt] err=[-0.28   0.001  0.    -0.001 -0.002 -0.002 -0.01 ]
[fjt] names=['panda_joint1', 'panda_joint2', 'panda_joint3', 'panda_joint4', 'panda_joint5', 'panda_joint6', 'panda_joint7'] pts=1
[fjt] times[0..2]=[0. 4.] times[-3:]=[0. 4.]
[fjt] goal=[-0.765  1.216  1.811 -1.843 -1.162  1.449  1.931]
[fjt] final=[-0.765  1.216  1.811 -1.843 -1.163  1.447  1.93 ]
[fjt] err=[-0.     0.001  0.    -0.001 -0.002 -0.002 -0.002]
[fjt] names=['panda_joint1', 'panda_joint2', 'panda_joint3', 'panda_joint4', 'panda_joint5', 'panda_joint6', 'panda_joint7'] pts=1
[fjt] times[0..2]=[0.  2.5] times[-3:]=[0.  2.5]
[fjt] goal=[-0.785  1.346  1.592 -1.984 -1.357  1.641  1.978]
[fjt] final=[-0.785  1.346  1.592 -1.983 -1.355  1.639  1.976]
[fjt] err=[ 0.    -0.     0.     0.001  0.002 -0.002 -0.002]
[fjt] names=['panda_joint1', 'panda_joint2', 'panda_joint3', 'panda_joint4', 'panda_joint5', 'panda_joint6', 'panda_joint7'] pts=1
[fjt] times[0..2]=[0. 2.] times[-3:]=[0. 2.]
[fjt] goal=[-0.776  1.388  1.506 -1.995 -1.43   1.704  1.989]
[fjt] final=[-0.776  1.388  1.506 -1.995 -1.429  1.702  1.987]
[fjt] err=[-0.    -0.     0.     0.001  0.002 -0.002 -0.002]
[fjt] names=['panda_joint1', 'panda_joint2', 'panda_joint3', 'panda_joint4', 'panda_joint5', 'panda_joint6', 'panda_joint7'] pts=1
[fjt] times[0..2]=[0. 3.] times[-3:]=[0. 3.]
[fjt] goal=[-0.769  1.202  1.804 -1.844 -1.151  1.46   1.927]
[fjt] final=[-0.769  1.203  1.803 -1.845 -1.153  1.462  1.93 ]
[fjt] err=[-0.     0.001 -0.001 -0.001 -0.002  0.002  0.002]
[fjt] names=['panda_joint1', 'panda_joint2', 'panda_joint3', 'panda_joint4', 'panda_joint5', 'panda_joint6', 'panda_joint7'] pts=1
[fjt] times[0..2]=[0. 6.] times[-3:]=[0. 6.]
[fjt] goal=[-1.222  1.292  1.993 -2.259 -1.085  1.441  1.914]
[fjt] final=[-1.222  1.291  1.992 -2.258 -1.086  1.443  1.916]
[fjt] err=[ 0.001 -0.001 -0.001  0.001 -0.001  0.002  0.002]
[fjt] names=['panda_joint1', 'panda_joint2', 'panda_joint3', 'panda_joint4', 'panda_joint5', 'panda_joint6', 'panda_joint7'] pts=1
[fjt] times[0..2]=[0.  2.5] times[-3:]=[0.  2.5]
[fjt] goal=[-1.238  1.393  1.609 -2.42  -1.424  1.679  1.962]
[fjt] final=[-1.238  1.392  1.61  -2.418 -1.422  1.677  1.96 ]
[fjt] err=[ 0.    -0.001  0.001  0.001  0.002 -0.002 -0.002]
[fjt] names=['panda_joint1', 'panda_joint2', 'panda_joint3', 'panda_joint4', 'panda_joint5', 'panda_joint6', 'panda_joint7'] pts=1
[fjt] times[0..2]=[0. 2.] times[-3:]=[0. 2.]
[fjt] goal=[-1.213  1.421  1.461 -2.415 -1.552  1.755  1.977]
[fjt] final=[-1.214  1.42   1.462 -2.416 -1.55   1.754  1.975]
[fjt] err=[-0.    -0.001  0.001 -0.001  0.002 -0.002 -0.002]
[fjt] names=['panda_joint1', 'panda_joint2', 'panda_joint3', 'panda_joint4', 'panda_joint5', 'panda_joint6', 'panda_joint7'] pts=1
[fjt] times[0..2]=[0. 3.] times[-3:]=[0. 3.]
[fjt] goal=[-1.25   1.235  1.984 -2.264 -1.05   1.49   1.892]
[fjt] final=[-1.25   1.236  1.982 -2.266 -1.052  1.492  1.895]
[fjt] err=[ 0.     0.001 -0.002 -0.002 -0.002  0.002  0.002]
[fjt] names=['panda_joint1', 'panda_joint2', 'panda_joint3', 'panda_joint4', 'panda_joint5', 'panda_joint6', 'panda_joint7'] pts=1
[fjt] times[0..2]=[0. 6.] times[-3:]=[0. 6.]
[fjt] goal=[-1.722  1.412  1.933 -1.908 -1.291  1.289  1.041]
[fjt] final=[-1.722  1.411  1.932 -1.909 -1.29   1.291  1.043]
[fjt] err=[ 0.    -0.    -0.    -0.001  0.002  0.002  0.003]
[fjt] names=['panda_joint1', 'panda_joint2', 'panda_joint3', 'panda_joint4', 'panda_joint5', 'panda_joint6', 'panda_joint7'] pts=1
[fjt] times[0..2]=[0.  2.5] times[-3:]=[0.  2.5]
[fjt] goal=[-1.789  1.571  1.685 -2.06  -1.517  1.47   1.059]
[fjt] final=[-1.789  1.571  1.685 -2.059 -1.516  1.468  1.057]
[fjt] err=[ 0.    -0.     0.     0.001  0.002 -0.002 -0.002]
[fjt] names=['panda_joint1', 'panda_joint2', 'panda_joint3', 'panda_joint4', 'panda_joint5', 'panda_joint6', 'panda_joint7'] pts=1
[fjt] times[0..2]=[0. 2.] times[-3:]=[0. 2.]
[fjt] goal=[-1.797  1.613  1.595 -2.071 -1.596  1.529  1.058]
[fjt] final=[-1.797  1.613  1.595 -2.07  -1.595  1.527  1.057]
[fjt] err=[ 0.    -0.     0.     0.001  0.002 -0.002 -0.001]
[fjt] names=['panda_joint1', 'panda_joint2', 'panda_joint3', 'panda_joint4', 'panda_joint5', 'panda_joint6', 'panda_joint7'] pts=1
[fjt] times[0..2]=[0. 3.] times[-3:]=[0. 3.]
[fjt] goal=[-1.719  1.418  1.936 -1.908 -1.296  1.284  1.042]
[fjt] final=[-1.72   1.419  1.935 -1.909 -1.297  1.286  1.044]
[fjt] err=[-0.     0.001 -0.001 -0.001 -0.002  0.002  0.002]
[fjt] names=['panda_joint1', 'panda_joint2', 'panda_joint3', 'panda_joint4', 'panda_joint5', 'panda_joint6', 'panda_joint7'] pts=1
[fjt] times[0..2]=[0. 6.] times[-3:]=[0. 6.]
[fjt] goal=[ 0.    -1.     0.    -2.     0.     1.     0.785]
[fjt] final=[-0.611  0.317  0.849 -1.999 -0.235  1.001  0.787]
[fjt] err=[-6.110e-01  1.317e+00  8.490e-01  1.000e-03 -2.350e-01  1.000e-03
  2.000e-03]
[fjt] names=['panda_joint1', 'panda_joint2', 'panda_joint3', 'panda_joint4', 'panda_joint5', 'panda_joint6', 'panda_joint7'] pts=1
[fjt] times[0..2]=[0. 6.] times[-3:]=[0. 6.]
[fjt] goal=[ 0.    -1.     0.    -2.     0.     1.     0.785]
[fjt] final=[-0.00e+00 -7.76e-01  1.00e-03 -2.00e+00 -1.00e-03  9.99e-01  7.86e-01]
[fjt] err=[-0.     0.224  0.001  0.    -0.001 -0.001  0.001]
[fjt] names=['panda_joint1', 'panda_joint2', 'panda_joint3', 'panda_joint4', 'panda_joint5', 'panda_joint6', 'panda_joint7'] pts=1
[fjt] times[0..2]=[0. 6.] times[-3:]=[0. 6.]
[fjt] goal=[ 0.    -1.     0.    -2.     0.     1.     0.785]
[fjt] final=[-0.00e+00 -1.00e+00  1.00e-03 -2.00e+00 -1.00e-03  9.99e-01  7.86e-01]
[fjt] err=[-0.     0.     0.001  0.    -0.001 -0.001  0.001]
