18:31:19 robot ready
18:31:19 wrench at start [ 0.01 -0.   -5.1   0.    0.   -0.  ]
18:31:20 q0 [-0.4   -0.729 -0.174 -2.795 -0.13   2.069  0.32 ]
18:31:20 tcp [-0.244  -0.1729  0.7202]
18:31:20 target z 0.6 q [-0.398 -0.455 -0.219 -2.962 -0.162  2.51   0.321]
18:31:33 traj code=0 max_joint_err=0.0023
18:31:33 per-joint err [-0.    -0.001  0.001  0.001  0.002 -0.002 -0.001]
18:31:33 tcp [-0.2439 -0.1729  0.6003] wrench [ 0.  -0.  -5.1  0.   0.  -0. ]
18:31:34 target z 0.55 q [-0.381 -0.259 -0.241 -2.983 -0.152  2.727  0.311]
18:31:46 traj code=0 max_joint_err=0.0025
18:31:46 per-joint err [-0.    -0.001  0.001  0.001 -0.002 -0.002  0.003]
18:31:46 tcp [-0.2439 -0.1731  0.5503] wrench [-0.   -0.01 -5.1   0.   -0.    0.  ]
18:31:47 target z 0.52 q [-0.352 -0.124 -0.259 -2.981 -0.114  2.86   0.286]
18:31:58 traj code=0 max_joint_err=0.0026
18:31:59 per-joint err [-0.    -0.001  0.001 -0.001 -0.002 -0.002  0.003]
18:31:59 tcp [-0.2444 -0.1726  0.5199] wrench [ 0.   -0.01 -5.1   0.    0.   -0.  ]
18:31:59 target z 0.5 q [-0.319 -0.028 -0.27  -2.973 -0.038  2.946  0.235]
18:32:11 traj code=0 max_joint_err=0.0474
18:32:12 per-joint err [-0.003 -0.047 -0.006 -0.006 -0.004 -0.017 -0.003]
18:32:12 tcp [-0.2399 -0.1752  0.5117] wrench [-6.77 16.63 42.77 -2.03 -1.17  0.13]
18:32:12 DIAG2 DONE
