19:12:55 robot ready
19:12:55 place IK z 0.72 [ 0.252  0.315  0.454 -1.941  0.138  2.709  0.28 ]
19:12:55 place IK z 0.68 [ 1.470e-01  4.000e-01  5.620e-01 -1.970e+00 -1.000e-03  2.798e+00
  3.590e-01]
19:12:55 place IK z 0.66 [ 0.096  0.452  0.609 -1.978 -0.107  2.836  0.427]
19:12:57 gripper -> 0.04: reached=True stalled=False fingers=(0.03999923365076969, -0.0399932723153387)
19:13:15 traj code=-5 max_joint_err=0.7523
19:13:15 retrying trajectory
19:13:32 traj code=0 max_joint_err=0.0017
19:13:32 at PRE True wrench [-0.01  2.55 -4.42]
19:13:44 traj code=0 max_joint_err=0.0025
19:13:45 iter 0: tcp [0.2084 0.3292 0.4935] err [-0.0002  0.0001  0.0002] |err|=0.0003 joint err [-0.    -0.001  0.001 -0.002  0.002  0.002 -0.003]
19:13:45 at mid True wrench [-0.    2.56 -4.42]
19:13:57 traj code=0 max_joint_err=0.0471
19:13:57 iter 0: tcp [0.2448 0.3349 0.4847] err [ 0.0148 -0.0071  0.0347] |err|=0.0384 joint err [-0.012 -0.047 -0.003  0.     0.003 -0.022 -0.003]
19:14:09 traj code=-5 max_joint_err=0.1002
19:14:10 iter 1: tcp [0.252  0.3372 0.4949] err [ 0.022  -0.0048  0.0449] |err|=0.0503 joint err [-0.018 -0.1   -0.015  0.007  0.005 -0.029 -0.006]
19:14:22 traj code=-5 max_joint_err=0.1724
19:14:22 iter 2: tcp [0.2614 0.3403 0.5127] err [ 0.0314 -0.0017  0.0627] |err|=0.0701 joint err [-0.024 -0.172 -0.03   0.018  0.003 -0.033 -0.006]
19:14:34 traj code=-5 max_joint_err=0.2704
19:14:35 iter 3: tcp [0.2627 0.3649 0.53  ] err [0.0327 0.0229 0.08  ] |err|=0.0894 joint err [-0.022 -0.27  -0.026  0.02   0.007 -0.034 -0.006]
19:14:35 at grasp False wrench [-0.23  3.57 -3.63]
19:14:35 tcp before close [0.2627 0.3649 0.53  ]
19:14:35 grasp pose not reached; stopping for inspection
