14:02:47 start tcp [0.0397 0.2238 1.0694]
14:02:56 trajectory code=0 err=0.0062 (dur 2.14s)
14:02:56   tcp now [0.0412 0.1504 1.2998] (target [0.04 0.15 1.3 ]) joint err 0.0062
14:02:56 IK attempt 0: solution deviates 4.05 rad from seed
14:02:56 IK attempt 1: solution deviates 3.53 rad from seed
14:02:56 IK attempt 2: solution deviates 2.01 rad from seed
14:02:56 IK attempt 3: solution deviates 3.37 rad from seed
14:02:56 IK: returning best solution (dev 2.01)
14:03:26 trajectory code=-5 err=0.4894 (dur 10.07s)
14:03:26   re-sending final point (err 0.4894, 2.4s)
14:03:35   code=0 err=0.0209 worst j7 dq=[ 0.    -0.001 -0.     0.001 -0.     0.    -0.021]
14:03:35   re-sending final point (err 0.0209, 2.0s)
14:03:43   code=0 err=0.0021 worst j7 dq=[ 0.    -0.001 -0.     0.001 -0.     0.    -0.002]
14:03:44   tcp now [-0.1998 -0.1     1.3003] (target [-0.2 -0.1  1.3]) joint err 0.0021
14:03:54 trajectory code=0 err=0.0118 (dur 2.49s)
14:03:54   re-sending final point (err 0.0118, 2.0s)
14:04:02   code=0 err=0.0023 worst j7 dq=[ 0.     0.001 -0.001  0.001  0.001 -0.002  0.002]
14:04:02   tcp now [-0.3496 -0.2996  1.2503] (target [-0.35 -0.3   1.25]) joint err 0.0023
14:04:04 gripper -> 0.04: reached=True stalled=False gap=0.0718
14:04:04 q [ 0.921  1.119 -2.037 -2.338  0.935  1.582 -0.735]
