[robosuite WARNING] No private macro file found! (__init__.py:7)
[robosuite WARNING] It is recommended to use a private macro file (__init__.py:8)
[robosuite WARNING] To setup, run: python /storage/home/yehe8/.openrua/simulators/cap-x/capx/third_party/libero_dependencies/robosuite/robosuite/scripts/setup_macros.py (__init__.py:9)
Gym has been unmaintained since 2022 and does not support NumPy 2.0 amongst other critical functionality.
Please upgrade to Gymnasium, the maintained drop-in replacement of Gym, or contact the authors of your software and request that they upgrade.
See the migration guide at https://gymnasium.farama.org/introduction/migration_guide/ for additional information.
[info] Using default task order for benchmark 'libero_10_task' (10 tasks).
[Warning]: datasets path /storage/home/yehe8/.openrua/simulators/cap-x/capx/third_party/LIBERO-PRO/libero/datasets does not exist!
[Warning]: datasets path /storage/home/yehe8/.openrua/simulators/cap-x/capx/third_party/LIBERO-PRO/libero/datasets does not exist!
robot ready
[Warning]: datasets path /storage/home/yehe8/.openrua/simulators/cap-x/capx/third_party/LIBERO-PRO/libero/datasets does not exist!
[fjt] names=['panda_joint1', 'panda_joint2', 'panda_joint3', 'panda_joint4', 'panda_joint5', 'panda_joint6', 'panda_joint7'] pts=1
[fjt] times[0..2]=[0. 4.] times[-3:]=[0. 4.]
[fjt] goal=[ 0.024 -0.013  0.031 -2.191  0.     2.179  0.84 ]
[fjt] final=[ 0.024 -0.013  0.03  -2.193  0.     2.181  0.838]
[fjt] err=[-0.    -0.001 -0.001 -0.001 -0.     0.002 -0.002]
[fjt] names=['panda_joint1', 'panda_joint2', 'panda_joint3', 'panda_joint4', 'panda_joint5', 'panda_joint6', 'panda_joint7'] pts=1
[fjt] times[0..2]=[0. 3.] times[-3:]=[0. 3.]
[fjt] goal=[ 0.026  0.278  0.028 -2.3   -0.014  2.579  0.85 ]
[fjt] final=[ 0.025  0.278  0.029 -2.3   -0.013  2.577  0.848]
[fjt] err=[-0.    -0.     0.001  0.001  0.002 -0.002 -0.002]
[fjt] names=['panda_joint1', 'panda_joint2', 'panda_joint3', 'panda_joint4', 'panda_joint5', 'panda_joint6', 'panda_joint7'] pts=1
[fjt] times[0..2]=[0. 3.] times[-3:]=[0. 3.]
[fjt] goal=[ 0.012 -0.063  0.042 -2.117  0.003  2.054  0.838]
[fjt] final=[ 1.300e-02 -6.300e-02  4.100e-02 -2.118e+00  1.000e-03  2.057e+00
  8.400e-01]
[fjt] err=[ 0.     0.001 -0.001 -0.001 -0.002  0.003  0.002]
[fjt] names=['panda_joint1', 'panda_joint2', 'panda_joint3', 'panda_joint4', 'panda_joint5', 'panda_joint6', 'panda_joint7'] pts=1
[fjt] times[0..2]=[0. 4.] times[-3:]=[0. 4.]
[fjt] goal=[-0.015 -0.708  0.013 -2.691  0.009  1.983  0.777]
[fjt] final=[-0.015 -0.707  0.014 -2.691  0.008  1.985  0.779]
[fjt] err=[ 0.     0.001  0.001  0.    -0.001  0.002  0.002]
[fjt] names=['panda_joint1', 'panda_joint2', 'panda_joint3', 'panda_joint4', 'panda_joint5', 'panda_joint6', 'panda_joint7'] pts=1
[fjt] times[0..2]=[0. 5.] times[-3:]=[0. 5.]
[fjt] goal=[ 0.     0.523 -0.    -1.916  0.     0.868  0.785]
[fjt] final=[-0.000e+00  2.280e-01  1.000e-03 -1.916e+00  1.000e-03  1.133e+00
  7.830e-01]
[fjt] err=[-0.    -0.295  0.001  0.     0.001  0.265 -0.002]
[fjt] names=['panda_joint1', 'panda_joint2', 'panda_joint3', 'panda_joint4', 'panda_joint5', 'panda_joint6', 'panda_joint7'] pts=1
[fjt] times[0..2]=[0. 4.] times[-3:]=[0. 4.]
[fjt] goal=[ 0.     0.523  0.    -1.916  0.     0.868  0.785]
[fjt] final=[-0.000e+00  5.230e-01  1.000e-03 -1.916e+00  1.000e-03  8.700e-01
  7.840e-01]
[fjt] err=[-0.    -0.     0.001  0.     0.001  0.002 -0.001]
[fjt] names=['panda_joint1', 'panda_joint2', 'panda_joint3', 'panda_joint4', 'panda_joint5', 'panda_joint6', 'panda_joint7'] pts=1
[fjt] times[0..2]=[0. 4.] times[-3:]=[0. 4.]
[fjt] goal=[ 0.     0.948 -0.    -1.762  0.     1.139  0.785]
[fjt] final=[-0.000e+00  9.480e-01  0.000e+00 -1.763e+00  1.000e-03  1.138e+00
  7.840e-01]
[fjt] err=[-0.    -0.001  0.001 -0.001  0.001 -0.001 -0.001]
[fjt] names=['panda_joint1', 'panda_joint2', 'panda_joint3', 'panda_joint4', 'panda_joint5', 'panda_joint6', 'panda_joint7'] pts=1
[fjt] times[0..2]=[0. 3.] times[-3:]=[0. 3.]
[fjt] goal=[ 0.     0.523 -0.    -1.916  0.     0.868  0.785]
[fjt] final=[-0.000e+00  5.230e-01  0.000e+00 -1.915e+00  1.000e-03  8.690e-01
  7.840e-01]
[fjt] err=[-0.     0.001  0.     0.001  0.001  0.002 -0.001]
[fjt] names=['panda_joint1', 'panda_joint2', 'panda_joint3', 'panda_joint4', 'panda_joint5', 'panda_joint6', 'panda_joint7'] pts=1
[fjt] times[0..2]=[0. 4.] times[-3:]=[0. 4.]
[fjt] goal=[ 0.117  0.053  0.149 -1.719 -0.008  1.772  1.053]
[fjt] final=[ 0.117  0.054  0.149 -1.72  -0.006  1.519  1.05 ]
[fjt] err=[-0.     0.    -0.001 -0.001  0.002 -0.253 -0.002]
[fjt] names=['panda_joint1', 'panda_joint2', 'panda_joint3', 'panda_joint4', 'panda_joint5', 'panda_joint6', 'panda_joint7'] pts=1
[fjt] times[0..2]=[0. 3.] times[-3:]=[0. 3.]
[fjt] goal=[ 0.117  0.053  0.149 -1.719 -0.008  1.772  1.053]
[fjt] final=[ 0.117  0.053  0.149 -1.72  -0.007  1.77   1.051]
[fjt] err=[-0.     0.    -0.001 -0.     0.001 -0.002 -0.002]
[fjt] names=['panda_joint1', 'panda_joint2', 'panda_joint3', 'panda_joint4', 'panda_joint5', 'panda_joint6', 'panda_joint7'] pts=1
[fjt] times[0..2]=[0. 4.] times[-3:]=[0. 4.]
[fjt] goal=[-3.000e-03 -6.600e-02 -1.000e-03 -2.892e+00 -2.000e-03  2.303e+00
  7.840e-01]
[fjt] final=[-0.003 -0.065 -0.    -2.487 -0.004  2.303  0.787]
[fjt] err=[ 0.     0.     0.001  0.406 -0.001 -0.     0.003]
[fjt] names=['panda_joint1', 'panda_joint2', 'panda_joint3', 'panda_joint4', 'panda_joint5', 'panda_joint6', 'panda_joint7'] pts=1
[fjt] times[0..2]=[0. 4.] times[-3:]=[0. 4.]
[fjt] goal=[-3.000e-03 -6.600e-02 -1.000e-03 -2.892e+00 -2.000e-03  2.303e+00
  7.840e-01]
[fjt] final=[-0.003 -0.065 -0.    -2.891 -0.003  2.303  0.786]
[fjt] err=[ 0.     0.     0.     0.001 -0.001  0.     0.002]
[fjt] names=['panda_joint1', 'panda_joint2', 'panda_joint3', 'panda_joint4', 'panda_joint5', 'panda_joint6', 'panda_joint7'] pts=1
[fjt] times[0..2]=[0. 3.] times[-3:]=[0. 3.]
[fjt] goal=[-1.000e-03  2.500e-01 -3.000e-03 -2.844e+00 -2.000e-03  2.570e+00
  7.840e-01]
[fjt] final=[-1.000e-03  2.490e-01 -2.000e-03 -2.844e+00 -3.000e-03  2.568e+00
  7.860e-01]
[fjt] err=[-0.    -0.001  0.001 -0.001 -0.001 -0.002  0.002]
[fjt] names=['panda_joint1', 'panda_joint2', 'panda_joint3', 'panda_joint4', 'panda_joint5', 'panda_joint6', 'panda_joint7'] pts=1
[fjt] times[0..2]=[0. 3.] times[-3:]=[0. 3.]
[fjt] goal=[-3.000e-03 -3.530e-01 -0.000e+00 -2.872e+00 -2.000e-03  1.995e+00
  7.830e-01]
[fjt] final=[-2.000e-03 -3.430e-01 -1.000e-03 -2.872e+00 -3.000e-03  2.002e+00
  7.860e-01]
[fjt] err=[ 0.     0.01  -0.001  0.    -0.001  0.006  0.002]
[fjt] names=['panda_joint1', 'panda_joint2', 'panda_joint3', 'panda_joint4', 'panda_joint5', 'panda_joint6', 'panda_joint7'] pts=1
[fjt] times[0..2]=[0. 5.] times[-3:]=[0. 5.]
[fjt] goal=[ 0.107  0.821  0.168 -1.164  0.003  1.469  1.038]
[fjt] final=[ 0.106  0.595  0.167 -1.941  0.002  1.471  1.036]
[fjt] err=[-0.    -0.227 -0.001 -0.777 -0.001  0.002 -0.002]
[fjt] names=['panda_joint1', 'panda_joint2', 'panda_joint3', 'panda_joint4', 'panda_joint5', 'panda_joint6', 'panda_joint7'] pts=1
[fjt] times[0..2]=[0. 5.] times[-3:]=[0. 5.]
[fjt] goal=[ 0.107  0.821  0.168 -1.164  0.003  1.469  1.038]
[fjt] final=[ 0.108  0.745  0.187 -1.599 -0.     1.249  0.998]
[fjt] err=[ 0.001 -0.076  0.019 -0.435 -0.003 -0.22  -0.04 ]
[fjt] names=['panda_joint1', 'panda_joint2', 'panda_joint3', 'panda_joint4', 'panda_joint5', 'panda_joint6', 'panda_joint7'] pts=1
[fjt] times[0..2]=[0. 6.] times[-3:]=[0. 6.]
[fjt] goal=[ 0.107  0.821  0.168 -1.164  0.003  1.469  1.038]
[fjt] final=[ 0.109  0.754  0.188 -1.582 -0.007  1.216  1.01 ]
[fjt] err=[ 0.002 -0.067  0.02  -0.418 -0.01  -0.253 -0.028]
[fjt] names=['panda_joint1', 'panda_joint2', 'panda_joint3', 'panda_joint4', 'panda_joint5', 'panda_joint6', 'panda_joint7'] pts=1
[fjt] times[0..2]=[0. 6.] times[-3:]=[0. 6.]
[fjt] goal=[ 0.107  0.821  0.168 -1.164  0.003  1.469  1.038]
[fjt] final=[ 0.109  0.755  0.188 -1.58  -0.008  1.212  1.012]
[fjt] err=[ 0.002 -0.066  0.02  -0.416 -0.011 -0.257 -0.026]
[fjt] names=['panda_joint1', 'panda_joint2', 'panda_joint3', 'panda_joint4', 'panda_joint5', 'panda_joint6', 'panda_joint7'] pts=1
[fjt] times[0..2]=[0. 2.] times[-3:]=[0. 2.]
[fjt] goal=[ 0.109  0.455  0.188 -1.58  -0.008  1.212  1.012]
[fjt] final=[ 0.115  0.681  0.184 -1.627 -0.025  1.252  1.048]
[fjt] err=[ 0.005  0.226 -0.004 -0.047 -0.017  0.04   0.036]
[fjt] names=['panda_joint1', 'panda_joint2', 'panda_joint3', 'panda_joint4', 'panda_joint5', 'panda_joint6', 'panda_joint7'] pts=1
[fjt] times[0..2]=[0. 2.] times[-3:]=[0. 2.]
[fjt] goal=[ 0.065  0.496  0.176 -1.851 -0.043  1.291  0.997]
[fjt] final=[ 0.065  0.497  0.177 -1.85  -0.042  1.29   0.999]
[fjt] err=[ 0.     0.001  0.001  0.001  0.001 -0.002  0.002]
[fjt] names=['panda_joint1', 'panda_joint2', 'panda_joint3', 'panda_joint4', 'panda_joint5', 'panda_joint6', 'panda_joint7'] pts=1
[fjt] times[0..2]=[0. 3.] times[-3:]=[0. 3.]
[fjt] goal=[ 0.156 -0.069  0.024 -2.084  0.091  1.498  0.948]
[fjt] final=[ 0.156 -0.066  0.025 -2.083  0.09   1.496  0.95 ]
[fjt] err=[-0.     0.004  0.001  0.001 -0.001 -0.003  0.002]
[fjt] names=['panda_joint1', 'panda_joint2', 'panda_joint3', 'panda_joint4', 'panda_joint5', 'panda_joint6', 'panda_joint7'] pts=1
[fjt] times[0..2]=[0. 4.] times[-3:]=[0. 4.]
[fjt] goal=[ 0.111  0.797  0.201 -0.823 -0.     1.105  1.075]
[fjt] final=[ 1.110e-01  7.110e-01  2.000e-01 -1.316e+00  1.000e-03  1.108e+00
  1.072e+00]
[fjt] err=[ 0.    -0.087 -0.001 -0.492  0.001  0.002 -0.002]
[fjt] names=['panda_joint1', 'panda_joint2', 'panda_joint3', 'panda_joint4', 'panda_joint5', 'panda_joint6', 'panda_joint7'] pts=1
[fjt] times[0..2]=[0. 4.] times[-3:]=[0. 4.]
[fjt] goal=[ 0.111  0.797  0.201 -0.823 -0.     1.105  1.075]
[fjt] final=[ 1.110e-01  7.970e-01  2.000e-01 -8.250e-01  1.000e-03  1.106e+00
  1.073e+00]
[fjt] err=[ 0.    -0.    -0.001 -0.002  0.001  0.001 -0.002]
[fjt] names=['panda_joint1', 'panda_joint2', 'panda_joint3', 'panda_joint4', 'panda_joint5', 'panda_joint6', 'panda_joint7'] pts=1
[fjt] times[0..2]=[0.  2.5] times[-3:]=[0.  2.5]
[fjt] goal=[ 0.106  0.795  0.17  -1.158  0.006  1.437  1.041]
[fjt] final=[ 0.106  0.796  0.171 -1.157  0.005  1.435  1.044]
[fjt] err=[ 0.     0.001  0.001  0.001 -0.002 -0.002  0.002]
[fjt] names=['panda_joint1', 'panda_joint2', 'panda_joint3', 'panda_joint4', 'panda_joint5', 'panda_joint6', 'panda_joint7'] pts=1
[fjt] times[0..2]=[0.  2.5] times[-3:]=[0.  2.5]
[fjt] goal=[ 0.115  0.895  0.152 -1.217  0.002  1.595  1.027]
[fjt] final=[ 0.109  0.818  0.159 -1.169  0.02   1.474  1.004]
[fjt] err=[-0.006 -0.077  0.007  0.048  0.018 -0.121 -0.023]
[fjt] names=['panda_joint1', 'panda_joint2', 'panda_joint3', 'panda_joint4', 'panda_joint5', 'panda_joint6', 'panda_joint7'] pts=1
[fjt] times[0..2]=[0.  2.5] times[-3:]=[0.  2.5]
[fjt] goal=[ 0.115  0.895  0.152 -1.217  0.002  1.595  1.027]
[fjt] final=[ 0.109  0.818  0.158 -1.169  0.022  1.475  0.999]
[fjt] err=[-0.006 -0.077  0.006  0.047  0.021 -0.12  -0.027]
[fjt] names=['panda_joint1', 'panda_joint2', 'panda_joint3', 'panda_joint4', 'panda_joint5', 'panda_joint6', 'panda_joint7'] pts=1
[fjt] times[0..2]=[0.  2.5] times[-3:]=[0.  2.5]
[fjt] goal=[ 0.126  0.965  0.137 -1.21   0.003  1.659  1.018]
[fjt] final=[ 0.12   0.821  0.144 -1.161  0.025  1.468  0.991]
[fjt] err=[-0.006 -0.144  0.007  0.05   0.022 -0.191 -0.027]
[fjt] names=['panda_joint1', 'panda_joint2', 'panda_joint3', 'panda_joint4', 'panda_joint5', 'panda_joint6', 'panda_joint7'] pts=1
[fjt] times[0..2]=[0.  2.5] times[-3:]=[0.  2.5]
[fjt] goal=[ 0.126  0.965  0.137 -1.21   0.003  1.659  1.018]
[fjt] final=[ 0.12   0.824  0.144 -1.156  0.025  1.464  0.991]
[fjt] err=[-0.006 -0.141  0.007  0.054  0.022 -0.195 -0.027]
[fjt] names=['panda_joint1', 'panda_joint2', 'panda_joint3', 'panda_joint4', 'panda_joint5', 'panda_joint6', 'panda_joint7'] pts=1
[fjt] times[0..2]=[0.  2.5] times[-3:]=[0.  2.5]
[fjt] goal=[ 1.290e-01  1.010e+00  1.340e-01 -1.196e+00  1.000e-03  1.690e+00
  1.015e+00]
[fjt] final=[ 0.123  0.829  0.141 -1.145  0.023  1.454  0.988]
[fjt] err=[-0.006 -0.18   0.007  0.051  0.022 -0.236 -0.027]
[fjt] names=['panda_joint1', 'panda_joint2', 'panda_joint3', 'panda_joint4', 'panda_joint5', 'panda_joint6', 'panda_joint7'] pts=1
[fjt] times[0..2]=[0.  2.5] times[-3:]=[0.  2.5]
[fjt] goal=[ 1.290e-01  1.010e+00  1.340e-01 -1.196e+00  1.000e-03  1.690e+00
  1.015e+00]
[fjt] final=[ 0.123  0.833  0.141 -1.138  0.023  1.447  0.988]
[fjt] err=[-0.005 -0.176  0.007  0.058  0.022 -0.243 -0.027]
[fjt] names=['panda_joint1', 'panda_joint2', 'panda_joint3', 'panda_joint4', 'panda_joint5', 'panda_joint6', 'panda_joint7'] pts=1
[fjt] times[0..2]=[0. 3.] times[-3:]=[0. 3.]
[fjt] goal=[ 0.099  0.735  0.177 -0.797  0.013  1.016  1.052]
[fjt] final=[ 0.099  0.735  0.176 -0.798  0.015  1.018  1.049]
[fjt] err=[ 0.     0.    -0.001 -0.001  0.001  0.002 -0.002]
[fjt] names=['panda_joint1', 'panda_joint2', 'panda_joint3', 'panda_joint4', 'panda_joint5', 'panda_joint6', 'panda_joint7'] pts=1
[fjt] times[0..2]=[0. 4.] times[-3:]=[0. 4.]
[fjt] goal=[-0.118 -0.405  0.    -2.295 -0.06   1.369  0.672]
[fjt] final=[-1.170e-01 -4.500e-02  1.000e-03 -1.572e+00 -5.800e-02  1.367e+00
  6.740e-01]
[fjt] err=[ 0.     0.36   0.001  0.723  0.001 -0.002  0.002]
[fjt] names=['panda_joint1', 'panda_joint2', 'panda_joint3', 'panda_joint4', 'panda_joint5', 'panda_joint6', 'panda_joint7'] pts=1
[fjt] times[0..2]=[0. 4.] times[-3:]=[0. 4.]
[fjt] goal=[-0.118 -0.405  0.    -2.295 -0.06   1.369  0.672]
[fjt] final=[-1.170e-01 -4.040e-01  1.000e-03 -2.290e+00 -5.900e-02  1.369e+00
  6.740e-01]
[fjt] err=[ 0.     0.001  0.     0.005  0.001 -0.     0.002]
[fjt] names=['panda_joint1', 'panda_joint2', 'panda_joint3', 'panda_joint4', 'panda_joint5', 'panda_joint6', 'panda_joint7'] pts=1
[fjt] times[0..2]=[0. 4.] times[-3:]=[0. 4.]
[fjt] goal=[ 0.     0.569 -0.    -1.776  0.     2.345  0.785]
[fjt] final=[-1.000e-03  3.740e-01  1.000e-03 -1.777e+00 -1.000e-03  2.114e+00
  7.830e-01]
[fjt] err=[-0.001 -0.196  0.001 -0.001 -0.001 -0.231 -0.002]
[fjt] names=['panda_joint1', 'panda_joint2', 'panda_joint3', 'panda_joint4', 'panda_joint5', 'panda_joint6', 'panda_joint7'] pts=1
[fjt] times[0..2]=[0. 4.] times[-3:]=[0. 4.]
[fjt] goal=[ 0.     0.569 -0.    -1.776  0.     2.345  0.785]
[fjt] final=[-0.000e+00  5.690e-01  0.000e+00 -1.777e+00 -1.000e-03  2.344e+00
  7.840e-01]
[fjt] err=[-0.    -0.001  0.    -0.001 -0.001 -0.002 -0.002]
[fjt] names=['panda_joint1', 'panda_joint2', 'panda_joint3', 'panda_joint4', 'panda_joint5', 'panda_joint6', 'panda_joint7'] pts=1
[fjt] times[0..2]=[0. 3.] times[-3:]=[0. 3.]
[fjt] goal=[ 0.     0.894 -0.    -1.687  0.     2.581  0.785]
[fjt] final=[ 0.000e+00  7.810e-01  1.400e-02 -1.717e+00  2.000e-03  2.519e+00
  7.490e-01]
[fjt] err=[ 0.    -0.114  0.014 -0.03   0.002 -0.063 -0.036]
[fjt] names=['panda_joint1', 'panda_joint2', 'panda_joint3', 'panda_joint4', 'panda_joint5', 'panda_joint6', 'panda_joint7'] pts=1
[fjt] times[0..2]=[0. 3.] times[-3:]=[0. 3.]
[fjt] goal=[ 0.     0.894 -0.    -1.687  0.     2.581  0.785]
[fjt] final=[ 0.     0.782  0.016 -1.717  0.003  2.523  0.745]
[fjt] err=[ 0.    -0.113  0.016 -0.03   0.003 -0.058 -0.041]
[fjt] names=['panda_joint1', 'panda_joint2', 'panda_joint3', 'panda_joint4', 'panda_joint5', 'panda_joint6', 'panda_joint7'] pts=1
[fjt] times[0..2]=[0.  2.5] times[-3:]=[0.  2.5]
[fjt] goal=[-1.000e-03  5.910e-01  1.800e-02 -1.751e+00  5.000e-03  2.366e+00
  7.460e-01]
[fjt] final=[-1.000e-03  5.910e-01  1.700e-02 -1.750e+00  4.000e-03  2.367e+00
  7.450e-01]
[fjt] err=[ 0.     0.001 -0.001  0.001 -0.001  0.002 -0.001]
[fjt] names=['panda_joint1', 'panda_joint2', 'panda_joint3', 'panda_joint4', 'panda_joint5', 'panda_joint6', 'panda_joint7'] pts=1
[fjt] times[0..2]=[0. 3.] times[-3:]=[0. 3.]
[fjt] goal=[ 0.     0.486 -0.    -1.759  0.     2.245 -0.785]
[fjt] final=[-1.000e-03  4.870e-01  0.000e+00 -1.758e+00  2.000e-03  2.247e+00
  1.700e-01]
[fjt] err=[-0.001  0.001  0.     0.001  0.002  0.002  0.956]
[fjt] names=['panda_joint1', 'panda_joint2', 'panda_joint3', 'panda_joint4', 'panda_joint5', 'panda_joint6', 'panda_joint7'] pts=1
[fjt] times[0..2]=[0. 3.] times[-3:]=[0. 3.]
[fjt] goal=[ 0.     0.486 -0.    -1.759  0.     2.245 -0.785]
[fjt] final=[-0.000e+00  4.870e-01  0.000e+00 -1.758e+00  2.000e-03  2.247e+00
 -4.040e-01]
[fjt] err=[-0.     0.001  0.     0.001  0.002  0.001  0.382]
[fjt] names=['panda_joint1', 'panda_joint2', 'panda_joint3', 'panda_joint4', 'panda_joint5', 'panda_joint6', 'panda_joint7'] pts=1
[fjt] times[0..2]=[0. 3.] times[-3:]=[0. 3.]
[fjt] goal=[ 0.     0.486 -0.    -1.759  0.     2.245 -0.785]
[fjt] final=[-0.000e+00  4.870e-01  0.000e+00 -1.759e+00  1.000e-03  2.247e+00
 -7.830e-01]
[fjt] err=[-0.     0.001  0.     0.     0.001  0.002  0.002]
[fjt] names=['panda_joint1', 'panda_joint2', 'panda_joint3', 'panda_joint4', 'panda_joint5', 'panda_joint6', 'panda_joint7'] pts=1
[fjt] times[0..2]=[0.  2.5] times[-3:]=[0.  2.5]
[fjt] goal=[ 0.025  0.617  0.006 -1.774 -0.005  2.391 -0.752]
[fjt] final=[ 0.024  0.617  0.006 -1.773 -0.004  2.389 -0.754]
[fjt] err=[-0.    -0.    -0.001  0.001  0.002 -0.002 -0.003]
[fjt] names=['panda_joint1', 'panda_joint2', 'panda_joint3', 'panda_joint4', 'panda_joint5', 'panda_joint6', 'panda_joint7'] pts=1
[fjt] times[0..2]=[0.  2.5] times[-3:]=[0.  2.5]
[fjt] goal=[ 0.026  0.703  0.005 -1.761 -0.005  2.464 -0.752]
[fjt] final=[ 0.025  0.702  0.005 -1.762 -0.004  2.462 -0.754]
[fjt] err=[-0.    -0.001  0.001 -0.001  0.001 -0.002 -0.002]
[fjt] names=['panda_joint1', 'panda_joint2', 'panda_joint3', 'panda_joint4', 'panda_joint5', 'panda_joint6', 'panda_joint7'] pts=1
[fjt] times[0..2]=[0.  2.5] times[-3:]=[0.  2.5]
[fjt] goal=[ 0.082  0.709  0.01  -1.75  -0.01   2.458 -0.689]
[fjt] final=[ 0.082  0.708  0.009 -1.751 -0.009  2.46  -0.691]
[fjt] err=[-0.    -0.001 -0.001 -0.001  0.002  0.002 -0.003]
[fjt] names=['panda_joint1', 'panda_joint2', 'panda_joint3', 'panda_joint4', 'panda_joint5', 'panda_joint6', 'panda_joint7'] pts=1
[fjt] times[0..2]=[0.  2.5] times[-3:]=[0.  2.5]
[fjt] goal=[ 0.138  0.721  0.014 -1.727 -0.014  2.448 -0.626]
[fjt] final=[ 0.138  0.721  0.013 -1.728 -0.013  2.45  -0.629]
[fjt] err=[-0.    -0.001 -0.001 -0.001  0.001  0.002 -0.003]
[fjt] names=['panda_joint1', 'panda_joint2', 'panda_joint3', 'panda_joint4', 'panda_joint5', 'panda_joint6', 'panda_joint7'] pts=1
[fjt] times[0..2]=[0.  2.5] times[-3:]=[0.  2.5]
[fjt] goal=[ 0.193  0.739  0.018 -1.693 -0.018  2.432 -0.565]
[fjt] final=[ 0.193  0.739  0.017 -1.694 -0.018  2.434 -0.568]
[fjt] err=[-0.    -0.001 -0.001 -0.001  0.001  0.002 -0.003]
[fjt] names=['panda_joint1', 'panda_joint2', 'panda_joint3', 'panda_joint4', 'panda_joint5', 'panda_joint6', 'panda_joint7'] pts=1
[fjt] times[0..2]=[0.  2.5] times[-3:]=[0.  2.5]
[fjt] goal=[ 0.261  0.764  0.006 -1.646 -0.006  2.41  -0.516]
[fjt] final=[ 0.255  0.76  -0.01  -1.656 -0.008  2.409 -0.519]
[fjt] err=[-0.006 -0.004 -0.015 -0.01  -0.002 -0.001 -0.004]
[fjt] names=['panda_joint1', 'panda_joint2', 'panda_joint3', 'panda_joint4', 'panda_joint5', 'panda_joint6', 'panda_joint7'] pts=1
[fjt] times[0..2]=[0.  2.5] times[-3:]=[0.  2.5]
[fjt] goal=[ 0.308  0.791  0.006 -1.596 -0.007  2.387 -0.468]
[fjt] final=[ 0.288  0.777 -0.04  -1.629 -0.011  2.373 -0.473]
[fjt] err=[-0.02  -0.013 -0.046 -0.033 -0.005 -0.013 -0.005]
[fjt] names=['panda_joint1', 'panda_joint2', 'panda_joint3', 'panda_joint4', 'panda_joint5', 'panda_joint6', 'panda_joint7'] pts=1
[fjt] times[0..2]=[0.  2.5] times[-3:]=[0.  2.5]
[fjt] goal=[ 0.308  0.791  0.006 -1.596 -0.007  2.387 -0.468]
[fjt] final=[ 0.288  0.777 -0.04  -1.629 -0.011  2.373 -0.473]
[fjt] err=[-0.02  -0.013 -0.046 -0.033 -0.005 -0.014 -0.005]
[fjt] names=['panda_joint1', 'panda_joint2', 'panda_joint3', 'panda_joint4', 'panda_joint5', 'panda_joint6', 'panda_joint7'] pts=1
[fjt] times[0..2]=[0. 3.] times[-3:]=[0. 3.]
[fjt] goal=[ 0.293  0.538 -0.045 -1.612 -0.015  2.117 -0.478]
[fjt] final=[ 0.292  0.538 -0.044 -1.613 -0.015  2.119 -0.476]
[fjt] err=[-0.     0.     0.001 -0.001  0.001  0.002  0.002]
[fjt] names=['panda_joint1', 'panda_joint2', 'panda_joint3', 'panda_joint4', 'panda_joint5', 'panda_joint6', 'panda_joint7'] pts=1
[fjt] times[0..2]=[0. 4.] times[-3:]=[0. 4.]
[fjt] goal=[-0.118 -0.405  0.    -2.295 -0.06   1.369  0.672]
[fjt] final=[-0.117 -0.239 -0.    -2.293 -0.058  1.392  0.187]
[fjt] err=[ 0.001  0.166 -0.     0.002  0.001  0.023 -0.485]
[fjt] names=['panda_joint1', 'panda_joint2', 'panda_joint3', 'panda_joint4', 'panda_joint5', 'panda_joint6', 'panda_joint7'] pts=1
[fjt] times[0..2]=[0. 4.] times[-3:]=[0. 4.]
[fjt] goal=[-0.118 -0.405  0.    -2.295 -0.06   1.369  0.672]
[fjt] final=[-0.117 -0.404 -0.    -2.294 -0.059  1.371  0.669]
[fjt] err=[ 0.     0.001 -0.     0.001  0.001  0.002 -0.002]
[fjt] names=['panda_joint1', 'panda_joint2', 'panda_joint3', 'panda_joint4', 'panda_joint5', 'panda_joint6', 'panda_joint7'] pts=1
[fjt] times[0..2]=[0. 4.] times[-3:]=[0. 4.]
[fjt] goal=[-0.006  0.495  0.085 -1.734  0.598  2.175 -1.077]
[fjt] final=[-0.006  0.373  0.084 -1.735  0.596  2.1   -0.041]
[fjt] err=[-0.000e+00 -1.220e-01 -1.000e-03 -1.000e-03 -2.000e-03 -7.500e-02
  1.036e+00]
[fjt] names=['panda_joint1', 'panda_joint2', 'panda_joint3', 'panda_joint4', 'panda_joint5', 'panda_joint6', 'panda_joint7'] pts=1
[fjt] times[0..2]=[0. 4.] times[-3:]=[0. 4.]
[fjt] goal=[-0.006  0.495  0.085 -1.734  0.598  2.175 -1.077]
[fjt] final=[-0.006  0.495  0.084 -1.735  0.598  2.173 -0.762]
[fjt] err=[-0.    -0.001 -0.001 -0.001 -0.001 -0.002  0.316]
[fjt] names=['panda_joint1', 'panda_joint2', 'panda_joint3', 'panda_joint4', 'panda_joint5', 'panda_joint6', 'panda_joint7'] pts=1
[fjt] times[0..2]=[0. 3.] times[-3:]=[0. 3.]
[fjt] goal=[-0.182  0.773  0.308 -1.725  0.488  2.435 -1.126]
[fjt] final=[-0.181  0.772  0.307 -1.726  0.49   2.433 -1.124]
[fjt] err=[ 0.001 -0.001 -0.001 -0.001  0.001 -0.002  0.002]
[fjt] names=['panda_joint1', 'panda_joint2', 'panda_joint3', 'panda_joint4', 'panda_joint5', 'panda_joint6', 'panda_joint7'] pts=1
[fjt] times[0..2]=[0.  2.5] times[-3:]=[0.  2.5]
[fjt] goal=[-0.126  0.784  0.317 -1.713  0.489  2.465 -1.074]
[fjt] final=[-0.126  0.784  0.317 -1.714  0.49   2.463 -1.076]
[fjt] err=[-0.    -0.001 -0.001 -0.001  0.    -0.002 -0.002]
[fjt] names=['panda_joint1', 'panda_joint2', 'panda_joint3', 'panda_joint4', 'panda_joint5', 'panda_joint6', 'panda_joint7'] pts=1
[fjt] times[0..2]=[0.  2.5] times[-3:]=[0.  2.5]
[fjt] goal=[-0.081  0.797  0.321 -1.696  0.488  2.485 -1.033]
[fjt] final=[-0.081  0.796  0.32  -1.697  0.489  2.483 -1.035]
[fjt] err=[-0.    -0.001 -0.001 -0.001  0.001 -0.002 -0.002]
[fjt] names=['panda_joint1', 'panda_joint2', 'panda_joint3', 'panda_joint4', 'panda_joint5', 'panda_joint6', 'panda_joint7'] pts=1
[fjt] times[0..2]=[0.  2.5] times[-3:]=[0.  2.5]
[fjt] goal=[-0.044  0.809  0.322 -1.678  0.485  2.498 -0.999]
[fjt] final=[-0.051  0.799  0.307 -1.688  0.482  2.489 -1.008]
[fjt] err=[-0.007 -0.011 -0.015 -0.01  -0.004 -0.009 -0.009]
[fjt] names=['panda_joint1', 'panda_joint2', 'panda_joint3', 'panda_joint4', 'panda_joint5', 'panda_joint6', 'panda_joint7'] pts=1
[fjt] times[0..2]=[0.  2.5] times[-3:]=[0.  2.5]
[fjt] goal=[-0.018  0.817  0.319 -1.665  0.487  2.504 -0.981]
[fjt] final=[-0.032  0.795  0.287 -1.685  0.478  2.484 -0.997]
[fjt] err=[-0.014 -0.021 -0.032 -0.02  -0.01  -0.02  -0.016]
[fjt] names=['panda_joint1', 'panda_joint2', 'panda_joint3', 'panda_joint4', 'panda_joint5', 'panda_joint6', 'panda_joint7'] pts=1
[fjt] times[0..2]=[0.  2.5] times[-3:]=[0.  2.5]
[fjt] goal=[-0.018  0.817  0.319 -1.665  0.487  2.504 -0.981]
[fjt] final=[-0.032  0.796  0.287 -1.685  0.477  2.484 -0.996]
[fjt] err=[-0.014 -0.021 -0.032 -0.019 -0.01  -0.02  -0.015]
[fjt] names=['panda_joint1', 'panda_joint2', 'panda_joint3', 'panda_joint4', 'panda_joint5', 'panda_joint6', 'panda_joint7'] pts=1
[fjt] times[0..2]=[0. 3.] times[-3:]=[0. 3.]
[fjt] goal=[-0.09   0.516  0.279 -1.723  0.457  2.242 -0.918]
[fjt] final=[-0.089  0.516  0.28  -1.722  0.459  2.244 -0.92 ]
[fjt] err=[ 0.     0.001  0.     0.001  0.001  0.002 -0.002]
[fjt] names=['panda_joint1', 'panda_joint2', 'panda_joint3', 'panda_joint4', 'panda_joint5', 'panda_joint6', 'panda_joint7'] pts=1
[fjt] times[0..2]=[0. 4.] times[-3:]=[0. 4.]
[fjt] goal=[-0.118 -0.405  0.    -2.295 -0.06   1.369  0.672]
[fjt] final=[-1.170e-01 -2.600e-01  1.000e-03 -2.294e+00 -5.800e-02  1.501e+00
 -2.170e-01]
[fjt] err=[ 0.     0.145  0.001  0.001  0.002  0.132 -0.889]
[fjt] names=['panda_joint1', 'panda_joint2', 'panda_joint3', 'panda_joint4', 'panda_joint5', 'panda_joint6', 'panda_joint7'] pts=1
[fjt] times[0..2]=[0. 4.] times[-3:]=[0. 4.]
[fjt] goal=[-0.118 -0.405  0.    -2.295 -0.06   1.369  0.672]
[fjt] final=[-1.170e-01 -4.040e-01  1.000e-03 -2.294e+00 -5.800e-02  1.371e+00
  4.930e-01]
[fjt] err=[ 0.     0.001  0.001  0.001  0.001  0.002 -0.179]
[fjt] names=['panda_joint1', 'panda_joint2', 'panda_joint3', 'panda_joint4', 'panda_joint5', 'panda_joint6', 'panda_joint7'] pts=1
[fjt] times[0..2]=[0. 4.] times[-3:]=[0. 4.]
[fjt] goal=[-0.068  0.887  0.012 -1.252  1.083  1.802 -1.312]
[fjt] final=[-0.068  0.38   0.011 -1.529  0.685  1.8   -0.214]
[fjt] err=[-0.000e+00 -5.070e-01 -1.000e-03 -2.770e-01 -3.980e-01 -2.000e-03
  1.098e+00]
[fjt] names=['panda_joint1', 'panda_joint2', 'panda_joint3', 'panda_joint4', 'panda_joint5', 'panda_joint6', 'panda_joint7'] pts=1
[fjt] times[0..2]=[0. 4.] times[-3:]=[0. 4.]
[fjt] goal=[-0.068  0.887  0.012 -1.252  1.083  1.802 -1.312]
[fjt] final=[-0.068  0.886  0.012 -1.254  1.082  1.801 -0.956]
[fjt] err=[-0.    -0.001 -0.001 -0.002 -0.001 -0.002  0.356]
[fjt] names=['panda_joint1', 'panda_joint2', 'panda_joint3', 'panda_joint4', 'panda_joint5', 'panda_joint6', 'panda_joint7'] pts=1
[fjt] times[0..2]=[0. 3.] times[-3:]=[0. 3.]
[fjt] goal=[-0.015  1.149  0.059 -1.126  1.115  1.938 -1.401]
[fjt] final=[-0.015  1.148  0.058 -1.127  1.113  1.936 -1.398]
[fjt] err=[-0.    -0.001 -0.001 -0.001 -0.001 -0.002  0.002]
[fjt] names=['panda_joint1', 'panda_joint2', 'panda_joint3', 'panda_joint4', 'panda_joint5', 'panda_joint6', 'panda_joint7'] pts=1
[fjt] times[0..2]=[0.  2.5] times[-3:]=[0.  2.5]
[fjt] goal=[ 0.021  1.153  0.072 -1.121  1.126  1.975 -1.384]
[fjt] final=[ 0.021  1.152  0.072 -1.123  1.125  1.973 -1.386]
[fjt] err=[-0.    -0.001 -0.001 -0.001 -0.001 -0.002 -0.002]
[fjt] names=['panda_joint1', 'panda_joint2', 'panda_joint3', 'panda_joint4', 'panda_joint5', 'panda_joint6', 'panda_joint7'] pts=1
[fjt] times[0..2]=[0.  2.5] times[-3:]=[0.  2.5]
[fjt] goal=[ 0.04   1.158  0.079 -1.115  1.131  1.992 -1.374]
[fjt] final=[ 0.039  1.157  0.078 -1.116  1.129  1.99  -1.376]
[fjt] err=[-0.    -0.001 -0.001 -0.001 -0.001 -0.002 -0.002]
[fjt] names=['panda_joint1', 'panda_joint2', 'panda_joint3', 'panda_joint4', 'panda_joint5', 'panda_joint6', 'panda_joint7'] pts=1
[fjt] times[0..2]=[0.  2.5] times[-3:]=[0.  2.5]
[fjt] goal=[ 0.052  1.161  0.083 -1.109  1.134  2.003 -1.367]
[fjt] final=[ 0.05   1.159  0.079 -1.112  1.131  2.    -1.37 ]
[fjt] err=[-0.003 -0.002 -0.003 -0.003 -0.002 -0.003 -0.003]
[fjt] names=['panda_joint1', 'panda_joint2', 'panda_joint3', 'panda_joint4', 'panda_joint5', 'panda_joint6', 'panda_joint7'] pts=1
[fjt] times[0..2]=[0.  2.5] times[-3:]=[0.  2.5]
[fjt] goal=[ 0.061  1.164  0.085 -1.105  1.136  2.011 -1.362]
[fjt] final=[ 0.054  1.159  0.073 -1.111  1.131  2.    -1.367]
[fjt] err=[-0.007 -0.006 -0.012 -0.006 -0.005 -0.011 -0.005]
[fjt] names=['panda_joint1', 'panda_joint2', 'panda_joint3', 'panda_joint4', 'panda_joint5', 'panda_joint6', 'panda_joint7'] pts=1
[fjt] times[0..2]=[0. 3.] times[-3:]=[0. 3.]
[fjt] goal=[ 0.004  0.906  0.045 -1.26   1.098  1.9   -1.294]
[fjt] final=[ 0.004  0.907  0.046 -1.259  1.1    1.902 -1.296]
[fjt] err=[ 0.     0.001  0.001  0.001  0.001  0.002 -0.002]
[fjt] names=['panda_joint1', 'panda_joint2', 'panda_joint3', 'panda_joint4', 'panda_joint5', 'panda_joint6', 'panda_joint7'] pts=1
[fjt] times[0..2]=[0. 4.] times[-3:]=[0. 4.]
[fjt] goal=[ 0.    -0.4    0.    -2.3    0.     1.9    0.785]
[fjt] final=[ 0.000e+00  1.240e-01  1.000e-03 -2.027e+00  3.550e-01  1.901e+00
 -5.560e-01]
[fjt] err=[ 0.000e+00  5.240e-01  1.000e-03  2.730e-01  3.550e-01  1.000e-03
 -1.341e+00]
[fjt] names=['panda_joint1', 'panda_joint2', 'panda_joint3', 'panda_joint4', 'panda_joint5', 'panda_joint6', 'panda_joint7'] pts=1
[fjt] times[0..2]=[0. 4.] times[-3:]=[0. 4.]
[fjt] goal=[ 0.    -0.4    0.    -2.3    0.     1.9    0.785]
[fjt] final=[ 0.000e+00 -3.990e-01  1.000e-03 -2.299e+00  1.000e-03  1.901e+00
  1.790e-01]
[fjt] err=[ 0.     0.001  0.001  0.001  0.001  0.001 -0.606]
[fjt] names=['panda_joint1', 'panda_joint2', 'panda_joint3', 'panda_joint4', 'panda_joint5', 'panda_joint6', 'panda_joint7'] pts=1
[fjt] times[0..2]=[0. 4.] times[-3:]=[0. 4.]
[fjt] goal=[ 0.    -0.4    0.    -2.3    0.     1.9    0.785]
[fjt] final=[ 0.000e+00 -3.990e-01  1.000e-03 -2.299e+00  1.000e-03  1.901e+00
  7.820e-01]
[fjt] err=[ 0.     0.001  0.001  0.001  0.001  0.001 -0.003]
