[robosuite WARNING] No private macro file found! (__init__.py:7)
[robosuite WARNING] It is recommended to use a private macro file (__init__.py:8)
[robosuite WARNING] To setup, run: python /storage/home/yehe8/.openrua/simulators/cap-x/capx/third_party/libero_dependencies/robosuite/robosuite/scripts/setup_macros.py (__init__.py:9)
Gym has been unmaintained since 2022 and does not support NumPy 2.0 amongst other critical functionality.
Please upgrade to Gymnasium, the maintained drop-in replacement of Gym, or contact the authors of your software and request that they upgrade.
See the migration guide at https://gymnasium.farama.org/introduction/migration_guide/ for additional information.
[info] Using default task order for benchmark 'libero_10_task' (10 tasks).
[Warning]: datasets path /storage/home/yehe8/.openrua/simulators/cap-x/capx/third_party/LIBERO-PRO/libero/datasets does not exist!
[Warning]: datasets path /storage/home/yehe8/.openrua/simulators/cap-x/capx/third_party/LIBERO-PRO/libero/datasets does not exist!
robot ready
[Warning]: datasets path /storage/home/yehe8/.openrua/simulators/cap-x/capx/third_party/LIBERO-PRO/libero/datasets does not exist!
[fjt] names=['panda_joint1', 'panda_joint2', 'panda_joint3', 'panda_joint4', 'panda_joint5', 'panda_joint6', 'panda_joint7'] pts=1
[fjt] times[0..2]=[0. 1.] times[-3:]=[0. 1.]
[fjt] goal=[ 0.    -0.161  0.    -2.445  0.     2.227  0.785]
[fjt] final=[ 0.    -0.161  0.    -2.445  0.     2.227  0.785]
[fjt] err=[0. 0. 0. 0. 0. 0. 0.]
[fjt] names=['panda_joint1', 'panda_joint2', 'panda_joint3', 'panda_joint4', 'panda_joint5', 'panda_joint6', 'panda_joint7'] pts=1
[fjt] times[0..2]=[0. 3.] times[-3:]=[0. 3.]
[fjt] goal=[ 1.3   -0.161  0.    -2.445  0.     2.227  0.785]
[fjt] final=[ 0.626 -0.161 -0.    -2.445  0.     2.227  0.787]
[fjt] err=[-0.674  0.    -0.    -0.     0.    -0.     0.002]
[fjt] names=['panda_joint1', 'panda_joint2', 'panda_joint3', 'panda_joint4', 'panda_joint5', 'panda_joint6', 'panda_joint7'] pts=1
[fjt] times[0..2]=[0. 4.] times[-3:]=[0. 4.]
[fjt] goal=[ 0.464 -0.808 -0.377 -2.607 -0.278  1.825 -1.302]
[fjt] final=[ 0.464 -0.807 -0.376 -2.606 -0.276  1.826  0.038]
[fjt] err=[0.00e+00 1.00e-03 1.00e-03 1.00e-03 2.00e-03 2.00e-03 1.34e+00]
[fjt] names=['panda_joint1', 'panda_joint2', 'panda_joint3', 'panda_joint4', 'panda_joint5', 'panda_joint6', 'panda_joint7'] pts=1
[fjt] times[0..2]=[0. 4.] times[-3:]=[0. 4.]
[fjt] goal=[ 0.464 -0.808 -0.377 -2.607 -0.278  1.825 -1.302]
[fjt] final=[ 0.464 -0.808 -0.376 -2.606 -0.277  1.826 -0.681]
[fjt] err=[-0.     0.001  0.     0.001  0.002  0.001  0.621]
[fjt] names=['panda_joint1', 'panda_joint2', 'panda_joint3', 'panda_joint4', 'panda_joint5', 'panda_joint6', 'panda_joint7'] pts=1
[fjt] times[0..2]=[0. 4.] times[-3:]=[0. 4.]
[fjt] goal=[ 0.464 -0.808 -0.377 -2.607 -0.278  1.825 -1.302]
[fjt] final=[ 0.464 -0.808 -0.376 -2.606 -0.277  1.826 -1.299]
[fjt] err=[-0.     0.001  0.     0.001  0.001  0.001  0.003]
[fjt] names=['panda_joint1', 'panda_joint2', 'panda_joint3', 'panda_joint4', 'panda_joint5', 'panda_joint6', 'panda_joint7'] pts=1
[fjt] times[0..2]=[0. 4.] times[-3:]=[0. 4.]
[fjt] goal=[ 0.515 -0.481 -0.539 -2.742 -0.323  2.294 -1.325]
[fjt] final=[ 0.515 -0.482 -0.538 -2.741 -0.321  2.292 -1.323]
[fjt] err=[-0.    -0.     0.001  0.001  0.001 -0.002  0.002]
[fjt] names=['panda_joint1', 'panda_joint2', 'panda_joint3', 'panda_joint4', 'panda_joint5', 'panda_joint6', 'panda_joint7'] pts=1
[fjt] times[0..2]=[0. 3.] times[-3:]=[0. 3.]
[fjt] goal=[ 0.639 -0.127 -0.682 -2.822 -0.195  2.715 -1.433]
[fjt] final=[ 0.633 -0.143 -0.691 -2.768 -0.212  2.708 -1.441]
[fjt] err=[-0.006 -0.016 -0.009  0.054 -0.017 -0.007 -0.008]
[fjt] names=['panda_joint1', 'panda_joint2', 'panda_joint3', 'panda_joint4', 'panda_joint5', 'panda_joint6', 'panda_joint7'] pts=1
[fjt] times[0..2]=[0. 3.] times[-3:]=[0. 3.]
[fjt] goal=[ 0.639 -0.127 -0.682 -2.822 -0.195  2.715 -1.433]
[fjt] final=[ 0.638 -0.128 -0.683 -2.821 -0.196  2.713 -1.435]
[fjt] err=[-0.    -0.001 -0.001  0.001 -0.001 -0.002 -0.002]
[fjt] names=['panda_joint1', 'panda_joint2', 'panda_joint3', 'panda_joint4', 'panda_joint5', 'panda_joint6', 'panda_joint7'] pts=1
[fjt] times[0..2]=[0. 3.] times[-3:]=[0. 3.]
[fjt] goal=[ 0.617 -0.685 -0.513 -2.489 -0.329  1.855 -1.269]
[fjt] final=[ 0.618 -0.682 -0.514 -2.49  -0.328  2.105 -1.271]
[fjt] err=[ 0.     0.003 -0.001 -0.002  0.001  0.25  -0.002]
[fjt] names=['panda_joint1', 'panda_joint2', 'panda_joint3', 'panda_joint4', 'panda_joint5', 'panda_joint6', 'panda_joint7'] pts=1
[fjt] times[0..2]=[0. 3.] times[-3:]=[0. 3.]
[fjt] goal=[ 0.617 -0.685 -0.513 -2.489 -0.329  1.855 -1.269]
[fjt] final=[ 0.618 -0.684 -0.513 -2.49  -0.328  1.858 -1.271]
[fjt] err=[ 0.     0.001 -0.001 -0.002  0.001  0.002 -0.002]
[fjt] names=['panda_joint1', 'panda_joint2', 'panda_joint3', 'panda_joint4', 'panda_joint5', 'panda_joint6', 'panda_joint7'] pts=1
[fjt] times[0..2]=[0. 4.] times[-3:]=[0. 4.]
[fjt] goal=[ 0.564  0.627 -0.778 -1.206  0.427  1.672 -1.727]
[fjt] final=[ 0.564  0.101 -0.778 -1.731  0.411  1.674 -1.725]
[fjt] err=[ 0.    -0.526  0.001 -0.526 -0.016  0.002  0.002]
[fjt] names=['panda_joint1', 'panda_joint2', 'panda_joint3', 'panda_joint4', 'panda_joint5', 'panda_joint6', 'panda_joint7'] pts=1
[fjt] times[0..2]=[0. 4.] times[-3:]=[0. 4.]
[fjt] goal=[ 0.564  0.627 -0.778 -1.206  0.427  1.672 -1.727]
[fjt] final=[ 0.564  0.627 -0.778 -1.208  0.426  1.674 -1.725]
[fjt] err=[ 0.    -0.     0.001 -0.002 -0.001  0.002  0.002]
[fjt] names=['panda_joint1', 'panda_joint2', 'panda_joint3', 'panda_joint4', 'panda_joint5', 'panda_joint6', 'panda_joint7'] pts=1
[fjt] times[0..2]=[0. 3.] times[-3:]=[0. 3.]
[fjt] goal=[ 0.581  0.766 -0.691 -1.51   0.531  2.083 -1.807]
[fjt] final=[ 0.581  0.766 -0.691 -1.51   0.53   2.081 -1.805]
[fjt] err=[-0.     0.    -0.     0.001 -0.001 -0.002  0.002]
[fjt] names=['panda_joint1', 'panda_joint2', 'panda_joint3', 'panda_joint4', 'panda_joint5', 'panda_joint6', 'panda_joint7'] pts=1
[fjt] times[0..2]=[0. 2.] times[-3:]=[0. 2.]
[fjt] goal=[ 0.574  0.789 -0.678 -1.516  0.545  2.11  -1.814]
[fjt] final=[ 0.574  0.789 -0.678 -1.516  0.544  2.108 -1.812]
[fjt] err=[ 0.     0.    -0.     0.    -0.001 -0.002  0.002]
[fjt] names=['panda_joint1', 'panda_joint2', 'panda_joint3', 'panda_joint4', 'panda_joint5', 'panda_joint6', 'panda_joint7'] pts=1
[fjt] times[0..2]=[0. 3.] times[-3:]=[0. 3.]
[fjt] goal=[ 0.591  0.635 -0.769 -1.329  0.436  1.794 -1.744]
[fjt] final=[ 0.591  0.635 -0.768 -1.33   0.438  1.796 -1.747]
[fjt] err=[-0.     0.     0.001 -0.001  0.001  0.002 -0.002]
[fjt] names=['panda_joint1', 'panda_joint2', 'panda_joint3', 'panda_joint4', 'panda_joint5', 'panda_joint6', 'panda_joint7'] pts=1
[fjt] times[0..2]=[0. 4.] times[-3:]=[0. 4.]
[fjt] goal=[ 0.927 -0.447 -0.614 -2.305 -0.268  1.92   0.454]
[fjt] final=[ 0.926 -0.144 -0.615 -2.095 -0.265  1.918 -0.992]
[fjt] err=[-0.     0.303 -0.     0.21   0.004 -0.002 -1.446]
[fjt] names=['panda_joint1', 'panda_joint2', 'panda_joint3', 'panda_joint4', 'panda_joint5', 'panda_joint6', 'panda_joint7'] pts=1
[fjt] times[0..2]=[0. 4.] times[-3:]=[0. 4.]
[fjt] goal=[ 0.927 -0.447 -0.614 -2.305 -0.268  1.92   0.454]
[fjt] final=[ 0.927 -0.446 -0.614 -2.304 -0.267  1.919 -0.27 ]
[fjt] err=[ 0.     0.001 -0.     0.001  0.001 -0.002 -0.724]
[fjt] names=['panda_joint1', 'panda_joint2', 'panda_joint3', 'panda_joint4', 'panda_joint5', 'panda_joint6', 'panda_joint7'] pts=1
[fjt] times[0..2]=[0. 4.] times[-3:]=[0. 4.]
[fjt] goal=[ 0.927 -0.447 -0.614 -2.305 -0.268  1.92   0.454]
[fjt] final=[ 0.927 -0.446 -0.614 -2.304 -0.267  1.919  0.428]
[fjt] err=[ 0.     0.001  0.     0.001  0.001 -0.001 -0.026]
[fjt] names=['panda_joint1', 'panda_joint2', 'panda_joint3', 'panda_joint4', 'panda_joint5', 'panda_joint6', 'panda_joint7'] pts=1
[fjt] times[0..2]=[0. 4.] times[-3:]=[0. 4.]
[fjt] goal=[ 1.128  0.074 -0.881 -2.582  0.117  2.627  0.147]
[fjt] final=[ 1.128  0.074 -0.88  -2.581  0.115  2.621  0.149]
[fjt] err=[-0.001 -0.001  0.001  0.001 -0.002 -0.005  0.003]
[fjt] names=['panda_joint1', 'panda_joint2', 'panda_joint3', 'panda_joint4', 'panda_joint5', 'panda_joint6', 'panda_joint7'] pts=1
[fjt] times[0..2]=[0. 3.] times[-3:]=[0. 3.]
[fjt] goal=[ 0.921  0.476 -0.549 -2.487  0.804  2.803 -0.352]
[fjt] final=[ 0.926  0.443 -0.561 -2.489  0.685  2.801 -0.362]
[fjt] err=[ 0.005 -0.034 -0.012 -0.001 -0.119 -0.002 -0.01 ]
[fjt] names=['panda_joint1', 'panda_joint2', 'panda_joint3', 'panda_joint4', 'panda_joint5', 'panda_joint6', 'panda_joint7'] pts=1
[fjt] times[0..2]=[0. 3.] times[-3:]=[0. 3.]
[fjt] goal=[ 0.921  0.476 -0.549 -2.487  0.804  2.803 -0.352]
[fjt] final=[ 0.924  0.459 -0.557 -2.47   0.799  2.818 -0.354]
[fjt] err=[ 0.003 -0.017 -0.007  0.017 -0.006  0.015 -0.002]
[fjt] names=['panda_joint1', 'panda_joint2', 'panda_joint3', 'panda_joint4', 'panda_joint5', 'panda_joint6', 'panda_joint7'] pts=1
[fjt] times[0..2]=[0. 3.] times[-3:]=[0. 3.]
[fjt] goal=[ 1.356 -0.367 -1.13  -2.514 -0.45   2.299  0.564]
[fjt] final=[ 1.356 -0.164 -1.126 -2.513  0.185  2.302  0.244]
[fjt] err=[-0.001  0.203  0.005  0.001  0.635  0.002 -0.32 ]
[fjt] names=['panda_joint1', 'panda_joint2', 'panda_joint3', 'panda_joint4', 'panda_joint5', 'panda_joint6', 'panda_joint7'] pts=1
[fjt] times[0..2]=[0. 3.] times[-3:]=[0. 3.]
[fjt] goal=[ 1.356 -0.367 -1.13  -2.514 -0.45   2.299  0.564]
[fjt] final=[ 1.356 -0.366 -1.13  -2.513 -0.412  2.301  0.562]
[fjt] err=[-0.     0.001  0.001  0.     0.038  0.001 -0.001]
[fjt] names=['panda_joint1', 'panda_joint2', 'panda_joint3', 'panda_joint4', 'panda_joint5', 'panda_joint6', 'panda_joint7'] pts=1
[fjt] times[0..2]=[0. 3.] times[-3:]=[0. 3.]
[fjt] goal=[ 1.356 -0.367 -1.13  -2.514 -0.45   2.299  0.564]
[fjt] final=[ 1.356 -0.366 -1.13  -2.514 -0.448  2.3    0.563]
[fjt] err=[-0.     0.001  0.     0.     0.002  0.001 -0.001]
[fjt] names=['panda_joint1', 'panda_joint2', 'panda_joint3', 'panda_joint4', 'panda_joint5', 'panda_joint6', 'panda_joint7'] pts=1
[fjt] times[0..2]=[0.  0.5] times[-3:]=[0.  0.5]
[fjt] goal=[ 1.356 -0.366 -1.13  -2.514 -0.448  2.3    0.563]
[fjt] final=[ 1.356 -0.366 -1.13  -2.514 -0.448  2.3    0.563]
[fjt] err=[ 0.  0. -0.  0. -0. -0. -0.]
[fjt] names=['panda_joint1', 'panda_joint2', 'panda_joint3', 'panda_joint4', 'panda_joint5', 'panda_joint6', 'panda_joint7'] pts=1
[fjt] times[0..2]=[0. 3.] times[-3:]=[0. 3.]
[fjt] goal=[ 2.197 -0.261 -2.037 -2.518 -0.456  2.59   0.542]
[fjt] final=[ 1.981 -0.262 -1.745 -2.517 -0.455  2.588  0.544]
[fjt] err=[-0.216 -0.001  0.292  0.001  0.001 -0.002  0.002]
[fjt] names=['panda_joint1', 'panda_joint2', 'panda_joint3', 'panda_joint4', 'panda_joint5', 'panda_joint6', 'panda_joint7'] pts=1
[fjt] times[0..2]=[0. 3.] times[-3:]=[0. 3.]
[fjt] goal=[ 2.197 -0.261 -2.037 -2.518 -0.456  2.59   0.542]
[fjt] final=[ 2.196 -0.262 -2.035 -2.517 -0.455  2.588  0.543]
[fjt] err=[-0.    -0.     0.001  0.001  0.001 -0.002  0.002]
[fjt] names=['panda_joint1', 'panda_joint2', 'panda_joint3', 'panda_joint4', 'panda_joint5', 'panda_joint6', 'panda_joint7'] pts=1
[fjt] times[0..2]=[0. 3.] times[-3:]=[0. 3.]
[fjt] goal=[ 2.594 -0.553 -2.522 -2.422 -0.906  2.744  0.864]
[fjt] final=[ 2.588 -0.51  -2.5   -2.423 -0.898  2.743  0.872]
[fjt] err=[-0.006  0.043  0.021 -0.001  0.008 -0.     0.008]
[fjt] names=['panda_joint1', 'panda_joint2', 'panda_joint3', 'panda_joint4', 'panda_joint5', 'panda_joint6', 'panda_joint7'] pts=1
[fjt] times[0..2]=[0. 3.] times[-3:]=[0. 3.]
[fjt] goal=[ 2.594 -0.553 -2.522 -2.422 -0.906  2.744  0.864]
[fjt] final=[ 2.593 -0.548 -2.52  -2.411 -0.905  2.746  0.865]
[fjt] err=[-0.001  0.005  0.002  0.011  0.001  0.002  0.   ]
[fjt] names=['panda_joint1', 'panda_joint2', 'panda_joint3', 'panda_joint4', 'panda_joint5', 'panda_joint6', 'panda_joint7'] pts=1
[fjt] times[0..2]=[0. 3.] times[-3:]=[0. 3.]
[fjt] goal=[ 2.594 -0.553 -2.522 -2.422 -0.906  2.744  0.864]
[fjt] final=[ 2.594 -0.551 -2.521 -2.416 -0.905  2.746  0.865]
[fjt] err=[-0.     0.002  0.001  0.006  0.001  0.002  0.   ]
[fjt] names=['panda_joint1', 'panda_joint2', 'panda_joint3', 'panda_joint4', 'panda_joint5', 'panda_joint6', 'panda_joint7'] pts=1
[fjt] times[0..2]=[0. 3.] times[-3:]=[0. 3.]
[fjt] goal=[ 2.594 -0.553 -2.522 -2.422 -0.906  2.744  0.864]
[fjt] final=[ 2.594 -0.552 -2.521 -2.419 -0.906  2.746  0.865]
[fjt] err=[-0.     0.001  0.001  0.003  0.001  0.002  0.   ]
[fjt] names=['panda_joint1', 'panda_joint2', 'panda_joint3', 'panda_joint4', 'panda_joint5', 'panda_joint6', 'panda_joint7'] pts=1
[fjt] times[0..2]=[0. 1.] times[-3:]=[0. 1.]
[fjt] goal=[ 2.593 -0.55  -2.522 -2.416 -0.906  2.746  0.865]
[fjt] final=[ 2.593 -0.55  -2.522 -2.416 -0.906  2.745  0.865]
[fjt] err=[ 0. -0. -0. -0. -0. -0. -0.]
[fjt] names=['panda_joint1', 'panda_joint2', 'panda_joint3', 'panda_joint4', 'panda_joint5', 'panda_joint6', 'panda_joint7'] pts=1
[fjt] times[0..2]=[0.  0.5] times[-3:]=[0.  0.5]
[fjt] goal=[ 2.593 -0.55  -2.522 -2.416 -0.906  2.745  0.865]
[fjt] final=[ 2.593 -0.55  -2.522 -2.416 -0.906  2.745  0.865]
[fjt] err=[ 0. -0. -0. -0. -0. -0. -0.]
[fjt] names=['panda_joint1', 'panda_joint2', 'panda_joint3', 'panda_joint4', 'panda_joint5', 'panda_joint6', 'panda_joint7'] pts=1
[fjt] times[0..2]=[0. 3.] times[-3:]=[0. 3.]
[fjt] goal=[ 2.184  0.302 -1.968 -2.472  0.383  2.315 -0.067]
[fjt] final=[ 2.185  0.068 -1.971 -2.472 -0.293  2.316  0.268]
[fjt] err=[ 0.001 -0.235 -0.003  0.    -0.676  0.002  0.335]
[fjt] names=['panda_joint1', 'panda_joint2', 'panda_joint3', 'panda_joint4', 'panda_joint5', 'panda_joint6', 'panda_joint7'] pts=1
[fjt] times[0..2]=[0. 3.] times[-3:]=[0. 3.]
[fjt] goal=[ 2.184  0.302 -1.968 -2.472  0.383  2.315 -0.067]
[fjt] final=[ 2.185  0.302 -1.969 -2.472  0.309  2.316 -0.065]
[fjt] err=[ 0.    -0.001 -0.     0.    -0.074  0.001  0.001]
[fjt] names=['panda_joint1', 'panda_joint2', 'panda_joint3', 'panda_joint4', 'panda_joint5', 'panda_joint6', 'panda_joint7'] pts=1
[fjt] times[0..2]=[0. 3.] times[-3:]=[0. 3.]
[fjt] goal=[ 2.184  0.302 -1.968 -2.472  0.383  2.315 -0.067]
[fjt] final=[ 2.185  0.302 -1.969 -2.472  0.381  2.316 -0.065]
[fjt] err=[ 0.    -0.001 -0.     0.    -0.002  0.001  0.001]
[fjt] names=['panda_joint1', 'panda_joint2', 'panda_joint3', 'panda_joint4', 'panda_joint5', 'panda_joint6', 'panda_joint7'] pts=1
[fjt] times[0..2]=[0. 4.] times[-3:]=[0. 4.]
[fjt] goal=[ 0.928  0.709 -0.894 -1.585  0.593  2.003 -0.104]
[fjt] final=[ 1.4    0.709 -1.186 -1.71   0.591  2.005 -0.102]
[fjt] err=[ 0.472 -0.001 -0.293 -0.124 -0.002  0.002  0.003]
[fjt] names=['panda_joint1', 'panda_joint2', 'panda_joint3', 'panda_joint4', 'panda_joint5', 'panda_joint6', 'panda_joint7'] pts=1
[fjt] times[0..2]=[0. 4.] times[-3:]=[0. 4.]
[fjt] goal=[ 0.928  0.709 -0.894 -1.585  0.593  2.003 -0.104]
[fjt] final=[ 0.928  0.709 -0.894 -1.587  0.592  2.005 -0.102]
[fjt] err=[ 0.001 -0.    -0.    -0.002 -0.001  0.002  0.002]
[fjt] names=['panda_joint1', 'panda_joint2', 'panda_joint3', 'panda_joint4', 'panda_joint5', 'panda_joint6', 'panda_joint7'] pts=1
[fjt] times[0..2]=[0. 3.] times[-3:]=[0. 3.]
[fjt] goal=[ 0.839  0.917 -0.742 -1.613  0.744  2.228 -0.18 ]
[fjt] final=[ 0.84   0.917 -0.742 -1.612  0.742  2.225 -0.178]
[fjt] err=[ 0.    -0.    -0.001  0.001 -0.002 -0.002  0.002]
[fjt] names=['panda_joint1', 'panda_joint2', 'panda_joint3', 'panda_joint4', 'panda_joint5', 'panda_joint6', 'panda_joint7'] pts=1
[fjt] times[0..2]=[0. 2.] times[-3:]=[0. 2.]
[fjt] goal=[ 0.801  1.004 -0.688 -1.58   0.79   2.287 -0.199]
[fjt] final=[ 0.802  1.004 -0.688 -1.581  0.788  2.286 -0.197]
[fjt] err=[ 0.    -0.001 -0.001 -0.001 -0.002 -0.002  0.002]
[fjt] names=['panda_joint1', 'panda_joint2', 'panda_joint3', 'panda_joint4', 'panda_joint5', 'panda_joint6', 'panda_joint7'] pts=1
[fjt] times[0..2]=[0. 1.] times[-3:]=[0. 1.]
[fjt] goal=[ 0.802  1.004 -0.688 -1.581  0.788  2.286 -0.197]
[fjt] final=[ 0.802  1.004 -0.688 -1.581  0.788  2.286 -0.197]
[fjt] err=[-0. -0. -0. -0.  0. -0.  0.]
[fjt] names=['panda_joint1', 'panda_joint2', 'panda_joint3', 'panda_joint4', 'panda_joint5', 'panda_joint6', 'panda_joint7'] pts=1
[fjt] times[0..2]=[0. 3.] times[-3:]=[0. 3.]
[fjt] goal=[ 0.925  0.707 -0.889 -1.586  0.589  2.005 -0.102]
[fjt] final=[ 0.924  0.707 -0.888 -1.585  0.591  2.006 -0.104]
[fjt] err=[-0.001  0.001  0.001  0.001  0.002  0.002 -0.002]
[fjt] names=['panda_joint1', 'panda_joint2', 'panda_joint3', 'panda_joint4', 'panda_joint5', 'panda_joint6', 'panda_joint7'] pts=1
[fjt] times[0..2]=[0. 4.] times[-3:]=[0. 4.]
[fjt] goal=[ 0.298 -0.892 -0.981 -2.487 -0.728  1.807 -0.249]
[fjt] final=[ 0.298 -0.078 -0.981 -2.35  -0.18   1.809 -0.246]
[fjt] err=[0.    0.814 0.    0.137 0.548 0.002 0.003]
[fjt] names=['panda_joint1', 'panda_joint2', 'panda_joint3', 'panda_joint4', 'panda_joint5', 'panda_joint6', 'panda_joint7'] pts=1
[fjt] times[0..2]=[0. 4.] times[-3:]=[0. 4.]
[fjt] goal=[ 0.298 -0.892 -0.981 -2.487 -0.728  1.807 -0.249]
[fjt] final=[ 0.298 -0.852 -0.981 -2.486 -0.727  1.807 -0.247]
[fjt] err=[0.    0.041 0.    0.001 0.001 0.    0.002]
[fjt] names=['panda_joint1', 'panda_joint2', 'panda_joint3', 'panda_joint4', 'panda_joint5', 'panda_joint6', 'panda_joint7'] pts=1
[fjt] times[0..2]=[0. 4.] times[-3:]=[0. 4.]
[fjt] goal=[ 0.298 -0.892 -0.981 -2.487 -0.728  1.807 -0.249]
[fjt] final=[ 0.298 -0.892 -0.981 -2.486 -0.728  1.807 -0.248]
[fjt] err=[0.    0.001 0.    0.    0.001 0.    0.002]
[fjt] names=['panda_joint1', 'panda_joint2', 'panda_joint3', 'panda_joint4', 'panda_joint5', 'panda_joint6', 'panda_joint7'] pts=1
[fjt] times[0..2]=[0. 1.] times[-3:]=[0. 1.]
[fjt] goal=[ 0.298 -0.892 -0.981 -2.486 -0.728  1.807 -0.248]
[fjt] final=[ 0.298 -0.892 -0.981 -2.486 -0.728  1.807 -0.248]
[fjt] err=[-0. -0. -0. -0. -0. -0. -0.]
