[robosuite WARNING] No private macro file found! (__init__.py:7)
[robosuite WARNING] It is recommended to use a private macro file (__init__.py:8)
[robosuite WARNING] To setup, run: python /storage/home/yehe8/.openrua/simulators/cap-x/capx/third_party/libero_dependencies/robosuite/robosuite/scripts/setup_macros.py (__init__.py:9)
Gym has been unmaintained since 2022 and does not support NumPy 2.0 amongst other critical functionality.
Please upgrade to Gymnasium, the maintained drop-in replacement of Gym, or contact the authors of your software and request that they upgrade.
See the migration guide at https://gymnasium.farama.org/introduction/migration_guide/ for additional information.
[info] Using default task order for benchmark 'libero_10_task' (10 tasks).
[Warning]: datasets path /storage/home/yehe8/.openrua/simulators/cap-x/capx/third_party/LIBERO-PRO/libero/datasets does not exist!
[Warning]: datasets path /storage/home/yehe8/.openrua/simulators/cap-x/capx/third_party/LIBERO-PRO/libero/datasets does not exist!
robot ready
[Warning]: datasets path /storage/home/yehe8/.openrua/simulators/cap-x/capx/third_party/LIBERO-PRO/libero/datasets does not exist!
[fjt] names=['panda_joint1', 'panda_joint2', 'panda_joint3', 'panda_joint4', 'panda_joint5', 'panda_joint6', 'panda_joint7'] pts=1
[fjt] times[0..2]=[0. 4.] times[-3:]=[0. 4.]
[fjt] goal=[ 0.112  0.641 -0.036 -1.421  0.025  2.062 -0.714]
[fjt] final=[ 0.111  0.611 -0.036 -1.678  0.024  2.064  0.081]
[fjt] err=[-0.001 -0.03   0.    -0.257 -0.001  0.002  0.795]
[fjt] names=['panda_joint1', 'panda_joint2', 'panda_joint3', 'panda_joint4', 'panda_joint5', 'panda_joint6', 'panda_joint7'] pts=1
[fjt] times[0..2]=[0. 4.] times[-3:]=[0. 4.]
[fjt] goal=[ 0.112  0.641 -0.036 -1.421  0.025  2.062 -0.714]
[fjt] final=[ 0.111  0.64  -0.036 -1.423  0.024  2.064 -0.623]
[fjt] err=[-0.001 -0.001  0.    -0.002 -0.001  0.002  0.091]
[fjt] names=['panda_joint1', 'panda_joint2', 'panda_joint3', 'panda_joint4', 'panda_joint5', 'panda_joint6', 'panda_joint7'] pts=1
[fjt] times[0..2]=[0. 4.] times[-3:]=[0. 4.]
[fjt] goal=[ 0.112  0.641 -0.036 -1.421  0.025  2.062 -0.714]
[fjt] final=[ 0.112  0.64  -0.036 -1.422  0.024  2.064 -0.712]
[fjt] err=[-0.    -0.001  0.    -0.001 -0.001  0.002  0.002]
[fjt] names=['panda_joint1', 'panda_joint2', 'panda_joint3', 'panda_joint4', 'panda_joint5', 'panda_joint6', 'panda_joint7'] pts=1
[fjt] times[0..2]=[0. 3.] times[-3:]=[0. 3.]
[fjt] goal=[ 0.075  0.852  0.012 -1.453 -0.012  2.304 -0.694]
[fjt] final=[ 0.075  0.783  0.011 -1.435 -0.009  2.224 -0.698]
[fjt] err=[ 0.    -0.069 -0.001  0.018  0.003 -0.08  -0.004]
[fjt] names=['panda_joint1', 'panda_joint2', 'panda_joint3', 'panda_joint4', 'panda_joint5', 'panda_joint6', 'panda_joint7'] pts=1
[fjt] times[0..2]=[0. 3.] times[-3:]=[0. 3.]
[fjt] goal=[ 0.075  0.852  0.012 -1.453 -0.012  2.304 -0.694]
[fjt] final=[ 0.075  0.787  0.012 -1.431 -0.009  2.235 -0.697]
[fjt] err=[ 0.    -0.065 -0.     0.022  0.003 -0.069 -0.003]
[fjt] names=['panda_joint1', 'panda_joint2', 'panda_joint3', 'panda_joint4', 'panda_joint5', 'panda_joint6', 'panda_joint7'] pts=1
[fjt] times[0..2]=[0. 3.] times[-3:]=[0. 3.]
[fjt] goal=[ 0.075  0.852  0.012 -1.453 -0.012  2.304 -0.694]
[fjt] final=[ 0.075  0.789  0.012 -1.428 -0.009  2.245 -0.697]
[fjt] err=[-0.    -0.063  0.     0.025  0.003 -0.059 -0.003]
[fjt] names=['panda_joint1', 'panda_joint2', 'panda_joint3', 'panda_joint4', 'panda_joint5', 'panda_joint6', 'panda_joint7'] pts=1
[fjt] times[0..2]=[0. 4.] times[-3:]=[0. 4.]
[fjt] goal=[ 0.    -0.161  0.    -2.445  0.     2.227  0.785]
[fjt] final=[ 0.000e+00  3.400e-01  1.000e-03 -1.255e+00 -2.000e-03  1.993e+00
  1.000e-02]
[fjt] err=[ 0.00e+00  5.01e-01  1.00e-03  1.19e+00 -2.00e-03 -2.34e-01 -7.76e-01]
[fjt] names=['panda_joint1', 'panda_joint2', 'panda_joint3', 'panda_joint4', 'panda_joint5', 'panda_joint6', 'panda_joint7'] pts=1
[fjt] times[0..2]=[0. 4.] times[-3:]=[0. 4.]
[fjt] goal=[ 0.    -0.161  0.    -2.445  0.     2.227  0.785]
[fjt] final=[ 0.000e+00 -1.600e-01  1.000e-03 -2.029e+00 -2.000e-03  2.227e+00
  7.170e-01]
[fjt] err=[ 0.     0.001  0.001  0.416 -0.002 -0.    -0.068]
[fjt] names=['panda_joint1', 'panda_joint2', 'panda_joint3', 'panda_joint4', 'panda_joint5', 'panda_joint6', 'panda_joint7'] pts=1
[fjt] times[0..2]=[0. 4.] times[-3:]=[0. 4.]
[fjt] goal=[ 0.    -0.161  0.    -2.445  0.     2.227  0.785]
[fjt] final=[ 0.000e+00 -1.610e-01  0.000e+00 -2.444e+00 -1.000e-03  2.227e+00
  7.830e-01]
[fjt] err=[ 0.     0.001  0.     0.001 -0.001  0.    -0.002]
[fjt] names=['panda_joint1', 'panda_joint2', 'panda_joint3', 'panda_joint4', 'panda_joint5', 'panda_joint6', 'panda_joint7'] pts=1
[fjt] times[0..2]=[0. 4.] times[-3:]=[0. 4.]
[fjt] goal=[ 0.105  0.665 -0.02  -1.529  0.015  2.195 -0.705]
[fjt] final=[ 0.105  0.614 -0.02  -1.68   0.015  2.197  0.081]
[fjt] err=[-0.001 -0.052  0.    -0.151 -0.001  0.002  0.785]
[fjt] names=['panda_joint1', 'panda_joint2', 'panda_joint3', 'panda_joint4', 'panda_joint5', 'panda_joint6', 'panda_joint7'] pts=1
[fjt] times[0..2]=[0. 4.] times[-3:]=[0. 4.]
[fjt] goal=[ 0.105  0.665 -0.02  -1.529  0.015  2.195 -0.705]
[fjt] final=[ 0.105  0.665 -0.02  -1.531  0.015  2.196 -0.624]
[fjt] err=[-0.001 -0.001  0.    -0.001 -0.     0.002  0.081]
[fjt] names=['panda_joint1', 'panda_joint2', 'panda_joint3', 'panda_joint4', 'panda_joint5', 'panda_joint6', 'panda_joint7'] pts=1
[fjt] times[0..2]=[0. 4.] times[-3:]=[0. 4.]
[fjt] goal=[ 0.105  0.665 -0.02  -1.529  0.015  2.195 -0.705]
[fjt] final=[ 0.105  0.665 -0.02  -1.531  0.015  2.196 -0.702]
[fjt] err=[-0.    -0.001  0.    -0.001 -0.     0.002  0.002]
[fjt] names=['panda_joint1', 'panda_joint2', 'panda_joint3', 'panda_joint4', 'panda_joint5', 'panda_joint6', 'panda_joint7'] pts=1
[fjt] times[0..2]=[0. 2.] times[-3:]=[0. 2.]
[fjt] goal=[ 0.105  0.665 -0.02  -1.531  0.015  2.196 -1.08 ]
[fjt] final=[ 0.105  0.665 -0.02  -1.531  0.015  2.196 -1.073]
[fjt] err=[-0.     0.    -0.    -0.     0.    -0.     0.007]
[fjt] names=['panda_joint1', 'panda_joint2', 'panda_joint3', 'panda_joint4', 'panda_joint5', 'panda_joint6', 'panda_joint7'] pts=1
[fjt] times[0..2]=[0. 2.] times[-3:]=[0. 2.]
[fjt] goal=[ 0.105  0.665 -0.02  -1.531  0.015  2.196 -1.08 ]
[fjt] final=[ 0.105  0.665 -0.02  -1.531  0.015  2.196 -1.078]
[fjt] err=[-0.     0.    -0.    -0.     0.    -0.     0.002]
[fjt] names=['panda_joint1', 'panda_joint2', 'panda_joint3', 'panda_joint4', 'panda_joint5', 'panda_joint6', 'panda_joint7'] pts=1
[fjt] times[0..2]=[0. 4.] times[-3:]=[0. 4.]
[fjt] goal=[-0.066  0.675  0.195 -1.528 -0.149  2.188 -0.986]
[fjt] final=[-0.066  0.674  0.195 -1.528 -0.148  2.186 -0.989]
[fjt] err=[-0.    -0.    -0.001  0.001  0.002 -0.002 -0.003]
[fjt] names=['panda_joint1', 'panda_joint2', 'panda_joint3', 'panda_joint4', 'panda_joint5', 'panda_joint6', 'panda_joint7'] pts=1
[fjt] times[0..2]=[0. 3.] times[-3:]=[0. 3.]
[fjt] goal=[-0.168  0.73   0.322 -1.531 -0.268  2.218 -0.922]
[fjt] final=[-0.168  0.73   0.321 -1.53  -0.266  2.215 -0.924]
[fjt] err=[ 0.001 -0.    -0.001  0.001  0.002 -0.002 -0.003]
[fjt] names=['panda_joint1', 'panda_joint2', 'panda_joint3', 'panda_joint4', 'panda_joint5', 'panda_joint6', 'panda_joint7'] pts=1
[fjt] times[0..2]=[0. 3.] times[-3:]=[0. 3.]
[fjt] goal=[-0.27   0.779  0.452 -1.526 -0.393  2.214 -0.855]
[fjt] final=[-0.27   0.779  0.45  -1.527 -0.391  2.215 -0.857]
[fjt] err=[ 0.    -0.001 -0.001 -0.001  0.002  0.002 -0.002]
[fjt] names=['panda_joint1', 'panda_joint2', 'panda_joint3', 'panda_joint4', 'panda_joint5', 'panda_joint6', 'panda_joint7'] pts=1
[fjt] times[0..2]=[0. 3.] times[-3:]=[0. 3.]
[fjt] goal=[-0.364  0.837  0.577 -1.516 -0.523  2.196 -0.788]
[fjt] final=[-0.364  0.837  0.576 -1.517 -0.522  2.198 -0.791]
[fjt] err=[ 0.    -0.001 -0.001 -0.001  0.002  0.002 -0.002]
[fjt] names=['panda_joint1', 'panda_joint2', 'panda_joint3', 'panda_joint4', 'panda_joint5', 'panda_joint6', 'panda_joint7'] pts=1
[fjt] times[0..2]=[0. 3.] times[-3:]=[0. 3.]
[fjt] goal=[-0.447  0.906  0.695 -1.504 -0.655  2.168 -0.726]
[fjt] final=[-0.447  0.905  0.693 -1.506 -0.653  2.17  -0.728]
[fjt] err=[ 0.    -0.001 -0.001 -0.001  0.002  0.002 -0.002]
[fjt] names=['panda_joint1', 'panda_joint2', 'panda_joint3', 'panda_joint4', 'panda_joint5', 'panda_joint6', 'panda_joint7'] pts=1
[fjt] times[0..2]=[0. 3.] times[-3:]=[0. 3.]
[fjt] goal=[-0.538  0.921  0.838 -1.497 -0.745  2.079 -0.685]
[fjt] final=[-0.537  0.922  0.836 -1.499 -0.743  2.081 -0.687]
[fjt] err=[ 0.     0.    -0.002 -0.002  0.002  0.002 -0.002]
[fjt] names=['panda_joint1', 'panda_joint2', 'panda_joint3', 'panda_joint4', 'panda_joint5', 'panda_joint6', 'panda_joint7'] pts=1
[fjt] times[0..2]=[0. 3.] times[-3:]=[0. 3.]
[fjt] goal=[-0.598  0.986  0.945 -1.484 -0.851  2.025 -0.642]
[fjt] final=[-0.598  0.986  0.943 -1.486 -0.85   2.027 -0.645]
[fjt] err=[ 0.     0.    -0.002 -0.002  0.002  0.002 -0.002]
[fjt] names=['panda_joint1', 'panda_joint2', 'panda_joint3', 'panda_joint4', 'panda_joint5', 'panda_joint6', 'panda_joint7'] pts=1
[fjt] times[0..2]=[0. 3.] times[-3:]=[0. 3.]
[fjt] goal=[-0.667  0.989  1.09  -1.465 -0.9    1.902 -0.626]
[fjt] final=[-0.666  0.989  1.088 -1.467 -0.899  1.904 -0.628]
[fjt] err=[ 0.     0.    -0.002 -0.002  0.001  0.002 -0.002]
[fjt] names=['panda_joint1', 'panda_joint2', 'panda_joint3', 'panda_joint4', 'panda_joint5', 'panda_joint6', 'panda_joint7'] pts=1
[fjt] times[0..2]=[0. 3.] times[-3:]=[0. 3.]
[fjt] goal=[-0.701  1.056  1.178 -1.454 -0.99   1.848 -0.595]
[fjt] final=[-0.7    1.056  1.176 -1.455 -0.989  1.85  -0.598]
[fjt] err=[ 0.     0.    -0.003 -0.002  0.001  0.002 -0.002]
[fjt] names=['panda_joint1', 'panda_joint2', 'panda_joint3', 'panda_joint4', 'panda_joint5', 'panda_joint6', 'panda_joint7'] pts=1
[fjt] times[0..2]=[0. 5.] times[-3:]=[0. 5.]
[fjt] goal=[-1.359  0.987  1.3   -1.795 -1.025  1.918 -0.905]
[fjt] final=[-1.359  0.988  1.298 -1.795 -1.024  1.916 -0.903]
[fjt] err=[ 0.001  0.001 -0.002  0.     0.001 -0.002  0.002]
[fjt] names=['panda_joint1', 'panda_joint2', 'panda_joint3', 'panda_joint4', 'panda_joint5', 'panda_joint6', 'panda_joint7'] pts=1
[fjt] times[0..2]=[0. 5.] times[-3:]=[0. 5.]
[fjt] goal=[-1.381  1.077  1.371 -1.784 -1.112  1.845 -0.873]
[fjt] final=[-1.381  1.077  1.369 -1.786 -1.111  1.847 -0.875]
[fjt] err=[ 0.    -0.    -0.003 -0.002  0.001  0.002 -0.002]
[fjt] names=['panda_joint1', 'panda_joint2', 'panda_joint3', 'panda_joint4', 'panda_joint5', 'panda_joint6', 'panda_joint7'] pts=1
[fjt] times[0..2]=[0.  2.5] times[-3:]=[0.  2.5]
[fjt] goal=[-1.387  1.181  1.391 -1.789 -1.218  1.817 -0.839]
[fjt] final=[-1.386  1.181  1.388 -1.788 -1.217  1.819 -0.841]
[fjt] err=[ 0.001 -0.    -0.003  0.     0.001  0.002 -0.002]
[fjt] names=['panda_joint1', 'panda_joint2', 'panda_joint3', 'panda_joint4', 'panda_joint5', 'panda_joint6', 'panda_joint7'] pts=1
[fjt] times[0..2]=[0.  2.5] times[-3:]=[0.  2.5]
[fjt] goal=[-1.392  1.256  1.416 -1.787 -1.29   1.782 -0.82 ]
[fjt] final=[-1.392  1.256  1.413 -1.788 -1.289  1.784 -0.823]
[fjt] err=[ 0.    -0.    -0.003 -0.001  0.001  0.002 -0.002]
[fjt] names=['panda_joint1', 'panda_joint2', 'panda_joint3', 'panda_joint4', 'panda_joint5', 'panda_joint6', 'panda_joint7'] pts=1
[fjt] times[0..2]=[0.  2.5] times[-3:]=[0.  2.5]
[fjt] goal=[-1.398  1.305  1.452 -1.783 -1.333  1.739 -0.812]
[fjt] final=[-1.398  1.305  1.449 -1.784 -1.332  1.74  -0.815]
[fjt] err=[ 0.    -0.    -0.003 -0.001  0.001  0.002 -0.002]
[fjt] names=['panda_joint1', 'panda_joint2', 'panda_joint3', 'panda_joint4', 'panda_joint5', 'panda_joint6', 'panda_joint7'] pts=1
[fjt] times[0..2]=[0.  2.5] times[-3:]=[0.  2.5]
[fjt] goal=[-1.402  1.355  1.471 -1.784 -1.379  1.712 -0.803]
[fjt] final=[-1.402  1.355  1.468 -1.784 -1.378  1.713 -0.806]
[fjt] err=[ 0.    -0.    -0.003 -0.     0.001  0.002 -0.002]
[fjt] names=['panda_joint1', 'panda_joint2', 'panda_joint3', 'panda_joint4', 'panda_joint5', 'panda_joint6', 'panda_joint7'] pts=1
[fjt] times[0..2]=[0.  2.5] times[-3:]=[0.  2.5]
[fjt] goal=[-1.404  1.394  1.487 -1.783 -1.415  1.688 -0.798]
[fjt] final=[-1.404  1.394  1.484 -1.784 -1.414  1.69  -0.8  ]
[fjt] err=[ 0.    -0.    -0.003 -0.001  0.001  0.002 -0.002]
[fjt] names=['panda_joint1', 'panda_joint2', 'panda_joint3', 'panda_joint4', 'panda_joint5', 'panda_joint6', 'panda_joint7'] pts=1
[fjt] times[0..2]=[0.  2.5] times[-3:]=[0.  2.5]
[fjt] goal=[-1.405  1.427  1.499 -1.782 -1.445  1.671 -0.795]
[fjt] final=[-1.405  1.425  1.503 -1.784 -1.441  1.671 -0.796]
[fjt] err=[ 0.    -0.002  0.004 -0.001  0.004  0.001 -0.002]
[fjt] names=['panda_joint1', 'panda_joint2', 'panda_joint3', 'panda_joint4', 'panda_joint5', 'panda_joint6', 'panda_joint7'] pts=1
[fjt] times[0..2]=[0.  2.5] times[-3:]=[0.  2.5]
[fjt] goal=[-1.409  1.453  1.511 -1.783 -1.467  1.654 -0.794]
[fjt] final=[-1.408  1.449  1.519 -1.784 -1.462  1.655 -0.796]
[fjt] err=[ 0.    -0.003  0.008 -0.001  0.005  0.001 -0.001]
[fjt] names=['panda_joint1', 'panda_joint2', 'panda_joint3', 'panda_joint4', 'panda_joint5', 'panda_joint6', 'panda_joint7'] pts=1
[fjt] times[0..2]=[0.  2.5] times[-3:]=[0.  2.5]
[fjt] goal=[-1.412  1.474  1.521 -1.785 -1.487  1.64  -0.793]
[fjt] final=[-1.412  1.47   1.532 -1.786 -1.481  1.642 -0.794]
[fjt] err=[ 0.001 -0.004  0.011 -0.001  0.006  0.002 -0.001]
[fjt] names=['panda_joint1', 'panda_joint2', 'panda_joint3', 'panda_joint4', 'panda_joint5', 'panda_joint6', 'panda_joint7'] pts=1
[fjt] times[0..2]=[0. 3.] times[-3:]=[0. 3.]
[fjt] goal=[-1.405  1.413  1.644 -1.756 -1.403  1.529 -0.801]
[fjt] final=[-1.406  1.414  1.643 -1.757 -1.404  1.531 -0.798]
[fjt] err=[-0.     0.001 -0.001 -0.001 -0.002  0.002  0.002]
[fjt] names=['panda_joint1', 'panda_joint2', 'panda_joint3', 'panda_joint4', 'panda_joint5', 'panda_joint6', 'panda_joint7'] pts=1
[fjt] times[0..2]=[0. 3.] times[-3:]=[0. 3.]
[fjt] goal=[-1.375  1.361  1.769 -1.678 -1.338  1.401 -0.817]
[fjt] final=[-1.375  1.362  1.768 -1.679 -1.339  1.403 -0.814]
[fjt] err=[-0.     0.001 -0.001 -0.001 -0.001  0.002  0.002]
