[robosuite WARNING] No private macro file found! (__init__.py:7)
[robosuite WARNING] It is recommended to use a private macro file (__init__.py:8)
[robosuite WARNING] To setup, run: python /storage/home/yehe8/.openrua/simulators/cap-x/capx/third_party/libero_dependencies/robosuite/robosuite/scripts/setup_macros.py (__init__.py:9)
Gym has been unmaintained since 2022 and does not support NumPy 2.0 amongst other critical functionality.
Please upgrade to Gymnasium, the maintained drop-in replacement of Gym, or contact the authors of your software and request that they upgrade.
See the migration guide at https://gymnasium.farama.org/introduction/migration_guide/ for additional information.
[info] Using default task order for benchmark 'libero_10_task' (10 tasks).
[Warning]: datasets path /storage/home/yehe8/.openrua/simulators/cap-x/capx/third_party/LIBERO-PRO/libero/datasets does not exist!
[Warning]: datasets path /storage/home/yehe8/.openrua/simulators/cap-x/capx/third_party/LIBERO-PRO/libero/datasets does not exist!
robot ready
[Warning]: datasets path /storage/home/yehe8/.openrua/simulators/cap-x/capx/third_party/LIBERO-PRO/libero/datasets does not exist!
[fjt] names=['panda_joint1', 'panda_joint2', 'panda_joint3', 'panda_joint4', 'panda_joint5', 'panda_joint6', 'panda_joint7'] pts=1
[fjt] times[0..2]=[0. 4.] times[-3:]=[0. 4.]
[fjt] goal=[ 0.075  0.587 -0.032 -1.459  0.02   2.045 -0.747]
[fjt] final=[ 0.074  0.58  -0.032 -1.679  0.019  2.047  0.077]
[fjt] err=[-0.001 -0.006  0.    -0.22  -0.001  0.002  0.824]
[fjt] names=['panda_joint1', 'panda_joint2', 'panda_joint3', 'panda_joint4', 'panda_joint5', 'panda_joint6', 'panda_joint7'] pts=1
[fjt] times[0..2]=[0. 4.] times[-3:]=[0. 4.]
[fjt] goal=[ 0.074  0.587 -0.032 -1.459  0.02   2.045 -0.747]
[fjt] final=[ 0.074  0.586 -0.032 -1.46   0.02   2.047 -0.629]
[fjt] err=[-0.001 -0.001  0.    -0.001 -0.001  0.002  0.118]
[fjt] names=['panda_joint1', 'panda_joint2', 'panda_joint3', 'panda_joint4', 'panda_joint5', 'panda_joint6', 'panda_joint7'] pts=1
[fjt] times[0..2]=[0. 3.] times[-3:]=[0. 3.]
[fjt] goal=[ 0.074  0.587 -0.032 -1.459  0.02   2.045 -0.747]
[fjt] final=[ 0.074  0.586 -0.032 -1.46   0.02   2.047 -0.745]
[fjt] err=[-0.    -0.001  0.    -0.001 -0.001  0.001  0.002]
[fjt] names=['panda_joint1', 'panda_joint2', 'panda_joint3', 'panda_joint4', 'panda_joint5', 'panda_joint6', 'panda_joint7'] pts=1
[fjt] times[0..2]=[0. 3.] times[-3:]=[0. 3.]
[fjt] goal=[ 0.071  0.84  -0.026 -1.504  0.027  2.344 -0.751]
[fjt] final=[ 0.071  0.757 -0.028 -1.483  0.026  2.245 -0.749]
[fjt] err=[ 0.    -0.084 -0.002  0.02  -0.001 -0.099  0.002]
[fjt] names=['panda_joint1', 'panda_joint2', 'panda_joint3', 'panda_joint4', 'panda_joint5', 'panda_joint6', 'panda_joint7'] pts=1
[fjt] times[0..2]=[0. 3.] times[-3:]=[0. 3.]
[fjt] goal=[ 0.07   0.84  -0.026 -1.504  0.027  2.344 -0.751]
[fjt] final=[ 0.071  0.759 -0.028 -1.48   0.026  2.253 -0.749]
[fjt] err=[ 0.    -0.081 -0.002  0.024 -0.001 -0.091  0.002]
[fjt] names=['panda_joint1', 'panda_joint2', 'panda_joint3', 'panda_joint4', 'panda_joint5', 'panda_joint6', 'panda_joint7'] pts=1
[fjt] times[0..2]=[0. 3.] times[-3:]=[0. 3.]
[fjt] goal=[ 0.075  0.587 -0.032 -1.459  0.02   2.045 -0.745]
[fjt] final=[ 0.075  0.587 -0.031 -1.46   0.021  2.047 -0.748]
[fjt] err=[-0.     0.     0.001 -0.001  0.001  0.002 -0.002]
[fjt] names=['panda_joint1', 'panda_joint2', 'panda_joint3', 'panda_joint4', 'panda_joint5', 'panda_joint6', 'panda_joint7'] pts=1
[fjt] times[0..2]=[0. 3.] times[-3:]=[0. 3.]
[fjt] goal=[ 0.076  0.672 -0.03  -1.504  0.023  2.176 -0.746]
[fjt] final=[ 0.076  0.672 -0.03  -1.503  0.021  2.174 -0.748]
[fjt] err=[-0.    -0.    -0.     0.001 -0.001 -0.002 -0.002]
[fjt] names=['panda_joint1', 'panda_joint2', 'panda_joint3', 'panda_joint4', 'panda_joint5', 'panda_joint6', 'panda_joint7'] pts=1
[fjt] times[0..2]=[0. 2.] times[-3:]=[0. 2.]
[fjt] goal=[ 0.075  0.717 -0.029 -1.513  0.024  2.229 -0.747]
[fjt] final=[ 0.076  0.717 -0.03  -1.512  0.023  2.227 -0.747]
[fjt] err=[ 0.    -0.    -0.001  0.001 -0.001 -0.002 -0.001]
[fjt] names=['panda_joint1', 'panda_joint2', 'panda_joint3', 'panda_joint4', 'panda_joint5', 'panda_joint6', 'panda_joint7'] pts=1
[fjt] times[0..2]=[0. 3.] times[-3:]=[0. 3.]
[fjt] goal=[ 0.077  0.622 -0.031 -1.48   0.021  2.102 -0.745]
[fjt] final=[ 0.076  0.623 -0.031 -1.483  0.023  2.104 -0.747]
[fjt] err=[-0.     0.001  0.001 -0.002  0.001  0.002 -0.002]
[fjt] names=['panda_joint1', 'panda_joint2', 'panda_joint3', 'panda_joint4', 'panda_joint5', 'panda_joint6', 'panda_joint7'] pts=1
[fjt] times[0..2]=[0. 4.] times[-3:]=[0. 4.]
[fjt] goal=[-0.23   0.385 -0.114 -1.756  0.051  2.138 -1.149]
[fjt] final=[-0.23   0.386 -0.114 -1.756  0.049  2.136 -1.147]
[fjt] err=[ 0.     0.002  0.001 -0.    -0.001 -0.002  0.003]
[fjt] names=['panda_joint1', 'panda_joint2', 'panda_joint3', 'panda_joint4', 'panda_joint5', 'panda_joint6', 'panda_joint7'] pts=1
[fjt] times[0..2]=[0. 3.] times[-3:]=[0. 3.]
[fjt] goal=[-0.235  0.474 -0.107 -1.806  0.064  2.277 -1.158]
[fjt] final=[-0.235  0.474 -0.108 -1.807  0.063  2.274 -1.155]
[fjt] err=[ 0.     0.001 -0.001 -0.    -0.001 -0.002  0.002]
[fjt] names=['panda_joint1', 'panda_joint2', 'panda_joint3', 'panda_joint4', 'panda_joint5', 'panda_joint6', 'panda_joint7'] pts=1
[fjt] times[0..2]=[0. 3.] times[-3:]=[0. 3.]
[fjt] goal=[-0.228  0.345 -0.118 -1.709  0.045  2.051 -1.145]
[fjt] final=[-0.229  0.345 -0.117 -1.71   0.046  2.053 -1.148]
[fjt] err=[-0.     0.     0.001 -0.001  0.001  0.002 -0.002]
[fjt] names=['panda_joint1', 'panda_joint2', 'panda_joint3', 'panda_joint4', 'panda_joint5', 'panda_joint6', 'panda_joint7'] pts=1
[fjt] times[0..2]=[0. 4.] times[-3:]=[0. 4.]
[fjt] goal=[ 0.029 -0.305 -0.026 -2.242 -0.008  1.938 -0.778]
[fjt] final=[ 0.029 -0.304 -0.027 -2.241 -0.007  1.939 -0.781]
[fjt] err=[-0.     0.001 -0.001  0.001  0.001  0.002 -0.003]
