== above box
  move_line: error_code=0 max_joint_err=0.0027 tcp=[ 0.094 -0.177  0.6  ] (target [ 0.094 -0.178  0.6  ], off 0.7mm)
  box: n=5226 centre=[ 0.0997 -0.176 ] axis_yaw=-179.8 grasp_yaw=0.2 len=0.081 wid=0.042 ztop=0.455
  move_line: error_code=0 max_joint_err=0.0020 tcp=[ 0.1   -0.177  0.6  ] (target [ 0.1   -0.176  0.6  ], off 0.5mm)
  box: n=5040 centre=[ 0.1015 -0.176 ] axis_yaw=179.6 grasp_yaw=-0.4 len=0.078 wid=0.042 ztop=0.455
  move_line: error_code=0 max_joint_err=0.0020 tcp=[ 0.101 -0.176  0.6  ] (target [ 0.101 -0.176  0.6  ], off 0.2mm)
== slow straight descent
  move_line: error_code=0 max_joint_err=0.0024 tcp=[ 0.101 -0.176  0.445] (target [ 0.101 -0.176  0.445], off 0.6mm)
  tcp [ 0.1009 -0.1761  0.4451] wrench [-3.13612956e-03 -1.02485046e-02 -5.10170635e+00]
== close
  gripper(0.0): reached=True stalled=False gap=0.0421
== lift
  move_line: error_code=0 max_joint_err=0.0023 tcp=[ 0.102 -0.176  0.719] (target [ 0.101 -0.176  0.72 ], off 0.7mm)
  gap after lift 0.04221686109464226
== transit over basket
  move_line: error_code=0 max_joint_err=0.0026 tcp=[-0.01   0.253  0.72 ] (target [-0.01   0.253  0.72 ], off 0.4mm)
== lower into basket
  move_line: error_code=0 max_joint_err=0.0024 tcp=[-0.01   0.253  0.6  ] (target [-0.01   0.253  0.6  ], off 0.4mm)
  gap 0.04221791412309134
== release
  gripper(0.04): reached=True stalled=False gap=0.0726
== retreat up
  move_line: error_code=0 max_joint_err=0.0024 tcp=[-0.01   0.253  0.8  ] (target [-0.01   0.253  0.8  ], off 0.5mm)
gap 0.07996485686957318
