[robosuite WARNING] No private macro file found! (__init__.py:7)
[robosuite WARNING] It is recommended to use a private macro file (__init__.py:8)
[robosuite WARNING] To setup, run: python /storage/home/yehe8/.openrua/simulators/cap-x/capx/third_party/libero_dependencies/robosuite/robosuite/scripts/setup_macros.py (__init__.py:9)
Gym has been unmaintained since 2022 and does not support NumPy 2.0 amongst other critical functionality.
Please upgrade to Gymnasium, the maintained drop-in replacement of Gym, or contact the authors of your software and request that they upgrade.
See the migration guide at https://gymnasium.farama.org/introduction/migration_guide/ for additional information.
[info] Using default task order for benchmark 'libero_10_swap' (10 tasks).
[Warning]: datasets path /storage/home/yehe8/.openrua/simulators/cap-x/capx/third_party/LIBERO-PRO/libero/datasets does not exist!
[Warning]: datasets path /storage/home/yehe8/.openrua/simulators/cap-x/capx/third_party/LIBERO-PRO/libero/datasets does not exist!
robot ready
[Warning]: datasets path /storage/home/yehe8/.openrua/simulators/cap-x/capx/third_party/LIBERO-PRO/libero/datasets does not exist!
[fjt] names=['panda_joint1', 'panda_joint2', 'panda_joint3', 'panda_joint4', 'panda_joint5', 'panda_joint6', 'panda_joint7'] pts=1
[fjt] times[0..2]=[0. 4.] times[-3:]=[0. 4.]
[fjt] goal=[-0.306 -0.151 -0.496 -2.928  2.301  1.861  0.992]
[fjt] final=[-0.306 -0.152 -0.495 -2.928  0.703  1.862  0.989]
[fjt] err=[ 0.000e+00 -0.000e+00  1.000e-03  0.000e+00 -1.598e+00  1.000e-03
 -3.000e-03]
[fjt] names=['panda_joint1', 'panda_joint2', 'panda_joint3', 'panda_joint4', 'panda_joint5', 'panda_joint6', 'panda_joint7'] pts=1
[fjt] times[0..2]=[0. 2.] times[-3:]=[0. 2.]
[fjt] goal=[-0.306 -0.151 -0.496 -2.928  2.301  1.861  0.992]
[fjt] final=[-0.306 -0.152 -0.495 -2.928  1.154  1.862  0.99 ]
[fjt] err=[ 0.000e+00 -0.000e+00  1.000e-03  0.000e+00 -1.147e+00  1.000e-03
 -2.000e-03]
[fjt] names=['panda_joint1', 'panda_joint2', 'panda_joint3', 'panda_joint4', 'panda_joint5', 'panda_joint6', 'panda_joint7'] pts=1
[fjt] times[0..2]=[0. 3.] times[-3:]=[0. 3.]
[fjt] goal=[-0.669  0.664 -0.154 -2.678  2.334  1.368  0.712]
[fjt] final=[-0.669  0.467 -0.154 -2.678  1.755  1.37   0.712]
[fjt] err=[ 0.001 -0.197 -0.001 -0.    -0.579  0.002  0.001]
[fjt] names=['panda_joint1', 'panda_joint2', 'panda_joint3', 'panda_joint4', 'panda_joint5', 'panda_joint6', 'panda_joint7'] pts=1
[fjt] times[0..2]=[0. 2.] times[-3:]=[0. 2.]
[fjt] goal=[-0.669  0.664 -0.154 -2.678  2.334  1.368  0.712]
[fjt] final=[-0.669  0.663 -0.154 -2.678  2.189  1.369  0.712]
[fjt] err=[ 0.001 -0.001 -0.    -0.    -0.145  0.002  0.   ]
[fjt] names=['panda_joint1', 'panda_joint2', 'panda_joint3', 'panda_joint4', 'panda_joint5', 'panda_joint6', 'panda_joint7'] pts=1
[fjt] times[0..2]=[0. 3.] times[-3:]=[0. 3.]
[fjt] goal=[-0.697  0.662 -0.134 -2.676  2.323  1.379  0.702]
[fjt] final=[-0.696  0.662 -0.135 -2.677  2.322  1.377  0.704]
[fjt] err=[ 0.     0.    -0.001 -0.001 -0.002 -0.002  0.002]
[fjt] names=['panda_joint1', 'panda_joint2', 'panda_joint3', 'panda_joint4', 'panda_joint5', 'panda_joint6', 'panda_joint7'] pts=1
[fjt] times[0..2]=[0. 2.] times[-3:]=[0. 2.]
[fjt] goal=[-0.641  0.668 -0.033 -2.551  2.473  1.498  0.754]
[fjt] final=[-0.641  0.667 -0.034 -2.553  2.471  1.496  0.752]
[fjt] err=[-0.    -0.001 -0.001 -0.001 -0.002 -0.002 -0.002]
[fjt] names=['panda_joint1', 'panda_joint2', 'panda_joint3', 'panda_joint4', 'panda_joint5', 'panda_joint6', 'panda_joint7'] pts=1
[fjt] times[0..2]=[0. 3.] times[-3:]=[0. 3.]
[fjt] goal=[-0.624  0.174 -0.018 -2.736  2.487  1.754  0.928]
[fjt] final=[-0.624  0.176 -0.019 -2.736  2.485  1.754  0.926]
[fjt] err=[-0.     0.002 -0.001 -0.    -0.002 -0.    -0.002]
[fjt] names=['panda_joint1', 'panda_joint2', 'panda_joint3', 'panda_joint4', 'panda_joint5', 'panda_joint6', 'panda_joint7'] pts=4
[fjt] times[0..2]=[0.  1.5 3. ] times[-3:]=[3.  4.5 6. ]
[fjt] goal=[-0.231  0.948  0.058 -1.361  1.963  2.024  1.513]
[fjt] final=[-0.234  0.895  0.056 -1.625  1.967  2.01   1.523]
[fjt] err=[-0.003 -0.053 -0.002 -0.264  0.004 -0.014  0.01 ]
[fjt] names=['panda_joint1', 'panda_joint2', 'panda_joint3', 'panda_joint4', 'panda_joint5', 'panda_joint6', 'panda_joint7'] pts=1
[fjt] times[0..2]=[0. 2.] times[-3:]=[0. 2.]
[fjt] goal=[-0.231  0.948  0.058 -1.361  1.963  2.024  1.513]
[fjt] final=[-0.231  0.948  0.057 -1.364  1.964  2.023  1.515]
[fjt] err=[ 0.     0.    -0.001 -0.003  0.    -0.001  0.002]
[fjt] names=['panda_joint1', 'panda_joint2', 'panda_joint3', 'panda_joint4', 'panda_joint5', 'panda_joint6', 'panda_joint7'] pts=1
[fjt] times[0..2]=[0. 3.] times[-3:]=[0. 3.]
[fjt] goal=[-0.23   1.152  0.055 -1.223  1.981  1.993  1.448]
[fjt] final=[-0.231  1.15   0.056 -1.226  1.979  1.993  1.452]
[fjt] err=[-0.    -0.002  0.    -0.002 -0.002  0.001  0.003]
[fjt] names=['panda_joint1', 'panda_joint2', 'panda_joint3', 'panda_joint4', 'panda_joint5', 'panda_joint6', 'panda_joint7'] pts=1
[fjt] times[0..2]=[0. 2.] times[-3:]=[0. 2.]
[fjt] goal=[-0.305  1.053  0.036 -1.412  1.955  1.897  1.391]
[fjt] final=[-0.305  1.054  0.037 -1.41   1.956  1.9    1.393]
[fjt] err=[0.    0.001 0.001 0.002 0.001 0.002 0.002]
[fjt] names=['panda_joint1', 'panda_joint2', 'panda_joint3', 'panda_joint4', 'panda_joint5', 'panda_joint6', 'panda_joint7'] pts=1
[fjt] times[0..2]=[0. 2.] times[-3:]=[0. 2.]
[fjt] goal=[-0.299  0.755  0.036 -1.573  1.924  1.951  1.524]
[fjt] final=[-0.299  0.756  0.036 -1.572  1.925  1.949  1.522]
[fjt] err=[-0.     0.001  0.001  0.001  0.001 -0.002 -0.002]
[fjt] names=['panda_joint1', 'panda_joint2', 'panda_joint3', 'panda_joint4', 'panda_joint5', 'panda_joint6', 'panda_joint7'] pts=1
[fjt] times[0..2]=[0. 4.] times[-3:]=[0. 4.]
[fjt] goal=[ 0.    -0.161  0.    -2.445  0.     2.227  0.785]
[fjt] final=[-1.000e-03 -1.600e-02  0.000e+00 -2.352e+00  1.201e+00  2.225e+00
  8.800e-01]
[fjt] err=[-1.000e-03  1.450e-01  0.000e+00  9.200e-02  1.201e+00 -2.000e-03
  9.500e-02]
[fjt] names=['panda_joint1', 'panda_joint2', 'panda_joint3', 'panda_joint4', 'panda_joint5', 'panda_joint6', 'panda_joint7'] pts=1
[fjt] times[0..2]=[0. 4.] times[-3:]=[0. 4.]
[fjt] goal=[ 0.    -0.161  0.    -2.445  0.     2.227  0.785]
[fjt] final=[-0.    -0.16   0.    -2.443  0.444  2.225  0.789]
[fjt] err=[-0.     0.001  0.     0.001  0.444 -0.001  0.003]
[fjt] names=['panda_joint1', 'panda_joint2', 'panda_joint3', 'panda_joint4', 'panda_joint5', 'panda_joint6', 'panda_joint7'] pts=1
[fjt] times[0..2]=[0. 2.] times[-3:]=[0. 2.]
[fjt] goal=[ 0.    -0.161  0.    -2.445  0.     2.227  0.785]
[fjt] final=[-0.    -0.16   0.    -2.443  0.019  2.225  0.788]
[fjt] err=[-0.     0.001  0.     0.001  0.019 -0.001  0.003]
[fjt] names=['panda_joint1', 'panda_joint2', 'panda_joint3', 'panda_joint4', 'panda_joint5', 'panda_joint6', 'panda_joint7'] pts=1
[fjt] times[0..2]=[0. 2.] times[-3:]=[0. 2.]
[fjt] goal=[ 0.    -0.161  0.    -2.445  0.     2.227  0.785]
[fjt] final=[-0.000e+00 -1.610e-01  0.000e+00 -2.443e+00  1.000e-03  2.226e+00
  7.870e-01]
[fjt] err=[-0.     0.001  0.     0.001  0.001 -0.001  0.002]
[fjt] names=['panda_joint1', 'panda_joint2', 'panda_joint3', 'panda_joint4', 'panda_joint5', 'panda_joint6', 'panda_joint7'] pts=1
[fjt] times[0..2]=[0.         4.92496141] times[-3:]=[0.         4.92496141]
[fjt] goal=[ 0.446  0.196  0.19  -2.482 -2.461  1.922  0.469]
[fjt] final=[ 0.446  0.196  0.189 -2.482 -0.857  1.923  0.472]
[fjt] err=[-0.000e+00 -0.000e+00 -1.000e-03  0.000e+00  1.605e+00  1.000e-03
  3.000e-03]
[fjt] names=['panda_joint1', 'panda_joint2', 'panda_joint3', 'panda_joint4', 'panda_joint5', 'panda_joint6', 'panda_joint7'] pts=1
[fjt] times[0..2]=[0.         3.20929031] times[-3:]=[0.         3.20929031]
[fjt] goal=[ 0.446  0.196  0.19  -2.482 -2.461  1.922  0.469]
[fjt] final=[ 0.446  0.196  0.189 -2.482 -1.496  1.923  0.471]
[fjt] err=[-0.    -0.    -0.001  0.     0.965  0.001  0.002]
[fjt] names=['panda_joint1', 'panda_joint2', 'panda_joint3', 'panda_joint4', 'panda_joint5', 'panda_joint6', 'panda_joint7'] pts=1
[fjt] times[0..2]=[0. 2.] times[-3:]=[0. 2.]
[fjt] goal=[ 0.446  0.196  0.19  -2.482 -2.461  1.922  0.469]
[fjt] final=[ 0.446  0.196  0.189 -2.482 -1.944  1.923  0.471]
[fjt] err=[-0.    -0.    -0.001  0.     0.517  0.001  0.002]
[fjt] names=['panda_joint1', 'panda_joint2', 'panda_joint3', 'panda_joint4', 'panda_joint5', 'panda_joint6', 'panda_joint7'] pts=1
[fjt] times[0..2]=[0. 2.] times[-3:]=[0. 2.]
[fjt] goal=[ 0.446  0.196  0.19  -2.482 -2.461  1.922  0.469]
[fjt] final=[ 0.446  0.196  0.189 -2.482 -2.381  1.922  0.471]
[fjt] err=[-0.    -0.    -0.001  0.     0.08   0.001  0.002]
[fjt] names=['panda_joint1', 'panda_joint2', 'panda_joint3', 'panda_joint4', 'panda_joint5', 'panda_joint6', 'panda_joint7'] pts=1
[fjt] times[0..2]=[0. 2.] times[-3:]=[0. 2.]
[fjt] goal=[ 0.446  0.196  0.19  -2.482 -2.461  1.922  0.469]
[fjt] final=[ 0.446  0.196  0.189 -2.482 -2.46   1.922  0.47 ]
[fjt] err=[-0.    -0.    -0.     0.     0.001  0.001  0.002]
[fjt] names=['panda_joint1', 'panda_joint2', 'panda_joint3', 'panda_joint4', 'panda_joint5', 'panda_joint6', 'panda_joint7'] pts=1
[fjt] times[0..2]=[0. 3.] times[-3:]=[0. 3.]
[fjt] goal=[ 0.51   0.74   0.144 -2.299 -2.528  1.603  0.644]
[fjt] final=[ 0.51   0.738  0.145 -2.3   -2.526  1.604  0.642]
[fjt] err=[-0.    -0.002  0.001 -0.001  0.001  0.001 -0.002]
[fjt] names=['panda_joint1', 'panda_joint2', 'panda_joint3', 'panda_joint4', 'panda_joint5', 'panda_joint6', 'panda_joint7'] pts=1
[fjt] times[0..2]=[0. 2.] times[-3:]=[0. 2.]
[fjt] goal=[ 0.464  0.802  0.098 -2.111 -2.603  1.734  0.607]
[fjt] final=[ 0.464  0.801  0.099 -2.113 -2.601  1.731  0.609]
[fjt] err=[ 0.    -0.001  0.001 -0.002  0.002 -0.002  0.002]
[fjt] names=['panda_joint1', 'panda_joint2', 'panda_joint3', 'panda_joint4', 'panda_joint5', 'panda_joint6', 'panda_joint7'] pts=1
[fjt] times[0..2]=[0. 3.] times[-3:]=[0. 3.]
[fjt] goal=[ 0.445  0.44   0.106 -2.26  -2.561  1.925  0.509]
[fjt] final=[ 0.445  0.442  0.105 -2.261 -2.562  1.925  0.512]
[fjt] err=[ 0.     0.002 -0.001 -0.    -0.001 -0.     0.003]
[fjt] names=['panda_joint1', 'panda_joint2', 'panda_joint3', 'panda_joint4', 'panda_joint5', 'panda_joint6', 'panda_joint7'] pts=4
[fjt] times[0..2]=[0.  1.5 3. ] times[-3:]=[3.  4.5 6. ]
[fjt] goal=[ 0.228  0.996  0.085 -1.286 -1.969  1.908 -0.026]
[fjt] final=[ 0.228  0.997  0.084 -1.32  -1.97   1.912 -0.025]
[fjt] err=[ 0.     0.    -0.001 -0.035 -0.001  0.004  0.001]
[fjt] names=['panda_joint1', 'panda_joint2', 'panda_joint3', 'panda_joint4', 'panda_joint5', 'panda_joint6', 'panda_joint7'] pts=1
[fjt] times[0..2]=[0. 2.] times[-3:]=[0. 2.]
[fjt] goal=[ 0.228  0.996  0.085 -1.286 -1.969  1.908 -0.026]
[fjt] final=[ 0.228  0.998  0.084 -1.288 -1.969  1.911 -0.025]
[fjt] err=[ 0.     0.001 -0.001 -0.002 -0.     0.003  0.001]
[fjt] names=['panda_joint1', 'panda_joint2', 'panda_joint3', 'panda_joint4', 'panda_joint5', 'panda_joint6', 'panda_joint7'] pts=1
[fjt] times[0..2]=[0. 3.] times[-3:]=[0. 3.]
[fjt] goal=[ 0.24   1.205  0.076 -1.134 -1.992  1.89   0.033]
[fjt] final=[ 0.241  1.201  0.076 -1.131 -1.997  1.889  0.024]
[fjt] err=[ 0.001 -0.005  0.001  0.004 -0.005 -0.001 -0.009]
[fjt] names=['panda_joint1', 'panda_joint2', 'panda_joint3', 'panda_joint4', 'panda_joint5', 'panda_joint6', 'panda_joint7'] pts=1
[fjt] times[0..2]=[0. 2.] times[-3:]=[0. 2.]
[fjt] goal=[ 0.302  1.113  0.101 -1.311 -1.963  1.79   0.089]
[fjt] final=[ 0.302  1.114  0.101 -1.309 -1.965  1.793  0.087]
[fjt] err=[-0.     0.001 -0.     0.002 -0.002  0.003 -0.002]
[fjt] names=['panda_joint1', 'panda_joint2', 'panda_joint3', 'panda_joint4', 'panda_joint5', 'panda_joint6', 'panda_joint7'] pts=1
[fjt] times[0..2]=[0. 2.] times[-3:]=[0. 2.]
[fjt] goal=[ 0.28   0.814  0.119 -1.485 -1.921  1.83  -0.033]
[fjt] final=[ 0.28   0.815  0.118 -1.484 -1.922  1.828 -0.03 ]
[fjt] err=[ 0.     0.001 -0.001  0.001 -0.001 -0.002  0.002]
[fjt] names=['panda_joint1', 'panda_joint2', 'panda_joint3', 'panda_joint4', 'panda_joint5', 'panda_joint6', 'panda_joint7'] pts=1
[fjt] times[0..2]=[ 0.         10.94288058] times[-3:]=[ 0.         10.94288058]
[fjt] goal=[ 0.    -0.161  0.    -2.445  0.     2.227  0.785]
[fjt] final=[ 0.000e+00 -1.600e-01  1.000e-03 -2.443e+00 -1.460e-01  2.225e+00
  7.820e-01]
[fjt] err=[ 0.     0.001  0.001  0.001 -0.146 -0.002 -0.004]
[fjt] names=['panda_joint1', 'panda_joint2', 'panda_joint3', 'panda_joint4', 'panda_joint5', 'panda_joint6', 'panda_joint7'] pts=1
[fjt] times[0..2]=[0. 2.] times[-3:]=[0. 2.]
[fjt] goal=[ 0.    -0.161  0.    -2.445  0.     2.227  0.785]
[fjt] final=[ 0.000e+00 -1.600e-01  0.000e+00 -2.443e+00 -1.000e-03  2.225e+00
  7.830e-01]
[fjt] err=[ 0.     0.001  0.     0.001 -0.001 -0.002 -0.002]
[fjt] names=['panda_joint1', 'panda_joint2', 'panda_joint3', 'panda_joint4', 'panda_joint5', 'panda_joint6', 'panda_joint7'] pts=1
[fjt] times[0..2]=[0. 4.] times[-3:]=[0. 4.]
[fjt] goal=[ 0.103  1.082  0.101 -0.716 -0.091  1.795 -0.119]
[fjt] final=[ 0.103  0.621  0.1   -1.666 -0.09   1.797  0.104]
[fjt] err=[-0.    -0.462 -0.001 -0.95   0.002  0.002  0.223]
[fjt] names=['panda_joint1', 'panda_joint2', 'panda_joint3', 'panda_joint4', 'panda_joint5', 'panda_joint6', 'panda_joint7'] pts=1
[fjt] times[0..2]=[0. 2.] times[-3:]=[0. 2.]
[fjt] goal=[ 0.103  1.082  0.101 -0.716 -0.091  1.795 -0.119]
[fjt] final=[ 0.104  1.042  0.104 -1.204 -0.09   1.786 -0.112]
[fjt] err=[ 0.001 -0.041  0.003 -0.488  0.001 -0.01   0.007]
[fjt] names=['panda_joint1', 'panda_joint2', 'panda_joint3', 'panda_joint4', 'panda_joint5', 'panda_joint6', 'panda_joint7'] pts=1
[fjt] times[0..2]=[0. 2.] times[-3:]=[0. 2.]
[fjt] goal=[ 0.103  1.082  0.101 -0.716 -0.091  1.795 -0.119]
[fjt] final=[ 0.103  1.082  0.101 -0.761 -0.09   1.792 -0.116]
[fjt] err=[ 0.    -0.001  0.001 -0.045  0.001 -0.003  0.002]
[fjt] names=['panda_joint1', 'panda_joint2', 'panda_joint3', 'panda_joint4', 'panda_joint5', 'panda_joint6', 'panda_joint7'] pts=1
[fjt] times[0..2]=[0. 2.] times[-3:]=[0. 2.]
[fjt] goal=[ 0.103  1.082  0.101 -0.716 -0.091  1.795 -0.119]
[fjt] final=[ 0.103  1.082  0.101 -0.717 -0.09   1.794 -0.117]
[fjt] err=[ 0.    -0.001  0.    -0.001  0.001 -0.002  0.002]
[fjt] names=['panda_joint1', 'panda_joint2', 'panda_joint3', 'panda_joint4', 'panda_joint5', 'panda_joint6', 'panda_joint7'] pts=1
[fjt] times[0..2]=[0. 3.] times[-3:]=[0. 3.]
[fjt] goal=[ 0.101  1.191  0.097 -0.774 -0.097  1.962 -0.115]
[fjt] final=[ 0.102  1.184  0.097 -0.766 -0.097  1.959 -0.116]
[fjt] err=[ 0.    -0.007  0.001  0.008  0.    -0.003 -0.001]
[fjt] names=['panda_joint1', 'panda_joint2', 'panda_joint3', 'panda_joint4', 'panda_joint5', 'panda_joint6', 'panda_joint7'] pts=1
[fjt] times[0..2]=[0. 3.] times[-3:]=[0. 3.]
[fjt] goal=[ 0.103  1.093  0.101 -0.713 -0.092  1.815 -0.119]
[fjt] final=[ 0.103  1.093  0.1   -0.714 -0.093  1.817 -0.117]
[fjt] err=[-0.     0.    -0.    -0.001 -0.001  0.002  0.002]
[fjt] names=['panda_joint1', 'panda_joint2', 'panda_joint3', 'panda_joint4', 'panda_joint5', 'panda_joint6', 'panda_joint7'] pts=1
[fjt] times[0..2]=[0.         9.18686256] times[-3:]=[0.         9.18686256]
[fjt] goal=[ 0.    -0.161  0.    -2.445  0.     2.227  0.785]
[fjt] final=[ 0.000e+00 -1.600e-01  0.000e+00 -2.281e+00 -1.000e-03  2.227e+00
  7.830e-01]
[fjt] err=[ 0.     0.001  0.     0.164 -0.001 -0.    -0.002]
[fjt] names=['panda_joint1', 'panda_joint2', 'panda_joint3', 'panda_joint4', 'panda_joint5', 'panda_joint6', 'panda_joint7'] pts=1
[fjt] times[0..2]=[0. 2.] times[-3:]=[0. 2.]
[fjt] goal=[ 0.    -0.161  0.    -2.445  0.     2.227  0.785]
[fjt] final=[ 0.000e+00 -1.610e-01  0.000e+00 -2.444e+00 -1.000e-03  2.227e+00
  7.830e-01]
[fjt] err=[ 0.     0.001  0.     0.001 -0.001 -0.    -0.002]
[fjt] names=['panda_joint1', 'panda_joint2', 'panda_joint3', 'panda_joint4', 'panda_joint5', 'panda_joint6', 'panda_joint7'] pts=1
[fjt] times[0..2]=[0. 4.] times[-3:]=[0. 4.]
[fjt] goal=[ 0.139  0.861  0.014 -1.381 -0.476  2.688 -0.011]
[fjt] final=[ 0.139  0.617  0.013 -1.67  -0.473  2.686  0.148]
[fjt] err=[-0.    -0.244 -0.001 -0.289  0.003 -0.002  0.158]
[fjt] names=['panda_joint1', 'panda_joint2', 'panda_joint3', 'panda_joint4', 'panda_joint5', 'panda_joint6', 'panda_joint7'] pts=1
[fjt] times[0..2]=[0. 2.] times[-3:]=[0. 2.]
[fjt] goal=[ 0.139  0.861  0.014 -1.381 -0.476  2.688 -0.011]
[fjt] final=[ 0.139  0.86   0.013 -1.382 -0.475  2.687 -0.008]
[fjt] err=[ 0.    -0.001 -0.    -0.001  0.001 -0.001  0.002]
[fjt] names=['panda_joint1', 'panda_joint2', 'panda_joint3', 'panda_joint4', 'panda_joint5', 'panda_joint6', 'panda_joint7'] pts=1
[fjt] times[0..2]=[0. 3.] times[-3:]=[0. 3.]
[fjt] goal=[ 0.115  1.234  0.031 -0.931 -0.429  2.621 -0.096]
[fjt] final=[ 0.114  1.228  0.028 -0.924 -0.432  2.626 -0.094]
[fjt] err=[-0.001 -0.006 -0.003  0.006 -0.002  0.005  0.002]
[fjt] names=['panda_joint1', 'panda_joint2', 'panda_joint3', 'panda_joint4', 'panda_joint5', 'panda_joint6', 'panda_joint7'] pts=1
[fjt] times[0..2]=[0. 3.] times[-3:]=[0. 3.]
[fjt] goal=[ 0.104  1.077  0.05  -1.014 -0.423  2.569 -0.118]
[fjt] final=[ 0.105  1.079  0.049 -1.015 -0.424  2.57  -0.115]
[fjt] err=[ 0.     0.003 -0.001 -0.001 -0.001  0.001  0.003]
[fjt] names=['panda_joint1', 'panda_joint2', 'panda_joint3', 'panda_joint4', 'panda_joint5', 'panda_joint6', 'panda_joint7'] pts=9
[fjt] times[0..2]=[0.         1.33333333 2.66666667] times[-3:]=[ 9.33333333 10.66666667 12.        ]
[fjt] goal=[ 0.942  1.72  -1.368 -1.073 -0.157  2.221  2.67 ]
[fjt] final=[ 0.945  1.715 -1.379 -1.066 -0.164  2.281  1.609]
[fjt] err=[ 0.002 -0.005 -0.011  0.007 -0.007  0.06  -1.061]
[fjt] names=['panda_joint1', 'panda_joint2', 'panda_joint3', 'panda_joint4', 'panda_joint5', 'panda_joint6', 'panda_joint7'] pts=1
[fjt] times[0..2]=[0.         2.12137892] times[-3:]=[0.         2.12137892]
[fjt] goal=[ 0.942  1.72  -1.368 -1.073 -0.157  2.221  2.67 ]
[fjt] final=[ 0.946  1.711 -1.386 -1.067 -0.169  2.217  2.005]
[fjt] err=[ 0.004 -0.009 -0.018  0.006 -0.011 -0.003 -0.665]
[fjt] names=['panda_joint1', 'panda_joint2', 'panda_joint3', 'panda_joint4', 'panda_joint5', 'panda_joint6', 'panda_joint7'] pts=1
[fjt] times[0..2]=[0. 2.] times[-3:]=[0. 2.]
[fjt] goal=[ 0.942  1.72  -1.368 -1.073 -0.157  2.221  2.67 ]
[fjt] final=[ 0.947  1.711 -1.384 -1.059 -0.167  2.221  2.38 ]
[fjt] err=[ 0.005 -0.009 -0.016  0.014 -0.01   0.001 -0.29 ]
[fjt] names=['panda_joint1', 'panda_joint2', 'panda_joint3', 'panda_joint4', 'panda_joint5', 'panda_joint6', 'panda_joint7'] pts=1
[fjt] times[0..2]=[0. 2.] times[-3:]=[0. 2.]
[fjt] goal=[ 0.942  1.72  -1.368 -1.073 -0.157  2.221  2.67 ]
[fjt] final=[ 0.942  1.72  -1.368 -1.071 -0.158  2.223  2.667]
[fjt] err=[ 0.    -0.     0.     0.002 -0.001  0.002 -0.003]
[fjt] names=['panda_joint1', 'panda_joint2', 'panda_joint3', 'panda_joint4', 'panda_joint5', 'panda_joint6', 'panda_joint7'] pts=1
[fjt] times[0..2]=[0. 4.] times[-3:]=[0. 4.]
[fjt] goal=[ 0.808  1.72  -1.183 -0.863 -0.385  2.102  2.813]
[fjt] final=[ 0.813  1.701 -1.209 -0.855 -0.398  2.083  2.801]
[fjt] err=[ 0.005 -0.019 -0.026  0.007 -0.013 -0.019 -0.012]
[fjt] names=['panda_joint1', 'panda_joint2', 'panda_joint3', 'panda_joint4', 'panda_joint5', 'panda_joint6', 'panda_joint7'] pts=1
[fjt] times[0..2]=[0. 2.] times[-3:]=[0. 2.]
[fjt] goal=[ 0.94   1.692 -1.155 -0.955 -0.376  2.057  2.821]
[fjt] final=[ 0.939  1.692 -1.156 -0.954 -0.377  2.058  2.819]
[fjt] err=[-0.001  0.    -0.001  0.001 -0.001  0.002 -0.002]
[fjt] names=['panda_joint1', 'panda_joint2', 'panda_joint3', 'panda_joint4', 'panda_joint5', 'panda_joint6', 'panda_joint7'] pts=1
[fjt] times[0..2]=[0. 2.] times[-3:]=[0. 2.]
[fjt] goal=[ 1.085  1.453 -1.234 -1.25  -0.426  2.18   2.697]
[fjt] final=[ 1.084  1.454 -1.234 -1.248 -0.424  2.178  2.699]
[fjt] err=[-0.001  0.001  0.001  0.002  0.001 -0.002  0.002]
[fjt] names=['panda_joint1', 'panda_joint2', 'panda_joint3', 'panda_joint4', 'panda_joint5', 'panda_joint6', 'panda_joint7'] pts=1
[fjt] times[0..2]=[ 0.         15.03236719] times[-3:]=[ 0.         15.03236719]
[fjt] goal=[ 0.    -0.161  0.    -2.445  0.     2.227  0.785]
[fjt] final=[ 1.000e-03 -1.600e-01 -1.000e-03 -2.443e+00 -2.000e-03  2.225e+00
  7.880e-01]
[fjt] err=[ 0.001  0.001 -0.001  0.001 -0.002 -0.002  0.003]
[fjt] names=['panda_joint1', 'panda_joint2', 'panda_joint3', 'panda_joint4', 'panda_joint5', 'panda_joint6', 'panda_joint7'] pts=1
[fjt] times[0..2]=[0. 4.] times[-3:]=[0. 4.]
[fjt] goal=[ 0.596  0.681 -0.297 -1.735 -1.777  1.985  0.121]
[fjt] final=[ 0.595  0.611 -0.297 -1.737 -0.714  1.987  0.186]
[fjt] err=[-1.000e-03 -6.900e-02  0.000e+00 -2.000e-03  1.062e+00  2.000e-03
  6.500e-02]
[fjt] names=['panda_joint1', 'panda_joint2', 'panda_joint3', 'panda_joint4', 'panda_joint5', 'panda_joint6', 'panda_joint7'] pts=1
[fjt] times[0..2]=[0.         2.12495376] times[-3:]=[0.         2.12495376]
[fjt] goal=[ 0.596  0.681 -0.297 -1.735 -1.777  1.985  0.121]
[fjt] final=[ 0.595  0.68  -0.297 -1.736 -1.186  1.987  0.124]
[fjt] err=[-0.    -0.001  0.    -0.001  0.59   0.002  0.003]
[fjt] names=['panda_joint1', 'panda_joint2', 'panda_joint3', 'panda_joint4', 'panda_joint5', 'panda_joint6', 'panda_joint7'] pts=1
[fjt] times[0..2]=[0. 2.] times[-3:]=[0. 2.]
[fjt] goal=[ 0.596  0.681 -0.297 -1.735 -1.777  1.985  0.121]
[fjt] final=[ 0.595  0.68  -0.297 -1.736 -1.629  1.987  0.124]
[fjt] err=[-0.    -0.001 -0.    -0.001  0.148  0.001  0.003]
[fjt] names=['panda_joint1', 'panda_joint2', 'panda_joint3', 'panda_joint4', 'panda_joint5', 'panda_joint6', 'panda_joint7'] pts=1
[fjt] times[0..2]=[0. 2.] times[-3:]=[0. 2.]
[fjt] goal=[ 0.596  0.681 -0.297 -1.735 -1.777  1.985  0.121]
[fjt] final=[ 0.596  0.68  -0.297 -1.736 -1.775  1.986  0.123]
[fjt] err=[-0.    -0.    -0.    -0.001  0.001  0.001  0.002]
[fjt] names=['panda_joint1', 'panda_joint2', 'panda_joint3', 'panda_joint4', 'panda_joint5', 'panda_joint6', 'panda_joint7'] pts=1
[fjt] times[0..2]=[0. 3.] times[-3:]=[0. 3.]
[fjt] goal=[ 0.566  1.014 -0.259 -1.563 -1.768  1.942  0.282]
[fjt] final=[ 0.566  1.013 -0.26  -1.564 -1.769  1.944  0.28 ]
[fjt] err=[ 0.    -0.001 -0.001 -0.001 -0.001  0.002 -0.002]
[fjt] names=['panda_joint1', 'panda_joint2', 'panda_joint3', 'panda_joint4', 'panda_joint5', 'panda_joint6', 'panda_joint7'] pts=1
[fjt] times[0..2]=[0. 2.] times[-3:]=[0. 2.]
[fjt] goal=[ 0.464  1.101 -0.289 -1.397 -1.805  2.038  0.241]
[fjt] final=[ 0.467  1.093 -0.287 -1.387 -1.81   2.031  0.243]
[fjt] err=[ 0.003 -0.008  0.002  0.011 -0.005 -0.006  0.003]
[fjt] names=['panda_joint1', 'panda_joint2', 'panda_joint3', 'panda_joint4', 'panda_joint5', 'panda_joint6', 'panda_joint7'] pts=1
[fjt] times[0..2]=[0. 2.] times[-3:]=[0. 2.]
[fjt] goal=[ 0.464  1.101 -0.289 -1.397 -1.805  2.038  0.241]
[fjt] final=[ 0.464  1.101 -0.288 -1.397 -1.807  2.036  0.243]
[fjt] err=[ 0.    -0.     0.001  0.    -0.001 -0.002  0.002]
[fjt] names=['panda_joint1', 'panda_joint2', 'panda_joint3', 'panda_joint4', 'panda_joint5', 'panda_joint6', 'panda_joint7'] pts=1
[fjt] times[0..2]=[0. 3.] times[-3:]=[0. 3.]
[fjt] goal=[ 0.487  0.872 -0.314 -1.54  -1.813  2.074  0.155]
[fjt] final=[ 0.486  0.873 -0.313 -1.538 -1.812  2.072  0.157]
[fjt] err=[-0.     0.001  0.001  0.001  0.001 -0.002  0.002]
[fjt] names=['panda_joint1', 'panda_joint2', 'panda_joint3', 'panda_joint4', 'panda_joint5', 'panda_joint6', 'panda_joint7'] pts=1
[fjt] times[0..2]=[ 0.         10.67041164] times[-3:]=[ 0.         10.67041164]
[fjt] goal=[ 0.    -0.161  0.    -2.445  0.     2.227  0.785]
[fjt] final=[ 1.000e-03 -1.600e-01 -1.000e-03 -2.443e+00 -8.700e-02  2.225e+00
  7.820e-01]
[fjt] err=[ 0.001  0.001 -0.001  0.001 -0.087 -0.002 -0.004]
[fjt] names=['panda_joint1', 'panda_joint2', 'panda_joint3', 'panda_joint4', 'panda_joint5', 'panda_joint6', 'panda_joint7'] pts=1
[fjt] times[0..2]=[0. 2.] times[-3:]=[0. 2.]
[fjt] goal=[ 0.    -0.161  0.    -2.445  0.     2.227  0.785]
[fjt] final=[ 0.000e+00 -1.600e-01 -1.000e-03 -2.443e+00 -1.000e-03  2.225e+00
  7.830e-01]
[fjt] err=[ 0.     0.001 -0.001  0.001 -0.001 -0.002 -0.002]
[fjt] names=['panda_joint1', 'panda_joint2', 'panda_joint3', 'panda_joint4', 'panda_joint5', 'panda_joint6', 'panda_joint7'] pts=1
[fjt] times[0..2]=[0. 4.] times[-3:]=[0. 4.]
[fjt] goal=[-0.171  0.503  0.078 -1.934  0.069  2.705  0.483]
[fjt] final=[-0.171  0.502  0.077 -1.935  0.067  2.704  0.485]
[fjt] err=[ 0.    -0.001 -0.001 -0.001 -0.002 -0.002  0.003]
[fjt] names=['panda_joint1', 'panda_joint2', 'panda_joint3', 'panda_joint4', 'panda_joint5', 'panda_joint6', 'panda_joint7'] pts=1
[fjt] times[0..2]=[0. 3.] times[-3:]=[0. 3.]
[fjt] goal=[-0.15   0.761  0.068 -1.779  0.059  2.81   0.489]
[fjt] final=[-0.15   0.76   0.069 -1.78   0.061  2.808  0.486]
[fjt] err=[-0.    -0.001  0.001 -0.001  0.002 -0.002 -0.002]
[fjt] names=['panda_joint1', 'panda_joint2', 'panda_joint3', 'panda_joint4', 'panda_joint5', 'panda_joint6', 'panda_joint7'] pts=1
[fjt] times[0..2]=[0. 3.] times[-3:]=[0. 3.]
[fjt] goal=[-0.153  0.51   0.066 -1.812  0.06   2.593  0.504]
[fjt] final=[-0.152  0.512  0.067 -1.813  0.061  2.595  0.501]
[fjt] err=[ 0.     0.002  0.    -0.001  0.001  0.001 -0.002]
[fjt] names=['panda_joint1', 'panda_joint2', 'panda_joint3', 'panda_joint4', 'panda_joint5', 'panda_joint6', 'panda_joint7'] pts=9
[fjt] times[0..2]=[0.         1.33333333 2.66666667] times[-3:]=[ 9.33333333 10.66666667 12.        ]
[fjt] goal=[ 0.68   1.003 -0.537 -1.415 -1.571  2.171  0.086]
[fjt] final=[ 0.681  1.003 -0.536 -1.417 -1.523  2.17   0.089]
[fjt] err=[ 0.     0.     0.002 -0.003  0.049 -0.001  0.003]
[fjt] names=['panda_joint1', 'panda_joint2', 'panda_joint3', 'panda_joint4', 'panda_joint5', 'panda_joint6', 'panda_joint7'] pts=1
[fjt] times[0..2]=[0. 2.] times[-3:]=[0. 2.]
[fjt] goal=[ 0.68   1.003 -0.537 -1.415 -1.571  2.171  0.086]
[fjt] final=[ 0.681  1.004 -0.536 -1.417 -1.569  2.17   0.088]
[fjt] err=[ 0.     0.001  0.002 -0.002  0.002 -0.     0.003]
[fjt] names=['panda_joint1', 'panda_joint2', 'panda_joint3', 'panda_joint4', 'panda_joint5', 'panda_joint6', 'panda_joint7'] pts=1
[fjt] times[0..2]=[0. 4.] times[-3:]=[0. 4.]
[fjt] goal=[ 0.634  1.222 -0.496 -1.262 -1.545  2.135  0.156]
[fjt] final=[ 0.635  1.221 -0.497 -1.263 -1.546  2.137  0.154]
[fjt] err=[ 0.    -0.001 -0.001 -0.001 -0.001  0.002 -0.002]
[fjt] names=['panda_joint1', 'panda_joint2', 'panda_joint3', 'panda_joint4', 'panda_joint5', 'panda_joint6', 'panda_joint7'] pts=1
[fjt] times[0..2]=[0. 2.] times[-3:]=[0. 2.]
[fjt] goal=[ 0.742  1.145 -0.476 -1.409 -1.529  2.065  0.196]
[fjt] final=[ 0.741  1.145 -0.477 -1.407 -1.53   2.067  0.194]
[fjt] err=[-0.     0.001 -0.001  0.001 -0.001  0.002 -0.002]
[fjt] names=['panda_joint1', 'panda_joint2', 'panda_joint3', 'panda_joint4', 'panda_joint5', 'panda_joint6', 'panda_joint7'] pts=1
[fjt] times[0..2]=[0. 2.] times[-3:]=[0. 2.]
[fjt] goal=[ 0.803  0.826 -0.54  -1.591 -1.568  2.099  0.056]
[fjt] final=[ 0.802  0.827 -0.539 -1.59  -1.566  2.097  0.058]
[fjt] err=[-0.     0.001  0.001  0.001  0.001 -0.002  0.002]
[fjt] names=['panda_joint1', 'panda_joint2', 'panda_joint3', 'panda_joint4', 'panda_joint5', 'panda_joint6', 'panda_joint7'] pts=1
[fjt] times[0..2]=[ 0.         11.21519519] times[-3:]=[ 0.         11.21519519]
[fjt] goal=[ 0.    -0.161  0.    -2.445  0.     2.227  0.785]
[fjt] final=[ 0.000e+00 -1.600e-01 -1.000e-03 -2.443e+00 -2.000e-03  2.225e+00
  7.830e-01]
[fjt] err=[ 0.     0.001 -0.001  0.001 -0.002 -0.002 -0.002]
[fjt] names=['panda_joint1', 'panda_joint2', 'panda_joint3', 'panda_joint4', 'panda_joint5', 'panda_joint6', 'panda_joint7'] pts=1
[fjt] times[0..2]=[0. 4.] times[-3:]=[0. 4.]
[fjt] goal=[ 0.024  0.915 -0.088 -1.39  -0.799  2.931 -0.43 ]
[fjt] final=[ 0.023  0.619 -0.087 -1.673 -0.702  2.923  0.146]
[fjt] err=[-0.001 -0.296  0.001 -0.283  0.097 -0.007  0.576]
[fjt] names=['panda_joint1', 'panda_joint2', 'panda_joint3', 'panda_joint4', 'panda_joint5', 'panda_joint6', 'panda_joint7'] pts=1
[fjt] times[0..2]=[0. 2.] times[-3:]=[0. 2.]
[fjt] goal=[ 0.024  0.915 -0.088 -1.39  -0.799  2.931 -0.43 ]
[fjt] final=[ 0.023  0.914 -0.087 -1.391 -0.796  2.929 -0.26 ]
[fjt] err=[-0.    -0.001  0.001 -0.001  0.003 -0.002  0.17 ]
[fjt] names=['panda_joint1', 'panda_joint2', 'panda_joint3', 'panda_joint4', 'panda_joint5', 'panda_joint6', 'panda_joint7'] pts=1
[fjt] times[0..2]=[0. 2.] times[-3:]=[0. 2.]
[fjt] goal=[ 0.024  0.915 -0.088 -1.39  -0.799  2.931 -0.43 ]
[fjt] final=[ 0.023  0.914 -0.087 -1.391 -0.798  2.929 -0.428]
[fjt] err=[-0.    -0.001  0.001 -0.001  0.001 -0.002  0.002]
[fjt] names=['panda_joint1', 'panda_joint2', 'panda_joint3', 'panda_joint4', 'panda_joint5', 'panda_joint6', 'panda_joint7'] pts=1
[fjt] times[0..2]=[0. 3.] times[-3:]=[0. 3.]
[fjt] goal=[-0.057  1.378  0.039 -0.753 -0.643  2.768 -0.694]
[fjt] final=[-0.051  1.362  0.047 -0.744 -0.645  2.786 -0.692]
[fjt] err=[ 0.006 -0.016  0.008  0.009 -0.002  0.018  0.002]
[fjt] names=['panda_joint1', 'panda_joint2', 'panda_joint3', 'panda_joint4', 'panda_joint5', 'panda_joint6', 'panda_joint7'] pts=1
[fjt] times[0..2]=[0. 3.] times[-3:]=[0. 3.]
[fjt] goal=[ 0.059  0.885 -0.127 -1.398 -0.773  2.979 -0.427]
[fjt] final=[ 0.059  0.886 -0.126 -1.34  -0.772  2.978 -0.429]
[fjt] err=[-0.     0.001  0.001  0.058  0.001 -0.001 -0.003]
[fjt] names=['panda_joint1', 'panda_joint2', 'panda_joint3', 'panda_joint4', 'panda_joint5', 'panda_joint6', 'panda_joint7'] pts=1
[fjt] times[0..2]=[0. 2.] times[-3:]=[0. 2.]
[fjt] goal=[ 0.059  0.885 -0.127 -1.398 -0.773  2.979 -0.427]
[fjt] final=[ 0.059  0.886 -0.126 -1.397 -0.772  2.978 -0.429]
[fjt] err=[-0.     0.001  0.001  0.001  0.001 -0.001 -0.002]
[fjt] names=['panda_joint1', 'panda_joint2', 'panda_joint3', 'panda_joint4', 'panda_joint5', 'panda_joint6', 'panda_joint7'] pts=1
[fjt] times[0..2]=[0. 3.] times[-3:]=[0. 3.]
[fjt] goal=[-0.008  0.863 -0.062 -1.379 -0.739  2.945 -0.519]
[fjt] final=[-0.007  0.863 -0.063 -1.38  -0.74   2.947 -0.516]
[fjt] err=[ 0.     0.    -0.001 -0.001 -0.002  0.002  0.003]
[fjt] names=['panda_joint1', 'panda_joint2', 'panda_joint3', 'panda_joint4', 'panda_joint5', 'panda_joint6', 'panda_joint7'] pts=1
[fjt] times[0..2]=[0.         9.84413635] times[-3:]=[0.         9.84413635]
[fjt] goal=[ 0.    -0.161  0.    -2.445  0.     2.227  0.785]
[fjt] final=[-0.000e+00 -1.600e-01 -1.000e-03 -2.444e+00 -1.000e-03  2.228e+00
  7.830e-01]
[fjt] err=[-0.     0.001 -0.001  0.001 -0.001  0.002 -0.003]
[fjt] names=['panda_joint1', 'panda_joint2', 'panda_joint3', 'panda_joint4', 'panda_joint5', 'panda_joint6', 'panda_joint7'] pts=1
[fjt] times[0..2]=[0. 4.] times[-3:]=[0. 4.]
[fjt] goal=[ 0.209  0.981 -0.162 -1.284 -0.783  2.766 -0.213]
[fjt] final=[ 0.208  0.619 -0.162 -1.669 -0.694  2.764  0.168]
[fjt] err=[-0.001 -0.362  0.001 -0.385  0.089 -0.002  0.381]
[fjt] names=['panda_joint1', 'panda_joint2', 'panda_joint3', 'panda_joint4', 'panda_joint5', 'panda_joint6', 'panda_joint7'] pts=1
[fjt] times[0..2]=[0. 2.] times[-3:]=[0. 2.]
[fjt] goal=[ 0.209  0.981 -0.162 -1.284 -0.783  2.766 -0.213]
[fjt] final=[ 0.209  0.979 -0.162 -1.287 -0.781  2.764 -0.203]
[fjt] err=[-0.    -0.002  0.001 -0.003  0.002 -0.002  0.01 ]
[fjt] names=['panda_joint1', 'panda_joint2', 'panda_joint3', 'panda_joint4', 'panda_joint5', 'panda_joint6', 'panda_joint7'] pts=1
[fjt] times[0..2]=[0. 3.] times[-3:]=[0. 3.]
[fjt] goal=[ 0.115  1.334 -0.086 -0.799 -0.674  2.666 -0.392]
[fjt] final=[ 0.116  1.334 -0.087 -0.801 -0.675  2.668 -0.39 ]
[fjt] err=[ 0.    -0.001 -0.001 -0.002 -0.001  0.002  0.003]
[fjt] names=['panda_joint1', 'panda_joint2', 'panda_joint3', 'panda_joint4', 'panda_joint5', 'panda_joint6', 'panda_joint7'] pts=2
[fjt] times[0..2]=[0. 3. 6.] times[-3:]=[0. 3. 6.]
[fjt] goal=[ 9.200e-02  9.460e-01  2.000e-03 -1.004e+00 -6.230e-01  2.498e+00
 -5.440e-01]
[fjt] final=[ 9.200e-02  9.470e-01  1.000e-03 -1.003e+00 -6.240e-01  2.500e+00
 -5.410e-01]
[fjt] err=[ 0.     0.001 -0.001  0.001 -0.001  0.002  0.003]
[fjt] names=['panda_joint1', 'panda_joint2', 'panda_joint3', 'panda_joint4', 'panda_joint5', 'panda_joint6', 'panda_joint7'] pts=1
[fjt] times[0..2]=[0.         9.73233865] times[-3:]=[0.         9.73233865]
[fjt] goal=[ 0.    -0.161  0.    -2.445  0.     2.227  0.785]
[fjt] final=[ 0.000e+00 -1.600e-01  0.000e+00 -2.444e+00 -1.000e-03  2.228e+00
  7.830e-01]
[fjt] err=[ 0.     0.001  0.     0.001 -0.001  0.002 -0.002]
[fjt] names=['panda_joint1', 'panda_joint2', 'panda_joint3', 'panda_joint4', 'panda_joint5', 'panda_joint6', 'panda_joint7'] pts=1
[fjt] times[0..2]=[0. 4.] times[-3:]=[0. 4.]
[fjt] goal=[ 0.193  1.001 -0.158 -1.256 -0.766  2.767 -0.24 ]
[fjt] final=[ 0.192  0.619 -0.157 -1.669 -0.694  2.765  0.165]
[fjt] err=[-0.001 -0.382  0.001 -0.413  0.072 -0.002  0.405]
[fjt] names=['panda_joint1', 'panda_joint2', 'panda_joint3', 'panda_joint4', 'panda_joint5', 'panda_joint6', 'panda_joint7'] pts=1
[fjt] times[0..2]=[0. 2.] times[-3:]=[0. 2.]
[fjt] goal=[ 0.193  1.001 -0.158 -1.256 -0.766  2.767 -0.24 ]
[fjt] final=[ 0.192  0.999 -0.157 -1.261 -0.764  2.765 -0.223]
[fjt] err=[-0.    -0.002  0.001 -0.005  0.002 -0.002  0.017]
[fjt] names=['panda_joint1', 'panda_joint2', 'panda_joint3', 'panda_joint4', 'panda_joint5', 'panda_joint6', 'panda_joint7'] pts=1
[fjt] times[0..2]=[0. 2.] times[-3:]=[0. 2.]
[fjt] goal=[ 0.193  1.001 -0.158 -1.256 -0.766  2.767 -0.24 ]
[fjt] final=[ 0.193  1.    -0.158 -1.257 -0.765  2.765 -0.238]
[fjt] err=[-0.    -0.001  0.001 -0.001  0.001 -0.002  0.002]
[fjt] names=['panda_joint1', 'panda_joint2', 'panda_joint3', 'panda_joint4', 'panda_joint5', 'panda_joint6', 'panda_joint7'] pts=1
[fjt] times[0..2]=[0. 3.] times[-3:]=[0. 3.]
[fjt] goal=[ 0.1    1.384 -0.077 -0.717 -0.643  2.643 -0.441]
[fjt] final=[ 0.1    1.383 -0.077 -0.719 -0.645  2.641 -0.438]
[fjt] err=[ 0.    -0.001  0.    -0.002 -0.002 -0.002  0.003]
[fjt] names=['panda_joint1', 'panda_joint2', 'panda_joint3', 'panda_joint4', 'panda_joint5', 'panda_joint6', 'panda_joint7'] pts=2
[fjt] times[0..2]=[0. 3. 6.] times[-3:]=[0. 3. 6.]
[fjt] goal=[ 0.099  1.384 -0.076 -0.717 -0.644  2.643 -0.44 ]
[fjt] final=[ 0.1    1.382 -0.076 -0.715 -0.645  2.644 -0.439]
[fjt] err=[ 0.001 -0.002 -0.     0.002 -0.     0.001  0.002]
[fjt] names=['panda_joint1', 'panda_joint2', 'panda_joint3', 'panda_joint4', 'panda_joint5', 'panda_joint6', 'panda_joint7'] pts=4
[fjt] times[0..2]=[0. 2. 4.] times[-3:]=[4. 6. 8.]
[fjt] goal=[ 0.222  1.184 -0.175 -1.07  -0.739  2.751 -0.211]
[fjt] final=[ 0.22   1.183 -0.179 -1.065 -0.738  2.748 -0.214]
[fjt] err=[-0.002 -0.001 -0.003  0.005  0.001 -0.003 -0.003]
[fjt] names=['panda_joint1', 'panda_joint2', 'panda_joint3', 'panda_joint4', 'panda_joint5', 'panda_joint6', 'panda_joint7'] pts=1
[fjt] times[0..2]=[0. 3.] times[-3:]=[0. 3.]
[fjt] goal=[ 0.204  0.937 -0.114 -1.209 -0.703  2.656 -0.327]
[fjt] final=[ 0.204  0.938 -0.115 -1.208 -0.704  2.658 -0.324]
[fjt] err=[ 0.     0.001 -0.001  0.001 -0.001  0.002  0.003]
[fjt] names=['panda_joint1', 'panda_joint2', 'panda_joint3', 'panda_joint4', 'panda_joint5', 'panda_joint6', 'panda_joint7'] pts=1
[fjt] times[0..2]=[0.         9.79857894] times[-3:]=[0.         9.79857894]
[fjt] goal=[ 0.    -0.161  0.    -2.445  0.     2.227  0.785]
[fjt] final=[ 0.000e+00 -1.600e-01 -1.000e-03 -2.444e+00 -1.000e-03  2.228e+00
  7.830e-01]
[fjt] err=[ 0.     0.001 -0.001  0.001 -0.001  0.002 -0.002]
[fjt] names=['panda_joint1', 'panda_joint2', 'panda_joint3', 'panda_joint4', 'panda_joint5', 'panda_joint6', 'panda_joint7'] pts=1
[fjt] times[0..2]=[0. 4.] times[-3:]=[0. 4.]
[fjt] goal=[-0.184  0.918  0.22  -1.363 -0.531  2.814 -0.769]
[fjt] final=[-0.184  0.619  0.219 -1.672 -0.529  2.813  0.115]
[fjt] err=[ 0.    -0.299 -0.001 -0.31   0.002 -0.002  0.884]
[fjt] names=['panda_joint1', 'panda_joint2', 'panda_joint3', 'panda_joint4', 'panda_joint5', 'panda_joint6', 'panda_joint7'] pts=1
[fjt] times[0..2]=[0. 2.] times[-3:]=[0. 2.]
[fjt] goal=[-0.184  0.918  0.22  -1.363 -0.531  2.814 -0.769]
[fjt] final=[-0.184  0.917  0.22  -1.364 -0.529  2.813 -0.318]
[fjt] err=[ 0.    -0.001 -0.001 -0.001  0.002 -0.002  0.451]
[fjt] names=['panda_joint1', 'panda_joint2', 'panda_joint3', 'panda_joint4', 'panda_joint5', 'panda_joint6', 'panda_joint7'] pts=1
[fjt] times[0..2]=[0. 2.] times[-3:]=[0. 2.]
[fjt] goal=[-0.184  0.918  0.22  -1.363 -0.531  2.814 -0.769]
[fjt] final=[-0.184  0.917  0.22  -1.363 -0.529  2.813 -0.731]
[fjt] err=[ 0.    -0.001 -0.001 -0.001  0.002 -0.001  0.038]
[fjt] names=['panda_joint1', 'panda_joint2', 'panda_joint3', 'panda_joint4', 'panda_joint5', 'panda_joint6', 'panda_joint7'] pts=1
[fjt] times[0..2]=[0. 2.] times[-3:]=[0. 2.]
[fjt] goal=[-0.184  0.918  0.22  -1.363 -0.531  2.814 -0.769]
[fjt] final=[-0.184  0.917  0.22  -1.363 -0.53   2.813 -0.767]
[fjt] err=[ 0.    -0.001 -0.001 -0.001  0.001 -0.001  0.002]
[fjt] names=['panda_joint1', 'panda_joint2', 'panda_joint3', 'panda_joint4', 'panda_joint5', 'panda_joint6', 'panda_joint7'] pts=1
[fjt] times[0..2]=[0. 3.] times[-3:]=[0. 3.]
[fjt] goal=[-0.119  1.368  0.243 -0.752 -0.46   2.664 -0.915]
[fjt] final=[-0.118  1.36   0.248 -0.749 -0.461  2.671 -0.912]
[fjt] err=[ 0.002 -0.007  0.004  0.003 -0.001  0.007  0.002]
[fjt] names=['panda_joint1', 'panda_joint2', 'panda_joint3', 'panda_joint4', 'panda_joint5', 'panda_joint6', 'panda_joint7'] pts=1
[fjt] times[0..2]=[0. 3.] times[-3:]=[0. 3.]
[fjt] goal=[-0.148  1.123  0.281 -0.908 -0.455  2.605 -0.908]
[fjt] final=[-0.148  1.124  0.281 -0.907 -0.456  2.607 -0.91 ]
[fjt] err=[ 0.     0.001 -0.001  0.001 -0.001  0.002 -0.002]
[fjt] names=['panda_joint1', 'panda_joint2', 'panda_joint3', 'panda_joint4', 'panda_joint5', 'panda_joint6', 'panda_joint7'] pts=9
[fjt] times[0..2]=[0.         1.33333333 2.66666667] times[-3:]=[ 9.33333333 10.66666667 12.        ]
[fjt] goal=[-0.92   1.499  1.287 -1.591 -0.053  3.266 -0.628]
[fjt] final=[-0.92   1.499  1.288 -1.593 -0.054  3.268 -0.63 ]
[fjt] err=[-0.001 -0.     0.001 -0.002 -0.001  0.002 -0.002]
[fjt] names=['panda_joint1', 'panda_joint2', 'panda_joint3', 'panda_joint4', 'panda_joint5', 'panda_joint6', 'panda_joint7'] pts=1
[fjt] times[0..2]=[0. 4.] times[-3:]=[0. 4.]
[fjt] goal=[-0.88   1.72   1.345 -1.458  0.199  3.23  -1.089]
[fjt] final=[-0.88   1.719  1.344 -1.459  0.197  3.232 -1.087]
[fjt] err=[-0.    -0.001 -0.001 -0.001 -0.002  0.002  0.003]
[fjt] names=['panda_joint1', 'panda_joint2', 'panda_joint3', 'panda_joint4', 'panda_joint5', 'panda_joint6', 'panda_joint7'] pts=1
[fjt] times[0..2]=[0. 1.] times[-3:]=[0. 1.]
[fjt] goal=[-0.875  1.72   1.35  -1.446  0.277  3.224 -1.167]
[fjt] final=[-0.875  1.72   1.35  -1.447  0.275  3.226 -1.164]
[fjt] err=[-0.    -0.    -0.001 -0.001 -0.002  0.002  0.003]
[fjt] names=['panda_joint1', 'panda_joint2', 'panda_joint3', 'panda_joint4', 'panda_joint5', 'panda_joint6', 'panda_joint7'] pts=1
[fjt] times[0..2]=[0. 1.] times[-3:]=[0. 1.]
[fjt] goal=[-0.869  1.72   1.354 -1.433  0.347  3.218 -1.236]
[fjt] final=[-0.87   1.72   1.354 -1.434  0.345  3.22  -1.234]
[fjt] err=[-0.    -0.    -0.001 -0.001 -0.002  0.002  0.003]
[fjt] names=['panda_joint1', 'panda_joint2', 'panda_joint3', 'panda_joint4', 'panda_joint5', 'panda_joint6', 'panda_joint7'] pts=1
[fjt] times[0..2]=[0. 1.] times[-3:]=[0. 1.]
[fjt] goal=[-0.864  1.72   1.357 -1.419  0.409  3.211 -1.298]
[fjt] final=[-0.864  1.72   1.356 -1.421  0.407  3.213 -1.295]
[fjt] err=[-0.    -0.    -0.001 -0.001 -0.002  0.002  0.003]
[fjt] names=['panda_joint1', 'panda_joint2', 'panda_joint3', 'panda_joint4', 'panda_joint5', 'panda_joint6', 'panda_joint7'] pts=1
[fjt] times[0..2]=[0. 1.] times[-3:]=[0. 1.]
[fjt] goal=[-0.858  1.72   1.357 -1.406  0.465  3.203 -1.352]
[fjt] final=[-0.859  1.72   1.357 -1.407  0.463  3.205 -1.35 ]
[fjt] err=[-0.    -0.    -0.001 -0.001 -0.002  0.002  0.003]
[fjt] names=['panda_joint1', 'panda_joint2', 'panda_joint3', 'panda_joint4', 'panda_joint5', 'panda_joint6', 'panda_joint7'] pts=1
[fjt] times[0..2]=[0. 1.] times[-3:]=[0. 1.]
[fjt] goal=[-0.853  1.72   1.357 -1.392  0.514  3.196 -1.401]
[fjt] final=[-0.853  1.72   1.357 -1.394  0.513  3.198 -1.398]
[fjt] err=[-0.    -0.    -0.    -0.001 -0.002  0.002  0.003]
[fjt] names=['panda_joint1', 'panda_joint2', 'panda_joint3', 'panda_joint4', 'panda_joint5', 'panda_joint6', 'panda_joint7'] pts=1
[fjt] times[0..2]=[0. 1.] times[-3:]=[0. 1.]
[fjt] goal=[-0.847  1.72   1.355 -1.379  0.559  3.187 -1.444]
[fjt] final=[-0.847  1.72   1.355 -1.38   0.557  3.189 -1.441]
[fjt] err=[-0.    -0.     0.001 -0.001 -0.002  0.002  0.003]
[fjt] names=['panda_joint1', 'panda_joint2', 'panda_joint3', 'panda_joint4', 'panda_joint5', 'panda_joint6', 'panda_joint7'] pts=1
[fjt] times[0..2]=[0. 1.] times[-3:]=[0. 1.]
[fjt] goal=[-0.841  1.72   1.352 -1.365  0.599  3.179 -1.482]
[fjt] final=[-0.842  1.72   1.353 -1.366  0.598  3.181 -1.48 ]
[fjt] err=[-0.    -0.     0.001 -0.001 -0.002  0.002  0.003]
[fjt] names=['panda_joint1', 'panda_joint2', 'panda_joint3', 'panda_joint4', 'panda_joint5', 'panda_joint6', 'panda_joint7'] pts=1
[fjt] times[0..2]=[0. 2.] times[-3:]=[0. 2.]
[fjt] goal=[-0.948  1.72   1.362 -1.488  0.686  3.208 -1.595]
[fjt] final=[-0.947  1.72   1.361 -1.486  0.684  3.206 -1.592]
[fjt] err=[ 0.    -0.    -0.001  0.001 -0.002 -0.002  0.003]
[fjt] names=['panda_joint1', 'panda_joint2', 'panda_joint3', 'panda_joint4', 'panda_joint5', 'panda_joint6', 'panda_joint7'] pts=1
[fjt] times[0..2]=[0. 2.] times[-3:]=[0. 2.]
[fjt] goal=[-1.079  1.72   1.366 -1.625  0.792  3.231 -1.728]
[fjt] final=[-1.078  1.72   1.365 -1.623  0.79   3.229 -1.725]
[fjt] err=[ 0.    -0.    -0.001  0.001 -0.002 -0.002  0.003]
[fjt] names=['panda_joint1', 'panda_joint2', 'panda_joint3', 'panda_joint4', 'panda_joint5', 'panda_joint6', 'panda_joint7'] pts=1
[fjt] times[0..2]=[0. 2.] times[-3:]=[0. 2.]
[fjt] goal=[-1.117  1.396  1.427 -1.764  0.935  3.276 -1.553]
[fjt] final=[-1.116  1.397  1.427 -1.762  0.934  3.274 -1.555]
[fjt] err=[ 0.     0.001 -0.001  0.001 -0.001 -0.002 -0.002]
[fjt] names=['panda_joint1', 'panda_joint2', 'panda_joint3', 'panda_joint4', 'panda_joint5', 'panda_joint6', 'panda_joint7'] pts=1
[fjt] times[0..2]=[ 0.         18.20937896] times[-3:]=[ 0.         18.20937896]
[fjt] goal=[ 0.    -0.161  0.    -2.445  0.     2.227  0.785]
[fjt] final=[-1.000e-03 -1.600e-01  1.000e-03 -2.444e+00  2.000e-03  2.228e+00
  7.830e-01]
[fjt] err=[-0.001  0.001  0.001  0.001  0.002  0.002 -0.003]
[fjt] names=['panda_joint1', 'panda_joint2', 'panda_joint3', 'panda_joint4', 'panda_joint5', 'panda_joint6', 'panda_joint7'] pts=1
[fjt] times[0..2]=[0. 4.] times[-3:]=[0. 4.]
[fjt] goal=[ 0.012  0.909 -0.088 -1.493 -0.657  3.196 -0.064]
[fjt] final=[ 0.011  0.619 -0.088 -1.677 -0.65   2.965  0.145]
[fjt] err=[-0.001 -0.29   0.001 -0.184  0.006 -0.232  0.209]
[fjt] names=['panda_joint1', 'panda_joint2', 'panda_joint3', 'panda_joint4', 'panda_joint5', 'panda_joint6', 'panda_joint7'] pts=1
[fjt] times[0..2]=[0. 2.] times[-3:]=[0. 2.]
[fjt] goal=[ 0.012  0.909 -0.088 -1.493 -0.657  3.196 -0.064]
[fjt] final=[ 0.012  0.908 -0.088 -1.494 -0.656  3.194 -0.062]
[fjt] err=[-0.    -0.001  0.001 -0.001  0.001 -0.002  0.002]
[fjt] names=['panda_joint1', 'panda_joint2', 'panda_joint3', 'panda_joint4', 'panda_joint5', 'panda_joint6', 'panda_joint7'] pts=1
[fjt] times[0..2]=[0. 3.] times[-3:]=[0. 3.]
[fjt] goal=[-0.075  1.351  0.101 -0.87  -0.532  2.987 -0.32 ]
[fjt] final=[-0.073  1.342  0.104 -0.867 -0.533  2.999 -0.317]
[fjt] err=[ 0.002 -0.009  0.003  0.003 -0.001  0.012  0.003]
[fjt] names=['panda_joint1', 'panda_joint2', 'panda_joint3', 'panda_joint4', 'panda_joint5', 'panda_joint6', 'panda_joint7'] pts=1
[fjt] times[0..2]=[0. 3.] times[-3:]=[0. 3.]
[fjt] goal=[ 0.043  0.897 -0.114 -1.511 -0.548  3.225 -0.147]
[fjt] final=[ 0.042  0.898 -0.113 -1.47  -0.546  3.225 -0.15 ]
[fjt] err=[-0.     0.001  0.001  0.041  0.002 -0.    -0.003]
[fjt] names=['panda_joint1', 'panda_joint2', 'panda_joint3', 'panda_joint4', 'panda_joint5', 'panda_joint6', 'panda_joint7'] pts=1
[fjt] times[0..2]=[0. 2.] times[-3:]=[0. 2.]
[fjt] goal=[ 0.043  0.897 -0.114 -1.511 -0.548  3.225 -0.147]
[fjt] final=[ 0.042  0.898 -0.113 -1.509 -0.547  3.225 -0.149]
[fjt] err=[-0.     0.001  0.001  0.001  0.001 -0.    -0.002]
[fjt] names=['panda_joint1', 'panda_joint2', 'panda_joint3', 'panda_joint4', 'panda_joint5', 'panda_joint6', 'panda_joint7'] pts=1
[fjt] times[0..2]=[0. 4.] times[-3:]=[0. 4.]
[fjt] goal=[-0.286  0.955  0.285 -1.366 -0.945  3.042 -1.661]
[fjt] final=[-0.286  0.955  0.284 -1.367 -0.942  3.044 -0.857]
[fjt] err=[ 0.    -0.001 -0.001 -0.001  0.003  0.002  0.804]
[fjt] names=['panda_joint1', 'panda_joint2', 'panda_joint3', 'panda_joint4', 'panda_joint5', 'panda_joint6', 'panda_joint7'] pts=1
[fjt] times[0..2]=[0. 2.] times[-3:]=[0. 2.]
[fjt] goal=[-0.286  0.955  0.285 -1.366 -0.945  3.042 -1.661]
[fjt] final=[-0.286  0.955  0.284 -1.367 -0.942  3.044 -1.282]
[fjt] err=[ 0.    -0.001 -0.001 -0.001  0.003  0.002  0.378]
[fjt] names=['panda_joint1', 'panda_joint2', 'panda_joint3', 'panda_joint4', 'panda_joint5', 'panda_joint6', 'panda_joint7'] pts=1
[fjt] times[0..2]=[0. 2.] times[-3:]=[0. 2.]
[fjt] goal=[-0.286  0.955  0.285 -1.366 -0.945  3.042 -1.661]
[fjt] final=[-0.286  0.955  0.284 -1.367 -0.943  3.043 -1.654]
[fjt] err=[ 0.    -0.001 -0.001 -0.001  0.002  0.002  0.006]
[fjt] names=['panda_joint1', 'panda_joint2', 'panda_joint3', 'panda_joint4', 'panda_joint5', 'panda_joint6', 'panda_joint7'] pts=1
[fjt] times[0..2]=[0. 3.] times[-3:]=[0. 3.]
[fjt] goal=[-0.243  1.323  0.402 -0.878 -0.821  2.896 -1.924]
[fjt] final=[-0.243  1.322  0.401 -0.88  -0.822  2.898 -1.922]
[fjt] err=[-0.    -0.001 -0.001 -0.002 -0.002  0.002  0.003]
[fjt] names=['panda_joint1', 'panda_joint2', 'panda_joint3', 'panda_joint4', 'panda_joint5', 'panda_joint6', 'panda_joint7'] pts=1
[fjt] times[0..2]=[0.  1.5] times[-3:]=[0.  1.5]
[fjt] goal=[-0.252  1.213  0.325 -1.06  -0.87   2.983 -1.801]
[fjt] final=[-0.252  1.214  0.326 -1.059 -0.869  2.981 -1.804]
[fjt] err=[ 0.     0.001  0.001  0.002  0.002 -0.002 -0.003]
[fjt] names=['panda_joint1', 'panda_joint2', 'panda_joint3', 'panda_joint4', 'panda_joint5', 'panda_joint6', 'panda_joint7'] pts=1
[fjt] times[0..2]=[0.  1.5] times[-3:]=[0.  1.5]
[fjt] goal=[-0.238  1.125  0.245 -1.199 -0.909  3.059 -1.696]
[fjt] final=[-0.238  1.126  0.246 -1.197 -0.908  3.057 -1.699]
[fjt] err=[-0.     0.001  0.001  0.001  0.001 -0.002 -0.003]
[fjt] names=['panda_joint1', 'panda_joint2', 'panda_joint3', 'panda_joint4', 'panda_joint5', 'panda_joint6', 'panda_joint7'] pts=1
[fjt] times[0..2]=[0.  1.5] times[-3:]=[0.  1.5]
[fjt] goal=[-0.202  1.05   0.154 -1.314 -0.942  3.133 -1.597]
[fjt] final=[-0.203  1.051  0.156 -1.313 -0.94   3.131 -1.6  ]
[fjt] err=[-0.     0.001  0.001  0.001  0.002 -0.002 -0.003]
[fjt] names=['panda_joint1', 'panda_joint2', 'panda_joint3', 'panda_joint4', 'panda_joint5', 'panda_joint6', 'panda_joint7'] pts=1
[fjt] times[0..2]=[0. 3.] times[-3:]=[0. 3.]
[fjt] goal=[-0.315  0.866  0.328 -1.426 -0.869  3.001 -1.736]
[fjt] final=[-0.314  0.866  0.327 -1.425 -0.871  3.003 -1.733]
[fjt] err=[ 0.     0.001 -0.001  0.001 -0.002  0.002  0.003]
[fjt] names=['panda_joint1', 'panda_joint2', 'panda_joint3', 'panda_joint4', 'panda_joint5', 'panda_joint6', 'panda_joint7'] pts=1
[fjt] times[0..2]=[ 0.         13.70942331] times[-3:]=[ 0.         13.70942331]
[fjt] goal=[ 0.    -0.161  0.    -2.445  0.     2.227  0.785]
[fjt] final=[-0.000e+00 -1.600e-01  1.000e-03 -2.444e+00 -2.000e-03  2.228e+00
  3.320e-01]
[fjt] err=[-0.     0.001  0.001  0.001 -0.002  0.002 -0.453]
[fjt] names=['panda_joint1', 'panda_joint2', 'panda_joint3', 'panda_joint4', 'panda_joint5', 'panda_joint6', 'panda_joint7'] pts=1
[fjt] times[0..2]=[0. 2.] times[-3:]=[0. 2.]
[fjt] goal=[ 0.    -0.161  0.    -2.445  0.     2.227  0.785]
[fjt] final=[-0.000e+00 -1.600e-01  1.000e-03 -2.444e+00 -2.000e-03  2.228e+00
  7.450e-01]
[fjt] err=[-0.     0.001  0.001  0.001 -0.002  0.002 -0.04 ]
[fjt] names=['panda_joint1', 'panda_joint2', 'panda_joint3', 'panda_joint4', 'panda_joint5', 'panda_joint6', 'panda_joint7'] pts=1
[fjt] times[0..2]=[0. 2.] times[-3:]=[0. 2.]
[fjt] goal=[ 0.    -0.161  0.    -2.445  0.     2.227  0.785]
[fjt] final=[-0.000e+00 -1.600e-01  1.000e-03 -2.444e+00 -1.000e-03  2.228e+00
  7.830e-01]
[fjt] err=[-0.     0.001  0.001  0.001 -0.001  0.001 -0.002]
[fjt] names=['panda_joint1', 'panda_joint2', 'panda_joint3', 'panda_joint4', 'panda_joint5', 'panda_joint6', 'panda_joint7'] pts=1
[fjt] times[0..2]=[0.         5.01787365] times[-3:]=[0.         5.01787365]
[fjt] goal=[-0.302  0.965  0.329 -1.327 -0.903  2.997 -1.726]
[fjt] final=[-0.302  0.776  0.329 -1.519 -0.857  2.995 -0.008]
[fjt] err=[ 0.000e+00 -1.890e-01 -1.000e-03 -1.920e-01  4.600e-02 -2.000e-03
  1.718e+00]
[fjt] names=['panda_joint1', 'panda_joint2', 'panda_joint3', 'panda_joint4', 'panda_joint5', 'panda_joint6', 'panda_joint7'] pts=1
[fjt] times[0..2]=[0.         3.43557057] times[-3:]=[0.         3.43557057]
[fjt] goal=[-0.302  0.965  0.329 -1.327 -0.903  2.997 -1.726]
[fjt] final=[-0.302  0.964  0.329 -1.328 -0.901  2.995 -0.651]
[fjt] err=[ 0.000e+00 -1.000e-03 -1.000e-03 -1.000e-03  3.000e-03 -2.000e-03
  1.075e+00]
[fjt] names=['panda_joint1', 'panda_joint2', 'panda_joint3', 'panda_joint4', 'panda_joint5', 'panda_joint6', 'panda_joint7'] pts=1
[fjt] times[0..2]=[0.         2.14990287] times[-3:]=[0.         2.14990287]
[fjt] goal=[-0.302  0.965  0.329 -1.327 -0.903  2.997 -1.726]
[fjt] final=[-0.302  0.964  0.329 -1.328 -0.901  2.995 -1.1  ]
[fjt] err=[ 0.    -0.001 -0.    -0.001  0.003 -0.001  0.626]
[fjt] names=['panda_joint1', 'panda_joint2', 'panda_joint3', 'panda_joint4', 'panda_joint5', 'panda_joint6', 'panda_joint7'] pts=1
[fjt] times[0..2]=[0. 2.] times[-3:]=[0. 2.]
[fjt] goal=[-0.302  0.965  0.329 -1.327 -0.903  2.997 -1.726]
[fjt] final=[-0.302  0.964  0.329 -1.328 -0.901  2.996 -1.521]
[fjt] err=[ 0.    -0.001 -0.    -0.001  0.003 -0.001  0.204]
[fjt] names=['panda_joint1', 'panda_joint2', 'panda_joint3', 'panda_joint4', 'panda_joint5', 'panda_joint6', 'panda_joint7'] pts=1
[fjt] times[0..2]=[0. 2.] times[-3:]=[0. 2.]
[fjt] goal=[-0.302  0.965  0.329 -1.327 -0.903  2.997 -1.726]
[fjt] final=[-0.302  0.964  0.329 -1.328 -0.902  2.996 -1.723]
[fjt] err=[ 0.    -0.001 -0.    -0.001  0.001 -0.001  0.002]
[fjt] names=['panda_joint1', 'panda_joint2', 'panda_joint3', 'panda_joint4', 'panda_joint5', 'panda_joint6', 'panda_joint7'] pts=1
[fjt] times[0..2]=[0. 3.] times[-3:]=[0. 3.]
[fjt] goal=[-0.228  1.352  0.432 -0.794 -0.772  2.841 -1.997]
[fjt] final=[-0.229  1.351  0.431 -0.797 -0.774  2.843 -1.994]
[fjt] err=[-0.    -0.001 -0.001 -0.003 -0.002  0.002  0.003]
[fjt] names=['panda_joint1', 'panda_joint2', 'panda_joint3', 'panda_joint4', 'panda_joint5', 'panda_joint6', 'panda_joint7'] pts=1
[fjt] times[0..2]=[0. 1.] times[-3:]=[0. 1.]
[fjt] goal=[-0.227  1.361  0.432 -0.785 -0.772  2.842 -1.999]
[fjt] final=[-0.227  1.36   0.432 -0.787 -0.774  2.843 -1.996]
[fjt] err=[-0.    -0.001 -0.001 -0.001 -0.001  0.001  0.003]
[fjt] names=['panda_joint1', 'panda_joint2', 'panda_joint3', 'panda_joint4', 'panda_joint5', 'panda_joint6', 'panda_joint7'] pts=1
[fjt] times[0..2]=[0. 1.] times[-3:]=[0. 1.]
[fjt] goal=[-0.225  1.37   0.433 -0.776 -0.772  2.843 -2.001]
[fjt] final=[-0.225  1.369  0.432 -0.778 -0.773  2.843 -1.998]
[fjt] err=[-0.    -0.001 -0.001 -0.001 -0.001  0.001  0.003]
[fjt] names=['panda_joint1', 'panda_joint2', 'panda_joint3', 'panda_joint4', 'panda_joint5', 'panda_joint6', 'panda_joint7'] pts=1
[fjt] times[0..2]=[0. 1.] times[-3:]=[0. 1.]
[fjt] goal=[-0.223  1.379  0.433 -0.767 -0.772  2.843 -2.004]
[fjt] final=[-0.223  1.378  0.433 -0.768 -0.773  2.843 -2.001]
[fjt] err=[-0.    -0.001 -0.001 -0.001 -0.001  0.     0.003]
[fjt] names=['panda_joint1', 'panda_joint2', 'panda_joint3', 'panda_joint4', 'panda_joint5', 'panda_joint6', 'panda_joint7'] pts=1
[fjt] times[0..2]=[0. 1.] times[-3:]=[0. 1.]
[fjt] goal=[-0.221  1.388  0.434 -0.757 -0.771  2.843 -2.006]
[fjt] final=[-0.221  1.387  0.434 -0.759 -0.773  2.843 -2.004]
[fjt] err=[-0.    -0.001 -0.001 -0.001 -0.001  0.     0.003]
[fjt] names=['panda_joint1', 'panda_joint2', 'panda_joint3', 'panda_joint4', 'panda_joint5', 'panda_joint6', 'panda_joint7'] pts=1
[fjt] times[0..2]=[0. 1.] times[-3:]=[0. 1.]
[fjt] goal=[-0.219  1.398  0.435 -0.747 -0.771  2.843 -2.01 ]
[fjt] final=[-0.219  1.397  0.435 -0.748 -0.772  2.843 -2.007]
[fjt] err=[-0.    -0.001 -0.001 -0.001 -0.001  0.     0.003]
[fjt] names=['panda_joint1', 'panda_joint2', 'panda_joint3', 'panda_joint4', 'panda_joint5', 'panda_joint6', 'panda_joint7'] pts=1
[fjt] times[0..2]=[0. 1.] times[-3:]=[0. 1.]
[fjt] goal=[-0.217  1.408  0.437 -0.736 -0.77   2.843 -2.013]
[fjt] final=[-0.217  1.407  0.436 -0.738 -0.772  2.843 -2.01 ]
[fjt] err=[-0.    -0.001 -0.001 -0.001 -0.001  0.     0.003]
[fjt] names=['panda_joint1', 'panda_joint2', 'panda_joint3', 'panda_joint4', 'panda_joint5', 'panda_joint6', 'panda_joint7'] pts=1
[fjt] times[0..2]=[0. 1.] times[-3:]=[0. 1.]
[fjt] goal=[-0.214  1.418  0.438 -0.725 -0.769  2.843 -2.017]
[fjt] final=[-0.214  1.416  0.438 -0.725 -0.771  2.843 -2.015]
[fjt] err=[-0.    -0.002 -0.    -0.    -0.002  0.001  0.002]
[fjt] names=['panda_joint1', 'panda_joint2', 'panda_joint3', 'panda_joint4', 'panda_joint5', 'panda_joint6', 'panda_joint7'] pts=1
[fjt] times[0..2]=[0. 1.] times[-3:]=[0. 1.]
[fjt] goal=[-0.212  1.427  0.439 -0.715 -0.769  2.842 -2.02 ]
[fjt] final=[-0.212  1.423  0.44  -0.714 -0.77   2.844 -2.018]
[fjt] err=[-0.    -0.003  0.001  0.001 -0.002  0.001  0.002]
[fjt] names=['panda_joint1', 'panda_joint2', 'panda_joint3', 'panda_joint4', 'panda_joint5', 'panda_joint6', 'panda_joint7'] pts=1
[fjt] times[0..2]=[0.  1.5] times[-3:]=[0.  1.5]
[fjt] goal=[-0.241  1.286  0.349 -0.959 -0.831  2.951 -1.868]
[fjt] final=[-0.241  1.284  0.351 -0.954 -0.829  2.951 -1.871]
[fjt] err=[ 0.    -0.001  0.002  0.005  0.002  0.    -0.003]
[fjt] names=['panda_joint1', 'panda_joint2', 'panda_joint3', 'panda_joint4', 'panda_joint5', 'panda_joint6', 'panda_joint7'] pts=1
[fjt] times[0..2]=[0.  1.5] times[-3:]=[0.  1.5]
[fjt] goal=[-0.235  1.187  0.267 -1.119 -0.873  3.034 -1.754]
[fjt] final=[-0.235  1.187  0.268 -1.117 -0.871  3.032 -1.757]
[fjt] err=[-0.     0.001  0.001  0.001  0.001 -0.002 -0.003]
[fjt] names=['panda_joint1', 'panda_joint2', 'panda_joint3', 'panda_joint4', 'panda_joint5', 'panda_joint6', 'panda_joint7'] pts=1
[fjt] times[0..2]=[0.  1.5] times[-3:]=[0.  1.5]
[fjt] goal=[-0.207  1.105  0.178 -1.246 -0.906  3.111 -1.652]
[fjt] final=[-0.207  1.106  0.179 -1.245 -0.905  3.109 -1.654]
[fjt] err=[-0.     0.001  0.001  0.001  0.001 -0.002 -0.003]
[fjt] names=['panda_joint1', 'panda_joint2', 'panda_joint3', 'panda_joint4', 'panda_joint5', 'panda_joint6', 'panda_joint7'] pts=1
[fjt] times[0..2]=[0.  1.5] times[-3:]=[0.  1.5]
[fjt] goal=[-0.156  1.036  0.075 -1.356 -0.929  3.188 -1.557]
[fjt] final=[-0.157  1.036  0.076 -1.354 -0.927  3.186 -1.56 ]
[fjt] err=[-0.     0.001  0.001  0.001  0.002 -0.002 -0.003]
[fjt] names=['panda_joint1', 'panda_joint2', 'panda_joint3', 'panda_joint4', 'panda_joint5', 'panda_joint6', 'panda_joint7'] pts=1
[fjt] times[0..2]=[0. 3.] times[-3:]=[0. 3.]
[fjt] goal=[-0.283  0.843  0.268 -1.475 -0.864  3.05  -1.707]
[fjt] final=[-0.283  0.844  0.267 -1.474 -0.866  3.052 -1.704]
[fjt] err=[ 0.     0.001 -0.001  0.001 -0.002  0.002  0.003]
[fjt] names=['panda_joint1', 'panda_joint2', 'panda_joint3', 'panda_joint4', 'panda_joint5', 'panda_joint6', 'panda_joint7'] pts=1
[fjt] times[0..2]=[ 0.         13.41376169] times[-3:]=[ 0.         13.41376169]
[fjt] goal=[ 0.    -0.161  0.    -2.445  0.     2.227  0.785]
[fjt] final=[-0.000e+00 -1.600e-01  1.000e-03 -2.444e+00 -2.000e-03  2.228e+00
  3.140e-01]
[fjt] err=[-0.     0.001  0.001  0.001 -0.002  0.002 -0.471]
[fjt] names=['panda_joint1', 'panda_joint2', 'panda_joint3', 'panda_joint4', 'panda_joint5', 'panda_joint6', 'panda_joint7'] pts=1
[fjt] times[0..2]=[0. 2.] times[-3:]=[0. 2.]
[fjt] goal=[ 0.    -0.161  0.    -2.445  0.     2.227  0.785]
[fjt] final=[-0.000e+00 -1.600e-01  1.000e-03 -2.444e+00 -2.000e-03  2.228e+00
  7.290e-01]
[fjt] err=[-0.     0.001  0.001  0.001 -0.002  0.002 -0.057]
[fjt] names=['panda_joint1', 'panda_joint2', 'panda_joint3', 'panda_joint4', 'panda_joint5', 'panda_joint6', 'panda_joint7'] pts=1
[fjt] times[0..2]=[0. 2.] times[-3:]=[0. 2.]
[fjt] goal=[ 0.    -0.161  0.    -2.445  0.     2.227  0.785]
[fjt] final=[-0.000e+00 -1.600e-01  1.000e-03 -2.444e+00 -1.000e-03  2.228e+00
  7.830e-01]
[fjt] err=[-0.     0.001  0.001  0.001 -0.001  0.001 -0.002]
[fjt] names=['panda_joint1', 'panda_joint2', 'panda_joint3', 'panda_joint4', 'panda_joint5', 'panda_joint6', 'panda_joint7'] pts=1
[fjt] times[0..2]=[0. 4.] times[-3:]=[0. 4.]
[fjt] goal=[ 0.253  0.94  -0.196 -1.48   0.69   3.187  1.92 ]
[fjt] final=[ 0.252  0.62  -0.195 -1.676  0.681  2.963  1.44 ]
[fjt] err=[-0.    -0.32   0.001 -0.196 -0.009 -0.223 -0.48 ]
[fjt] names=['panda_joint1', 'panda_joint2', 'panda_joint3', 'panda_joint4', 'panda_joint5', 'panda_joint6', 'panda_joint7'] pts=1
[fjt] times[0..2]=[0. 2.] times[-3:]=[0. 2.]
[fjt] goal=[ 0.253  0.94  -0.196 -1.48   0.69   3.187  1.92 ]
[fjt] final=[ 0.252  0.939 -0.195 -1.481  0.688  3.185  1.861]
[fjt] err=[-0.    -0.001  0.001 -0.001 -0.003 -0.002 -0.059]
[fjt] names=['panda_joint1', 'panda_joint2', 'panda_joint3', 'panda_joint4', 'panda_joint5', 'panda_joint6', 'panda_joint7'] pts=1
[fjt] times[0..2]=[0. 2.] times[-3:]=[0. 2.]
[fjt] goal=[ 0.253  0.94  -0.196 -1.48   0.69   3.187  1.92 ]
[fjt] final=[ 0.252  0.939 -0.195 -1.481  0.689  3.185  1.918]
[fjt] err=[-0.    -0.001  0.    -0.001 -0.001 -0.002 -0.002]
[fjt] names=['panda_joint1', 'panda_joint2', 'panda_joint3', 'panda_joint4', 'panda_joint5', 'panda_joint6', 'panda_joint7'] pts=1
[fjt] times[0..2]=[0. 3.] times[-3:]=[0. 3.]
[fjt] goal=[ 0.218  1.396 -0.348 -0.848  0.572  2.972  2.186]
[fjt] final=[ 0.213  1.387 -0.358 -0.854  0.578  2.985  2.19 ]
[fjt] err=[-0.006 -0.008 -0.011 -0.007  0.006  0.013  0.004]
[fjt] names=['panda_joint1', 'panda_joint2', 'panda_joint3', 'panda_joint4', 'panda_joint5', 'panda_joint6', 'panda_joint7'] pts=1
[fjt] times[0..2]=[0. 3.] times[-3:]=[0. 3.]
[fjt] goal=[ 0.225  0.926 -0.183 -1.501  0.59   3.214  2.007]
[fjt] final=[ 0.224  0.926 -0.183 -1.448  0.589  3.214  2.009]
[fjt] err=[-0.     0.001 -0.001  0.053 -0.002 -0.     0.003]
[fjt] names=['panda_joint1', 'panda_joint2', 'panda_joint3', 'panda_joint4', 'panda_joint5', 'panda_joint6', 'panda_joint7'] pts=1
[fjt] times[0..2]=[0. 2.] times[-3:]=[0. 2.]
[fjt] goal=[ 0.225  0.926 -0.183 -1.501  0.59   3.214  2.007]
[fjt] final=[ 0.224  0.926 -0.183 -1.499  0.589  3.214  2.009]
[fjt] err=[-0.     0.001 -0.001  0.001 -0.002 -0.     0.002]
[fjt] names=['panda_joint1', 'panda_joint2', 'panda_joint3', 'panda_joint4', 'panda_joint5', 'panda_joint6', 'panda_joint7'] pts=1
[fjt] times[0..2]=[ 0.         10.47888329] times[-3:]=[ 0.         10.47888329]
[fjt] goal=[ 0.    -0.161  0.    -2.445  0.     2.227  0.785]
[fjt] final=[ 1.000e-03 -1.600e-01 -1.000e-03 -2.444e+00  1.000e-03  2.228e+00
  7.880e-01]
[fjt] err=[ 0.001  0.001 -0.001  0.001  0.001  0.002  0.002]
[fjt] names=['panda_joint1', 'panda_joint2', 'panda_joint3', 'panda_joint4', 'panda_joint5', 'panda_joint6', 'panda_joint7'] pts=1
[fjt] times[0..2]=[0.         5.12557777] times[-3:]=[0.         5.12557777]
[fjt] goal=[-0.337  0.984  0.356 -1.311 -0.889  2.994 -1.775]
[fjt] final=[-0.337  0.792  0.355 -1.503 -0.866  2.992 -0.021]
[fjt] err=[ 0.000e+00 -1.930e-01 -1.000e-03 -1.920e-01  2.300e-02 -2.000e-03
  1.754e+00]
[fjt] names=['panda_joint1', 'panda_joint2', 'panda_joint3', 'panda_joint4', 'panda_joint5', 'panda_joint6', 'panda_joint7'] pts=1
[fjt] times[0..2]=[0.        3.5081432] times[-3:]=[0.        3.5081432]
[fjt] goal=[-0.337  0.984  0.356 -1.311 -0.889  2.994 -1.775]
[fjt] final=[-0.337  0.984  0.355 -1.312 -0.886  2.992 -0.682]
[fjt] err=[ 0.000e+00 -1.000e-03 -1.000e-03 -1.000e-03  3.000e-03 -1.000e-03
  1.094e+00]
[fjt] names=['panda_joint1', 'panda_joint2', 'panda_joint3', 'panda_joint4', 'panda_joint5', 'panda_joint6', 'panda_joint7'] pts=1
[fjt] times[0..2]=[0.         2.18705809] times[-3:]=[0.         2.18705809]
[fjt] goal=[-0.337  0.984  0.356 -1.311 -0.889  2.994 -1.775]
[fjt] final=[-0.337  0.984  0.355 -1.312 -0.886  2.992 -1.138]
[fjt] err=[ 0.    -0.001 -0.    -0.001  0.003 -0.001  0.637]
[fjt] names=['panda_joint1', 'panda_joint2', 'panda_joint3', 'panda_joint4', 'panda_joint5', 'panda_joint6', 'panda_joint7'] pts=1
[fjt] times[0..2]=[0. 2.] times[-3:]=[0. 2.]
[fjt] goal=[-0.337  0.984  0.356 -1.311 -0.889  2.994 -1.775]
[fjt] final=[-0.337  0.984  0.355 -1.312 -0.886  2.992 -1.56 ]
[fjt] err=[ 0.    -0.001 -0.    -0.001  0.003 -0.001  0.215]
[fjt] names=['panda_joint1', 'panda_joint2', 'panda_joint3', 'panda_joint4', 'panda_joint5', 'panda_joint6', 'panda_joint7'] pts=1
[fjt] times[0..2]=[0. 2.] times[-3:]=[0. 2.]
[fjt] goal=[-0.337  0.984  0.356 -1.311 -0.889  2.994 -1.775]
[fjt] final=[-0.337  0.984  0.355 -1.311 -0.887  2.993 -1.773]
[fjt] err=[ 0.    -0.001 -0.    -0.001  0.001 -0.001  0.002]
[fjt] names=['panda_joint1', 'panda_joint2', 'panda_joint3', 'panda_joint4', 'panda_joint5', 'panda_joint6', 'panda_joint7'] pts=1
[fjt] times[0..2]=[0. 3.] times[-3:]=[0. 3.]
[fjt] goal=[-0.246  1.384  0.461 -0.748 -0.751  2.827 -2.06 ]
[fjt] final=[-0.246  1.383  0.461 -0.753 -0.752  2.828 -2.057]
[fjt] err=[-0.    -0.001  0.    -0.005 -0.002  0.002  0.003]
[fjt] names=['panda_joint1', 'panda_joint2', 'panda_joint3', 'panda_joint4', 'panda_joint5', 'panda_joint6', 'panda_joint7'] pts=1
[fjt] times[0..2]=[0. 1.] times[-3:]=[0. 1.]
[fjt] goal=[-0.244  1.393  0.462 -0.738 -0.75   2.827 -2.063]
[fjt] final=[-0.244  1.393  0.461 -0.74  -0.752  2.828 -2.06 ]
[fjt] err=[-0.    -0.001 -0.001 -0.001 -0.001  0.002  0.003]
[fjt] names=['panda_joint1', 'panda_joint2', 'panda_joint3', 'panda_joint4', 'panda_joint5', 'panda_joint6', 'panda_joint7'] pts=1
[fjt] times[0..2]=[0. 1.] times[-3:]=[0. 1.]
[fjt] goal=[-0.242  1.403  0.463 -0.728 -0.749  2.827 -2.066]
[fjt] final=[-0.242  1.402  0.462 -0.73  -0.751  2.828 -2.064]
[fjt] err=[-0.    -0.001 -0.001 -0.001 -0.001  0.001  0.003]
[fjt] names=['panda_joint1', 'panda_joint2', 'panda_joint3', 'panda_joint4', 'panda_joint5', 'panda_joint6', 'panda_joint7'] pts=1
[fjt] times[0..2]=[0. 1.] times[-3:]=[0. 1.]
[fjt] goal=[-0.239  1.413  0.464 -0.717 -0.748  2.827 -2.07 ]
[fjt] final=[-0.239  1.412  0.463 -0.719 -0.75   2.828 -2.067]
[fjt] err=[-0.    -0.001 -0.001 -0.002 -0.001  0.002  0.003]
[fjt] names=['panda_joint1', 'panda_joint2', 'panda_joint3', 'panda_joint4', 'panda_joint5', 'panda_joint6', 'panda_joint7'] pts=1
[fjt] times[0..2]=[0. 1.] times[-3:]=[0. 1.]
[fjt] goal=[-0.236  1.423  0.465 -0.706 -0.747  2.826 -2.074]
[fjt] final=[-0.237  1.423  0.464 -0.707 -0.749  2.828 -2.072]
[fjt] err=[-0.    -0.001 -0.001 -0.002 -0.001  0.002  0.003]
[fjt] names=['panda_joint1', 'panda_joint2', 'panda_joint3', 'panda_joint4', 'panda_joint5', 'panda_joint6', 'panda_joint7'] pts=1
[fjt] times[0..2]=[0. 1.] times[-3:]=[0. 1.]
[fjt] goal=[-0.234  1.434  0.466 -0.693 -0.746  2.825 -2.079]
[fjt] final=[-0.234  1.433  0.466 -0.695 -0.747  2.827 -2.076]
[fjt] err=[-0.    -0.001 -0.001 -0.002 -0.001  0.002  0.003]
[fjt] names=['panda_joint1', 'panda_joint2', 'panda_joint3', 'panda_joint4', 'panda_joint5', 'panda_joint6', 'panda_joint7'] pts=1
[fjt] times[0..2]=[0. 1.] times[-3:]=[0. 1.]
[fjt] goal=[-0.231  1.445  0.468 -0.68  -0.744  2.824 -2.084]
[fjt] final=[-0.231  1.444  0.468 -0.681 -0.745  2.827 -2.082]
[fjt] err=[-0.    -0.001 -0.    -0.001 -0.001  0.002  0.003]
[fjt] names=['panda_joint1', 'panda_joint2', 'panda_joint3', 'panda_joint4', 'panda_joint5', 'panda_joint6', 'panda_joint7'] pts=1
[fjt] times[0..2]=[0. 1.] times[-3:]=[0. 1.]
[fjt] goal=[-0.227  1.457  0.47  -0.666 -0.741  2.823 -2.09 ]
[fjt] final=[-0.227  1.453  0.471 -0.665 -0.743  2.827 -2.088]
[fjt] err=[-0.    -0.003  0.001  0.001 -0.001  0.004  0.002]
[fjt] names=['panda_joint1', 'panda_joint2', 'panda_joint3', 'panda_joint4', 'panda_joint5', 'panda_joint6', 'panda_joint7'] pts=1
[fjt] times[0..2]=[0. 2.] times[-3:]=[0. 2.]
[fjt] goal=[-0.181  1.567  0.479 -0.506 -0.676  2.793 -2.175]
[fjt] final=[-0.178  1.55   0.485 -0.492 -0.677  2.809 -2.173]
[fjt] err=[ 0.003 -0.017  0.007  0.014 -0.001  0.017  0.002]
[fjt] names=['panda_joint1', 'panda_joint2', 'panda_joint3', 'panda_joint4', 'panda_joint5', 'panda_joint6', 'panda_joint7'] pts=1
[fjt] times[0..2]=[0. 1.] times[-3:]=[0. 1.]
[fjt] goal=[-0.233  1.43   0.404 -0.758 -0.741  2.897 -2.034]
[fjt] final=[-0.237  1.421  0.404 -0.731 -0.738  2.902 -2.036]
[fjt] err=[-0.004 -0.009 -0.     0.027  0.003  0.005 -0.001]
[fjt] names=['panda_joint1', 'panda_joint2', 'panda_joint3', 'panda_joint4', 'panda_joint5', 'panda_joint6', 'panda_joint7'] pts=1
[fjt] times[0..2]=[0. 1.] times[-3:]=[0. 1.]
[fjt] goal=[-0.247  1.357  0.355 -0.885 -0.772  2.956 -1.956]
[fjt] final=[-0.248  1.354  0.356 -0.876 -0.769  2.957 -1.958]
[fjt] err=[-0.001 -0.004  0.001  0.009  0.003  0.001 -0.002]
[fjt] names=['panda_joint1', 'panda_joint2', 'panda_joint3', 'panda_joint4', 'panda_joint5', 'panda_joint6', 'panda_joint7'] pts=1
[fjt] times[0..2]=[0. 3.] times[-3:]=[0. 3.]
[fjt] goal=[-0.307  1.126  0.423 -1.053 -0.752  2.866 -1.974]
[fjt] final=[-0.307  1.127  0.422 -1.052 -0.754  2.868 -1.972]
[fjt] err=[ 0.     0.001 -0.001  0.001 -0.002  0.002  0.003]
[fjt] names=['panda_joint1', 'panda_joint2', 'panda_joint3', 'panda_joint4', 'panda_joint5', 'panda_joint6', 'panda_joint7'] pts=1
[fjt] times[0..2]=[ 0.         15.12239996] times[-3:]=[ 0.         15.12239996]
[fjt] goal=[ 0.    -0.161  0.    -2.445  0.     2.227  0.785]
[fjt] final=[-0.000e+00 -1.600e-01  1.000e-03 -2.444e+00 -2.000e-03  2.228e+00
  3.230e-01]
[fjt] err=[-0.     0.001  0.001  0.001 -0.002  0.002 -0.462]
[fjt] names=['panda_joint1', 'panda_joint2', 'panda_joint3', 'panda_joint4', 'panda_joint5', 'panda_joint6', 'panda_joint7'] pts=1
[fjt] times[0..2]=[0. 2.] times[-3:]=[0. 2.]
[fjt] goal=[ 0.    -0.161  0.    -2.445  0.     2.227  0.785]
[fjt] final=[-0.000e+00 -1.600e-01  1.000e-03 -2.444e+00 -2.000e-03  2.228e+00
  7.370e-01]
[fjt] err=[-0.     0.001  0.001  0.001 -0.002  0.001 -0.049]
[fjt] names=['panda_joint1', 'panda_joint2', 'panda_joint3', 'panda_joint4', 'panda_joint5', 'panda_joint6', 'panda_joint7'] pts=1
[fjt] times[0..2]=[0. 2.] times[-3:]=[0. 2.]
[fjt] goal=[ 0.    -0.161  0.    -2.445  0.     2.227  0.785]
[fjt] final=[-0.000e+00 -1.600e-01  1.000e-03 -2.444e+00 -1.000e-03  2.228e+00
  7.830e-01]
[fjt] err=[-0.     0.001  0.001  0.001 -0.001  0.001 -0.002]
