[robosuite WARNING] No private macro file found! (__init__.py:7)
[robosuite WARNING] It is recommended to use a private macro file (__init__.py:8)
[robosuite WARNING] To setup, run: python /storage/home/yehe8/.openrua/simulators/cap-x/capx/third_party/libero_dependencies/robosuite/robosuite/scripts/setup_macros.py (__init__.py:9)
Gym has been unmaintained since 2022 and does not support NumPy 2.0 amongst other critical functionality.
Please upgrade to Gymnasium, the maintained drop-in replacement of Gym, or contact the authors of your software and request that they upgrade.
See the migration guide at https://gymnasium.farama.org/introduction/migration_guide/ for additional information.
[info] Using default task order for benchmark 'libero_10_swap' (10 tasks).
[Warning]: datasets path /storage/home/yehe8/.openrua/simulators/cap-x/capx/third_party/LIBERO-PRO/libero/datasets does not exist!
[Warning]: datasets path /storage/home/yehe8/.openrua/simulators/cap-x/capx/third_party/LIBERO-PRO/libero/datasets does not exist!
robot ready
[Warning]: datasets path /storage/home/yehe8/.openrua/simulators/cap-x/capx/third_party/LIBERO-PRO/libero/datasets does not exist!
[fjt] names=['panda_joint1', 'panda_joint2', 'panda_joint3', 'panda_joint4', 'panda_joint5', 'panda_joint6', 'panda_joint7'] pts=1
[fjt] times[0..2]=[0. 4.] times[-3:]=[0. 4.]
[fjt] goal=[ 0.253  0.313  0.157 -2.385 -0.111  2.692  0.502]
[fjt] final=[ 0.253  0.312  0.157 -2.386 -0.11   2.69   0.505]
[fjt] err=[-0.    -0.001 -0.    -0.001  0.001 -0.002  0.002]
[fjt] names=['panda_joint1', 'panda_joint2', 'panda_joint3', 'panda_joint4', 'panda_joint5', 'panda_joint6', 'panda_joint7'] pts=1
[fjt] times[0..2]=[0. 3.] times[-3:]=[0. 3.]
[fjt] goal=[ 0.4    0.308  0.022 -2.386 -0.015  2.695  1.219]
[fjt] final=[ 0.399  0.309  0.023 -2.386 -0.018  2.693  1.064]
[fjt] err=[-0.     0.     0.001  0.    -0.002 -0.002 -0.155]
[fjt] names=['panda_joint1', 'panda_joint2', 'panda_joint3', 'panda_joint4', 'panda_joint5', 'panda_joint6', 'panda_joint7'] pts=1
[fjt] times[0..2]=[0. 3.] times[-3:]=[0. 3.]
[fjt] goal=[ 0.427  0.308 -0.004 -2.386  0.003  2.695  1.207]
[fjt] final=[ 4.270e-01  3.090e-01 -3.000e-03 -2.386e+00  2.000e-03  2.693e+00
  1.205e+00]
[fjt] err=[-0.001  0.     0.001  0.    -0.001 -0.001 -0.002]
[fjt] names=['panda_joint1', 'panda_joint2', 'panda_joint3', 'panda_joint4', 'panda_joint5', 'panda_joint6', 'panda_joint7'] pts=1
[fjt] times[0..2]=[0.  2.5] times[-3:]=[0.  2.5]
[fjt] goal=[ 4.270e-01  4.700e-01 -2.000e-03 -2.354e+00  4.000e-03  2.824e+00
  1.207e+00]
[fjt] final=[ 4.270e-01  4.690e-01 -3.000e-03 -2.355e+00  2.000e-03  2.822e+00
  1.205e+00]
[fjt] err=[-0.    -0.001 -0.001 -0.001 -0.001 -0.002 -0.002]
[fjt] names=['panda_joint1', 'panda_joint2', 'panda_joint3', 'panda_joint4', 'panda_joint5', 'panda_joint6', 'panda_joint7'] pts=1
[fjt] times[0..2]=[0. 3.] times[-3:]=[0. 3.]
[fjt] goal=[ 4.280e-01  4.700e-01 -1.000e-03 -2.353e+00  3.000e-03  2.823e+00
  2.776e+00]
[fjt] final=[ 0.428  0.473  0.    -2.348 -0.012  2.821  1.478]
[fjt] err=[ 0.000e+00  2.000e-03  1.000e-03  5.000e-03 -1.400e-02 -2.000e-03
 -1.298e+00]
[fjt] names=['panda_joint1', 'panda_joint2', 'panda_joint3', 'panda_joint4', 'panda_joint5', 'panda_joint6', 'panda_joint7'] pts=1
[fjt] times[0..2]=[0. 3.] times[-3:]=[0. 3.]
[fjt] goal=[ 0.428  0.473  0.    -2.348 -0.012  2.821  0.678]
[fjt] final=[ 0.427  0.473 -0.003 -2.349 -0.01   2.823  0.942]
[fjt] err=[-0.001  0.    -0.003 -0.001  0.002  0.002  0.264]
[fjt] names=['panda_joint1', 'panda_joint2', 'panda_joint3', 'panda_joint4', 'panda_joint5', 'panda_joint6', 'panda_joint7'] pts=1
[fjt] times[0..2]=[0. 4.] times[-3:]=[0. 4.]
[fjt] goal=[ 0.427  0.473 -0.003 -2.349 -0.01   2.823  0.642]
[fjt] final=[ 0.426  0.472 -0.005 -2.35  -0.009  2.824  0.643]
[fjt] err=[-0.001 -0.001 -0.003 -0.001  0.001  0.     0.001]
[fjt] names=['panda_joint1', 'panda_joint2', 'panda_joint3', 'panda_joint4', 'panda_joint5', 'panda_joint6', 'panda_joint7'] pts=1
[fjt] times[0..2]=[0. 6.] times[-3:]=[0. 6.]
[fjt] goal=[ 0.426  0.472 -0.005 -2.35  -0.009  2.824  0.043]
[fjt] final=[ 0.424  0.473 -0.01  -2.348 -0.009  2.824  0.043]
[fjt] err=[-0.001  0.001 -0.004  0.001  0.001  0.001  0.   ]
[fjt] names=['panda_joint1', 'panda_joint2', 'panda_joint3', 'panda_joint4', 'panda_joint5', 'panda_joint6', 'panda_joint7'] pts=1
[fjt] times[0..2]=[0.  2.5] times[-3:]=[0.  2.5]
[fjt] goal=[ 4.150e-01  1.680e-01 -1.000e-03 -2.380e+00  0.000e+00  2.549e+00
  3.200e-02]
[fjt] final=[ 4.150e-01  1.690e-01 -2.000e-03 -2.379e+00 -1.000e-03  2.550e+00
  3.500e-02]
[fjt] err=[ 0.     0.001 -0.001  0.001 -0.002  0.002  0.002]
[fjt] names=['panda_joint1', 'panda_joint2', 'panda_joint3', 'panda_joint4', 'panda_joint5', 'panda_joint6', 'panda_joint7'] pts=1
[fjt] times[0..2]=[0. 4.] times[-3:]=[0. 4.]
[fjt] goal=[ 0.194  0.429 -0.645 -1.684  0.281  2.018  1.826]
[fjt] final=[ 0.194  0.428 -0.643 -1.686  0.278  2.02   0.593]
[fjt] err=[ 0.000e+00 -1.000e-03  2.000e-03 -3.000e-03 -2.000e-03  2.000e-03
 -1.233e+00]
[fjt] names=['panda_joint1', 'panda_joint2', 'panda_joint3', 'panda_joint4', 'panda_joint5', 'panda_joint6', 'panda_joint7'] pts=1
[fjt] times[0..2]=[0. 4.] times[-3:]=[0. 4.]
[fjt] goal=[ 0.336  0.487 -0.825 -1.678  0.387  1.993  1.763]
[fjt] final=[ 0.335  0.486 -0.824 -1.679  0.384  1.995  1.306]
[fjt] err=[-0.    -0.001  0.001 -0.001 -0.002  0.002 -0.457]
[fjt] names=['panda_joint1', 'panda_joint2', 'panda_joint3', 'panda_joint4', 'panda_joint5', 'panda_joint6', 'panda_joint7'] pts=1
[fjt] times[0..2]=[0. 5.] times[-3:]=[0. 5.]
[fjt] goal=[ 0.389  0.518 -0.898 -1.674  0.435  1.979  1.734]
[fjt] final=[ 0.389  0.517 -0.897 -1.676  0.434  1.981  1.732]
[fjt] err=[-0.    -0.001  0.001 -0.001 -0.001  0.002 -0.002]
[fjt] names=['panda_joint1', 'panda_joint2', 'panda_joint3', 'panda_joint4', 'panda_joint5', 'panda_joint6', 'panda_joint7'] pts=1
[fjt] times[0..2]=[0. 5.] times[-3:]=[0. 5.]
[fjt] goal=[-0.831  0.326  0.856 -2.655 -2.252  1.917  0.401]
[fjt] final=[-0.558  0.327  0.027 -2.588 -0.461  1.92   0.933]
[fjt] err=[ 0.273  0.    -0.829  0.067  1.791  0.003  0.533]
[fjt] names=['panda_joint1', 'panda_joint2', 'panda_joint3', 'panda_joint4', 'panda_joint5', 'panda_joint6', 'panda_joint7'] pts=1
[fjt] times[0..2]=[0. 6.] times[-3:]=[0. 6.]
[fjt] goal=[-0.831  0.326  0.856 -2.655 -2.252  1.917  0.401]
[fjt] final=[-0.831  0.327  0.855 -2.654 -1.48   1.918  0.403]
[fjt] err=[ 0.     0.    -0.001  0.001  0.772  0.     0.003]
[fjt] names=['panda_joint1', 'panda_joint2', 'panda_joint3', 'panda_joint4', 'panda_joint5', 'panda_joint6', 'panda_joint7'] pts=1
[fjt] times[0..2]=[0. 6.] times[-3:]=[0. 6.]
[fjt] goal=[-0.831  0.326  0.856 -2.655 -2.252  1.917  0.401]
[fjt] final=[-0.831  0.327  0.855 -2.654 -2.251  1.917  0.403]
[fjt] err=[ 0.     0.    -0.001  0.     0.001  0.     0.002]
[fjt] names=['panda_joint1', 'panda_joint2', 'panda_joint3', 'panda_joint4', 'panda_joint5', 'panda_joint6', 'panda_joint7'] pts=2
[fjt] times[0..2]=[0. 3. 6.] times[-3:]=[0. 3. 6.]
[fjt] goal=[-0.848  0.8    0.595 -2.12  -2.605  2.019  0.236]
[fjt] final=[-0.848  0.799  0.596 -2.122 -2.603  2.017  0.238]
[fjt] err=[-0.    -0.001  0.001 -0.002  0.001 -0.002  0.002]
[fjt] names=['panda_joint1', 'panda_joint2', 'panda_joint3', 'panda_joint4', 'panda_joint5', 'panda_joint6', 'panda_joint7'] pts=1
[fjt] times[0..2]=[0. 4.] times[-3:]=[0. 4.]
[fjt] goal=[-0.935  0.542  0.692 -2.203 -2.464  2.168  0.17 ]
[fjt] final=[-0.934  0.544  0.69  -2.204 -2.465  2.168  0.173]
[fjt] err=[ 0.001  0.002 -0.001 -0.001 -0.001 -0.001  0.002]
[fjt] names=['panda_joint1', 'panda_joint2', 'panda_joint3', 'panda_joint4', 'panda_joint5', 'panda_joint6', 'panda_joint7'] pts=1
[fjt] times[0..2]=[0. 3.] times[-3:]=[0. 3.]
[fjt] goal=[-0.992  0.367  0.746 -2.221 -2.349  2.302  0.111]
[fjt] final=[-0.991  0.369  0.745 -2.222 -2.35   2.302  0.114]
[fjt] err=[ 0.001  0.002 -0.001 -0.001 -0.001 -0.001  0.002]
[fjt] names=['panda_joint1', 'panda_joint2', 'panda_joint3', 'panda_joint4', 'panda_joint5', 'panda_joint6', 'panda_joint7'] pts=5
[fjt] times[0..2]=[0. 2. 4.] times[-3:]=[ 6.  8. 10.]
[fjt] goal=[-0.219  0.702  0.97  -1.97  -1.82   1.516 -0.017]
[fjt] final=[-0.22   0.702  0.97  -1.973 -1.82   1.519 -0.014]
[fjt] err=[-0.001  0.    -0.    -0.003 -0.     0.003  0.003]
[fjt] names=['panda_joint1', 'panda_joint2', 'panda_joint3', 'panda_joint4', 'panda_joint5', 'panda_joint6', 'panda_joint7'] pts=1
[fjt] times[0..2]=[0. 4.] times[-3:]=[0. 4.]
[fjt] goal=[-0.094  0.945  0.814 -1.889 -1.958  1.489  0.125]
[fjt] final=[-0.095  0.946  0.814 -1.891 -1.956  1.492  0.123]
[fjt] err=[-0.001  0.    -0.    -0.002  0.002  0.003 -0.002]
[fjt] names=['panda_joint1', 'panda_joint2', 'panda_joint3', 'panda_joint4', 'panda_joint5', 'panda_joint6', 'panda_joint7'] pts=1
[fjt] times[0..2]=[0. 4.] times[-3:]=[0. 4.]
[fjt] goal=[ 0.058  0.896  0.96  -1.935 -1.76   1.281  0.177]
[fjt] final=[ 0.058  0.896  0.959 -1.934 -1.762  1.283  0.175]
[fjt] err=[-0.     0.001 -0.001  0.001 -0.002  0.002 -0.002]
[fjt] names=['panda_joint1', 'panda_joint2', 'panda_joint3', 'panda_joint4', 'panda_joint5', 'panda_joint6', 'panda_joint7'] pts=1
[fjt] times[0..2]=[0. 4.] times[-3:]=[0. 4.]
[fjt] goal=[-0.059  0.665  1.161 -2.075 -1.58   1.246  0.127]
[fjt] final=[-0.058  0.666  1.16  -2.074 -1.581  1.248  0.129]
[fjt] err=[ 0.     0.001 -0.001  0.001 -0.001  0.002  0.002]
