[robosuite WARNING] No private macro file found! (__init__.py:7)
[robosuite WARNING] It is recommended to use a private macro file (__init__.py:8)
[robosuite WARNING] To setup, run: python /storage/home/yehe8/.openrua/simulators/cap-x/capx/third_party/libero_dependencies/robosuite/robosuite/scripts/setup_macros.py (__init__.py:9)
Gym has been unmaintained since 2022 and does not support NumPy 2.0 amongst other critical functionality.
Please upgrade to Gymnasium, the maintained drop-in replacement of Gym, or contact the authors of your software and request that they upgrade.
See the migration guide at https://gymnasium.farama.org/introduction/migration_guide/ for additional information.
[info] Using default task order for benchmark 'libero_10_swap' (10 tasks).
[Warning]: datasets path /storage/home/yehe8/.openrua/simulators/cap-x/capx/third_party/LIBERO-PRO/libero/datasets does not exist!
[Warning]: datasets path /storage/home/yehe8/.openrua/simulators/cap-x/capx/third_party/LIBERO-PRO/libero/datasets does not exist!
robot ready
[Warning]: datasets path /storage/home/yehe8/.openrua/simulators/cap-x/capx/third_party/LIBERO-PRO/libero/datasets does not exist!
[fjt] names=['panda_joint1', 'panda_joint2', 'panda_joint3', 'panda_joint4', 'panda_joint5', 'panda_joint6', 'panda_joint7'] pts=1
[fjt] times[0..2]=[0. 4.] times[-3:]=[0. 4.]
[fjt] goal=[-0.318 -0.5   -0.174 -2.933 -0.128  2.435 -0.374]
[fjt] final=[-0.318 -0.5   -0.174 -2.931 -0.126  2.433  0.041]
[fjt] err=[ 0.     0.001  0.001  0.001  0.002 -0.002  0.415]
[fjt] names=['panda_joint1', 'panda_joint2', 'panda_joint3', 'panda_joint4', 'panda_joint5', 'panda_joint6', 'panda_joint7'] pts=1
[fjt] times[0..2]=[0. 3.] times[-3:]=[0. 3.]
[fjt] goal=[-0.553  0.195  0.03  -2.92  -0.212  3.114 -0.312]
[fjt] final=[-0.553 -0.05   0.028 -2.93  -0.201  2.91  -0.298]
[fjt] err=[ 0.    -0.245 -0.002 -0.01   0.011 -0.204  0.014]
[fjt] names=['panda_joint1', 'panda_joint2', 'panda_joint3', 'panda_joint4', 'panda_joint5', 'panda_joint6', 'panda_joint7'] pts=1
[fjt] times[0..2]=[0. 3.] times[-3:]=[0. 3.]
[fjt] goal=[-0.473 -0.703  0.008 -2.788  0.006  2.085 -0.47 ]
[fjt] final=[-0.474 -0.691  0.009 -2.789  0.004  2.261 -0.468]
[fjt] err=[-0.     0.012  0.001 -0.001 -0.001  0.176  0.003]
[fjt] names=['panda_joint1', 'panda_joint2', 'panda_joint3', 'panda_joint4', 'panda_joint5', 'panda_joint6', 'panda_joint7'] pts=1
[fjt] times[0..2]=[0. 4.] times[-3:]=[0. 4.]
[fjt] goal=[-0.442  0.109  0.934 -1.98  -0.098  2.043  0.533]
[fjt] final=[-0.443  0.078  0.785 -2.028 -0.097  2.044  0.283]
[fjt] err=[-0.    -0.031 -0.149 -0.048  0.001  0.001 -0.25 ]
[fjt] names=['panda_joint1', 'panda_joint2', 'panda_joint3', 'panda_joint4', 'panda_joint5', 'panda_joint6', 'panda_joint7'] pts=1
[fjt] times[0..2]=[0. 2.] times[-3:]=[0. 2.]
[fjt] goal=[-0.376  0.052  0.856 -1.89  -0.042  1.924  0.494]
[fjt] final=[-0.377  0.053  0.856 -1.891 -0.044  1.926  0.491]
[fjt] err=[-0.     0.    -0.001 -0.001 -0.001  0.002 -0.002]
[fjt] names=['panda_joint1', 'panda_joint2', 'panda_joint3', 'panda_joint4', 'panda_joint5', 'panda_joint6', 'panda_joint7'] pts=1
[fjt] times[0..2]=[0. 5.] times[-3:]=[0. 5.]
[fjt] goal=[ 0.34  -0.732 -0.935 -2.885 -0.754  2.238  0.077]
[fjt] final=[ 0.34  -0.731 -0.085 -2.81  -0.754  2.239  0.079]
[fjt] err=[-0.     0.     0.85   0.075 -0.     0.     0.002]
[fjt] names=['panda_joint1', 'panda_joint2', 'panda_joint3', 'panda_joint4', 'panda_joint5', 'panda_joint6', 'panda_joint7'] pts=1
[fjt] times[0..2]=[0. 3.] times[-3:]=[0. 3.]
[fjt] goal=[ 0.34  -0.732 -0.935 -2.885 -0.754  2.238  0.077]
[fjt] final=[ 0.34  -0.731 -0.702 -2.884 -0.754  2.239  0.078]
[fjt] err=[-0.     0.     0.233  0.001 -0.     0.     0.   ]
[fjt] names=['panda_joint1', 'panda_joint2', 'panda_joint3', 'panda_joint4', 'panda_joint5', 'panda_joint6', 'panda_joint7'] pts=1
[fjt] times[0..2]=[0. 2.] times[-3:]=[0. 2.]
[fjt] goal=[ 0.34  -0.732 -0.935 -2.885 -0.754  2.238  0.077]
[fjt] final=[ 0.34  -0.731 -0.934 -2.884 -0.754  2.239  0.077]
[fjt] err=[-0.     0.     0.001  0.001 -0.     0.     0.   ]
[fjt] names=['panda_joint1', 'panda_joint2', 'panda_joint3', 'panda_joint4', 'panda_joint5', 'panda_joint6', 'panda_joint7'] pts=4
[fjt] times[0..2]=[0.   1.25 2.5 ] times[-3:]=[2.5  3.75 5.  ]
[fjt] goal=[ 0.766 -1.635 -1.884 -2.799 -1.887  1.613  0.441]
[fjt] final=[ 0.767 -0.55  -1.728 -2.8   -0.971  2.483  0.246]
[fjt] err=[ 1.000e-03  1.085e+00  1.550e-01 -1.000e-03  9.160e-01  8.700e-01
 -1.950e-01]
[fjt] names=['panda_joint1', 'panda_joint2', 'panda_joint3', 'panda_joint4', 'panda_joint5', 'panda_joint6', 'panda_joint7'] pts=1
[fjt] times[0..2]=[0. 3.] times[-3:]=[0. 3.]
[fjt] goal=[ 0.766 -1.635 -1.884 -2.799 -1.887  1.613  0.441]
[fjt] final=[ 0.756 -1.169 -1.861 -2.79  -1.541  1.864  0.493]
[fjt] err=[-0.01   0.466  0.022  0.009  0.346  0.251  0.052]
[fjt] names=['panda_joint1', 'panda_joint2', 'panda_joint3', 'panda_joint4', 'panda_joint5', 'panda_joint6', 'panda_joint7'] pts=1
[fjt] times[0..2]=[0. 2.] times[-3:]=[0. 2.]
[fjt] goal=[ 0.766 -1.635 -1.884 -2.799 -1.887  1.613  0.441]
[fjt] final=[ 0.752 -1.5   -1.846 -2.8   -1.797  1.589  0.528]
[fjt] err=[-0.014  0.135  0.037 -0.001  0.09  -0.025  0.087]
[fjt] names=['panda_joint1', 'panda_joint2', 'panda_joint3', 'panda_joint4', 'panda_joint5', 'panda_joint6', 'panda_joint7'] pts=1
[fjt] times[0..2]=[0. 5.] times[-3:]=[0. 5.]
[fjt] goal=[ 0.151 -0.201 -0.519 -2.591 -0.279  1.898 -0.174]
[fjt] final=[ 0.152 -0.571 -0.907 -2.592 -0.881  1.896 -0.17 ]
[fjt] err=[ 0.001 -0.37  -0.388 -0.001 -0.602 -0.001  0.003]
[fjt] names=['panda_joint1', 'panda_joint2', 'panda_joint3', 'panda_joint4', 'panda_joint5', 'panda_joint6', 'panda_joint7'] pts=1
[fjt] times[0..2]=[0. 3.] times[-3:]=[0. 3.]
[fjt] goal=[ 0.151 -0.201 -0.519 -2.591 -0.279  1.898 -0.174]
[fjt] final=[ 0.152 -0.202 -0.52  -2.592 -0.294  1.897 -0.171]
[fjt] err=[ 0.    -0.001 -0.001 -0.001 -0.015 -0.001  0.002]
[fjt] names=['panda_joint1', 'panda_joint2', 'panda_joint3', 'panda_joint4', 'panda_joint5', 'panda_joint6', 'panda_joint7'] pts=1
[fjt] times[0..2]=[0. 2.] times[-3:]=[0. 2.]
[fjt] goal=[ 0.151 -0.201 -0.519 -2.591 -0.279  1.898 -0.174]
[fjt] final=[ 0.152 -0.202 -0.52  -2.592 -0.28   1.897 -0.172]
[fjt] err=[ 0.    -0.001 -0.001 -0.    -0.002 -0.001  0.002]
[fjt] names=['panda_joint1', 'panda_joint2', 'panda_joint3', 'panda_joint4', 'panda_joint5', 'panda_joint6', 'panda_joint7'] pts=4
[fjt] times[0..2]=[0.   1.25 2.5 ] times[-3:]=[2.5  3.75 5.  ]
[fjt] goal=[ 0.151  0.328 -0.488 -2.612 -0.033  2.408 -0.323]
[fjt] final=[ 0.156  0.272 -0.489 -2.567 -0.037  2.375 -0.32 ]
[fjt] err=[ 0.005 -0.056 -0.     0.045 -0.004 -0.034  0.003]
[fjt] names=['panda_joint1', 'panda_joint2', 'panda_joint3', 'panda_joint4', 'panda_joint5', 'panda_joint6', 'panda_joint7'] pts=1
[fjt] times[0..2]=[0. 3.] times[-3:]=[0. 3.]
[fjt] goal=[ 0.151  0.328 -0.488 -2.612 -0.033  2.408 -0.323]
[fjt] final=[ 0.157  0.275 -0.487 -2.563 -0.036  2.372 -0.321]
[fjt] err=[ 0.006 -0.053  0.002  0.049 -0.003 -0.036  0.003]
[fjt] names=['panda_joint1', 'panda_joint2', 'panda_joint3', 'panda_joint4', 'panda_joint5', 'panda_joint6', 'panda_joint7'] pts=1
[fjt] times[0..2]=[0. 2.] times[-3:]=[0. 2.]
[fjt] goal=[ 0.151  0.328 -0.488 -2.612 -0.033  2.408 -0.323]
[fjt] final=[ 0.157  0.277 -0.486 -2.562 -0.035  2.372 -0.321]
[fjt] err=[ 0.006 -0.051  0.003  0.05  -0.002 -0.036  0.003]
[fjt] names=['panda_joint1', 'panda_joint2', 'panda_joint3', 'panda_joint4', 'panda_joint5', 'panda_joint6', 'panda_joint7'] pts=2
[fjt] times[0..2]=[0. 2. 4.] times[-3:]=[0. 2. 4.]
[fjt] goal=[ 0.253 -0.163 -0.58  -2.457 -0.243  1.804 -0.179]
[fjt] final=[ 0.253 -0.163 -0.58  -2.458 -0.242  1.806 -0.181]
[fjt] err=[-0.001  0.001  0.001 -0.001  0.002  0.002 -0.002]
[fjt] names=['panda_joint1', 'panda_joint2', 'panda_joint3', 'panda_joint4', 'panda_joint5', 'panda_joint6', 'panda_joint7'] pts=1
[fjt] times[0..2]=[0. 5.] times[-3:]=[0. 5.]
[fjt] goal=[ 0.    -0.785  0.    -2.356  0.     1.571  0.785]
[fjt] final=[ 1.000e-03 -7.850e-01 -1.000e-03 -2.357e+00 -1.000e-03  1.573e+00
  6.860e-01]
[fjt] err=[ 0.001  0.    -0.001 -0.001 -0.001  0.002 -0.099]
[fjt] names=['panda_joint1', 'panda_joint2', 'panda_joint3', 'panda_joint4', 'panda_joint5', 'panda_joint6', 'panda_joint7'] pts=1
[fjt] times[0..2]=[0. 3.] times[-3:]=[0. 3.]
[fjt] goal=[ 0.    -0.785  0.    -2.356  0.     1.571  0.785]
[fjt] final=[ 0.000e+00 -7.850e-01 -1.000e-03 -2.357e+00 -1.000e-03  1.573e+00
  7.830e-01]
[fjt] err=[ 0.     0.    -0.001 -0.001 -0.001  0.002 -0.002]
[fjt] names=['panda_joint1', 'panda_joint2', 'panda_joint3', 'panda_joint4', 'panda_joint5', 'panda_joint6', 'panda_joint7'] pts=1
[fjt] times[0..2]=[0. 5.] times[-3:]=[0. 5.]
[fjt] goal=[ 0.266  0.035  0.2   -1.89  -0.007  1.924  0.469]
[fjt] final=[ 0.266  0.034  0.2   -1.891 -0.006  1.923  0.471]
[fjt] err=[-0.    -0.001 -0.    -0.001  0.001 -0.002  0.002]
[fjt] names=['panda_joint1', 'panda_joint2', 'panda_joint3', 'panda_joint4', 'panda_joint5', 'panda_joint6', 'panda_joint7'] pts=1
[fjt] times[0..2]=[0. 5.] times[-3:]=[0. 5.]
[fjt] goal=[ 0.165 -0.182 -0.498 -2.575 -0.25   1.896 -0.161]
[fjt] final=[ 0.165 -0.181 -0.497 -2.574 -0.249  1.898 -0.158]
[fjt] err=[0.    0.001 0.001 0.001 0.002 0.002 0.002]
[fjt] names=['panda_joint1', 'panda_joint2', 'panda_joint3', 'panda_joint4', 'panda_joint5', 'panda_joint6', 'panda_joint7'] pts=1
[fjt] times[0..2]=[0. 3.] times[-3:]=[0. 3.]
[fjt] goal=[ 0.173 -0.162 -0.494 -2.556 -0.235  1.895 -0.161]
[fjt] final=[ 0.173 -0.163 -0.494 -2.558 -0.237  1.897 -0.159]
[fjt] err=[-0.    -0.001 -0.001 -0.001 -0.002  0.002  0.002]
[fjt] names=['panda_joint1', 'panda_joint2', 'panda_joint3', 'panda_joint4', 'panda_joint5', 'panda_joint6', 'panda_joint7'] pts=4
[fjt] times[0..2]=[0.   1.25 2.5 ] times[-3:]=[2.5  3.75 5.  ]
[fjt] goal=[ 0.164  0.342 -0.456 -2.575 -0.005  2.382 -0.303]
[fjt] final=[ 0.166  0.277 -0.469 -2.546 -0.019  2.254 -0.304]
[fjt] err=[ 0.002 -0.065 -0.013  0.029 -0.014 -0.128 -0.001]
[fjt] names=['panda_joint1', 'panda_joint2', 'panda_joint3', 'panda_joint4', 'panda_joint5', 'panda_joint6', 'panda_joint7'] pts=1
[fjt] times[0..2]=[0. 3.] times[-3:]=[0. 3.]
[fjt] goal=[ 0.164  0.342 -0.456 -2.575 -0.005  2.382 -0.303]
[fjt] final=[ 0.167  0.285 -0.462 -2.537 -0.013  2.266 -0.304]
[fjt] err=[ 0.004 -0.058 -0.006  0.038 -0.008 -0.116 -0.001]
[fjt] names=['panda_joint1', 'panda_joint2', 'panda_joint3', 'panda_joint4', 'panda_joint5', 'panda_joint6', 'panda_joint7'] pts=1
[fjt] times[0..2]=[0. 2.] times[-3:]=[0. 2.]
[fjt] goal=[ 0.164  0.342 -0.456 -2.575 -0.005  2.382 -0.303]
[fjt] final=[ 0.168  0.286 -0.461 -2.537 -0.012  2.286 -0.303]
[fjt] err=[ 0.004 -0.056 -0.004  0.039 -0.007 -0.096 -0.   ]
[fjt] names=['panda_joint1', 'panda_joint2', 'panda_joint3', 'panda_joint4', 'panda_joint5', 'panda_joint6', 'panda_joint7'] pts=2
[fjt] times[0..2]=[0.  1.5 3. ] times[-3:]=[0.  1.5 3. ]
[fjt] goal=[ 0.241 -0.119 -0.543 -2.51  -0.212  1.892 -0.162]
[fjt] final=[ 0.241 -0.118 -0.542 -2.511 -0.211  1.894 -0.165]
[fjt] err=[-0.     0.001  0.001 -0.001  0.002  0.002 -0.002]
[fjt] names=['panda_joint1', 'panda_joint2', 'panda_joint3', 'panda_joint4', 'panda_joint5', 'panda_joint6', 'panda_joint7'] pts=2
[fjt] times[0..2]=[0.  1.5 3. ] times[-3:]=[0.  1.5 3. ]
[fjt] goal=[ 0.223 -0.18  -0.548 -2.568 -0.252  1.893 -0.15 ]
[fjt] final=[ 0.223 -0.179 -0.547 -2.567 -0.25   1.894 -0.153]
[fjt] err=[ 0.     0.001  0.001  0.001  0.002  0.    -0.002]
[fjt] names=['panda_joint1', 'panda_joint2', 'panda_joint3', 'panda_joint4', 'panda_joint5', 'panda_joint6', 'panda_joint7'] pts=2
[fjt] times[0..2]=[0.  1.5 3. ] times[-3:]=[0.  1.5 3. ]
[fjt] goal=[ 0.237  0.018 -0.568 -2.607 -0.182  2.116 -0.199]
[fjt] final=[ 0.236  0.017 -0.567 -2.606 -0.183  2.114 -0.197]
[fjt] err=[-0.    -0.001  0.001  0.001 -0.001 -0.002  0.002]
[fjt] names=['panda_joint1', 'panda_joint2', 'panda_joint3', 'panda_joint4', 'panda_joint5', 'panda_joint6', 'panda_joint7'] pts=2
[fjt] times[0..2]=[0.  1.5 3. ] times[-3:]=[0.  1.5 3. ]
[fjt] goal=[ 0.236  0.083 -0.563 -2.61  -0.148  2.178 -0.221]
[fjt] final=[ 0.236  0.083 -0.564 -2.609 -0.15   2.176 -0.219]
[fjt] err=[ 0.    -0.    -0.001  0.001 -0.002 -0.002  0.002]
[fjt] names=['panda_joint1', 'panda_joint2', 'panda_joint3', 'panda_joint4', 'panda_joint5', 'panda_joint6', 'panda_joint7'] pts=2
[fjt] times[0..2]=[0.  1.5 3. ] times[-3:]=[0.  1.5 3. ]
[fjt] goal=[ 0.233  0.151 -0.553 -2.61  -0.11   2.238 -0.246]
[fjt] final=[ 0.233  0.151 -0.554 -2.61  -0.111  2.237 -0.243]
[fjt] err=[ 0.    -0.001 -0.001  0.    -0.002 -0.002  0.002]
[fjt] names=['panda_joint1', 'panda_joint2', 'panda_joint3', 'panda_joint4', 'panda_joint5', 'panda_joint6', 'panda_joint7'] pts=2
[fjt] times[0..2]=[0.  1.5 3. ] times[-3:]=[0.  1.5 3. ]
[fjt] goal=[ 0.225  0.221 -0.536 -2.605 -0.067  2.296 -0.272]
[fjt] final=[ 0.226  0.22  -0.537 -2.606 -0.069  2.294 -0.27 ]
[fjt] err=[ 0.    -0.001 -0.001 -0.001 -0.002 -0.002  0.002]
[fjt] names=['panda_joint1', 'panda_joint2', 'panda_joint3', 'panda_joint4', 'panda_joint5', 'panda_joint6', 'panda_joint7'] pts=2
[fjt] times[0..2]=[0.  1.5 3. ] times[-3:]=[0.  1.5 3. ]
[fjt] goal=[ 0.212  0.291 -0.513 -2.596 -0.023  2.35  -0.298]
[fjt] final=[ 0.215  0.249 -0.523 -2.581 -0.033  2.284 -0.3  ]
[fjt] err=[ 0.002 -0.042 -0.01   0.016 -0.011 -0.066 -0.001]
[fjt] names=['panda_joint1', 'panda_joint2', 'panda_joint3', 'panda_joint4', 'panda_joint5', 'panda_joint6', 'panda_joint7'] pts=1
[fjt] times[0..2]=[0. 2.] times[-3:]=[0. 2.]
[fjt] goal=[ 0.212  0.291 -0.513 -2.596 -0.023  2.35  -0.298]
[fjt] final=[ 0.215  0.25  -0.519 -2.578 -0.03   2.292 -0.3  ]
[fjt] err=[ 0.003 -0.04  -0.006  0.019 -0.007 -0.058 -0.001]
[fjt] names=['panda_joint1', 'panda_joint2', 'panda_joint3', 'panda_joint4', 'panda_joint5', 'panda_joint6', 'panda_joint7'] pts=1
[fjt] times[0..2]=[0. 2.] times[-3:]=[0. 2.]
[fjt] goal=[ 0.212  0.291 -0.513 -2.596 -0.023  2.35  -0.298]
[fjt] final=[ 0.215  0.252 -0.517 -2.577 -0.029  2.306 -0.3  ]
[fjt] err=[ 0.003 -0.038 -0.004  0.02  -0.006 -0.044 -0.001]
[fjt] names=['panda_joint1', 'panda_joint2', 'panda_joint3', 'panda_joint4', 'panda_joint5', 'panda_joint6', 'panda_joint7'] pts=2
[fjt] times[0..2]=[0.  1.5 3. ] times[-3:]=[0.  1.5 3. ]
[fjt] goal=[ 0.276 -0.098 -0.594 -2.551 -0.22   1.954 -0.165]
[fjt] final=[ 0.276 -0.098 -0.593 -2.551 -0.218  1.956 -0.167]
[fjt] err=[-0.     0.001  0.001 -0.001  0.002  0.002 -0.002]
[fjt] names=['panda_joint1', 'panda_joint2', 'panda_joint3', 'panda_joint4', 'panda_joint5', 'panda_joint6', 'panda_joint7'] pts=1
[fjt] times[0..2]=[0. 5.] times[-3:]=[0. 5.]
[fjt] goal=[-0.375  0.264 -0.526 -2.589 -0.036  2.318 -0.288]
[fjt] final=[-0.374  0.263 -0.527 -2.588 -0.038  2.316 -0.286]
[fjt] err=[ 0.001 -0.001 -0.001  0.001 -0.002 -0.002  0.002]
[fjt] names=['panda_joint1', 'panda_joint2', 'panda_joint3', 'panda_joint4', 'panda_joint5', 'panda_joint6', 'panda_joint7'] pts=1
[fjt] times[0..2]=[0. 3.] times[-3:]=[0. 3.]
[fjt] goal=[-0.392  0.35  -0.494 -2.575  0.02   2.382 -0.321]
[fjt] final=[-0.392  0.34  -0.501 -2.572  0.011  2.373 -0.318]
[fjt] err=[ 0.    -0.01  -0.007  0.003 -0.009 -0.009  0.003]
[fjt] names=['panda_joint1', 'panda_joint2', 'panda_joint3', 'panda_joint4', 'panda_joint5', 'panda_joint6', 'panda_joint7'] pts=1
[fjt] times[0..2]=[0. 3.] times[-3:]=[0. 3.]
[fjt] goal=[-0.392  0.35  -0.494 -2.575  0.02   2.6   -0.321]
[fjt] final=[-0.392  0.349 -0.495 -2.576  0.018  2.598 -0.319]
[fjt] err=[-0.    -0.001 -0.001 -0.001 -0.002 -0.002  0.002]
[fjt] names=['panda_joint1', 'panda_joint2', 'panda_joint3', 'panda_joint4', 'panda_joint5', 'panda_joint6', 'panda_joint7'] pts=1
[fjt] times[0..2]=[0. 5.] times[-3:]=[0. 5.]
[fjt] goal=[ 0.231 -0.175 -0.313 -2.645 -0.092  1.954 -0.006]
[fjt] final=[ 0.231 -0.174 -0.314 -2.645 -0.09   1.955 -0.008]
[fjt] err=[-0.     0.001 -0.001  0.001  0.001  0.002 -0.002]
[fjt] names=['panda_joint1', 'panda_joint2', 'panda_joint3', 'panda_joint4', 'panda_joint5', 'panda_joint6', 'panda_joint7'] pts=2
[fjt] times[0..2]=[0.  1.5 3. ] times[-3:]=[0.  1.5 3. ]
[fjt] goal=[ 2.470e-01  1.230e-01 -3.170e-01 -2.668e+00 -1.000e-03  2.263e+00
 -7.700e-02]
[fjt] final=[ 2.470e-01  1.230e-01 -3.170e-01 -2.668e+00 -2.000e-03  2.261e+00
 -7.500e-02]
[fjt] err=[-0.    -0.001 -0.001  0.001 -0.002 -0.002  0.002]
[fjt] names=['panda_joint1', 'panda_joint2', 'panda_joint3', 'panda_joint4', 'panda_joint5', 'panda_joint6', 'panda_joint7'] pts=2
[fjt] times[0..2]=[0.  1.5 3. ] times[-3:]=[0.  1.5 3. ]
[fjt] goal=[ 0.244  0.191 -0.306 -2.661  0.029  2.321 -0.098]
[fjt] final=[ 0.245  0.19  -0.307 -2.662  0.027  2.319 -0.095]
[fjt] err=[ 0.    -0.001 -0.001 -0.001 -0.002 -0.002  0.002]
[fjt] names=['panda_joint1', 'panda_joint2', 'panda_joint3', 'panda_joint4', 'panda_joint5', 'panda_joint6', 'panda_joint7'] pts=2
[fjt] times[0..2]=[0.  1.5 3. ] times[-3:]=[0.  1.5 3. ]
[fjt] goal=[ 0.237  0.278 -0.288 -2.647  0.069  2.389 -0.125]
[fjt] final=[ 0.237  0.266 -0.295 -2.646  0.059  2.377 -0.121]
[fjt] err=[-0.    -0.012 -0.007  0.001 -0.01  -0.012  0.003]
[fjt] names=['panda_joint1', 'panda_joint2', 'panda_joint3', 'panda_joint4', 'panda_joint5', 'panda_joint6', 'panda_joint7'] pts=1
[fjt] times[0..2]=[0. 2.] times[-3:]=[0. 2.]
[fjt] goal=[ 0.237  0.278 -0.288 -2.647  0.069  2.389 -0.125]
[fjt] final=[ 0.237  0.266 -0.295 -2.646  0.06   2.377 -0.122]
[fjt] err=[-0.    -0.011 -0.007  0.001 -0.009 -0.012  0.003]
[fjt] names=['panda_joint1', 'panda_joint2', 'panda_joint3', 'panda_joint4', 'panda_joint5', 'panda_joint6', 'panda_joint7'] pts=1
[fjt] times[0..2]=[0. 2.] times[-3:]=[0. 2.]
[fjt] goal=[ 0.237  0.278 -0.288 -2.647  0.069  2.389 -0.125]
[fjt] final=[ 0.237  0.266 -0.295 -2.646  0.06   2.377 -0.122]
[fjt] err=[-0.    -0.011 -0.007  0.001 -0.009 -0.012  0.003]
[fjt] names=['panda_joint1', 'panda_joint2', 'panda_joint3', 'panda_joint4', 'panda_joint5', 'panda_joint6', 'panda_joint7'] pts=2
[fjt] times[0..2]=[0.  1.5 3. ] times[-3:]=[0.  1.5 3. ]
[fjt] goal=[ 0.23   0.33  -0.274 -2.635  0.093  2.427 -0.141]
[fjt] final=[ 0.228  0.288 -0.301 -2.628  0.061  2.386 -0.136]
[fjt] err=[-0.002 -0.042 -0.026  0.007 -0.033 -0.041  0.005]
[fjt] names=['panda_joint1', 'panda_joint2', 'panda_joint3', 'panda_joint4', 'panda_joint5', 'panda_joint6', 'panda_joint7'] pts=1
[fjt] times[0..2]=[0. 2.] times[-3:]=[0. 2.]
[fjt] goal=[ 0.23   0.33  -0.274 -2.635  0.093  2.427 -0.141]
[fjt] final=[ 0.228  0.288 -0.301 -2.628  0.062  2.386 -0.137]
[fjt] err=[-0.002 -0.043 -0.026  0.007 -0.032 -0.041  0.003]
[fjt] names=['panda_joint1', 'panda_joint2', 'panda_joint3', 'panda_joint4', 'panda_joint5', 'panda_joint6', 'panda_joint7'] pts=1
[fjt] times[0..2]=[0. 2.] times[-3:]=[0. 2.]
[fjt] goal=[ 0.23   0.33  -0.274 -2.635  0.093  2.427 -0.141]
[fjt] final=[ 0.229  0.288 -0.301 -2.628  0.062  2.386 -0.137]
[fjt] err=[-0.002 -0.043 -0.026  0.007 -0.031 -0.041  0.003]
[fjt] names=['panda_joint1', 'panda_joint2', 'panda_joint3', 'panda_joint4', 'panda_joint5', 'panda_joint6', 'panda_joint7'] pts=2
[fjt] times[0..2]=[0.  1.5 3. ] times[-3:]=[0.  1.5 3. ]
[fjt] goal=[ 2.840e-01 -1.780e-01 -3.670e-01 -2.645e+00 -1.010e-01  1.953e+00
  2.000e-03]
[fjt] final=[ 0.283 -0.177 -0.366 -2.646 -0.099  1.955  0.   ]
[fjt] err=[-0.     0.001  0.001 -0.001  0.002  0.002 -0.002]
[fjt] names=['panda_joint1', 'panda_joint2', 'panda_joint3', 'panda_joint4', 'panda_joint5', 'panda_joint6', 'panda_joint7'] pts=1
[fjt] times[0..2]=[0. 5.] times[-3:]=[0. 5.]
[fjt] goal=[ 0.31  -0.014 -0.376 -2.518 -0.009  2.505 -0.059]
[fjt] final=[ 0.31  -0.015 -0.375 -2.519 -0.01   2.503 -0.056]
[fjt] err=[-0.    -0.001  0.001 -0.001 -0.002 -0.002  0.003]
[fjt] names=['panda_joint1', 'panda_joint2', 'panda_joint3', 'panda_joint4', 'panda_joint5', 'panda_joint6', 'panda_joint7'] pts=1
[fjt] times[0..2]=[0. 4.] times[-3:]=[0. 4.]
[fjt] goal=[ 0.333 -0.014 -0.399 -2.518 -0.009  2.505 -2.415]
[fjt] final=[ 0.332 -0.015 -0.398 -2.519 -0.01   2.503 -0.773]
[fjt] err=[-1.000e-03 -1.000e-03  0.000e+00 -1.000e-03 -0.000e+00 -1.000e-03
  1.642e+00]
[fjt] names=['panda_joint1', 'panda_joint2', 'panda_joint3', 'panda_joint4', 'panda_joint5', 'panda_joint6', 'panda_joint7'] pts=1
[fjt] times[0..2]=[0.  2.4] times[-3:]=[0.  2.4]
[fjt] goal=[ 0.333 -0.014 -0.399 -2.518 -0.009  2.505 -2.415]
[fjt] final=[ 0.332 -0.015 -0.399 -2.519 -0.01   2.503 -1.258]
[fjt] err=[-1.000e-03 -1.000e-03  0.000e+00 -1.000e-03 -0.000e+00 -1.000e-03
  1.157e+00]
[fjt] names=['panda_joint1', 'panda_joint2', 'panda_joint3', 'panda_joint4', 'panda_joint5', 'panda_joint6', 'panda_joint7'] pts=1
[fjt] times[0..2]=[0. 2.] times[-3:]=[0. 2.]
[fjt] goal=[ 0.333 -0.014 -0.399 -2.518 -0.009  2.505 -2.415]
[fjt] final=[ 0.332 -0.015 -0.399 -2.518 -0.01   2.504 -1.685]
[fjt] err=[-0.001 -0.001  0.    -0.    -0.    -0.001  0.73 ]
[fjt] names=['panda_joint1', 'panda_joint2', 'panda_joint3', 'panda_joint4', 'panda_joint5', 'panda_joint6', 'panda_joint7'] pts=1
[fjt] times[0..2]=[0. 3.] times[-3:]=[0. 3.]
[fjt] goal=[ 0.332 -0.015 -0.399 -2.518 -0.01   2.504 -1.9  ]
[fjt] final=[ 0.332 -0.015 -0.399 -2.518 -0.01   2.504 -1.898]
[fjt] err=[ 0.     0.     0.     0.    -0.     0.     0.002]
[fjt] names=['panda_joint1', 'panda_joint2', 'panda_joint3', 'panda_joint4', 'panda_joint5', 'panda_joint6', 'panda_joint7'] pts=1
[fjt] times[0..2]=[0. 3.] times[-3:]=[0. 3.]
[fjt] goal=[ 0.332 -0.015 -0.399 -2.518 -0.01   2.504 -2.2  ]
[fjt] final=[ 0.332 -0.015 -0.399 -2.518 -0.009  2.504 -2.198]
[fjt] err=[-0.     0.    -0.     0.     0.     0.     0.002]
[fjt] names=['panda_joint1', 'panda_joint2', 'panda_joint3', 'panda_joint4', 'panda_joint5', 'panda_joint6', 'panda_joint7'] pts=1
[fjt] times[0..2]=[0. 3.] times[-3:]=[0. 3.]
[fjt] goal=[ 0.332 -0.015 -0.399 -2.518 -0.01   2.504 -2.6  ]
[fjt] final=[ 0.332 -0.015 -0.399 -2.518 -0.009  2.504 -2.598]
[fjt] err=[-0.     0.    -0.     0.     0.     0.     0.002]
[fjt] names=['panda_joint1', 'panda_joint2', 'panda_joint3', 'panda_joint4', 'panda_joint5', 'panda_joint6', 'panda_joint7'] pts=1
[fjt] times[0..2]=[0. 3.] times[-3:]=[0. 3.]
[fjt] goal=[ 0.332 -0.015 -0.399 -2.518 -0.01   2.504  0.   ]
[fjt] final=[ 0.332 -0.015 -0.399 -2.518 -0.01   2.504 -2.025]
[fjt] err=[ 0.     0.     0.    -0.    -0.     0.    -2.025]
[fjt] names=['panda_joint1', 'panda_joint2', 'panda_joint3', 'panda_joint4', 'panda_joint5', 'panda_joint6', 'panda_joint7'] pts=1
[fjt] times[0..2]=[0. 3.] times[-3:]=[0. 3.]
[fjt] goal=[ 0.332 -0.015 -0.399 -2.518 -0.01   2.504  0.8  ]
[fjt] final=[ 0.332 -0.015 -0.398 -2.518 -0.01   2.504 -1.442]
[fjt] err=[ 0.    -0.     0.    -0.    -0.    -0.    -2.242]
[fjt] names=['panda_joint1', 'panda_joint2', 'panda_joint3', 'panda_joint4', 'panda_joint5', 'panda_joint6', 'panda_joint7'] pts=1
[fjt] times[0..2]=[0. 3.] times[-3:]=[0. 3.]
[fjt] goal=[ 0.332 -0.015 -0.399 -2.518 -0.01   2.504  1.6  ]
[fjt] final=[ 0.332 -0.015 -0.398 -2.518 -0.01   2.504 -0.859]
[fjt] err=[ 0.    -0.     0.    -0.    -0.    -0.    -2.459]
[fjt] names=['panda_joint1', 'panda_joint2', 'panda_joint3', 'panda_joint4', 'panda_joint5', 'panda_joint6', 'panda_joint7'] pts=1
[fjt] times[0..2]=[0. 3.] times[-3:]=[0. 3.]
[fjt] goal=[ 0.332 -0.015 -0.399 -2.518 -0.01   2.504  2.2  ]
[fjt] final=[ 0.332 -0.015 -0.398 -2.518 -0.01   2.504 -0.276]
[fjt] err=[ 0.000e+00 -0.000e+00  0.000e+00 -0.000e+00 -1.000e-03 -0.000e+00
 -2.476e+00]
[fjt] names=['panda_joint1', 'panda_joint2', 'panda_joint3', 'panda_joint4', 'panda_joint5', 'panda_joint6', 'panda_joint7'] pts=1
[fjt] times[0..2]=[0. 3.] times[-3:]=[0. 3.]
[fjt] goal=[ 0.332 -0.015 -0.399 -2.518 -0.01   2.504  2.6  ]
[fjt] final=[ 0.332 -0.015 -0.398 -2.518 -0.01   2.504  0.308]
[fjt] err=[ 0.000e+00 -0.000e+00  0.000e+00 -0.000e+00 -1.000e-03  0.000e+00
 -2.292e+00]
[fjt] names=['panda_joint1', 'panda_joint2', 'panda_joint3', 'panda_joint4', 'panda_joint5', 'panda_joint6', 'panda_joint7'] pts=1
[fjt] times[0..2]=[0. 4.] times[-3:]=[0. 4.]
[fjt] goal=[ 0.328 -0.014 -0.394 -2.518 -0.009  2.505  0.727]
[fjt] final=[ 0.329 -0.015 -0.395 -2.518 -0.01   2.504  0.725]
[fjt] err=[ 0.    -0.001 -0.001 -0.    -0.001 -0.001 -0.002]
[fjt] names=['panda_joint1', 'panda_joint2', 'panda_joint3', 'panda_joint4', 'panda_joint5', 'panda_joint6', 'panda_joint7'] pts=1
[fjt] times[0..2]=[0. 5.] times[-3:]=[0. 5.]
[fjt] goal=[-0.076 -0.158 -0.233 -2.57  -0.194  1.904  0.6  ]
[fjt] final=[-0.076 -0.158 -0.234 -2.569 -0.193  1.905  0.602]
[fjt] err=[ 0.001  0.001 -0.001  0.001  0.001  0.002  0.002]
[fjt] names=['panda_joint1', 'panda_joint2', 'panda_joint3', 'panda_joint4', 'panda_joint5', 'panda_joint6', 'panda_joint7'] pts=1
[fjt] times[0..2]=[0. 3.] times[-3:]=[0. 3.]
[fjt] goal=[-0.07  -0.138 -0.23  -2.548 -0.185  1.901  0.601]
[fjt] final=[-0.07  -0.139 -0.231 -2.55  -0.187  1.903  0.602]
[fjt] err=[-0.    -0.001 -0.001 -0.001 -0.002  0.002  0.   ]
[fjt] names=['panda_joint1', 'panda_joint2', 'panda_joint3', 'panda_joint4', 'panda_joint5', 'panda_joint6', 'panda_joint7'] pts=4
[fjt] times[0..2]=[0.   1.25 2.5 ] times[-3:]=[2.5  3.75 5.  ]
[fjt] goal=[-0.077  0.318 -0.222 -2.563 -0.118  2.369  0.585]
[fjt] final=[-0.073  0.285 -0.211 -2.518 -0.111  2.36   0.587]
[fjt] err=[ 0.004 -0.033  0.011  0.046  0.007 -0.009  0.002]
[fjt] names=['panda_joint1', 'panda_joint2', 'panda_joint3', 'panda_joint4', 'panda_joint5', 'panda_joint6', 'panda_joint7'] pts=1
[fjt] times[0..2]=[0. 2.] times[-3:]=[0. 2.]
[fjt] goal=[-0.077  0.318 -0.222 -2.563 -0.118  2.369  0.585]
[fjt] final=[-0.073  0.286 -0.211 -2.517 -0.111  2.361  0.587]
[fjt] err=[ 0.004 -0.032  0.012  0.046  0.007 -0.008  0.001]
[fjt] names=['panda_joint1', 'panda_joint2', 'panda_joint3', 'panda_joint4', 'panda_joint5', 'panda_joint6', 'panda_joint7'] pts=1
[fjt] times[0..2]=[0. 2.] times[-3:]=[0. 2.]
[fjt] goal=[-0.077  0.318 -0.222 -2.563 -0.118  2.369  0.585]
[fjt] final=[-0.073  0.287 -0.211 -2.517 -0.111  2.362  0.586]
[fjt] err=[ 0.004 -0.031  0.012  0.047  0.007 -0.007  0.001]
[fjt] names=['panda_joint1', 'panda_joint2', 'panda_joint3', 'panda_joint4', 'panda_joint5', 'panda_joint6', 'panda_joint7'] pts=2
[fjt] times[0..2]=[0.         1.58483631 3.16967263] times[-3:]=[0.         1.58483631 3.16967263]
[fjt] goal=[-0.046 -0.042 -0.232 -2.439 -0.154  1.887  0.596]
[fjt] final=[-0.047 -0.042 -0.231 -2.44  -0.152  1.889  0.594]
[fjt] err=[-0.     0.     0.001 -0.001  0.002  0.002 -0.002]
[fjt] names=['panda_joint1', 'panda_joint2', 'panda_joint3', 'panda_joint4', 'panda_joint5', 'panda_joint6', 'panda_joint7'] pts=2
[fjt] times[0..2]=[0. 2. 4.] times[-3:]=[0. 2. 4.]
[fjt] goal=[-0.062  0.178 -0.242 -2.584 -0.144  2.25   0.593]
[fjt] final=[-0.062  0.177 -0.242 -2.583 -0.145  2.247  0.595]
[fjt] err=[ 0.    -0.     0.001  0.001 -0.001 -0.002  0.002]
[fjt] names=['panda_joint1', 'panda_joint2', 'panda_joint3', 'panda_joint4', 'panda_joint5', 'panda_joint6', 'panda_joint7'] pts=2
[fjt] times[0..2]=[0. 2. 4.] times[-3:]=[0. 2. 4.]
[fjt] goal=[-0.071  0.318 -0.228 -2.563 -0.115  2.369  0.583]
[fjt] final=[-0.066  0.286 -0.216 -2.518 -0.108  2.36   0.585]
[fjt] err=[ 0.004 -0.032  0.012  0.045  0.007 -0.009  0.002]
[fjt] names=['panda_joint1', 'panda_joint2', 'panda_joint3', 'panda_joint4', 'panda_joint5', 'panda_joint6', 'panda_joint7'] pts=1
[fjt] times[0..2]=[0. 2.] times[-3:]=[0. 2.]
[fjt] goal=[-0.071  0.318 -0.228 -2.563 -0.115  2.369  0.583]
[fjt] final=[-0.069  0.31  -0.224 -2.541 -0.112  2.368  0.585]
[fjt] err=[ 0.001 -0.008  0.004  0.022  0.003 -0.001  0.002]
[fjt] names=['panda_joint1', 'panda_joint2', 'panda_joint3', 'panda_joint4', 'panda_joint5', 'panda_joint6', 'panda_joint7'] pts=1
[fjt] times[0..2]=[0. 2.] times[-3:]=[0. 2.]
[fjt] goal=[-0.071  0.318 -0.228 -2.563 -0.115  2.369  0.583]
[fjt] final=[-0.069  0.311 -0.225 -2.543 -0.112  2.368  0.585]
[fjt] err=[ 0.001 -0.007  0.003  0.02   0.003 -0.001  0.002]
[fjt] names=['panda_joint1', 'panda_joint2', 'panda_joint3', 'panda_joint4', 'panda_joint5', 'panda_joint6', 'panda_joint7'] pts=2
[fjt] times[0..2]=[0. 2. 4.] times[-3:]=[0. 2. 4.]
[fjt] goal=[-0.037 -0.099 -0.256 -2.504 -0.176  1.896  0.6  ]
[fjt] final=[-0.037 -0.099 -0.255 -2.505 -0.174  1.898  0.598]
[fjt] err=[-0.     0.     0.001 -0.001  0.002  0.002 -0.002]
[fjt] names=['panda_joint1', 'panda_joint2', 'panda_joint3', 'panda_joint4', 'panda_joint5', 'panda_joint6', 'panda_joint7'] pts=1
[fjt] times[0..2]=[0. 5.] times[-3:]=[0. 5.]
[fjt] goal=[-0.071 -0.153 -0.218 -2.564 -0.181  1.902  0.611]
[fjt] final=[-0.07  -0.152 -0.219 -2.563 -0.179  1.9    0.609]
[fjt] err=[ 0.     0.001 -0.001  0.001  0.001 -0.002 -0.002]
[fjt] names=['panda_joint1', 'panda_joint2', 'panda_joint3', 'panda_joint4', 'panda_joint5', 'panda_joint6', 'panda_joint7'] pts=1
[fjt] times[0..2]=[0. 3.] times[-3:]=[0. 3.]
[fjt] goal=[-0.071 -0.154 -0.219 -2.565 -0.181  1.902  0.611]
[fjt] final=[-0.071 -0.153 -0.219 -2.564 -0.18   1.9    0.609]
[fjt] err=[ 0.     0.001 -0.     0.001  0.001 -0.002 -0.002]
[fjt] names=['panda_joint1', 'panda_joint2', 'panda_joint3', 'panda_joint4', 'panda_joint5', 'panda_joint6', 'panda_joint7'] pts=4
[fjt] times[0..2]=[0.   1.25 2.5 ] times[-3:]=[2.5  3.75 5.  ]
[fjt] goal=[-0.075  0.292 -0.214 -2.583 -0.122  2.362  0.597]
[fjt] final=[-0.072  0.264 -0.204 -2.542 -0.117  2.358  0.599]
[fjt] err=[ 0.003 -0.028  0.01   0.042  0.005 -0.004  0.002]
[fjt] names=['panda_joint1', 'panda_joint2', 'panda_joint3', 'panda_joint4', 'panda_joint5', 'panda_joint6', 'panda_joint7'] pts=1
[fjt] times[0..2]=[0. 2.] times[-3:]=[0. 2.]
[fjt] goal=[-0.075  0.292 -0.214 -2.583 -0.122  2.362  0.597]
[fjt] final=[-0.072  0.265 -0.205 -2.541 -0.117  2.358  0.599]
[fjt] err=[ 0.003 -0.027  0.009  0.042  0.005 -0.004  0.002]
[fjt] names=['panda_joint1', 'panda_joint2', 'panda_joint3', 'panda_joint4', 'panda_joint5', 'panda_joint6', 'panda_joint7'] pts=1
[fjt] times[0..2]=[0. 2.] times[-3:]=[0. 2.]
[fjt] goal=[-0.075  0.292 -0.214 -2.583 -0.122  2.362  0.597]
[fjt] final=[-0.073  0.265 -0.206 -2.541 -0.117  2.358  0.599]
[fjt] err=[ 0.003 -0.027  0.008  0.043  0.005 -0.004  0.002]
[fjt] names=['panda_joint1', 'panda_joint2', 'panda_joint3', 'panda_joint4', 'panda_joint5', 'panda_joint6', 'panda_joint7'] pts=2
[fjt] times[0..2]=[0.         1.56364581 3.12729163] times[-3:]=[0.         1.56364581 3.12729163]
[fjt] goal=[-0.05  -0.062 -0.223 -2.461 -0.154  1.889  0.604]
[fjt] final=[-0.05  -0.061 -0.222 -2.462 -0.153  1.892  0.602]
[fjt] err=[-0.     0.001  0.001 -0.001  0.002  0.002 -0.002]
[fjt] names=['panda_joint1', 'panda_joint2', 'panda_joint3', 'panda_joint4', 'panda_joint5', 'panda_joint6', 'panda_joint7'] pts=1
[fjt] times[0..2]=[0. 5.] times[-3:]=[0. 5.]
[fjt] goal=[-0.071 -0.153 -0.218 -2.564 -0.181  1.902  0.611]
[fjt] final=[-0.07  -0.152 -0.219 -2.563 -0.179  1.9    0.609]
[fjt] err=[ 0.     0.001 -0.001  0.001  0.001 -0.002 -0.002]
[fjt] names=['panda_joint1', 'panda_joint2', 'panda_joint3', 'panda_joint4', 'panda_joint5', 'panda_joint6', 'panda_joint7'] pts=1
[fjt] times[0..2]=[0. 3.] times[-3:]=[0. 3.]
[fjt] goal=[-0.073 -0.163 -0.22  -2.575 -0.185  1.902  0.61 ]
[fjt] final=[-0.073 -0.162 -0.219 -2.573 -0.183  1.9    0.609]
[fjt] err=[ 0.     0.001  0.001  0.001  0.002 -0.002 -0.002]
[fjt] names=['panda_joint1', 'panda_joint2', 'panda_joint3', 'panda_joint4', 'panda_joint5', 'panda_joint6', 'panda_joint7'] pts=4
[fjt] times[0..2]=[0.   1.25 2.5 ] times[-3:]=[2.5  3.75 5.  ]
[fjt] goal=[-0.077  0.287 -0.216 -2.593 -0.126  2.367  0.598]
[fjt] final=[-0.074  0.258 -0.208 -2.552 -0.121  2.361  0.599]
[fjt] err=[ 0.003 -0.029  0.008  0.041  0.004 -0.006  0.002]
[fjt] names=['panda_joint1', 'panda_joint2', 'panda_joint3', 'panda_joint4', 'panda_joint5', 'panda_joint6', 'panda_joint7'] pts=1
[fjt] times[0..2]=[0. 2.] times[-3:]=[0. 2.]
[fjt] goal=[-0.08   0.316 -0.224 -2.635 -0.13   2.374  0.596]
[fjt] final=[-0.074  0.272 -0.204 -2.537 -0.116  2.358  0.598]
[fjt] err=[ 0.006 -0.044  0.02   0.098  0.014 -0.016  0.001]
[fjt] names=['panda_joint1', 'panda_joint2', 'panda_joint3', 'panda_joint4', 'panda_joint5', 'panda_joint6', 'panda_joint7'] pts=1
[fjt] times[0..2]=[0. 2.] times[-3:]=[0. 2.]
[fjt] goal=[-0.083  0.331 -0.236 -2.692 -0.14   2.383  0.596]
[fjt] final=[-0.075  0.274 -0.209 -2.534 -0.118  2.359  0.597]
[fjt] err=[ 0.008 -0.057  0.027  0.158  0.022 -0.024  0.001]
[fjt] names=['panda_joint1', 'panda_joint2', 'panda_joint3', 'panda_joint4', 'panda_joint5', 'panda_joint6', 'panda_joint7'] pts=1
[fjt] times[0..2]=[0. 6.] times[-3:]=[0. 6.]
[fjt] goal=[-0.975  0.272 -0.208 -2.532 -0.117  2.359  0.597]
[fjt] final=[-0.975  0.272 -0.208 -2.532 -0.117  2.359  0.597]
[fjt] err=[ 0.    -0.     0.001  0.     0.     0.    -0.001]
[fjt] names=['panda_joint1', 'panda_joint2', 'panda_joint3', 'panda_joint4', 'panda_joint5', 'panda_joint6', 'panda_joint7'] pts=1
[fjt] times[0..2]=[0. 6.] times[-3:]=[0. 6.]
[fjt] goal=[-0.978  0.292 -0.212 -2.584 -0.123  2.362  0.598]
[fjt] final=[-0.978  0.292 -0.211 -2.583 -0.121  2.36   0.597]
[fjt] err=[ 0.    -0.     0.001  0.001  0.002 -0.002 -0.001]
[fjt] names=['panda_joint1', 'panda_joint2', 'panda_joint3', 'panda_joint4', 'panda_joint5', 'panda_joint6', 'panda_joint7'] pts=1
[fjt] times[0..2]=[0.        5.8428253] times[-3:]=[0.        5.8428253]
[fjt] goal=[-0.101 -0.221 -0.268 -2.633 -0.244  1.91   0.578]
[fjt] final=[-0.102 -0.22  -0.267 -2.633 -0.242  1.912  0.58 ]
[fjt] err=[-0.001  0.001  0.001  0.001  0.001  0.002  0.002]
[fjt] names=['panda_joint1', 'panda_joint2', 'panda_joint3', 'panda_joint4', 'panda_joint5', 'panda_joint6', 'panda_joint7'] pts=1
[fjt] times[0..2]=[0. 2.] times[-3:]=[0. 2.]
[fjt] goal=[-0.098 -0.065 -0.282 -2.669 -0.235  2.1    0.582]
[fjt] final=[-0.098 -0.066 -0.281 -2.668 -0.236  2.098  0.581]
[fjt] err=[-0.001 -0.001  0.001  0.001 -0.001 -0.002 -0.001]
[fjt] names=['panda_joint1', 'panda_joint2', 'panda_joint3', 'panda_joint4', 'panda_joint5', 'panda_joint6', 'panda_joint7'] pts=1
[fjt] times[0..2]=[0. 2.] times[-3:]=[0. 2.]
[fjt] goal=[-0.098 -0.036 -0.282 -2.672 -0.231  2.132  0.582]
[fjt] final=[-0.098 -0.036 -0.281 -2.671 -0.232  2.13   0.581]
[fjt] err=[-0.    -0.     0.001  0.001 -0.001 -0.002 -0.001]
[fjt] names=['panda_joint1', 'panda_joint2', 'panda_joint3', 'panda_joint4', 'panda_joint5', 'panda_joint6', 'panda_joint7'] pts=1
[fjt] times[0..2]=[0. 2.] times[-3:]=[0. 2.]
[fjt] goal=[-0.098 -0.005 -0.282 -2.673 -0.227  2.164  0.581]
[fjt] final=[-0.098 -0.006 -0.281 -2.672 -0.229  2.162  0.581]
[fjt] err=[-0.    -0.     0.001  0.001 -0.001 -0.002 -0.   ]
[fjt] names=['panda_joint1', 'panda_joint2', 'panda_joint3', 'panda_joint4', 'panda_joint5', 'panda_joint6', 'panda_joint7'] pts=1
[fjt] times[0..2]=[0. 2.] times[-3:]=[0. 2.]
[fjt] goal=[-0.099  0.026 -0.282 -2.674 -0.223  2.195  0.58 ]
[fjt] final=[-0.098  0.025 -0.282 -2.673 -0.224  2.193  0.581]
[fjt] err=[ 0.    -0.     0.     0.001 -0.001 -0.002  0.   ]
[fjt] names=['panda_joint1', 'panda_joint2', 'panda_joint3', 'panda_joint4', 'panda_joint5', 'panda_joint6', 'panda_joint7'] pts=1
[fjt] times[0..2]=[0. 2.] times[-3:]=[0. 2.]
[fjt] goal=[-0.099  0.057 -0.281 -2.674 -0.218  2.226  0.579]
[fjt] final=[-0.099  0.057 -0.282 -2.673 -0.219  2.224  0.581]
[fjt] err=[ 0.    -0.    -0.     0.001 -0.001 -0.002  0.001]
[fjt] names=['panda_joint1', 'panda_joint2', 'panda_joint3', 'panda_joint4', 'panda_joint5', 'panda_joint6', 'panda_joint7'] pts=1
[fjt] times[0..2]=[0. 2.] times[-3:]=[0. 2.]
[fjt] goal=[-0.099  0.09  -0.28  -2.673 -0.212  2.257  0.578]
[fjt] final=[-0.099  0.089 -0.281 -2.673 -0.214  2.256  0.58 ]
[fjt] err=[ 0.    -0.001 -0.001 -0.    -0.002 -0.002  0.002]
[fjt] names=['panda_joint1', 'panda_joint2', 'panda_joint3', 'panda_joint4', 'panda_joint5', 'panda_joint6', 'panda_joint7'] pts=1
[fjt] times[0..2]=[0. 2.] times[-3:]=[0. 2.]
[fjt] goal=[-0.099  0.123 -0.279 -2.671 -0.206  2.288  0.576]
[fjt] final=[-0.099  0.122 -0.28  -2.671 -0.208  2.286  0.579]
[fjt] err=[ 0.    -0.001 -0.001 -0.001 -0.002 -0.002  0.002]
[fjt] names=['panda_joint1', 'panda_joint2', 'panda_joint3', 'panda_joint4', 'panda_joint5', 'panda_joint6', 'panda_joint7'] pts=1
[fjt] times[0..2]=[0. 2.] times[-3:]=[0. 2.]
[fjt] goal=[-0.1    0.156 -0.277 -2.667 -0.2    2.318  0.574]
[fjt] final=[-0.099  0.156 -0.278 -2.668 -0.201  2.317  0.577]
[fjt] err=[ 0.    -0.001 -0.001 -0.001 -0.002 -0.002  0.002]
[fjt] names=['panda_joint1', 'panda_joint2', 'panda_joint3', 'panda_joint4', 'panda_joint5', 'panda_joint6', 'panda_joint7'] pts=1
[fjt] times[0..2]=[0. 2.] times[-3:]=[0. 2.]
[fjt] goal=[-0.101  0.19  -0.274 -2.663 -0.193  2.348  0.572]
[fjt] final=[-0.1    0.181 -0.274 -2.656 -0.194  2.342  0.574]
[fjt] err=[ 0.001 -0.009  0.001  0.007 -0.001 -0.006  0.002]
[fjt] names=['panda_joint1', 'panda_joint2', 'panda_joint3', 'panda_joint4', 'panda_joint5', 'panda_joint6', 'panda_joint7'] pts=2
[fjt] times[0..2]=[0.  1.5 3. ] times[-3:]=[0.  1.5 3. ]
[fjt] goal=[-0.08  -0.205 -0.286 -2.616 -0.242  1.909  0.579]
[fjt] final=[-0.08  -0.204 -0.287 -2.617 -0.241  1.911  0.577]
[fjt] err=[-0.     0.001 -0.001 -0.001  0.001  0.002 -0.002]
[fjt] names=['panda_joint1', 'panda_joint2', 'panda_joint3', 'panda_joint4', 'panda_joint5', 'panda_joint6', 'panda_joint7'] pts=1
[fjt] times[0..2]=[ 0.         16.05046649] times[-3:]=[ 0.         16.05046649]
[fjt] goal=[-1.616  0.633  0.578 -2.047  0.443  1.212 -1.831]
[fjt] final=[-1.616  0.633  0.577 -2.048  0.442  1.214 -1.826]
[fjt] err=[ 0.    -0.001 -0.001 -0.001 -0.001  0.002  0.004]
[fjt] names=['panda_joint1', 'panda_joint2', 'panda_joint3', 'panda_joint4', 'panda_joint5', 'panda_joint6', 'panda_joint7'] pts=3
[fjt] times[0..2]=[0.         1.66666667 3.33333333] times[-3:]=[1.66666667 3.33333333 5.        ]
[fjt] goal=[-1.53   0.957  0.48  -1.911  0.312  1.379 -1.888]
[fjt] final=[-1.531  0.957  0.481 -1.912  0.313  1.377 -1.885]
[fjt] err=[-0.    -0.001  0.001 -0.001  0.001 -0.002  0.002]
[fjt] names=['panda_joint1', 'panda_joint2', 'panda_joint3', 'panda_joint4', 'panda_joint5', 'panda_joint6', 'panda_joint7'] pts=4
[fjt] times[0..2]=[0.   1.25 2.5 ] times[-3:]=[2.5  3.75 5.  ]
[fjt] goal=[-1.522  0.858  0.534 -2.219  0.384  1.598 -1.939]
[fjt] final=[-1.522  0.859  0.533 -2.217  0.382  1.596 -1.937]
[fjt] err=[-0.     0.001 -0.001  0.001 -0.002 -0.002  0.002]
[fjt] names=['panda_joint1', 'panda_joint2', 'panda_joint3', 'panda_joint4', 'panda_joint5', 'panda_joint6', 'panda_joint7'] pts=3
[fjt] times[0..2]=[0.         1.48865043 2.97730085] times[-3:]=[1.48865043 2.97730085 4.46595128]
[fjt] goal=[-1.752  0.189  0.795 -2.365  0.676  1.123 -1.859]
[fjt] final=[-1.751  0.19   0.794 -2.364  0.674  1.126 -1.862]
[fjt] err=[ 0.001  0.001 -0.001  0.    -0.002  0.003 -0.002]
[fjt] names=['panda_joint1', 'panda_joint2', 'panda_joint3', 'panda_joint4', 'panda_joint5', 'panda_joint6', 'panda_joint7'] pts=2
[fjt] times[0..2]=[0.  1.5 3. ] times[-3:]=[0.  1.5 3. ]
[fjt] goal=[-1.797 -0.022  0.805 -2.317  0.781  0.89  -1.818]
[fjt] final=[-1.797 -0.022  0.806 -2.318  0.779  0.893 -1.82 ]
[fjt] err=[ 0.     0.001  0.001 -0.001 -0.002  0.003 -0.003]
[fjt] names=['panda_joint1', 'panda_joint2', 'panda_joint3', 'panda_joint4', 'panda_joint5', 'panda_joint6', 'panda_joint7'] pts=6
[fjt] times[0..2]=[0.         2.64612855 5.29225711] times[-3:]=[10.58451422 13.23064277 15.87677133]
[fjt] goal=[ 0.584  0.566 -1.184 -1.933 -0.021  0.605  0.248]
[fjt] final=[-0.93   0.568  0.404 -1.932 -0.02   0.604 -2.22 ]
[fjt] err=[-1.515e+00  1.000e-03  1.588e+00  1.000e-03  1.000e-03 -1.000e-03
 -2.469e+00]
[fjt] names=['panda_joint1', 'panda_joint2', 'panda_joint3', 'panda_joint4', 'panda_joint5', 'panda_joint6', 'panda_joint7'] pts=1
[fjt] times[0..2]=[ 0.        16.4576952] times[-3:]=[ 0.        16.4576952]
[fjt] goal=[ 2.099  0.565 -2.772 -1.935 -0.021  0.605  2.717]
[fjt] final=[ 1.835  0.567 -2.358 -1.935 -0.025  0.607 -0.883]
[fjt] err=[-2.64e-01  2.00e-03  4.15e-01 -0.00e+00 -4.00e-03  2.00e-03 -3.60e+00]
[fjt] names=['panda_joint1', 'panda_joint2', 'panda_joint3', 'panda_joint4', 'panda_joint5', 'panda_joint6', 'panda_joint7'] pts=1
[fjt] times[0..2]=[0.         8.33565526] times[-3:]=[0.         8.33565526]
[fjt] goal=[ 0.849  0.565 -1.599 -1.933 -0.017  0.603  3.849]
[fjt] final=[ 0.849  0.567 -1.601 -1.935 -0.023  0.61  -0.881]
[fjt] err=[ 0.000e+00  2.000e-03 -2.000e-03 -2.000e-03 -6.000e-03  7.000e-03
 -4.729e+00]
[fjt] names=['panda_joint1', 'panda_joint2', 'panda_joint3', 'panda_joint4', 'panda_joint5', 'panda_joint6', 'panda_joint7'] pts=4
[fjt] times[0..2]=[0.         4.35246729 8.70493458] times[-3:]=[ 8.70493458 13.05740187 17.40986916]
[fjt] goal=[ 0.768  1.144 -1.249 -1.218  2.013  0.219  1.73 ]
[fjt] final=[ 0.77   1.146 -1.247 -1.222  1.357  0.607 -0.883]
[fjt] err=[ 1.000e-03  2.000e-03  2.000e-03 -5.000e-03 -6.560e-01  3.880e-01
 -2.613e+00]
[fjt] names=['panda_joint1', 'panda_joint2', 'panda_joint3', 'panda_joint4', 'panda_joint5', 'panda_joint6', 'panda_joint7'] pts=1
[fjt] times[0..2]=[ 0.         17.42237867] times[-3:]=[ 0.         17.42237867]
[fjt] goal=[ 0.767  1.142 -1.251 -1.213  2.669 -0.17   4.344]
[fjt] final=[ 0.769  1.143 -1.248 -1.21   2.662  0.605 -0.885]
[fjt] err=[ 2.000e-03  1.000e-03  3.000e-03  3.000e-03 -7.000e-03  7.740e-01
 -5.229e+00]
[fjt] names=['panda_joint1', 'panda_joint2', 'panda_joint3', 'panda_joint4', 'panda_joint5', 'panda_joint6', 'panda_joint7'] pts=1
[fjt] times[0..2]=[ 0.         17.43681417] times[-3:]=[ 0.         17.43681417]
[fjt] goal=[ 0.767  1.143 -1.252 -1.221  2.02  -0.556  6.959]
[fjt] final=[ 0.768  1.144 -1.248 -1.22   2.016  0.602 -0.887]
[fjt] err=[ 1.000e-03  1.000e-03  5.000e-03  1.000e-03 -5.000e-03  1.158e+00
 -7.847e+00]
[fjt] names=['panda_joint1', 'panda_joint2', 'panda_joint3', 'panda_joint4', 'panda_joint5', 'panda_joint6', 'panda_joint7'] pts=3
[fjt] times[0..2]=[0.         1.66666667 3.33333333] times[-3:]=[1.66666667 3.33333333 5.        ]
[fjt] goal=[ 1.009  1.066 -1.433 -1.587  1.83   0.48  -1.088]
[fjt] final=[ 1.009  1.067 -1.431 -1.585  1.831  0.482 -1.085]
[fjt] err=[-0.001  0.001  0.001  0.001  0.001  0.002  0.002]
[fjt] names=['panda_joint1', 'panda_joint2', 'panda_joint3', 'panda_joint4', 'panda_joint5', 'panda_joint6', 'panda_joint7'] pts=2
[fjt] times[0..2]=[0. 1. 2.] times[-3:]=[0. 1. 2.]
[fjt] goal=[ 1.001  0.976 -1.452 -1.538  1.853  0.471 -0.961]
[fjt] final=[ 1.002  0.977 -1.451 -1.54   1.846  0.476 -1.02 ]
[fjt] err=[ 0.     0.001  0.001 -0.002 -0.007  0.006 -0.059]
[fjt] names=['panda_joint1', 'panda_joint2', 'panda_joint3', 'panda_joint4', 'panda_joint5', 'panda_joint6', 'panda_joint7'] pts=1
[fjt] times[0..2]=[0. 2.] times[-3:]=[0. 2.]
[fjt] goal=[ 1.001  0.975 -1.452 -1.536  1.859  0.465 -0.902]
[fjt] final=[ 1.002  0.976 -1.451 -1.538  1.853  0.477 -1.019]
[fjt] err=[ 0.001  0.001  0.001 -0.002 -0.007  0.012 -0.118]
[fjt] names=['panda_joint1', 'panda_joint2', 'panda_joint3', 'panda_joint4', 'panda_joint5', 'panda_joint6', 'panda_joint7'] pts=1
[fjt] times[0..2]=[0. 2.] times[-3:]=[0. 2.]
[fjt] goal=[ 1.001  0.975 -1.453 -1.536  1.859  0.459 -0.843]
[fjt] final=[ 1.002  0.976 -1.451 -1.538  1.853  0.478 -1.018]
[fjt] err=[ 0.001  0.001  0.002 -0.002 -0.007  0.019 -0.175]
[fjt] names=['panda_joint1', 'panda_joint2', 'panda_joint3', 'panda_joint4', 'panda_joint5', 'panda_joint6', 'panda_joint7'] pts=3
[fjt] times[0..2]=[0. 1. 2.] times[-3:]=[1. 2. 3.]
[fjt] goal=[ 0.979  0.884 -1.449 -1.465  1.892  0.48  -0.87 ]
[fjt] final=[ 0.98   0.886 -1.45  -1.467  1.886  0.482 -1.013]
[fjt] err=[ 0.     0.001 -0.001 -0.002 -0.006  0.002 -0.143]
[fjt] names=['panda_joint1', 'panda_joint2', 'panda_joint3', 'panda_joint4', 'panda_joint5', 'panda_joint6', 'panda_joint7'] pts=1
[fjt] times[0..2]=[0. 2.] times[-3:]=[0. 2.]
[fjt] goal=[ 0.979  0.883 -1.449 -1.462  1.898  0.479 -0.727]
[fjt] final=[ 0.979  0.884 -1.449 -1.465  1.892  0.484 -1.011]
[fjt] err=[ 0.001  0.001 -0.001 -0.002 -0.006  0.005 -0.284]
[fjt] names=['panda_joint1', 'panda_joint2', 'panda_joint3', 'panda_joint4', 'panda_joint5', 'panda_joint6', 'panda_joint7'] pts=1
[fjt] times[0..2]=[0. 2.] times[-3:]=[0. 2.]
[fjt] goal=[ 0.979  0.883 -1.449 -1.462  1.898  0.475 -0.587]
[fjt] final=[ 0.979  0.884 -1.449 -1.465  1.892  0.485 -1.01 ]
[fjt] err=[ 0.001  0.001 -0.    -0.002 -0.006  0.009 -0.423]
[fjt] names=['panda_joint1', 'panda_joint2', 'panda_joint3', 'panda_joint4', 'panda_joint5', 'panda_joint6', 'panda_joint7'] pts=8
[fjt] times[0..2]=[0.   1.25 2.5 ] times[-3:]=[ 7.5   8.75 10.  ]
[fjt] goal=[ 0.581  1.445 -1.915 -1.485  1.468  1.219 -0.159]
[fjt] final=[ 0.582  1.445 -1.915 -1.486  1.469  1.218 -0.161]
[fjt] err=[ 0.    -0.     0.    -0.001  0.001 -0.002 -0.003]
[fjt] names=['panda_joint1', 'panda_joint2', 'panda_joint3', 'panda_joint4', 'panda_joint5', 'panda_joint6', 'panda_joint7'] pts=2
[fjt] times[0..2]=[0.  1.5 3. ] times[-3:]=[0.  1.5 3. ]
[fjt] goal=[ 0.668  1.632 -1.742 -1.65   1.619  1.396 -0.187]
[fjt] final=[ 0.667  1.632 -1.742 -1.649  1.618  1.394 -0.185]
[fjt] err=[-0.    -0.001 -0.001  0.001 -0.001 -0.002  0.002]
[fjt] names=['panda_joint1', 'panda_joint2', 'panda_joint3', 'panda_joint4', 'panda_joint5', 'panda_joint6', 'panda_joint7'] pts=1
[fjt] times[0..2]=[0. 2.] times[-3:]=[0. 2.]
[fjt] goal=[ 0.663  1.631 -1.742 -1.638  1.621  1.397 -0.18 ]
[fjt] final=[ 0.664  1.632 -1.742 -1.639  1.619  1.395 -0.182]
[fjt] err=[ 0.     0.    -0.001 -0.001 -0.001 -0.002 -0.002]
[fjt] names=['panda_joint1', 'panda_joint2', 'panda_joint3', 'panda_joint4', 'panda_joint5', 'panda_joint6', 'panda_joint7'] pts=4
[fjt] times[0..2]=[0.   1.25 2.5 ] times[-3:]=[2.5  3.75 5.  ]
[fjt] goal=[ 0.674  1.763 -1.5   -1.61   1.766  1.632 -0.163]
[fjt] final=[ 0.675  1.762 -1.504 -1.612  1.764  1.628 -0.166]
[fjt] err=[ 0.001 -0.001 -0.004 -0.002 -0.002 -0.005 -0.003]
[fjt] names=['panda_joint1', 'panda_joint2', 'panda_joint3', 'panda_joint4', 'panda_joint5', 'panda_joint6', 'panda_joint7'] pts=3
[fjt] times[0..2]=[0.         1.33333333 2.66666667] times[-3:]=[1.33333333 2.66666667 4.        ]
[fjt] goal=[ 0.539  1.343 -1.928 -1.371  1.404  1.183 -0.12 ]
[fjt] final=[ 0.539  1.344 -1.927 -1.372  1.406  1.185 -0.123]
[fjt] err=[ 0.     0.001  0.001 -0.002  0.001  0.002 -0.002]
[fjt] names=['panda_joint1', 'panda_joint2', 'panda_joint3', 'panda_joint4', 'panda_joint5', 'panda_joint6', 'panda_joint7'] pts=8
[fjt] times[0..2]=[0.   1.25 2.5 ] times[-3:]=[ 7.5   8.75 10.  ]
[fjt] goal=[ 1.481  1.57  -2.143 -1.771  1.443  1.012  0.459]
[fjt] final=[ 1.481  1.57  -2.142 -1.772  1.441  1.014  0.456]
[fjt] err=[-0.    -0.     0.001 -0.001 -0.002  0.002 -0.003]
[fjt] names=['panda_joint1', 'panda_joint2', 'panda_joint3', 'panda_joint4', 'panda_joint5', 'panda_joint6', 'panda_joint7'] pts=2
[fjt] times[0..2]=[0.  1.5 3. ] times[-3:]=[0.  1.5 3. ]
[fjt] goal=[ 1.554  1.694 -2.036 -1.908  1.535  1.092  0.452]
[fjt] final=[ 1.554  1.693 -2.036 -1.906  1.534  1.09   0.454]
[fjt] err=[-0.    -0.001 -0.001  0.001 -0.001 -0.002  0.002]
[fjt] names=['panda_joint1', 'panda_joint2', 'panda_joint3', 'panda_joint4', 'panda_joint5', 'panda_joint6', 'panda_joint7'] pts=2
[fjt] times[0..2]=[0. 1. 2.] times[-3:]=[0. 1. 2.]
[fjt] goal=[ 1.48   1.572 -2.144 -1.771  1.444  1.01   0.458]
[fjt] final=[ 1.481  1.573 -2.143 -1.773  1.446  1.012  0.456]
[fjt] err=[ 0.     0.001  0.001 -0.001  0.001  0.002 -0.002]
