[robosuite WARNING] No private macro file found! (__init__.py:7)
[robosuite WARNING] It is recommended to use a private macro file (__init__.py:8)
[robosuite WARNING] To setup, run: python /storage/home/yehe8/.openrua/simulators/cap-x/capx/third_party/libero_dependencies/robosuite/robosuite/scripts/setup_macros.py (__init__.py:9)
Gym has been unmaintained since 2022 and does not support NumPy 2.0 amongst other critical functionality.
Please upgrade to Gymnasium, the maintained drop-in replacement of Gym, or contact the authors of your software and request that they upgrade.
See the migration guide at https://gymnasium.farama.org/introduction/migration_guide/ for additional information.
[info] Using default task order for benchmark 'libero_10_task' (10 tasks).
[Warning]: datasets path /storage/home/yehe8/.openrua/simulators/cap-x/capx/third_party/LIBERO-PRO/libero/datasets does not exist!
[Warning]: datasets path /storage/home/yehe8/.openrua/simulators/cap-x/capx/third_party/LIBERO-PRO/libero/datasets does not exist!
robot ready
[Warning]: datasets path /storage/home/yehe8/.openrua/simulators/cap-x/capx/third_party/LIBERO-PRO/libero/datasets does not exist!
[fjt] names=['panda_joint1', 'panda_joint2', 'panda_joint3', 'panda_joint4', 'panda_joint5', 'panda_joint6', 'panda_joint7'] pts=1
[fjt] times[0..2]=[0. 4.] times[-3:]=[0. 4.]
[fjt] goal=[ 0.041 -0.281  0.049 -2.655  0.02   2.374  0.86 ]
[fjt] final=[ 0.041 -0.281  0.048 -2.654  0.018  2.372  0.857]
[fjt] err=[-0.     0.001 -0.001  0.001 -0.001 -0.002 -0.002]
[fjt] names=['panda_joint1', 'panda_joint2', 'panda_joint3', 'panda_joint4', 'panda_joint5', 'panda_joint6', 'panda_joint7'] pts=1
[fjt] times[0..2]=[0. 3.] times[-3:]=[0. 3.]
[fjt] goal=[ 0.04   0.248  0.038 -2.685 -0.045  2.933  0.906]
[fjt] final=[ 0.04   0.227  0.038 -2.697 -0.043  2.92   0.903]
[fjt] err=[-0.    -0.022 -0.    -0.012  0.002 -0.013 -0.003]
[fjt] names=['panda_joint1', 'panda_joint2', 'panda_joint3', 'panda_joint4', 'panda_joint5', 'panda_joint6', 'panda_joint7'] pts=1
[fjt] times[0..2]=[0. 3.] times[-3:]=[0. 3.]
[fjt] goal=[-0.148 -0.484  0.209 -2.463  0.105  1.986  0.78 ]
[fjt] final=[-0.147 -0.39   0.208 -2.465  0.104  2.309  0.782]
[fjt] err=[ 0.001  0.093 -0.001 -0.002 -0.002  0.323  0.002]
[fjt] names=['panda_joint1', 'panda_joint2', 'panda_joint3', 'panda_joint4', 'panda_joint5', 'panda_joint6', 'panda_joint7'] pts=1
[fjt] times[0..2]=[0. 5.] times[-3:]=[0. 5.]
[fjt] goal=[-0.068  0.056  0.58  -1.925 -0.034  1.972  1.31 ]
[fjt] final=[-0.068  0.056  0.58  -1.928 -0.032  1.974  1.307]
[fjt] err=[-0.    -0.001 -0.001 -0.002  0.001  0.002 -0.003]
[fjt] names=['panda_joint1', 'panda_joint2', 'panda_joint3', 'panda_joint4', 'panda_joint5', 'panda_joint6', 'panda_joint7'] pts=1
[fjt] times[0..2]=[0. 3.] times[-3:]=[0. 3.]
[fjt] goal=[-0.059  0.139  0.576 -2.048 -0.091  2.163  1.35 ]
[fjt] final=[-0.059  0.139  0.577 -2.048 -0.089  2.16   1.347]
[fjt] err=[-0.    -0.     0.001  0.     0.002 -0.002 -0.002]
[fjt] names=['panda_joint1', 'panda_joint2', 'panda_joint3', 'panda_joint4', 'panda_joint5', 'panda_joint6', 'panda_joint7'] pts=1
[fjt] times[0..2]=[0. 3.] times[-3:]=[0. 3.]
[fjt] goal=[-0.087  0.036  0.597 -1.844 -0.021  1.874  1.301]
[fjt] final=[-0.087  0.036  0.596 -1.845 -0.023  1.876  1.303]
[fjt] err=[ 0.001  0.    -0.001 -0.001 -0.001  0.002  0.002]
[fjt] names=['panda_joint1', 'panda_joint2', 'panda_joint3', 'panda_joint4', 'panda_joint5', 'panda_joint6', 'panda_joint7'] pts=1
[fjt] times[0..2]=[0. 4.] times[-3:]=[0. 4.]
[fjt] goal=[-0.532  0.433  0.238 -1.884 -0.134  2.302  0.56 ]
[fjt] final=[-0.532  0.433  0.239 -1.883 -0.132  2.3    0.574]
[fjt] err=[ 0.    -0.     0.     0.001  0.002 -0.002  0.014]
[fjt] names=['panda_joint1', 'panda_joint2', 'panda_joint3', 'panda_joint4', 'panda_joint5', 'panda_joint6', 'panda_joint7'] pts=1
[fjt] times[0..2]=[0. 3.] times[-3:]=[0. 3.]
[fjt] goal=[-0.51   0.621  0.203 -1.876 -0.192  2.478  0.593]
[fjt] final=[-0.511  0.62   0.204 -1.877 -0.19   2.476  0.591]
[fjt] err=[-0.    -0.001  0.001 -0.001  0.002 -0.002 -0.002]
[fjt] names=['panda_joint1', 'panda_joint2', 'panda_joint3', 'panda_joint4', 'panda_joint5', 'panda_joint6', 'panda_joint7'] pts=1
[fjt] times[0..2]=[0. 3.] times[-3:]=[0. 3.]
[fjt] goal=[-0.49   0.742  0.176 -1.845 -0.22   2.568  0.612]
[fjt] final=[-0.49   0.741  0.177 -1.846 -0.218  2.566  0.609]
[fjt] err=[-0.    -0.001  0.001 -0.001  0.002 -0.002 -0.002]
[fjt] names=['panda_joint1', 'panda_joint2', 'panda_joint3', 'panda_joint4', 'panda_joint5', 'panda_joint6', 'panda_joint7'] pts=1
[fjt] times[0..2]=[0. 3.] times[-3:]=[0. 3.]
[fjt] goal=[-0.581  0.313  0.295 -1.792 -0.103  2.089  0.537]
[fjt] final=[-0.581  0.313  0.295 -1.793 -0.105  2.092  0.54 ]
[fjt] err=[ 0.     0.001 -0.001 -0.001 -0.002  0.002  0.002]
[fjt] names=['panda_joint1', 'panda_joint2', 'panda_joint3', 'panda_joint4', 'panda_joint5', 'panda_joint6', 'panda_joint7'] pts=1
[fjt] times[0..2]=[0. 5.] times[-3:]=[0. 5.]
[fjt] goal=[-0.234  0.05   0.748 -1.886 -0.037  1.923  1.312]
[fjt] final=[-0.234  0.051  0.748 -1.886 -0.038  1.925  1.31 ]
[fjt] err=[-0.     0.001 -0.001  0.001 -0.001  0.002 -0.002]
[fjt] names=['panda_joint1', 'panda_joint2', 'panda_joint3', 'panda_joint4', 'panda_joint5', 'panda_joint6', 'panda_joint7'] pts=1
[fjt] times[0..2]=[0. 3.] times[-3:]=[0. 3.]
[fjt] goal=[-0.187  0.28   0.74  -1.915 -0.22   2.114  1.434]
[fjt] final=[-0.187  0.28   0.741 -1.914 -0.218  2.111  1.431]
[fjt] err=[-0.    -0.     0.001  0.001  0.002 -0.002 -0.002]
[fjt] names=['panda_joint1', 'panda_joint2', 'panda_joint3', 'panda_joint4', 'panda_joint5', 'panda_joint6', 'panda_joint7'] pts=1
[fjt] times[0..2]=[0. 3.] times[-3:]=[0. 3.]
[fjt] goal=[-0.229  0.183  0.802 -1.636 -0.134  1.762  1.375]
[fjt] final=[-0.229  0.184  0.801 -1.637 -0.135  1.765  1.378]
[fjt] err=[ 0.     0.    -0.001 -0.001 -0.001  0.002  0.002]
