[robosuite WARNING] No private macro file found! (__init__.py:7)
[robosuite WARNING] It is recommended to use a private macro file (__init__.py:8)
[robosuite WARNING] To setup, run: python /storage/home/yehe8/.openrua/simulators/cap-x/capx/third_party/libero_dependencies/robosuite/robosuite/scripts/setup_macros.py (__init__.py:9)
Gym has been unmaintained since 2022 and does not support NumPy 2.0 amongst other critical functionality.
Please upgrade to Gymnasium, the maintained drop-in replacement of Gym, or contact the authors of your software and request that they upgrade.
See the migration guide at https://gymnasium.farama.org/introduction/migration_guide/ for additional information.
[info] Using default task order for benchmark 'libero_10_task' (10 tasks).
[Warning]: datasets path /storage/home/yehe8/.openrua/simulators/cap-x/capx/third_party/LIBERO-PRO/libero/datasets does not exist!
[Warning]: datasets path /storage/home/yehe8/.openrua/simulators/cap-x/capx/third_party/LIBERO-PRO/libero/datasets does not exist!
robot ready
[Warning]: datasets path /storage/home/yehe8/.openrua/simulators/cap-x/capx/third_party/LIBERO-PRO/libero/datasets does not exist!
[fjt] names=['panda_joint1', 'panda_joint2', 'panda_joint3', 'panda_joint4', 'panda_joint5', 'panda_joint6', 'panda_joint7'] pts=1
[fjt] times[0..2]=[0. 3.] times[-3:]=[0. 3.]
[fjt] goal=[ 1.    -0.161  0.    -2.445  0.     2.227  0.785]
[fjt] final=[ 0.623 -0.161 -0.    -2.445  0.     2.227  0.787]
[fjt] err=[-0.377 -0.    -0.     0.     0.    -0.     0.002]
[fjt] names=['panda_joint1', 'panda_joint2', 'panda_joint3', 'panda_joint4', 'panda_joint5', 'panda_joint6', 'panda_joint7'] pts=1
[fjt] times[0..2]=[0. 3.] times[-3:]=[0. 3.]
[fjt] goal=[ 1.    -0.161  0.    -2.445  0.     2.227  0.785]
[fjt] final=[ 1.    -0.161 -0.    -2.445  0.     2.227  0.787]
[fjt] err=[-0.    -0.    -0.    -0.     0.    -0.     0.002]
[fjt] names=['panda_joint1', 'panda_joint2', 'panda_joint3', 'panda_joint4', 'panda_joint5', 'panda_joint6', 'panda_joint7'] pts=1
[fjt] times[0..2]=[0. 4.] times[-3:]=[0. 4.]
[fjt] goal=[-0.213 -0.778 -0.27  -2.855 -0.217  2.086 -0.3  ]
[fjt] final=[ 0.211 -0.777 -0.269 -2.854 -0.215  2.087  0.029]
[fjt] err=[0.424 0.001 0.001 0.001 0.002 0.002 0.329]
[fjt] names=['panda_joint1', 'panda_joint2', 'panda_joint3', 'panda_joint4', 'panda_joint5', 'panda_joint6', 'panda_joint7'] pts=1
[fjt] times[0..2]=[0. 4.] times[-3:]=[0. 4.]
[fjt] goal=[-0.213 -0.778 -0.27  -2.855 -0.217  2.086 -0.3  ]
[fjt] final=[-0.213 -0.777 -0.269 -2.855 -0.215  2.087 -0.298]
[fjt] err=[0.    0.001 0.001 0.001 0.001 0.001 0.002]
[fjt] names=['panda_joint1', 'panda_joint2', 'panda_joint3', 'panda_joint4', 'panda_joint5', 'panda_joint6', 'panda_joint7'] pts=1
[fjt] times[0..2]=[0. 4.] times[-3:]=[0. 4.]
[fjt] goal=[ 0.165  0.441 -0.174 -1.71   0.088  2.144 -1.611]
[fjt] final=[ 0.165  0.004 -0.175 -2.076  0.087  2.142 -0.978]
[fjt] err=[-0.    -0.437 -0.001 -0.366 -0.001 -0.002  0.633]
[fjt] names=['panda_joint1', 'panda_joint2', 'panda_joint3', 'panda_joint4', 'panda_joint5', 'panda_joint6', 'panda_joint7'] pts=1
[fjt] times[0..2]=[0. 4.] times[-3:]=[0. 4.]
[fjt] goal=[ 0.165  0.441 -0.174 -1.71   0.088  2.144 -1.611]
[fjt] final=[ 0.165  0.44  -0.174 -1.711  0.087  2.142 -1.608]
[fjt] err=[-0.    -0.001 -0.    -0.001 -0.001 -0.001  0.003]
[fjt] names=['panda_joint1', 'panda_joint2', 'panda_joint3', 'panda_joint4', 'panda_joint5', 'panda_joint6', 'panda_joint7'] pts=1
[fjt] times[0..2]=[0. 4.] times[-3:]=[0. 4.]
[fjt] goal=[ 0.279  0.614 -0.248 -1.695  0.188  2.285 -0.835]
[fjt] final=[ 0.279  0.613 -0.247 -1.696  0.186  2.283 -0.902]
[fjt] err=[-0.    -0.001  0.001 -0.001 -0.002 -0.002 -0.068]
[fjt] names=['panda_joint1', 'panda_joint2', 'panda_joint3', 'panda_joint4', 'panda_joint5', 'panda_joint6', 'panda_joint7'] pts=1
[fjt] times[0..2]=[0. 4.] times[-3:]=[0. 4.]
[fjt] goal=[ 0.279  0.614 -0.248 -1.695  0.188  2.285 -0.835]
[fjt] final=[ 0.279  0.613 -0.248 -1.696  0.187  2.284 -0.837]
[fjt] err=[-0.    -0.001  0.001 -0.001 -0.001 -0.001 -0.002]
[fjt] names=['panda_joint1', 'panda_joint2', 'panda_joint3', 'panda_joint4', 'panda_joint5', 'panda_joint6', 'panda_joint7'] pts=1
[fjt] times[0..2]=[0. 3.] times[-3:]=[0. 3.]
[fjt] goal=[ 0.268  0.702 -0.229 -1.686  0.211  2.365 -0.845]
[fjt] final=[ 0.269  0.702 -0.23  -1.687  0.21   2.363 -0.843]
[fjt] err=[ 0.    -0.001 -0.001 -0.001 -0.002 -0.002  0.002]
[fjt] names=['panda_joint1', 'panda_joint2', 'panda_joint3', 'panda_joint4', 'panda_joint5', 'panda_joint6', 'panda_joint7'] pts=1
[fjt] times[0..2]=[0. 3.] times[-3:]=[0. 3.]
[fjt] goal=[ 0.256  0.778 -0.213 -1.67   0.228  2.424 -0.855]
[fjt] final=[ 0.257  0.778 -0.214 -1.671  0.226  2.422 -0.852]
[fjt] err=[ 0.    -0.001 -0.001 -0.001 -0.002 -0.002  0.002]
[fjt] names=['panda_joint1', 'panda_joint2', 'panda_joint3', 'panda_joint4', 'panda_joint5', 'panda_joint6', 'panda_joint7'] pts=1
[fjt] times[0..2]=[0. 3.] times[-3:]=[0. 3.]
[fjt] goal=[ 0.292  0.558 -0.264 -1.675  0.173  2.21  -0.822]
[fjt] final=[ 0.292  0.559 -0.263 -1.675  0.175  2.212 -0.825]
[fjt] err=[-0.     0.001  0.001  0.     0.002  0.002 -0.002]
[fjt] names=['panda_joint1', 'panda_joint2', 'panda_joint3', 'panda_joint4', 'panda_joint5', 'panda_joint6', 'panda_joint7'] pts=1
[fjt] times[0..2]=[0. 4.] times[-3:]=[0. 4.]
[fjt] goal=[ 0.307  0.434 -0.293 -1.55   0.132  1.964 -0.796]
[fjt] final=[ 0.307  0.434 -0.292 -1.551  0.133  1.966 -0.798]
[fjt] err=[-0.     0.001  0.001 -0.002  0.001  0.002 -0.002]
[fjt] names=['panda_joint1', 'panda_joint2', 'panda_joint3', 'panda_joint4', 'panda_joint5', 'panda_joint6', 'panda_joint7'] pts=1
[fjt] times[0..2]=[0. 4.] times[-3:]=[0. 4.]
[fjt] goal=[ 0.479  0.466 -0.508 -1.546  0.237  1.951  0.714]
[fjt] final=[ 0.479  0.466 -0.506 -1.548  0.235  1.953 -0.088]
[fjt] err=[-0.    -0.     0.002 -0.002 -0.002  0.002 -0.802]
[fjt] names=['panda_joint1', 'panda_joint2', 'panda_joint3', 'panda_joint4', 'panda_joint5', 'panda_joint6', 'panda_joint7'] pts=1
[fjt] times[0..2]=[0. 4.] times[-3:]=[0. 4.]
[fjt] goal=[ 0.479  0.466 -0.508 -1.546  0.237  1.951  0.714]
[fjt] final=[ 0.479  0.466 -0.506 -1.548  0.236  1.953  0.619]
[fjt] err=[-0.    -0.     0.001 -0.002 -0.002  0.002 -0.095]
[fjt] names=['panda_joint1', 'panda_joint2', 'panda_joint3', 'panda_joint4', 'panda_joint5', 'panda_joint6', 'panda_joint7'] pts=1
[fjt] times[0..2]=[0. 4.] times[-3:]=[0. 4.]
[fjt] goal=[ 0.479  0.466 -0.508 -1.546  0.237  1.951  0.714]
[fjt] final=[ 0.479  0.466 -0.507 -1.548  0.236  1.952  0.712]
[fjt] err=[-0.     0.     0.001 -0.002 -0.001  0.002 -0.002]
[fjt] names=['panda_joint1', 'panda_joint2', 'panda_joint3', 'panda_joint4', 'panda_joint5', 'panda_joint6', 'panda_joint7'] pts=1
[fjt] times[0..2]=[0. 4.] times[-3:]=[0. 4.]
[fjt] goal=[ 0.569 -0.137 -0.653 -2.257 -0.099  2.146  0.76 ]
[fjt] final=[ 0.569 -0.135 -0.652 -2.255 -0.097  2.144  0.758]
[fjt] err=[-0.001  0.001  0.001  0.002  0.002 -0.002 -0.002]
[fjt] names=['panda_joint1', 'panda_joint2', 'panda_joint3', 'panda_joint4', 'panda_joint5', 'panda_joint6', 'panda_joint7'] pts=1
[fjt] times[0..2]=[0. 4.] times[-3:]=[0. 4.]
[fjt] goal=[ 0.329 -0.843 -0.696 -2.714 -0.541  1.947  0.825]
[fjt] final=[ 0.329 -0.841 -0.696 -2.714 -0.539  1.948  0.823]
[fjt] err=[ 0.     0.003  0.     0.     0.002  0.001 -0.002]
[fjt] names=['panda_joint1', 'panda_joint2', 'panda_joint3', 'panda_joint4', 'panda_joint5', 'panda_joint6', 'panda_joint7'] pts=1
[fjt] times[0..2]=[0. 3.] times[-3:]=[0. 3.]
[fjt] goal=[ 0.274 -0.914 -0.684 -2.813 -0.571  1.96   0.837]
[fjt] final=[ 0.274 -0.913 -0.685 -2.812 -0.57   1.958  0.835]
[fjt] err=[ 0.     0.001 -0.001  0.001  0.001 -0.002 -0.002]
[fjt] names=['panda_joint1', 'panda_joint2', 'panda_joint3', 'panda_joint4', 'panda_joint5', 'panda_joint6', 'panda_joint7'] pts=1
[fjt] times[0..2]=[0. 3.] times[-3:]=[0. 3.]
[fjt] goal=[ 0.27  -0.847 -0.753 -2.876 -0.631  2.089  0.847]
[fjt] final=[ 0.27  -0.847 -0.753 -2.875 -0.629  2.087  0.844]
[fjt] err=[ 0.    -0.     0.001  0.     0.002 -0.002 -0.002]
[fjt] names=['panda_joint1', 'panda_joint2', 'panda_joint3', 'panda_joint4', 'panda_joint5', 'panda_joint6', 'panda_joint7'] pts=1
[fjt] times[0..2]=[0. 3.] times[-3:]=[0. 3.]
[fjt] goal=[ 0.271 -0.811 -0.782 -2.896 -0.654  2.145  0.851]
[fjt] final=[ 0.27  -0.813 -0.78  -2.888 -0.653  2.141  0.847]
[fjt] err=[-0.001 -0.002  0.002  0.008  0.002 -0.004 -0.004]
[fjt] names=['panda_joint1', 'panda_joint2', 'panda_joint3', 'panda_joint4', 'panda_joint5', 'panda_joint6', 'panda_joint7'] pts=1
[fjt] times[0..2]=[0. 3.] times[-3:]=[0. 3.]
[fjt] goal=[ 0.271 -0.796 -0.793 -2.903 -0.662  2.166  0.852]
[fjt] final=[ 0.27  -0.799 -0.79  -2.888 -0.662  2.161  0.847]
[fjt] err=[-0.001 -0.002  0.002  0.015  0.    -0.005 -0.005]
[fjt] names=['panda_joint1', 'panda_joint2', 'panda_joint3', 'panda_joint4', 'panda_joint5', 'panda_joint6', 'panda_joint7'] pts=1
[fjt] times[0..2]=[0. 3.] times[-3:]=[0. 3.]
[fjt] goal=[ 0.296 -0.952 -0.61  -2.685 -0.499  1.799  0.819]
[fjt] final=[ 0.296 -0.951 -0.61  -2.686 -0.501  1.802  0.821]
[fjt] err=[-0.     0.    -0.001 -0.001 -0.002  0.002  0.002]
[fjt] names=['panda_joint1', 'panda_joint2', 'panda_joint3', 'panda_joint4', 'panda_joint5', 'panda_joint6', 'panda_joint7'] pts=1
[fjt] times[0..2]=[0. 4.] times[-3:]=[0. 4.]
[fjt] goal=[ 0.753 -0.244 -0.409 -2.3   -0.11   2.073  1.193]
[fjt] final=[ 0.753 -0.246 -0.41  -2.3   -0.111  2.071  1.191]
[fjt] err=[-0.    -0.002 -0.001 -0.001 -0.002 -0.001 -0.002]
[fjt] names=['panda_joint1', 'panda_joint2', 'panda_joint3', 'panda_joint4', 'panda_joint5', 'panda_joint6', 'panda_joint7'] pts=1
[fjt] times[0..2]=[0. 4.] times[-3:]=[0. 4.]
[fjt] goal=[ 0.445 -0.367  0.338 -2.809 -0.883  1.195  1.764]
[fjt] final=[ 0.446 -0.367  0.326 -2.807 -0.798  1.396  1.762]
[fjt] err=[ 0.     0.    -0.012  0.002  0.085  0.202 -0.003]
[fjt] names=['panda_joint1', 'panda_joint2', 'panda_joint3', 'panda_joint4', 'panda_joint5', 'panda_joint6', 'panda_joint7'] pts=1
[fjt] times[0..2]=[0. 4.] times[-3:]=[0. 4.]
[fjt] goal=[ 0.445 -0.367  0.338 -2.809 -0.883  1.195  1.764]
[fjt] final=[ 0.446 -0.367  0.337 -2.808 -0.881  1.196  1.762]
[fjt] err=[ 0.     0.    -0.001  0.001  0.001  0.002 -0.002]
[fjt] names=['panda_joint1', 'panda_joint2', 'panda_joint3', 'panda_joint4', 'panda_joint5', 'panda_joint6', 'panda_joint7'] pts=1
[fjt] times[0..2]=[0. 4.] times[-3:]=[0. 4.]
[fjt] goal=[ 0.366  0.181  0.336 -2.741 -0.894  1.38   2.217]
[fjt] final=[ 0.367  0.18   0.337 -2.742 -0.892  1.378  2.214]
[fjt] err=[ 0.    -0.001  0.001 -0.001  0.002 -0.002 -0.002]
[fjt] names=['panda_joint1', 'panda_joint2', 'panda_joint3', 'panda_joint4', 'panda_joint5', 'panda_joint6', 'panda_joint7'] pts=1
[fjt] times[0..2]=[0. 4.] times[-3:]=[0. 4.]
[fjt] goal=[ 0.358  0.653  0.266 -2.55  -0.989  1.46   2.481]
[fjt] final=[ 0.359  0.624  0.281 -2.559 -0.976  1.429  2.469]
[fjt] err=[ 0.001 -0.029  0.015 -0.009  0.013 -0.031 -0.012]
[fjt] names=['panda_joint1', 'panda_joint2', 'panda_joint3', 'panda_joint4', 'panda_joint5', 'panda_joint6', 'panda_joint7'] pts=1
[fjt] times[0..2]=[0. 4.] times[-3:]=[0. 4.]
[fjt] goal=[ 0.358  0.653  0.266 -2.55  -0.989  1.46   2.481]
[fjt] final=[ 0.359  0.624  0.281 -2.559 -0.976  1.429  2.469]
[fjt] err=[ 0.001 -0.029  0.015 -0.009  0.013 -0.031 -0.012]
[fjt] names=['panda_joint1', 'panda_joint2', 'panda_joint3', 'panda_joint4', 'panda_joint5', 'panda_joint6', 'panda_joint7'] pts=1
[fjt] times[0..2]=[0. 4.] times[-3:]=[0. 4.]
[fjt] goal=[ 0.358  0.653  0.266 -2.55  -0.989  1.46   2.481]
[fjt] final=[ 0.359  0.624  0.281 -2.559 -0.976  1.429  2.47 ]
[fjt] err=[ 0.001 -0.029  0.015 -0.009  0.013 -0.031 -0.011]
[fjt] names=['panda_joint1', 'panda_joint2', 'panda_joint3', 'panda_joint4', 'panda_joint5', 'panda_joint6', 'panda_joint7'] pts=1
[fjt] times[0..2]=[0. 4.] times[-3:]=[0. 4.]
[fjt] goal=[ 0.29 -0.4   0.5  -2.82 -0.86  1.24  1.73]
[fjt] final=[ 0.29  -0.155  0.499 -2.819 -0.861  1.242  1.743]
[fjt] err=[ 0.     0.245 -0.001  0.001 -0.001  0.002  0.013]
[fjt] names=['panda_joint1', 'panda_joint2', 'panda_joint3', 'panda_joint4', 'panda_joint5', 'panda_joint6', 'panda_joint7'] pts=1
[fjt] times[0..2]=[0. 4.] times[-3:]=[0. 4.]
[fjt] goal=[ 0.29 -0.4   0.5  -2.82 -0.86  1.24  1.73]
[fjt] final=[ 0.29  -0.399  0.499 -2.819 -0.861  1.241  1.732]
[fjt] err=[ 0.     0.001 -0.001  0.001 -0.001  0.001  0.002]
[fjt] names=['panda_joint1', 'panda_joint2', 'panda_joint3', 'panda_joint4', 'panda_joint5', 'panda_joint6', 'panda_joint7'] pts=37
[fjt] times[0..2]=[0.  0.1 0.2] times[-3:]=[3.4        3.5        3.55233224]
[fjt] goal=[-0.403 -0.556 -0.364 -2.859 -2.758  3.581  2.854]
[fjt] final=[-0.375 -0.555 -0.162 -2.859 -1.544  1.919  2.309]
[fjt] err=[ 2.800e-02  1.000e-03  2.020e-01  0.000e+00  1.213e+00 -1.662e+00
 -5.450e-01]
[fjt] names=['panda_joint1', 'panda_joint2', 'panda_joint3', 'panda_joint4', 'panda_joint5', 'panda_joint6', 'panda_joint7'] pts=1
[fjt] times[0..2]=[0. 3.] times[-3:]=[0. 3.]
[fjt] goal=[-0.403 -0.556 -0.364 -2.859 -2.758  3.581  2.854]
[fjt] final=[-0.403 -0.555 -0.364 -2.859 -2.159  2.515  2.849]
[fjt] err=[ 0.000e+00  1.000e-03  1.000e-03  0.000e+00  5.990e-01 -1.066e+00
 -6.000e-03]
[fjt] names=['panda_joint1', 'panda_joint2', 'panda_joint3', 'panda_joint4', 'panda_joint5', 'panda_joint6', 'panda_joint7'] pts=1
[fjt] times[0..2]=[0. 3.] times[-3:]=[0. 3.]
[fjt] goal=[-0.403 -0.556 -0.364 -2.859 -2.758  3.581  2.854]
[fjt] final=[-0.403 -0.555 -0.364 -2.859 -2.735  3.103  2.855]
[fjt] err=[-0.     0.     0.     0.     0.022 -0.478  0.   ]
[fjt] names=['panda_joint1', 'panda_joint2', 'panda_joint3', 'panda_joint4', 'panda_joint5', 'panda_joint6', 'panda_joint7'] pts=1
[fjt] times[0..2]=[0. 3.] times[-3:]=[0. 3.]
[fjt] goal=[-0.403 -0.556 -0.364 -2.859 -2.758  3.581  2.854]
[fjt] final=[-0.403 -0.555 -0.364 -2.859 -2.756  3.579  2.854]
[fjt] err=[-0.     0.     0.     0.     0.001 -0.002  0.   ]
[fjt] names=['panda_joint1', 'panda_joint2', 'panda_joint3', 'panda_joint4', 'panda_joint5', 'panda_joint6', 'panda_joint7'] pts=1
[fjt] times[0..2]=[0. 3.] times[-3:]=[0. 3.]
[fjt] goal=[-0.307 -0.387 -0.454 -2.865 -2.733  3.471  2.802]
[fjt] final=[-0.307 -0.387 -0.453 -2.864 -2.735  3.473  2.804]
[fjt] err=[-0.    -0.     0.001  0.001 -0.002  0.002  0.003]
[fjt] names=['panda_joint1', 'panda_joint2', 'panda_joint3', 'panda_joint4', 'panda_joint5', 'panda_joint6', 'panda_joint7'] pts=1
[fjt] times[0..2]=[0. 3.] times[-3:]=[0. 3.]
[fjt] goal=[-0.27  -0.3   -0.472 -2.853 -2.713  3.438  2.79 ]
[fjt] final=[-0.27  -0.301 -0.471 -2.854 -2.715  3.439  2.792]
[fjt] err=[-0.    -0.001  0.001 -0.001 -0.002  0.002  0.003]
[fjt] names=['panda_joint1', 'panda_joint2', 'panda_joint3', 'panda_joint4', 'panda_joint5', 'panda_joint6', 'panda_joint7'] pts=1
[fjt] times[0..2]=[0. 3.] times[-3:]=[0. 3.]
[fjt] goal=[-0.261 -0.197 -0.443 -2.824 -2.702  3.422  2.81 ]
[fjt] final=[-0.261 -0.198 -0.444 -2.825 -2.703  3.423  2.808]
[fjt] err=[-0.    -0.001 -0.001 -0.001 -0.001  0.002 -0.002]
[fjt] names=['panda_joint1', 'panda_joint2', 'panda_joint3', 'panda_joint4', 'panda_joint5', 'panda_joint6', 'panda_joint7'] pts=1
[fjt] times[0..2]=[0. 3.] times[-3:]=[0. 3.]
[fjt] goal=[-0.259 -0.118 -0.413 -2.798 -2.7    3.413  2.836]
[fjt] final=[-0.26  -0.119 -0.414 -2.798 -2.701  3.415  2.834]
[fjt] err=[-0.    -0.001 -0.001 -0.001 -0.001  0.002 -0.002]
[fjt] names=['panda_joint1', 'panda_joint2', 'panda_joint3', 'panda_joint4', 'panda_joint5', 'panda_joint6', 'panda_joint7'] pts=1
[fjt] times[0..2]=[0. 3.] times[-3:]=[0. 3.]
[fjt] goal=[-0.259 -0.039 -0.378 -2.766 -2.713  3.408  2.883]
[fjt] final=[-0.259 -0.04  -0.379 -2.767 -2.711  3.409  2.88 ]
[fjt] err=[-0.    -0.001 -0.001 -0.001  0.001  0.002 -0.003]
[fjt] names=['panda_joint1', 'panda_joint2', 'panda_joint3', 'panda_joint4', 'panda_joint5', 'panda_joint6', 'panda_joint7'] pts=1
[fjt] times[0..2]=[0. 3.] times[-3:]=[0. 3.]
[fjt] goal=[ 0.072  0.016 -0.69  -2.745 -2.708  3.407  2.897]
[fjt] final=[ 0.071  0.015 -0.689 -2.745 -2.709  3.409  2.895]
[fjt] err=[-0.001 -0.001  0.001 -0.001 -0.001  0.001 -0.002]
[fjt] names=['panda_joint1', 'panda_joint2', 'panda_joint3', 'panda_joint4', 'panda_joint5', 'panda_joint6', 'panda_joint7'] pts=1
[fjt] times[0..2]=[0. 3.] times[-3:]=[0. 3.]
[fjt] goal=[ 0.069  0.075 -0.687 -2.73  -2.645  3.412  2.84 ]
[fjt] final=[ 0.07   0.074 -0.687 -2.731 -2.647  3.41   2.843]
[fjt] err=[ 0.    -0.001 -0.001 -0.001 -0.002 -0.002  0.002]
[fjt] names=['panda_joint1', 'panda_joint2', 'panda_joint3', 'panda_joint4', 'panda_joint5', 'panda_joint6', 'panda_joint7'] pts=1
[fjt] times[0..2]=[0. 3.] times[-3:]=[0. 3.]
[fjt] goal=[ 0.087  0.176 -0.671 -2.685 -2.617  3.438  2.852]
[fjt] final=[ 0.087  0.175 -0.672 -2.687 -2.618  3.436  2.85 ]
[fjt] err=[-0.    -0.001 -0.001 -0.001 -0.001 -0.002 -0.002]
[fjt] names=['panda_joint1', 'panda_joint2', 'panda_joint3', 'panda_joint4', 'panda_joint5', 'panda_joint6', 'panda_joint7'] pts=1
[fjt] times[0..2]=[0. 3.] times[-3:]=[0. 3.]
[fjt] goal=[ 0.078  0.233 -0.65  -2.663 -2.589  3.447  2.841]
[fjt] final=[ 0.078  0.227 -0.654 -2.66  -2.594  3.455  2.843]
[fjt] err=[ 0.    -0.005 -0.004  0.003 -0.005  0.008  0.003]
[fjt] names=['panda_joint1', 'panda_joint2', 'panda_joint3', 'panda_joint4', 'panda_joint5', 'panda_joint6', 'panda_joint7'] pts=1
[fjt] times[0..2]=[0. 3.] times[-3:]=[0. 3.]
[fjt] goal=[ 0.094  0.283 -0.648 -2.636 -2.584  3.466  2.859]
[fjt] final=[ 0.094  0.268 -0.656 -2.625 -2.592  3.492  2.857]
[fjt] err=[-0.    -0.015 -0.008  0.012 -0.008  0.026 -0.002]
[fjt] names=['panda_joint1', 'panda_joint2', 'panda_joint3', 'panda_joint4', 'panda_joint5', 'panda_joint6', 'panda_joint7'] pts=1
[fjt] times[0..2]=[0. 3.] times[-3:]=[0. 3.]
[fjt] goal=[ 0.094  0.283 -0.648 -2.636 -2.584  3.466  2.859]
[fjt] final=[ 0.094  0.269 -0.654 -2.624 -2.589  3.491  2.857]
[fjt] err=[-0.    -0.013 -0.006  0.013 -0.005  0.026 -0.002]
[fjt] names=['panda_joint1', 'panda_joint2', 'panda_joint3', 'panda_joint4', 'panda_joint5', 'panda_joint6', 'panda_joint7'] pts=1
[fjt] times[0..2]=[0. 3.] times[-3:]=[0. 3.]
[fjt] goal=[ 0.094  0.283 -0.648 -2.636 -2.584  3.466  2.859]
[fjt] final=[ 0.094  0.27  -0.653 -2.623 -2.588  3.49   2.857]
[fjt] err=[-0.    -0.013 -0.005  0.014 -0.003  0.025 -0.001]
[fjt] names=['panda_joint1', 'panda_joint2', 'panda_joint3', 'panda_joint4', 'panda_joint5', 'panda_joint6', 'panda_joint7'] pts=1
[fjt] times[0..2]=[0.  2.5] times[-3:]=[0.  2.5]
[fjt] goal=[ 0.147  0.265 -0.694 -2.638 -2.616  3.482  2.897]
[fjt] final=[ 0.147  0.263 -0.693 -2.631 -2.611  3.485  2.895]
[fjt] err=[-0.    -0.002  0.002  0.008  0.005  0.002 -0.002]
[fjt] names=['panda_joint1', 'panda_joint2', 'panda_joint3', 'panda_joint4', 'panda_joint5', 'panda_joint6', 'panda_joint7'] pts=1
[fjt] times[0..2]=[0.  2.5] times[-3:]=[0.  2.5]
[fjt] goal=[ 0.119  0.275 -0.671 -2.64  -2.592  3.471  2.868]
[fjt] final=[ 0.119  0.266 -0.676 -2.629 -2.596  3.486  2.87 ]
[fjt] err=[ 0.    -0.009 -0.005  0.011 -0.004  0.014  0.002]
[fjt] names=['panda_joint1', 'panda_joint2', 'panda_joint3', 'panda_joint4', 'panda_joint5', 'panda_joint6', 'panda_joint7'] pts=1
[fjt] times[0..2]=[0.  2.5] times[-3:]=[0.  2.5]
[fjt] goal=[ 0.098  0.282 -0.654 -2.641 -2.576  3.463  2.848]
[fjt] final=[ 0.098  0.268 -0.662 -2.628 -2.584  3.488  2.851]
[fjt] err=[ 0.    -0.014 -0.008  0.013 -0.008  0.024  0.002]
[fjt] names=['panda_joint1', 'panda_joint2', 'panda_joint3', 'panda_joint4', 'panda_joint5', 'panda_joint6', 'panda_joint7'] pts=1
[fjt] times[0..2]=[0.  2.5] times[-3:]=[0.  2.5]
[fjt] goal=[ 0.098  0.282 -0.654 -2.641 -2.576  3.463  2.848]
[fjt] final=[ 0.098  0.269 -0.66  -2.627 -2.582  3.487  2.85 ]
[fjt] err=[ 0.    -0.013 -0.006  0.014 -0.005  0.024  0.002]
[fjt] names=['panda_joint1', 'panda_joint2', 'panda_joint3', 'panda_joint4', 'panda_joint5', 'panda_joint6', 'panda_joint7'] pts=1
[fjt] times[0..2]=[0.  2.5] times[-3:]=[0.  2.5]
[fjt] goal=[ 0.098  0.282 -0.654 -2.641 -2.576  3.463  2.848]
[fjt] final=[ 0.098  0.27  -0.658 -2.627 -2.579  3.487  2.85 ]
[fjt] err=[ 0.    -0.012 -0.004  0.014 -0.003  0.023  0.002]
[fjt] names=['panda_joint1', 'panda_joint2', 'panda_joint3', 'panda_joint4', 'panda_joint5', 'panda_joint6', 'panda_joint7'] pts=1
[fjt] times[0..2]=[0. 3.] times[-3:]=[0. 3.]
[fjt] goal=[ 0.436  0.275 -0.856 -2.685 -2.484  3.483  2.897]
[fjt] final=[ 0.435  0.272 -0.857 -2.662 -2.484  3.478  2.891]
[fjt] err=[-0.001 -0.002 -0.001  0.022  0.    -0.006 -0.006]
[fjt] names=['panda_joint1', 'panda_joint2', 'panda_joint3', 'panda_joint4', 'panda_joint5', 'panda_joint6', 'panda_joint7'] pts=1
[fjt] times[0..2]=[0. 3.] times[-3:]=[0. 3.]
[fjt] goal=[ 0.436  0.275 -0.856 -2.685 -2.484  3.483  2.897]
[fjt] final=[ 0.435  0.272 -0.857 -2.664 -2.484  3.477  2.891]
[fjt] err=[-0.001 -0.002 -0.001  0.02   0.    -0.006 -0.006]
[fjt] names=['panda_joint1', 'panda_joint2', 'panda_joint3', 'panda_joint4', 'panda_joint5', 'panda_joint6', 'panda_joint7'] pts=1
[fjt] times[0..2]=[0. 3.] times[-3:]=[0. 3.]
[fjt] goal=[ 0.436  0.275 -0.856 -2.685 -2.484  3.483  2.897]
[fjt] final=[ 0.435  0.273 -0.857 -2.667 -2.484  3.477  2.892]
[fjt] err=[-0.001 -0.002 -0.001  0.018  0.001 -0.006 -0.006]
[fjt] names=['panda_joint1', 'panda_joint2', 'panda_joint3', 'panda_joint4', 'panda_joint5', 'panda_joint6', 'panda_joint7'] pts=1
[fjt] times[0..2]=[0. 3.] times[-3:]=[0. 3.]
[fjt] goal=[ 0.718  0.292 -1.012 -2.73  -2.355  3.493  2.897]
[fjt] final=[ 0.718  0.287 -1.01  -2.704 -2.35   3.487  2.892]
[fjt] err=[ 0.    -0.004  0.002  0.027  0.005 -0.006 -0.006]
[fjt] names=['panda_joint1', 'panda_joint2', 'panda_joint3', 'panda_joint4', 'panda_joint5', 'panda_joint6', 'panda_joint7'] pts=1
[fjt] times[0..2]=[0. 3.] times[-3:]=[0. 3.]
[fjt] goal=[ 0.718  0.292 -1.012 -2.73  -2.355  3.493  2.897]
[fjt] final=[ 0.718  0.289 -1.011 -2.719 -2.35   3.493  2.897]
[fjt] err=[ 0.    -0.003  0.001  0.012  0.005  0.     0.   ]
[fjt] names=['panda_joint1', 'panda_joint2', 'panda_joint3', 'panda_joint4', 'panda_joint5', 'panda_joint6', 'panda_joint7'] pts=1
[fjt] times[0..2]=[0. 3.] times[-3:]=[0. 3.]
[fjt] goal=[ 0.992  0.338 -1.148 -2.761 -2.209  3.527  2.897]
[fjt] final=[ 0.991  0.337 -1.147 -2.761 -2.21   3.525  2.897]
[fjt] err=[-0.001 -0.001  0.001  0.001 -0.001 -0.002  0.   ]
[fjt] names=['panda_joint1', 'panda_joint2', 'panda_joint3', 'panda_joint4', 'panda_joint5', 'panda_joint6', 'panda_joint7'] pts=1
[fjt] times[0..2]=[0. 3.] times[-3:]=[0. 3.]
[fjt] goal=[ 1.249  0.432 -1.256 -2.776 -2.043  3.605  2.897]
[fjt] final=[ 1.248  0.431 -1.256 -2.772 -2.044  3.602  2.897]
[fjt] err=[-0.001 -0.001 -0.     0.004 -0.001 -0.003 -0.   ]
[fjt] names=['panda_joint1', 'panda_joint2', 'panda_joint3', 'panda_joint4', 'panda_joint5', 'panda_joint6', 'panda_joint7'] pts=1
[fjt] times[0..2]=[0.  2.5] times[-3:]=[0.  2.5]
[fjt] goal=[ 1.173  0.197 -1.066 -2.66  -2.708  3.562 -2.641]
[fjt] final=[ 1.168  0.206 -1.083 -2.756 -2.587  3.563  2.799]
[fjt] err=[-5.00e-03  8.00e-03 -1.80e-02 -9.60e-02  1.20e-01  1.00e-03  5.44e+00]
[fjt] names=['panda_joint1', 'panda_joint2', 'panda_joint3', 'panda_joint4', 'panda_joint5', 'panda_joint6', 'panda_joint7'] pts=1
[fjt] times[0..2]=[0.  2.5] times[-3:]=[0.  2.5]
[fjt] goal=[ 1.173  0.197 -1.066 -2.66  -2.708  3.562 -2.641]
[fjt] final=[ 1.166  0.202 -1.097 -2.767 -2.732  3.581  2.656]
[fjt] err=[-6.000e-03  5.000e-03 -3.100e-02 -1.070e-01 -2.500e-02  1.900e-02
  5.297e+00]
[fjt] names=['panda_joint1', 'panda_joint2', 'panda_joint3', 'panda_joint4', 'panda_joint5', 'panda_joint6', 'panda_joint7'] pts=1
[fjt] times[0..2]=[0.  2.5] times[-3:]=[0.  2.5]
[fjt] goal=[ 1.173  0.197 -1.066 -2.66  -2.708  3.562 -2.641]
[fjt] final=[ 1.167  0.202 -1.094 -2.778 -2.732  3.58   2.507]
[fjt] err=[-6.000e-03  4.000e-03 -2.800e-02 -1.180e-01 -2.400e-02  1.800e-02
  5.148e+00]
[fjt] names=['panda_joint1', 'panda_joint2', 'panda_joint3', 'panda_joint4', 'panda_joint5', 'panda_joint6', 'panda_joint7'] pts=1
[fjt] times[0..2]=[0.  2.5] times[-3:]=[0.  2.5]
[fjt] goal=[-1.339 -0.122  1.494 -2.64  -2.897  3.666 -2.414]
[fjt] final=[ 0.598 -0.121 -0.592 -2.641 -2.895  3.664  2.074]
[fjt] err=[ 1.937e+00  1.000e-03 -2.087e+00 -1.000e-03  2.000e-03 -2.000e-03
  4.488e+00]
[fjt] names=['panda_joint1', 'panda_joint2', 'panda_joint3', 'panda_joint4', 'panda_joint5', 'panda_joint6', 'panda_joint7'] pts=1
[fjt] times[0..2]=[0.  2.5] times[-3:]=[0.  2.5]
[fjt] goal=[-1.339 -0.122  1.494 -2.64  -2.897  3.666 -2.414]
[fjt] final=[ 0.034 -0.121 -0.039 -2.641 -2.895  3.664  1.559]
[fjt] err=[ 1.374e+00  0.000e+00 -1.534e+00 -1.000e-03  2.000e-03 -2.000e-03
  3.973e+00]
[fjt] names=['panda_joint1', 'panda_joint2', 'panda_joint3', 'panda_joint4', 'panda_joint5', 'panda_joint6', 'panda_joint7'] pts=1
[fjt] times[0..2]=[0.  2.5] times[-3:]=[0.  2.5]
[fjt] goal=[-1.339 -0.122  1.494 -2.64  -2.897  3.666 -2.414]
[fjt] final=[-0.527 -0.121  0.512 -2.641 -2.895  3.664  1.044]
[fjt] err=[ 8.120e-01  0.000e+00 -9.830e-01 -1.000e-03  2.000e-03 -1.000e-03
  3.458e+00]
[fjt] names=['panda_joint1', 'panda_joint2', 'panda_joint3', 'panda_joint4', 'panda_joint5', 'panda_joint6', 'panda_joint7'] pts=1
[fjt] times[0..2]=[0.  2.5] times[-3:]=[0.  2.5]
[fjt] goal=[-0.473 -1.062  0.989 -3.072  0.959  2.041  0.378]
[fjt] final=[-0.474 -0.644  0.937 -2.976 -2.444  3.273  0.558]
[fjt] err=[-1.000e-03  4.180e-01 -5.200e-02  9.500e-02 -3.403e+00  1.232e+00
  1.790e-01]
[fjt] names=['panda_joint1', 'panda_joint2', 'panda_joint3', 'panda_joint4', 'panda_joint5', 'panda_joint6', 'panda_joint7'] pts=1
[fjt] times[0..2]=[0.  2.5] times[-3:]=[0.  2.5]
[fjt] goal=[-0.473 -1.062  0.989 -3.072  0.959  2.041  0.378]
[fjt] final=[-0.474 -1.058  0.962 -3.053 -2.079  2.809  0.384]
[fjt] err=[-1.000e-03  4.000e-03 -2.800e-02  1.900e-02 -3.038e+00  7.690e-01
  6.000e-03]
[fjt] names=['panda_joint1', 'panda_joint2', 'panda_joint3', 'panda_joint4', 'panda_joint5', 'panda_joint6', 'panda_joint7'] pts=1
[fjt] times[0..2]=[0.  2.5] times[-3:]=[0.  2.5]
[fjt] goal=[-0.473 -1.062  0.989 -3.072  0.959  2.041  0.378]
[fjt] final=[-0.473 -1.059  0.957 -3.053 -2.074  2.335  0.381]
[fjt] err=[-1.000e-03  3.000e-03 -3.200e-02  1.900e-02 -3.033e+00  2.950e-01
  3.000e-03]
[fjt] names=['panda_joint1', 'panda_joint2', 'panda_joint3', 'panda_joint4', 'panda_joint5', 'panda_joint6', 'panda_joint7'] pts=1
[fjt] times[0..2]=[0. 2.] times[-3:]=[0. 2.]
[fjt] goal=[-0.473 -1.059  0.957 -2.953 -2.074  2.335  0.381]
[fjt] final=[-0.473 -1.059  0.957 -2.954 -2.074  2.334  0.381]
[fjt] err=[ 0.     0.    -0.    -0.001 -0.    -0.002  0.   ]
[fjt] names=['panda_joint1', 'panda_joint2', 'panda_joint3', 'panda_joint4', 'panda_joint5', 'panda_joint6', 'panda_joint7'] pts=1
[fjt] times[0..2]=[0. 1.] times[-3:]=[0. 1.]
[fjt] goal=[-0.448 -1.049  0.936 -2.952 -2.112  2.399  0.261]
[fjt] final=[-0.449 -1.049  0.937 -2.953 -2.111  2.397  0.264]
[fjt] err=[-0.    -0.     0.001 -0.001  0.002 -0.002  0.002]
[fjt] names=['panda_joint1', 'panda_joint2', 'panda_joint3', 'panda_joint4', 'panda_joint5', 'panda_joint6', 'panda_joint7'] pts=1
[fjt] times[0..2]=[0. 1.] times[-3:]=[0. 1.]
[fjt] goal=[-0.385 -1.025  0.883 -2.947 -2.209  2.563 -0.041]
[fjt] final=[-3.850e-01 -1.025e+00  8.840e-01 -2.947e+00 -2.206e+00  2.561e+00
 -2.000e-03]
[fjt] err=[-0.    -0.     0.001 -0.001  0.003 -0.002  0.039]
[fjt] names=['panda_joint1', 'panda_joint2', 'panda_joint3', 'panda_joint4', 'panda_joint5', 'panda_joint6', 'panda_joint7'] pts=1
[fjt] times[0..2]=[0. 1.] times[-3:]=[0. 1.]
[fjt] goal=[-0.32  -1.     0.828 -2.941 -2.309  2.733 -0.354]
[fjt] final=[-0.32  -1.     0.828 -2.942 -2.306  2.73  -0.275]
[fjt] err=[-0.    -0.001  0.001 -0.001  0.003 -0.002  0.079]
[fjt] names=['panda_joint1', 'panda_joint2', 'panda_joint3', 'panda_joint4', 'panda_joint5', 'panda_joint6', 'panda_joint7'] pts=1
[fjt] times[0..2]=[0. 1.] times[-3:]=[0. 1.]
[fjt] goal=[-0.254 -0.975  0.772 -2.936 -2.409  2.903 -0.667]
[fjt] final=[-0.254 -0.975  0.773 -2.937 -2.406  2.9   -0.548]
[fjt] err=[-0.    -0.001  0.001 -0.001  0.003 -0.002  0.119]
[fjt] names=['panda_joint1', 'panda_joint2', 'panda_joint3', 'panda_joint4', 'panda_joint5', 'panda_joint6', 'panda_joint7'] pts=1
[fjt] times[0..2]=[0. 1.] times[-3:]=[0. 1.]
[fjt] goal=[-0.188 -0.949  0.717 -2.931 -2.51   3.073 -0.981]
[fjt] final=[-0.189 -0.95   0.718 -2.931 -2.506  3.07  -0.821]
[fjt] err=[-0.    -0.001  0.001 -0.001  0.003 -0.002  0.159]
[fjt] names=['panda_joint1', 'panda_joint2', 'panda_joint3', 'panda_joint4', 'panda_joint5', 'panda_joint6', 'panda_joint7'] pts=1
[fjt] times[0..2]=[0. 1.] times[-3:]=[0. 1.]
[fjt] goal=[-0.123 -0.924  0.662 -2.925 -2.61   3.243 -1.294]
[fjt] final=[-0.123 -0.925  0.663 -2.926 -2.607  3.24  -1.094]
[fjt] err=[-0.    -0.001  0.001 -0.001  0.003 -0.002  0.2  ]
[fjt] names=['panda_joint1', 'panda_joint2', 'panda_joint3', 'panda_joint4', 'panda_joint5', 'panda_joint6', 'panda_joint7'] pts=1
[fjt] times[0..2]=[0. 1.] times[-3:]=[0. 1.]
[fjt] goal=[-0.057 -0.899  0.607 -2.92  -2.71   3.413 -1.607]
[fjt] final=[-0.058 -0.9    0.607 -2.921 -2.707  3.41  -1.366]
[fjt] err=[-0.001 -0.001  0.001 -0.001  0.003 -0.002  0.241]
[fjt] names=['panda_joint1', 'panda_joint2', 'panda_joint3', 'panda_joint4', 'panda_joint5', 'panda_joint6', 'panda_joint7'] pts=1
[fjt] times[0..2]=[0. 1.] times[-3:]=[0. 1.]
[fjt] goal=[ 0.008 -0.874  0.552 -2.914 -2.809  3.581 -1.917]
[fjt] final=[ 0.007 -0.875  0.553 -2.916 -2.806  3.579 -1.638]
[fjt] err=[-0.001 -0.001  0.001 -0.001  0.003 -0.002  0.28 ]
[fjt] names=['panda_joint1', 'panda_joint2', 'panda_joint3', 'panda_joint4', 'panda_joint5', 'panda_joint6', 'panda_joint7'] pts=1
[fjt] times[0..2]=[0. 1.] times[-3:]=[0. 1.]
[fjt] goal=[ 0.041 -0.862  0.524 -2.912 -2.86   3.666 -2.075]
[fjt] final=[ 0.04  -0.862  0.525 -2.913 -2.857  3.664 -1.913]
[fjt] err=[-0.001 -0.001  0.001 -0.001  0.003 -0.002  0.162]
[fjt] names=['panda_joint1', 'panda_joint2', 'panda_joint3', 'panda_joint4', 'panda_joint5', 'panda_joint6', 'panda_joint7'] pts=1
[fjt] times[0..2]=[0. 2.] times[-3:]=[0. 2.]
[fjt] goal=[ 0.041 -0.861  0.524 -2.912 -2.86   3.668 -2.078]
[fjt] final=[ 0.041 -0.862  0.525 -2.913 -2.859  3.666 -2.075]
[fjt] err=[-0.    -0.001  0.001 -0.001  0.001 -0.002  0.002]
[fjt] names=['panda_joint1', 'panda_joint2', 'panda_joint3', 'panda_joint4', 'panda_joint5', 'panda_joint6', 'panda_joint7'] pts=1
[fjt] times[0..2]=[0.  1.5] times[-3:]=[0.  1.5]
[fjt] goal=[ 0.018 -0.754  0.544 -2.935 -2.845  3.599 -2.08 ]
[fjt] final=[ 0.018 -0.755  0.543 -2.934 -2.847  3.601 -2.077]
[fjt] err=[ 0.    -0.001 -0.001  0.001 -0.002  0.002  0.002]
[fjt] names=['panda_joint1', 'panda_joint2', 'panda_joint3', 'panda_joint4', 'panda_joint5', 'panda_joint6', 'panda_joint7'] pts=1
[fjt] times[0..2]=[0.  1.5] times[-3:]=[0.  1.5]
[fjt] goal=[-0.017 -0.627  0.58  -2.943 -2.833  3.512 -2.088]
[fjt] final=[-0.016 -0.628  0.579 -2.942 -2.835  3.515 -2.086]
[fjt] err=[ 0.    -0.001 -0.001  0.001 -0.002  0.002  0.002]
[fjt] names=['panda_joint1', 'panda_joint2', 'panda_joint3', 'panda_joint4', 'panda_joint5', 'panda_joint6', 'panda_joint7'] pts=1
[fjt] times[0..2]=[0.  1.5] times[-3:]=[0.  1.5]
[fjt] goal=[-0.059 -0.519  0.608 -2.933 -2.836  3.463 -2.097]
[fjt] final=[-0.058 -0.52   0.607 -2.933 -2.835  3.465 -2.095]
[fjt] err=[ 0.001 -0.001 -0.001 -0.001  0.001  0.002  0.002]
[fjt] names=['panda_joint1', 'panda_joint2', 'panda_joint3', 'panda_joint4', 'panda_joint5', 'panda_joint6', 'panda_joint7'] pts=1
[fjt] times[0..2]=[0.  1.5] times[-3:]=[0.  1.5]
[fjt] goal=[-0.13  -0.392  0.654 -2.905 -2.853  3.428 -2.103]
[fjt] final=[-0.129 -0.393  0.654 -2.906 -2.852  3.43  -2.101]
[fjt] err=[ 0.001 -0.001 -0.001 -0.001  0.001  0.002  0.002]
[fjt] names=['panda_joint1', 'panda_joint2', 'panda_joint3', 'panda_joint4', 'panda_joint5', 'panda_joint6', 'panda_joint7'] pts=1
[fjt] times[0..2]=[0.  1.5] times[-3:]=[0.  1.5]
[fjt] goal=[-0.255 -0.266  0.761 -2.87  -2.888  3.4   -2.088]
[fjt] final=[-0.255 -0.266  0.76  -2.871 -2.886  3.401 -2.091]
[fjt] err=[ 0.001 -0.001 -0.001 -0.001  0.002  0.002 -0.003]
[fjt] names=['panda_joint1', 'panda_joint2', 'panda_joint3', 'panda_joint4', 'panda_joint5', 'panda_joint6', 'panda_joint7'] pts=1
[fjt] times[0..2]=[0.  1.5] times[-3:]=[0.  1.5]
[fjt] goal=[-0.378 -0.208  0.87  -2.851 -2.897  3.389 -2.092]
[fjt] final=[-0.378 -0.208  0.869 -2.852 -2.896  3.39  -2.091]
[fjt] err=[ 0.001 -0.001 -0.001 -0.001  0.001  0.002  0.001]
[fjt] names=['panda_joint1', 'panda_joint2', 'panda_joint3', 'panda_joint4', 'panda_joint5', 'panda_joint6', 'panda_joint7'] pts=1
[fjt] times[0..2]=[0.  1.5] times[-3:]=[0.  1.5]
[fjt] goal=[-0.591 -0.157  1.065 -2.831 -2.897  3.38  -2.11 ]
[fjt] final=[-0.59  -0.158  1.064 -2.832 -2.896  3.382 -2.108]
[fjt] err=[ 0.001 -0.001 -0.001 -0.001  0.001  0.002  0.002]
[fjt] names=['panda_joint1', 'panda_joint2', 'panda_joint3', 'panda_joint4', 'panda_joint5', 'panda_joint6', 'panda_joint7'] pts=1
[fjt] times[0..2]=[0.  1.5] times[-3:]=[0.  1.5]
[fjt] goal=[-0.96  -0.119  1.417 -2.809 -2.897  3.373 -2.127]
[fjt] final=[-0.947 -0.12   1.409 -2.81  -2.896  3.375 -2.125]
[fjt] err=[ 0.012 -0.001 -0.008 -0.001  0.001  0.002  0.002]
[fjt] names=['panda_joint1', 'panda_joint2', 'panda_joint3', 'panda_joint4', 'panda_joint5', 'panda_joint6', 'panda_joint7'] pts=1
[fjt] times[0..2]=[0.  1.5] times[-3:]=[0.  1.5]
[fjt] goal=[-1.46  -0.117  1.879 -2.792 -2.836  3.37  -2.225]
[fjt] final=[-1.327 -0.117  1.781 -2.792 -2.838  3.372 -2.222]
[fjt] err=[ 0.133 -0.    -0.098 -0.    -0.002  0.002  0.003]
[fjt] names=['panda_joint1', 'panda_joint2', 'panda_joint3', 'panda_joint4', 'panda_joint5', 'panda_joint6', 'panda_joint7'] pts=1
[fjt] times[0..2]=[0.  1.5] times[-3:]=[0.  1.5]
[fjt] goal=[-1.46  -0.117  1.879 -2.792 -2.836  3.37  -2.225]
[fjt] final=[-1.46  -0.117  1.878 -2.792 -2.838  3.372 -2.222]
[fjt] err=[ 0.001 -0.    -0.001 -0.    -0.002  0.001  0.002]
[fjt] names=['panda_joint1', 'panda_joint2', 'panda_joint3', 'panda_joint4', 'panda_joint5', 'panda_joint6', 'panda_joint7'] pts=1
[fjt] times[0..2]=[0.  1.5] times[-3:]=[0.  1.5]
[fjt] goal=[-1.784 -0.152  2.131 -2.788 -2.67   3.373 -2.457]
[fjt] final=[-1.781 -0.152  2.13  -2.788 -2.672  3.372 -2.455]
[fjt] err=[ 0.003  0.001 -0.001 -0.001 -0.002 -0.001  0.002]
[fjt] names=['panda_joint1', 'panda_joint2', 'panda_joint3', 'panda_joint4', 'panda_joint5', 'panda_joint6', 'panda_joint7'] pts=1
[fjt] times[0..2]=[0.  1.5] times[-3:]=[0.  1.5]
[fjt] goal=[-1.899 -0.172  2.218 -2.786 -2.597  3.376 -2.556]
[fjt] final=[-1.899 -0.172  2.217 -2.787 -2.599  3.374 -2.554]
[fjt] err=[ 0.001  0.001 -0.001 -0.001 -0.002 -0.002  0.003]
[fjt] names=['panda_joint1', 'panda_joint2', 'panda_joint3', 'panda_joint4', 'panda_joint5', 'panda_joint6', 'panda_joint7'] pts=1
[fjt] times[0..2]=[0.  1.5] times[-3:]=[0.  1.5]
[fjt] goal=[-2.041 -0.21   2.325 -2.775 -2.509  3.393 -2.676]
[fjt] final=[-2.04  -0.21   2.324 -2.777 -2.511  3.391 -2.674]
[fjt] err=[ 0.001  0.001 -0.001 -0.001 -0.002 -0.002  0.003]
[fjt] names=['panda_joint1', 'panda_joint2', 'panda_joint3', 'panda_joint4', 'panda_joint5', 'panda_joint6', 'panda_joint7'] pts=1
[fjt] times[0..2]=[0.  1.5] times[-3:]=[0.  1.5]
[fjt] goal=[-2.126 -0.235  2.392 -2.771 -2.454  3.394 -2.749]
[fjt] final=[-2.125 -0.234  2.391 -2.772 -2.456  3.393 -2.746]
[fjt] err=[ 0.001  0.001 -0.001 -0.001 -0.002 -0.002  0.002]
[fjt] names=['panda_joint1', 'panda_joint2', 'panda_joint3', 'panda_joint4', 'panda_joint5', 'panda_joint6', 'panda_joint7'] pts=1
[fjt] times[0..2]=[0.  1.5] times[-3:]=[0.  1.5]
[fjt] goal=[-2.019 -0.252  2.294 -2.73  -2.524  3.497 -2.663]
[fjt] final=[-2.019 -0.251  2.295 -2.732 -2.522  3.494 -2.665]
[fjt] err=[-0.001  0.     0.001 -0.001  0.002 -0.003 -0.003]
[fjt] names=['panda_joint1', 'panda_joint2', 'panda_joint3', 'panda_joint4', 'panda_joint5', 'panda_joint6', 'panda_joint7'] pts=1
[fjt] times[0..2]=[0.  1.5] times[-3:]=[0.  1.5]
[fjt] goal=[-1.952 -0.257  2.23  -2.693 -2.589  3.594 -2.59 ]
[fjt] final=[-1.953 -0.256  2.231 -2.694 -2.587  3.591 -2.593]
[fjt] err=[-0.     0.     0.001 -0.001  0.002 -0.003 -0.003]
[fjt] names=['panda_joint1', 'panda_joint2', 'panda_joint3', 'panda_joint4', 'panda_joint5', 'panda_joint6', 'panda_joint7'] pts=1
[fjt] times[0..2]=[0.  1.5] times[-3:]=[0.  1.5]
[fjt] goal=[-1.837 -0.29   2.222 -2.602 -2.599  3.74  -2.456]
[fjt] final=[-1.837 -0.29   2.223 -2.603 -2.597  3.737 -2.459]
[fjt] err=[-0.001  0.     0.001 -0.002  0.002 -0.003 -0.003]
[fjt] names=['panda_joint1', 'panda_joint2', 'panda_joint3', 'panda_joint4', 'panda_joint5', 'panda_joint6', 'panda_joint7'] pts=1
[fjt] times[0..2]=[0.  1.5] times[-3:]=[0.  1.5]
[fjt] goal=[-1.606 -0.229  2.156 -2.555 -2.695  3.739 -2.191]
[fjt] final=[-1.607 -0.23   2.157 -2.556 -2.693  3.737 -2.194]
[fjt] err=[-0.001 -0.001  0.001 -0.001  0.002 -0.002 -0.003]
[fjt] names=['panda_joint1', 'panda_joint2', 'panda_joint3', 'panda_joint4', 'panda_joint5', 'panda_joint6', 'panda_joint7'] pts=1
[fjt] times[0..2]=[0.  1.5] times[-3:]=[0.  1.5]
[fjt] goal=[-1.335 -0.179  2.071 -2.497 -2.851  3.719 -1.858]
[fjt] final=[-1.336 -0.18   2.072 -2.497 -2.85   3.72  -1.867]
[fjt] err=[-0.001 -0.001  0.001 -0.001  0.002  0.001 -0.009]
[fjt] names=['panda_joint1', 'panda_joint2', 'panda_joint3', 'panda_joint4', 'panda_joint5', 'panda_joint6', 'panda_joint7'] pts=1
[fjt] times[0..2]=[0.  1.5] times[-3:]=[0.  1.5]
[fjt] goal=[-1.326 -0.188  2.046 -2.501 -2.799  3.693 -1.833]
[fjt] final=[-1.326 -0.187  2.046 -2.5   -2.8    3.694 -1.835]
[fjt] err=[-0.001  0.     0.001  0.001 -0.001  0.001 -0.002]
[fjt] names=['panda_joint1', 'panda_joint2', 'panda_joint3', 'panda_joint4', 'panda_joint5', 'panda_joint6', 'panda_joint7'] pts=1
[fjt] times[0..2]=[0.  1.5] times[-3:]=[0.  1.5]
[fjt] goal=[-1.296 -0.212  1.965 -2.51  -2.647  3.611 -1.729]
[fjt] final=[-1.296 -0.211  1.966 -2.509 -2.649  3.612 -1.731]
[fjt] err=[-0.001  0.     0.001  0.001 -0.001  0.001 -0.002]
[fjt] names=['panda_joint1', 'panda_joint2', 'panda_joint3', 'panda_joint4', 'panda_joint5', 'panda_joint6', 'panda_joint7'] pts=1
[fjt] times[0..2]=[0.  1.5] times[-3:]=[0.  1.5]
[fjt] goal=[-1.25  -0.248  1.843 -2.523 -2.417  3.487 -1.572]
[fjt] final=[-1.25  -0.248  1.844 -2.523 -2.419  3.489 -1.574]
[fjt] err=[-0.001  0.     0.001  0.    -0.002  0.002 -0.003]
[fjt] names=['panda_joint1', 'panda_joint2', 'panda_joint3', 'panda_joint4', 'panda_joint5', 'panda_joint6', 'panda_joint7'] pts=1
[fjt] times[0..2]=[0.  1.5] times[-3:]=[0.  1.5]
[fjt] goal=[-1.203 -0.285  1.718 -2.538 -2.183  3.36  -1.411]
[fjt] final=[-1.203 -0.285  1.719 -2.537 -2.184  3.362 -1.414]
[fjt] err=[-0.001  0.     0.001  0.    -0.002  0.002 -0.003]
[fjt] names=['panda_joint1', 'panda_joint2', 'panda_joint3', 'panda_joint4', 'panda_joint5', 'panda_joint6', 'panda_joint7'] pts=1
[fjt] times[0..2]=[0.  1.5] times[-3:]=[0.  1.5]
[fjt] goal=[-1.156 -0.322  1.594 -2.552 -1.948  3.234 -1.251]
[fjt] final=[-1.157 -0.322  1.595 -2.552 -1.95   3.235 -1.253]
[fjt] err=[-0.001  0.     0.001  0.    -0.002  0.002 -0.003]
[fjt] names=['panda_joint1', 'panda_joint2', 'panda_joint3', 'panda_joint4', 'panda_joint5', 'panda_joint6', 'panda_joint7'] pts=1
[fjt] times[0..2]=[0.  1.5] times[-3:]=[0.  1.5]
[fjt] goal=[-1.109 -0.36   1.469 -2.566 -1.713  3.107 -1.09 ]
[fjt] final=[-1.11  -0.359  1.47  -2.566 -1.715  3.109 -1.093]
[fjt] err=[-0.001  0.001  0.001  0.    -0.002  0.002 -0.003]
[fjt] names=['panda_joint1', 'panda_joint2', 'panda_joint3', 'panda_joint4', 'panda_joint5', 'panda_joint6', 'panda_joint7'] pts=1
[fjt] times[0..2]=[0.  1.5] times[-3:]=[0.  1.5]
[fjt] goal=[-1.062 -0.397  1.345 -2.58  -1.478  2.98  -0.929]
[fjt] final=[-1.062 -0.396  1.345 -2.576 -1.479  2.985 -0.932]
[fjt] err=[ 0.     0.     0.     0.004 -0.001  0.005 -0.003]
[fjt] names=['panda_joint1', 'panda_joint2', 'panda_joint3', 'panda_joint4', 'panda_joint5', 'panda_joint6', 'panda_joint7'] pts=1
[fjt] times[0..2]=[0.  1.5] times[-3:]=[0.  1.5]
[fjt] goal=[-1.015 -0.434  1.22  -2.594 -1.243  2.854 -0.769]
[fjt] final=[-1.016 -0.433  1.221 -2.594 -1.245  2.855 -0.772]
[fjt] err=[-0.001  0.001  0.001 -0.    -0.002  0.002 -0.003]
[fjt] names=['panda_joint1', 'panda_joint2', 'panda_joint3', 'panda_joint4', 'panda_joint5', 'panda_joint6', 'panda_joint7'] pts=1
[fjt] times[0..2]=[0.  1.5] times[-3:]=[0.  1.5]
[fjt] goal=[-0.968 -0.471  1.095 -2.608 -1.008  2.727 -0.608]
[fjt] final=[-0.969 -0.47   1.097 -2.609 -1.01   2.729 -0.611]
[fjt] err=[-0.001  0.001  0.001 -0.    -0.002  0.002 -0.003]
[fjt] names=['panda_joint1', 'panda_joint2', 'panda_joint3', 'panda_joint4', 'panda_joint5', 'panda_joint6', 'panda_joint7'] pts=1
[fjt] times[0..2]=[0.  1.5] times[-3:]=[0.  1.5]
[fjt] goal=[-0.921 -0.508  0.971 -2.622 -0.773  2.6   -0.448]
[fjt] final=[-0.922 -0.507  0.972 -2.623 -0.775  2.602 -0.451]
[fjt] err=[-0.001  0.001  0.001 -0.    -0.002  0.002 -0.003]
[fjt] names=['panda_joint1', 'panda_joint2', 'panda_joint3', 'panda_joint4', 'panda_joint5', 'panda_joint6', 'panda_joint7'] pts=1
[fjt] times[0..2]=[0.  1.5] times[-3:]=[0.  1.5]
[fjt] goal=[-0.875 -0.545  0.846 -2.637 -0.538  2.474 -0.287]
[fjt] final=[-0.875 -0.544  0.847 -2.637 -0.54   2.475 -0.29 ]
[fjt] err=[-0.001  0.001  0.001 -0.    -0.002  0.002 -0.003]
[fjt] names=['panda_joint1', 'panda_joint2', 'panda_joint3', 'panda_joint4', 'panda_joint5', 'panda_joint6', 'panda_joint7'] pts=1
[fjt] times[0..2]=[0.  1.5] times[-3:]=[0.  1.5]
[fjt] goal=[-0.828 -0.583  0.722 -2.651 -0.303  2.347 -0.126]
[fjt] final=[-0.828 -0.581  0.723 -2.651 -0.305  2.348 -0.129]
[fjt] err=[-0.001  0.001  0.001 -0.    -0.001  0.002 -0.003]
[fjt] names=['panda_joint1', 'panda_joint2', 'panda_joint3', 'panda_joint4', 'panda_joint5', 'panda_joint6', 'panda_joint7'] pts=1
[fjt] times[0..2]=[0.  1.5] times[-3:]=[0.  1.5]
[fjt] goal=[-0.781 -0.62   0.597 -2.665 -0.068  2.22   0.034]
[fjt] final=[-0.781 -0.619  0.598 -2.665 -0.07   2.222  0.032]
[fjt] err=[-0.001  0.001  0.001 -0.    -0.001  0.002 -0.003]
[fjt] names=['panda_joint1', 'panda_joint2', 'panda_joint3', 'panda_joint4', 'panda_joint5', 'panda_joint6', 'panda_joint7'] pts=1
[fjt] times[0..2]=[0.  1.5] times[-3:]=[0.  1.5]
[fjt] goal=[-0.739 -0.653  0.486 -2.677  0.141  2.107  0.177]
[fjt] final=[-0.739 -0.652  0.487 -2.677  0.14   2.109  0.175]
[fjt] err=[-0.     0.001  0.001 -0.    -0.001  0.002 -0.002]
[fjt] names=['panda_joint1', 'panda_joint2', 'panda_joint3', 'panda_joint4', 'panda_joint5', 'panda_joint6', 'panda_joint7'] pts=1
[fjt] times[0..2]=[0.  1.5] times[-3:]=[0.  1.5]
[fjt] goal=[-0.717 -0.671  0.426 -2.684  0.253  2.047  0.254]
[fjt] final=[-0.717 -0.67   0.427 -2.684  0.252  2.048  0.252]
[fjt] err=[-0.     0.001  0.001 -0.    -0.001  0.002 -0.002]
[fjt] names=['panda_joint1', 'panda_joint2', 'panda_joint3', 'panda_joint4', 'panda_joint5', 'panda_joint6', 'panda_joint7'] pts=1
[fjt] times[0..2]=[0. 2.] times[-3:]=[0. 2.]
[fjt] goal=[-0.713 -0.673  0.417 -2.685  0.272  2.037  0.267]
[fjt] final=[-0.713 -0.673  0.417 -2.685  0.271  2.038  0.264]
[fjt] err=[-0.     0.001  0.001 -0.    -0.001  0.002 -0.002]
[fjt] names=['panda_joint1', 'panda_joint2', 'panda_joint3', 'panda_joint4', 'panda_joint5', 'panda_joint6', 'panda_joint7'] pts=1
[fjt] times[0..2]=[0.  1.5] times[-3:]=[0.  1.5]
[fjt] goal=[-0.656 -0.75   0.367 -2.807  0.392  2.223  0.204]
[fjt] final=[-0.657 -0.749  0.368 -2.806  0.39   2.22   0.207]
[fjt] err=[-0.     0.001  0.001  0.001 -0.001 -0.002  0.003]
[fjt] names=['panda_joint1', 'panda_joint2', 'panda_joint3', 'panda_joint4', 'panda_joint5', 'panda_joint6', 'panda_joint7'] pts=1
[fjt] times[0..2]=[0.  1.5] times[-3:]=[0.  1.5]
[fjt] goal=[-0.645 -0.678  0.395 -2.872  0.427  2.358  0.189]
[fjt] final=[-0.645 -0.678  0.394 -2.871  0.425  2.355  0.191]
[fjt] err=[-0.    -0.    -0.001  0.    -0.002 -0.003  0.002]
[fjt] names=['panda_joint1', 'panda_joint2', 'panda_joint3', 'panda_joint4', 'panda_joint5', 'panda_joint6', 'panda_joint7'] pts=1
[fjt] times[0..2]=[0.  1.5] times[-3:]=[0.  1.5]
[fjt] goal=[-0.634 -0.575  0.421 -2.921  0.464  2.509  0.17 ]
[fjt] final=[-0.634 -0.575  0.42  -2.921  0.462  2.507  0.173]
[fjt] err=[-0.    -0.    -0.001  0.    -0.002 -0.003  0.002]
[fjt] names=['panda_joint1', 'panda_joint2', 'panda_joint3', 'panda_joint4', 'panda_joint5', 'panda_joint6', 'panda_joint7'] pts=1
[fjt] times[0..2]=[0.  1.5] times[-3:]=[0.  1.5]
[fjt] goal=[-0.628 -0.51   0.432 -2.939  0.483  2.592  0.159]
[fjt] final=[-0.628 -0.51   0.432 -2.939  0.481  2.589  0.162]
[fjt] err=[-0.    -0.    -0.001  0.    -0.002 -0.003  0.002]
[fjt] names=['panda_joint1', 'panda_joint2', 'panda_joint3', 'panda_joint4', 'panda_joint5', 'panda_joint6', 'panda_joint7'] pts=1
[fjt] times[0..2]=[0.  1.5] times[-3:]=[0.  1.5]
[fjt] goal=[-0.624 -0.455  0.439 -2.95   0.496  2.656  0.15 ]
[fjt] final=[-0.624 -0.455  0.438 -2.95   0.494  2.654  0.153]
[fjt] err=[-0.    -0.    -0.001  0.    -0.002 -0.003  0.002]
[fjt] names=['panda_joint1', 'panda_joint2', 'panda_joint3', 'panda_joint4', 'panda_joint5', 'panda_joint6', 'panda_joint7'] pts=1
[fjt] times[0..2]=[0.  1.5] times[-3:]=[0.  1.5]
[fjt] goal=[-0.62  -0.408  0.443 -2.956  0.506  2.709  0.142]
[fjt] final=[-0.62  -0.409  0.443 -2.955  0.505  2.707  0.145]
[fjt] err=[-0.    -0.    -0.     0.001 -0.002 -0.002  0.002]
[fjt] names=['panda_joint1', 'panda_joint2', 'panda_joint3', 'panda_joint4', 'panda_joint5', 'panda_joint6', 'panda_joint7'] pts=1
[fjt] times[0..2]=[0.  1.5] times[-3:]=[0.  1.5]
[fjt] goal=[-0.617 -0.375  0.445 -2.959  0.513  2.745  0.137]
[fjt] final=[-0.617 -0.376  0.446 -2.955  0.512  2.743  0.14 ]
[fjt] err=[ 0.    -0.001  0.001  0.004 -0.001 -0.002  0.003]
[fjt] names=['panda_joint1', 'panda_joint2', 'panda_joint3', 'panda_joint4', 'panda_joint5', 'panda_joint6', 'panda_joint7'] pts=1
[fjt] times[0..2]=[0.  1.5] times[-3:]=[0.  1.5]
[fjt] goal=[-0.615 -0.345  0.447 -2.962  0.519  2.777  0.132]
[fjt] final=[-0.613 -0.35   0.449 -2.955  0.518  2.773  0.135]
[fjt] err=[ 0.002 -0.004  0.002  0.007 -0.001 -0.004  0.004]
[fjt] names=['panda_joint1', 'panda_joint2', 'panda_joint3', 'panda_joint4', 'panda_joint5', 'panda_joint6', 'panda_joint7'] pts=1
[fjt] times[0..2]=[0.  1.5] times[-3:]=[0.  1.5]
[fjt] goal=[-0.615 -0.337  0.447 -2.962  0.521  2.787  0.13 ]
[fjt] final=[-0.612 -0.342  0.451 -2.953  0.521  2.782  0.134]
[fjt] err=[ 0.002 -0.006  0.003  0.009 -0.    -0.005  0.004]
[fjt] names=['panda_joint1', 'panda_joint2', 'panda_joint3', 'panda_joint4', 'panda_joint5', 'panda_joint6', 'panda_joint7'] pts=1
[fjt] times[0..2]=[0. 2.] times[-3:]=[0. 2.]
[fjt] goal=[-0.626 -0.463  0.444 -2.937  0.488  2.637  0.163]
[fjt] final=[-0.626 -0.463  0.445 -2.938  0.49   2.639  0.161]
[fjt] err=[ 0.     0.001  0.001 -0.001  0.002  0.002 -0.002]
[fjt] names=['panda_joint1', 'panda_joint2', 'panda_joint3', 'panda_joint4', 'panda_joint5', 'panda_joint6', 'panda_joint7'] pts=1
[fjt] times[0..2]=[0. 2.] times[-3:]=[0. 2.]
[fjt] goal=[-0.684 -0.561  0.459 -2.846  0.385  2.382  0.233]
[fjt] final=[-0.684 -0.56   0.458 -2.847  0.386  2.385  0.23 ]
[fjt] err=[ 0.     0.    -0.001 -0.001  0.002  0.002 -0.003]
[fjt] names=['panda_joint1', 'panda_joint2', 'panda_joint3', 'panda_joint4', 'panda_joint5', 'panda_joint6', 'panda_joint7'] pts=1
[fjt] times[0..2]=[0. 2.] times[-3:]=[0. 2.]
[fjt] goal=[-0.721 -0.618  0.45  -2.718  0.301  2.128  0.276]
[fjt] final=[-0.721 -0.617  0.45  -2.719  0.303  2.131  0.274]
[fjt] err=[ 0.     0.     0.001 -0.001  0.002  0.002 -0.002]
[fjt] names=['panda_joint1', 'panda_joint2', 'panda_joint3', 'panda_joint4', 'panda_joint5', 'panda_joint6', 'panda_joint7'] pts=1
[fjt] times[0..2]=[0. 2.] times[-3:]=[0. 2.]
[fjt] goal=[-0.721 -0.617  0.45  -2.719  0.303  2.131  0.274]
[fjt] final=[-0.721 -0.617  0.45  -2.719  0.303  2.131  0.274]
[fjt] err=[-0. -0. -0.  0. -0. -0.  0.]
[fjt] names=['panda_joint1', 'panda_joint2', 'panda_joint3', 'panda_joint4', 'panda_joint5', 'panda_joint6', 'panda_joint7'] pts=1
[fjt] times[0..2]=[0. 2.] times[-3:]=[0. 2.]
[fjt] goal=[-0.721 -0.617  0.45  -2.719  0.303  2.131  0.274]
[fjt] final=[-0.721 -0.617  0.45  -2.719  0.303  2.131  0.274]
[fjt] err=[-0. -0. -0.  0. -0. -0.  0.]
[fjt] names=['panda_joint1', 'panda_joint2', 'panda_joint3', 'panda_joint4', 'panda_joint5', 'panda_joint6', 'panda_joint7'] pts=1
[fjt] times[0..2]=[0. 2.] times[-3:]=[0. 2.]
[fjt] goal=[-0.721 -0.617  0.45  -2.719  0.303  2.131  0.274]
[fjt] final=[-0.721 -0.617  0.45  -2.719  0.303  2.131  0.274]
[fjt] err=[-0. -0. -0.  0. -0. -0.  0.]
[fjt] names=['panda_joint1', 'panda_joint2', 'panda_joint3', 'panda_joint4', 'panda_joint5', 'panda_joint6', 'panda_joint7'] pts=1
[fjt] times[0..2]=[0.  1.5] times[-3:]=[0.  1.5]
[fjt] goal=[-0.706 -0.558  0.501 -2.78   0.333  2.251  0.3  ]
[fjt] final=[-0.706 -0.558  0.5   -2.779  0.332  2.249  0.298]
[fjt] err=[-0.    -0.    -0.001  0.001 -0.001 -0.002 -0.002]
[fjt] names=['panda_joint1', 'panda_joint2', 'panda_joint3', 'panda_joint4', 'panda_joint5', 'panda_joint6', 'panda_joint7'] pts=1
[fjt] times[0..2]=[0.  1.5] times[-3:]=[0.  1.5]
[fjt] goal=[-0.718 -0.458  0.54  -2.826  0.342  2.396  0.306]
[fjt] final=[-0.717 -0.459  0.539 -2.825  0.341  2.393  0.303]
[fjt] err=[ 0.    -0.001 -0.001  0.001 -0.001 -0.002 -0.002]
[fjt] names=['panda_joint1', 'panda_joint2', 'panda_joint3', 'panda_joint4', 'panda_joint5', 'panda_joint6', 'panda_joint7'] pts=1
[fjt] times[0..2]=[0.  1.5] times[-3:]=[0.  1.5]
[fjt] goal=[-0.732 -0.382  0.567 -2.847  0.337  2.492  0.315]
[fjt] final=[-0.731 -0.383  0.566 -2.846  0.339  2.49   0.312]
[fjt] err=[ 0.    -0.001 -0.001  0.001  0.001 -0.002 -0.002]
[fjt] names=['panda_joint1', 'panda_joint2', 'panda_joint3', 'panda_joint4', 'panda_joint5', 'panda_joint6', 'panda_joint7'] pts=1
[fjt] times[0..2]=[0.  1.5] times[-3:]=[0.  1.5]
[fjt] goal=[-0.748 -0.32   0.588 -2.858  0.326  2.564  0.326]
[fjt] final=[-0.748 -0.321  0.587 -2.857  0.327  2.562  0.323]
[fjt] err=[ 0.    -0.001 -0.001  0.001  0.002 -0.002 -0.003]
[fjt] names=['panda_joint1', 'panda_joint2', 'panda_joint3', 'panda_joint4', 'panda_joint5', 'panda_joint6', 'panda_joint7'] pts=1
[fjt] times[0..2]=[0.  1.5] times[-3:]=[0.  1.5]
[fjt] goal=[-0.732 -0.398  0.565 -2.842  0.341  2.472  0.311]
[fjt] final=[-0.732 -0.398  0.566 -2.844  0.34   2.474  0.313]
[fjt] err=[-0.     0.001  0.001 -0.002 -0.001  0.002  0.002]
[fjt] names=['panda_joint1', 'panda_joint2', 'panda_joint3', 'panda_joint4', 'panda_joint5', 'panda_joint6', 'panda_joint7'] pts=1
[fjt] times[0..2]=[0.  1.5] times[-3:]=[0.  1.5]
[fjt] goal=[-0.718 -0.486  0.535 -2.815  0.344  2.358  0.301]
[fjt] final=[-0.719 -0.486  0.536 -2.817  0.343  2.36   0.304]
[fjt] err=[-0.     0.001  0.001 -0.002 -0.001  0.002  0.002]
[fjt] names=['panda_joint1', 'panda_joint2', 'panda_joint3', 'panda_joint4', 'panda_joint5', 'panda_joint6', 'panda_joint7'] pts=1
[fjt] times[0..2]=[0.  1.5] times[-3:]=[0.  1.5]
[fjt] goal=[-0.712 -0.559  0.507 -2.779  0.337  2.25   0.297]
[fjt] final=[-0.712 -0.558  0.508 -2.781  0.339  2.253  0.299]
[fjt] err=[-0.     0.001  0.001 -0.002  0.002  0.002  0.002]
[fjt] names=['panda_joint1', 'panda_joint2', 'panda_joint3', 'panda_joint4', 'panda_joint5', 'panda_joint6', 'panda_joint7'] pts=1
[fjt] times[0..2]=[0.  1.5] times[-3:]=[0.  1.5]
[fjt] goal=[-0.705 -0.583  0.498 -2.798  0.343  2.243  0.288]
[fjt] final=[-0.705 -0.582  0.499 -2.798  0.341  2.244  0.29 ]
[fjt] err=[-0.     0.001  0.001  0.    -0.001  0.001  0.002]
[fjt] names=['panda_joint1', 'panda_joint2', 'panda_joint3', 'panda_joint4', 'panda_joint5', 'panda_joint6', 'panda_joint7'] pts=1
[fjt] times[0..2]=[0.  1.5] times[-3:]=[0.  1.5]
[fjt] goal=[-0.714 -0.483  0.537 -2.845  0.355  2.389  0.292]
[fjt] final=[-0.714 -0.484  0.536 -2.844  0.354  2.386  0.29 ]
[fjt] err=[ 0.    -0.    -0.001  0.    -0.001 -0.003 -0.001]
[fjt] names=['panda_joint1', 'panda_joint2', 'panda_joint3', 'panda_joint4', 'panda_joint5', 'panda_joint6', 'panda_joint7'] pts=1
[fjt] times[0..2]=[0.  1.5] times[-3:]=[0.  1.5]
[fjt] goal=[-0.731 -0.389  0.57  -2.869  0.352  2.507  0.301]
[fjt] final=[-0.73  -0.39   0.57  -2.863  0.354  2.507  0.299]
[fjt] err=[ 0.001 -0.001 -0.     0.006  0.002 -0.    -0.002]
[fjt] names=['panda_joint1', 'panda_joint2', 'panda_joint3', 'panda_joint4', 'panda_joint5', 'panda_joint6', 'panda_joint7'] pts=1
[fjt] times[0..2]=[0.  1.5] times[-3:]=[0.  1.5]
[fjt] goal=[-0.739 -0.364  0.58  -2.866  0.346  2.529  0.309]
[fjt] final=[-0.739 -0.365  0.58  -2.861  0.348  2.529  0.306]
[fjt] err=[ 0.001 -0.001 -0.     0.005  0.002 -0.    -0.002]
[fjt] names=['panda_joint1', 'panda_joint2', 'panda_joint3', 'panda_joint4', 'panda_joint5', 'panda_joint6', 'panda_joint7'] pts=1
[fjt] times[0..2]=[0.  1.5] times[-3:]=[0.  1.5]
[fjt] goal=[-0.745 -0.346  0.587 -2.869  0.343  2.549  0.311]
[fjt] final=[-0.743 -0.356  0.584 -2.859  0.344  2.542  0.308]
[fjt] err=[ 0.001 -0.009 -0.002  0.009  0.001 -0.007 -0.004]
[fjt] names=['panda_joint1', 'panda_joint2', 'panda_joint3', 'panda_joint4', 'panda_joint5', 'panda_joint6', 'panda_joint7'] pts=1
[fjt] times[0..2]=[0.  1.5] times[-3:]=[0.  1.5]
[fjt] goal=[-0.731 -0.435  0.56  -2.837  0.35   2.431  0.302]
[fjt] final=[-0.731 -0.434  0.561 -2.838  0.349  2.434  0.304]
[fjt] err=[-0.     0.001  0.001 -0.001 -0.001  0.002  0.002]
[fjt] names=['panda_joint1', 'panda_joint2', 'panda_joint3', 'panda_joint4', 'panda_joint5', 'panda_joint6', 'panda_joint7'] pts=1
[fjt] times[0..2]=[0.  1.5] times[-3:]=[0.  1.5]
[fjt] goal=[-0.718 -0.564  0.513 -2.781  0.344  2.248  0.291]
[fjt] final=[-0.718 -0.564  0.514 -2.782  0.345  2.25   0.294]
[fjt] err=[-0.     0.001  0.001 -0.001  0.001  0.002  0.002]
[fjt] names=['panda_joint1', 'panda_joint2', 'panda_joint3', 'panda_joint4', 'panda_joint5', 'panda_joint6', 'panda_joint7'] pts=1
[fjt] times[0..2]=[0.  1.5] times[-3:]=[0.  1.5]
[fjt] goal=[-0.719 -0.665  0.463 -2.687  0.316  2.054  0.29 ]
[fjt] final=[-0.719 -0.664  0.464 -2.688  0.318  2.056  0.292]
[fjt] err=[ 0.     0.     0.001 -0.001  0.001  0.002  0.002]
[fjt] names=['panda_joint1', 'panda_joint2', 'panda_joint3', 'panda_joint4', 'panda_joint5', 'panda_joint6', 'panda_joint7'] pts=1
[fjt] times[0..2]=[0. 2.] times[-3:]=[0. 2.]
[fjt] goal=[-0.719 -0.664  0.464 -2.688  0.318  2.056  0.292]
[fjt] final=[-0.719 -0.664  0.464 -2.688  0.318  2.056  0.292]
[fjt] err=[-0. -0. -0.  0. -0. -0. -0.]
[fjt] names=['panda_joint1', 'panda_joint2', 'panda_joint3', 'panda_joint4', 'panda_joint5', 'panda_joint6', 'panda_joint7'] pts=1
[fjt] times[0..2]=[0. 2.] times[-3:]=[0. 2.]
[fjt] goal=[-0.719 -0.664  0.464 -2.688  0.318  2.056  0.292]
[fjt] final=[-0.719 -0.664  0.464 -2.688  0.318  2.056  0.292]
[fjt] err=[-0. -0. -0.  0. -0. -0. -0.]
[fjt] names=['panda_joint1', 'panda_joint2', 'panda_joint3', 'panda_joint4', 'panda_joint5', 'panda_joint6', 'panda_joint7'] pts=1
[fjt] times[0..2]=[0. 2.] times[-3:]=[0. 2.]
[fjt] goal=[-0.719 -0.664  0.464 -2.688  0.318  2.056  0.292]
[fjt] final=[-0.719 -0.664  0.464 -2.688  0.318  2.056  0.292]
[fjt] err=[-0. -0. -0.  0. -0. -0. -0.]
[fjt] names=['panda_joint1', 'panda_joint2', 'panda_joint3', 'panda_joint4', 'panda_joint5', 'panda_joint6', 'panda_joint7'] pts=1
[fjt] times[0..2]=[0. 2.] times[-3:]=[0. 2.]
[fjt] goal=[-0.719 -0.664  0.464 -2.688  0.318  2.056  0.292]
[fjt] final=[-0.719 -0.664  0.464 -2.688  0.318  2.056  0.292]
[fjt] err=[ 0.  0.  0. -0.  0.  0.  0.]
[fjt] names=['panda_joint1', 'panda_joint2', 'panda_joint3', 'panda_joint4', 'panda_joint5', 'panda_joint6', 'panda_joint7'] pts=1
[fjt] times[0..2]=[0. 2.] times[-3:]=[0. 2.]
[fjt] goal=[-0.719 -0.664  0.464 -2.688  0.318  2.056  0.292]
[fjt] final=[-0.719 -0.664  0.464 -2.688  0.318  2.056  0.292]
[fjt] err=[ 0.  0.  0. -0.  0.  0.  0.]
[fjt] names=['panda_joint1', 'panda_joint2', 'panda_joint3', 'panda_joint4', 'panda_joint5', 'panda_joint6', 'panda_joint7'] pts=1
[fjt] times[0..2]=[0. 2.] times[-3:]=[0. 2.]
[fjt] goal=[-0.719 -0.664  0.464 -2.688  0.318  2.056  0.292]
[fjt] final=[-0.719 -0.664  0.464 -2.688  0.318  2.056  0.292]
[fjt] err=[ 0.  0.  0. -0.  0.  0.  0.]
[fjt] names=['panda_joint1', 'panda_joint2', 'panda_joint3', 'panda_joint4', 'panda_joint5', 'panda_joint6', 'panda_joint7'] pts=1
[fjt] times[0..2]=[0. 2.] times[-3:]=[0. 2.]
[fjt] goal=[-0.719 -0.664  0.464 -2.688  0.318  2.056  0.292]
[fjt] final=[-0.719 -0.664  0.464 -2.688  0.318  2.056  0.292]
[fjt] err=[ 0.  0.  0. -0.  0.  0.  0.]
[fjt] names=['panda_joint1', 'panda_joint2', 'panda_joint3', 'panda_joint4', 'panda_joint5', 'panda_joint6', 'panda_joint7'] pts=1
[fjt] times[0..2]=[0. 2.] times[-3:]=[0. 2.]
[fjt] goal=[-0.719 -0.664  0.464 -2.688  0.318  2.056  0.292]
[fjt] final=[-0.719 -0.664  0.464 -2.688  0.318  2.056  0.292]
[fjt] err=[ 0.  0.  0. -0.  0.  0.  0.]
