[robosuite WARNING] No private macro file found! (__init__.py:7)
[robosuite WARNING] It is recommended to use a private macro file (__init__.py:8)
[robosuite WARNING] To setup, run: python /storage/home/yehe8/.openrua/simulators/cap-x/capx/third_party/libero_dependencies/robosuite/robosuite/scripts/setup_macros.py (__init__.py:9)
Gym has been unmaintained since 2022 and does not support NumPy 2.0 amongst other critical functionality.
Please upgrade to Gymnasium, the maintained drop-in replacement of Gym, or contact the authors of your software and request that they upgrade.
See the migration guide at https://gymnasium.farama.org/introduction/migration_guide/ for additional information.
[info] Using default task order for benchmark 'libero_10_swap' (10 tasks).
[Warning]: datasets path /storage/home/yehe8/.openrua/simulators/cap-x/capx/third_party/LIBERO-PRO/libero/datasets does not exist!
[Warning]: datasets path /storage/home/yehe8/.openrua/simulators/cap-x/capx/third_party/LIBERO-PRO/libero/datasets does not exist!
robot ready
[Warning]: datasets path /storage/home/yehe8/.openrua/simulators/cap-x/capx/third_party/LIBERO-PRO/libero/datasets does not exist!
[fjt] names=['panda_joint1', 'panda_joint2', 'panda_joint3', 'panda_joint4', 'panda_joint5', 'panda_joint6', 'panda_joint7'] pts=2
[fjt] times[0..2]=[0. 2. 4.] times[-3:]=[0. 2. 4.]
[fjt] goal=[-0.193  0.194 -0.262 -2.179  0.071  2.365  0.285]
[fjt] final=[-0.192  0.194 -0.262 -2.178  0.07   2.363  0.287]
[fjt] err=[ 0.    -0.    -0.001  0.001 -0.002 -0.002  0.002]
[fjt] names=['panda_joint1', 'panda_joint2', 'panda_joint3', 'panda_joint4', 'panda_joint5', 'panda_joint6', 'panda_joint7'] pts=3
[fjt] times[0..2]=[0.         0.83333333 1.66666667] times[-3:]=[0.83333333 1.66666667 2.5       ]
[fjt] goal=[-0.245  0.527 -0.187 -2.176  0.214  2.686  0.185]
[fjt] final=[-0.244  0.507 -0.19  -2.181  0.211  2.674  0.186]
[fjt] err=[ 0.001 -0.021 -0.003 -0.005 -0.003 -0.012  0.001]
[fjt] names=['panda_joint1', 'panda_joint2', 'panda_joint3', 'panda_joint4', 'panda_joint5', 'panda_joint6', 'panda_joint7'] pts=2
[fjt] times[0..2]=[0.  1.5 3. ] times[-3:]=[0.  1.5 3. ]
[fjt] goal=[-0.083  0.015 -0.37  -2.019  0.006  2.033  0.33 ]
[fjt] final=[-0.084  0.019 -0.369 -2.02   0.008  2.168  0.328]
[fjt] err=[-0.001  0.004  0.001 -0.002  0.002  0.135 -0.002]
[fjt] names=['panda_joint1', 'panda_joint2', 'panda_joint3', 'panda_joint4', 'panda_joint5', 'panda_joint6', 'panda_joint7'] pts=1
[fjt] times[0..2]=[0. 4.] times[-3:]=[0. 4.]
[fjt] goal=[ 0.424  0.065  0.048 -1.956 -0.003  2.02   1.259]
[fjt] final=[ 0.424  0.064  0.048 -1.958 -0.003  2.022  1.08 ]
[fjt] err=[-0.    -0.    -0.    -0.002  0.001  0.002 -0.18 ]
[fjt] names=['panda_joint1', 'panda_joint2', 'panda_joint3', 'panda_joint4', 'panda_joint5', 'panda_joint6', 'panda_joint7'] pts=1
[fjt] times[0..2]=[0. 2.] times[-3:]=[0. 2.]
[fjt] goal=[ 0.425  0.121  0.048 -2.043 -0.007  2.164  1.262]
[fjt] final=[ 0.424  0.121  0.048 -2.043 -0.006  2.162  1.259]
[fjt] err=[-0.     0.    -0.     0.     0.001 -0.002 -0.003]
[fjt] names=['panda_joint1', 'panda_joint2', 'panda_joint3', 'panda_joint4', 'panda_joint5', 'panda_joint6', 'panda_joint7'] pts=1
[fjt] times[0..2]=[0. 2.] times[-3:]=[0. 2.]
[fjt] goal=[ 0.423  0.042  0.049 -1.881 -0.002  1.923  1.258]
[fjt] final=[ 0.424  0.042  0.048 -1.882 -0.004  1.925  1.259]
[fjt] err=[ 0.     0.    -0.001 -0.001 -0.001  0.002  0.001]
[fjt] names=['panda_joint1', 'panda_joint2', 'panda_joint3', 'panda_joint4', 'panda_joint5', 'panda_joint6', 'panda_joint7'] pts=2
[fjt] times[0..2]=[0. 2. 4.] times[-3:]=[0. 2. 4.]
[fjt] goal=[-0.726 -0.563  0.268 -3.002  0.222  2.443  0.116]
[fjt] final=[-0.368 -0.564  0.267 -2.66   0.22   2.361  0.5  ]
[fjt] err=[ 0.359 -0.    -0.001  0.342 -0.002 -0.082  0.384]
[fjt] names=['panda_joint1', 'panda_joint2', 'panda_joint3', 'panda_joint4', 'panda_joint5', 'panda_joint6', 'panda_joint7'] pts=3
[fjt] times[0..2]=[0.         0.83333333 1.66666667] times[-3:]=[0.83333333 1.66666667 2.5       ]
[fjt] goal=[-0.757  0.152  0.089 -2.967 -0.532  3.115  0.648]
[fjt] final=[-0.753 -0.069  0.108 -2.972 -0.091  2.891  0.442]
[fjt] err=[ 0.005 -0.222  0.018 -0.005  0.44  -0.223 -0.206]
[fjt] names=['panda_joint1', 'panda_joint2', 'panda_joint3', 'panda_joint4', 'panda_joint5', 'panda_joint6', 'panda_joint7'] pts=2
[fjt] times[0..2]=[0.  1.5 3. ] times[-3:]=[0.  1.5 3. ]
[fjt] goal=[-0.935 -0.883  0.364 -2.745  0.294  1.883 -0.004]
[fjt] final=[-9.350e-01 -6.560e-01  3.660e-01 -2.747e+00  2.950e-01  2.379e+00
 -2.000e-03]
[fjt] err=[ 0.     0.226  0.001 -0.002  0.001  0.496  0.002]
[fjt] names=['panda_joint1', 'panda_joint2', 'panda_joint3', 'panda_joint4', 'panda_joint5', 'panda_joint6', 'panda_joint7'] pts=1
[fjt] times[0..2]=[0. 4.] times[-3:]=[0. 4.]
[fjt] goal=[-1.335 -0.714  1.52  -1.908  0.735  1.791  0.759]
[fjt] final=[-1.335 -0.714  1.144 -1.979  0.733  1.793  0.729]
[fjt] err=[ 0.001  0.    -0.376 -0.072 -0.002  0.002 -0.03 ]
[fjt] names=['panda_joint1', 'panda_joint2', 'panda_joint3', 'panda_joint4', 'panda_joint5', 'panda_joint6', 'panda_joint7'] pts=1
[fjt] times[0..2]=[0. 2.] times[-3:]=[0. 2.]
[fjt] goal=[-1.371 -0.748  1.619 -1.989  0.802  1.904  0.723]
[fjt] final=[-1.371 -0.748  1.591 -1.988  0.801  1.903  0.727]
[fjt] err=[ 0.     0.    -0.027  0.001 -0.001 -0.001  0.004]
[fjt] names=['panda_joint1', 'panda_joint2', 'panda_joint3', 'panda_joint4', 'panda_joint5', 'panda_joint6', 'panda_joint7'] pts=1
[fjt] times[0..2]=[0. 2.] times[-3:]=[0. 2.]
[fjt] goal=[-1.325 -0.677  1.476 -1.838  0.682  1.72   0.79 ]
[fjt] final=[-1.325 -0.677  1.477 -1.84   0.684  1.723  0.787]
[fjt] err=[-0.    -0.001  0.001 -0.001  0.002  0.002 -0.002]
[fjt] names=['panda_joint1', 'panda_joint2', 'panda_joint3', 'panda_joint4', 'panda_joint5', 'panda_joint6', 'panda_joint7'] pts=2
[fjt] times[0..2]=[0. 3. 6.] times[-3:]=[0. 3. 6.]
[fjt] goal=[-0.742 -0.567  0.282 -3.003  0.234  2.441  0.103]
[fjt] final=[-0.742 -0.567  0.378 -2.929  0.235  2.436  0.098]
[fjt] err=[-0.    -0.001  0.096  0.074  0.    -0.005 -0.006]
[fjt] names=['panda_joint1', 'panda_joint2', 'panda_joint3', 'panda_joint4', 'panda_joint5', 'panda_joint6', 'panda_joint7'] pts=1
[fjt] times[0..2]=[0. 3.] times[-3:]=[0. 3.]
[fjt] goal=[-0.742 -0.567  0.282 -3.003  0.234  2.441  0.103]
[fjt] final=[-0.742 -0.567  0.283 -3.002  0.235  2.439  0.101]
[fjt] err=[-0.    -0.     0.001  0.001  0.    -0.002 -0.002]
[fjt] names=['panda_joint1', 'panda_joint2', 'panda_joint3', 'panda_joint4', 'panda_joint5', 'panda_joint6', 'panda_joint7'] pts=3
[fjt] times[0..2]=[0.         0.83333333 1.66666667] times[-3:]=[0.83333333 1.66666667 2.5       ]
[fjt] goal=[-0.78   0.153  0.1   -2.965 -0.562  3.113  0.666]
[fjt] final=[-0.779 -0.049  0.11  -2.967 -0.081  2.957  0.39 ]
[fjt] err=[ 0.001 -0.202  0.011 -0.002  0.481 -0.156 -0.276]
[fjt] names=['panda_joint1', 'panda_joint2', 'panda_joint3', 'panda_joint4', 'panda_joint5', 'panda_joint6', 'panda_joint7'] pts=1
[fjt] times[0..2]=[0. 2.] times[-3:]=[0. 2.]
[fjt] goal=[-0.78   0.153  0.1   -2.965 -0.562  3.113  0.666]
[fjt] final=[-0.779  0.046  0.106 -2.898 -0.498  3.161  0.675]
[fjt] err=[ 0.002 -0.108  0.006  0.067  0.065  0.048  0.009]
[fjt] names=['panda_joint1', 'panda_joint2', 'panda_joint3', 'panda_joint4', 'panda_joint5', 'panda_joint6', 'panda_joint7'] pts=1
[fjt] times[0..2]=[0. 2.] times[-3:]=[0. 2.]
[fjt] goal=[-0.78   0.153  0.1   -2.965 -0.562  3.113  0.666]
[fjt] final=[-0.777  0.132  0.117 -2.827 -0.549  3.187  0.681]
[fjt] err=[ 0.004 -0.021  0.017  0.137  0.013  0.074  0.016]
[fjt] names=['panda_joint1', 'panda_joint2', 'panda_joint3', 'panda_joint4', 'panda_joint5', 'panda_joint6', 'panda_joint7'] pts=1
[fjt] times[0..2]=[0. 2.] times[-3:]=[0. 2.]
[fjt] goal=[-0.78   0.153  0.1   -2.965 -0.562  3.113  0.666]
[fjt] final=[-0.776  0.133  0.118 -2.827 -0.549  3.182  0.684]
[fjt] err=[ 0.004 -0.02   0.018  0.138  0.013  0.069  0.018]
[fjt] names=['panda_joint1', 'panda_joint2', 'panda_joint3', 'panda_joint4', 'panda_joint5', 'panda_joint6', 'panda_joint7'] pts=1
[fjt] times[0..2]=[0. 2.] times[-3:]=[0. 2.]
[fjt] goal=[-0.78   0.153  0.1   -2.965 -0.562  3.113  0.666]
[fjt] final=[-0.776  0.133  0.118 -2.828 -0.549  3.18   0.684]
[fjt] err=[ 0.004 -0.021  0.019  0.137  0.013  0.067  0.019]
[fjt] names=['panda_joint1', 'panda_joint2', 'panda_joint3', 'panda_joint4', 'panda_joint5', 'panda_joint6', 'panda_joint7'] pts=1
[fjt] times[0..2]=[0. 2.] times[-3:]=[0. 2.]
[fjt] goal=[-0.804  0.155  0.115 -2.962 -0.596  3.11   0.69 ]
[fjt] final=[-0.8    0.134  0.133 -2.828 -0.582  3.183  0.706]
[fjt] err=[ 0.004 -0.021  0.019  0.134  0.014  0.073  0.016]
[fjt] names=['panda_joint1', 'panda_joint2', 'panda_joint3', 'panda_joint4', 'panda_joint5', 'panda_joint6', 'panda_joint7'] pts=2
[fjt] times[0..2]=[0. 3. 6.] times[-3:]=[0. 3. 6.]
[fjt] goal=[-1.412 -0.202  0.829 -2.589  0.239  1.827  0.795]
[fjt] final=[-1.412 -0.203  0.828 -2.588  0.24   2.159  0.792]
[fjt] err=[ 0.    -0.001 -0.001  0.001  0.     0.332 -0.002]
[fjt] names=['panda_joint1', 'panda_joint2', 'panda_joint3', 'panda_joint4', 'panda_joint5', 'panda_joint6', 'panda_joint7'] pts=1
[fjt] times[0..2]=[0. 3.] times[-3:]=[0. 3.]
[fjt] goal=[-1.412 -0.202  0.829 -2.589  0.239  1.827  0.795]
[fjt] final=[-1.412 -0.203  0.828 -2.589  0.24   1.829  0.793]
[fjt] err=[ 0.    -0.    -0.001  0.     0.     0.002 -0.002]
[fjt] names=['panda_joint1', 'panda_joint2', 'panda_joint3', 'panda_joint4', 'panda_joint5', 'panda_joint6', 'panda_joint7'] pts=4
[fjt] times[0..2]=[0.    0.625 1.25 ] times[-3:]=[1.25  1.875 2.5  ]
[fjt] goal=[-1.399  0.396  0.735 -2.597 -0.22   2.268  1.145]
[fjt] final=[-1.405  0.244  0.731 -2.554 -0.2    2.214  1.13 ]
[fjt] err=[-0.006 -0.152 -0.004  0.043  0.02  -0.054 -0.016]
[fjt] names=['panda_joint1', 'panda_joint2', 'panda_joint3', 'panda_joint4', 'panda_joint5', 'panda_joint6', 'panda_joint7'] pts=1
[fjt] times[0..2]=[0. 2.] times[-3:]=[0. 2.]
[fjt] goal=[-1.399  0.396  0.735 -2.597 -0.22   2.268  1.145]
[fjt] final=[-1.409  0.304  0.729 -2.505 -0.215  2.18   1.124]
[fjt] err=[-0.01  -0.093 -0.006  0.092  0.004 -0.088 -0.022]
[fjt] names=['panda_joint1', 'panda_joint2', 'panda_joint3', 'panda_joint4', 'panda_joint5', 'panda_joint6', 'panda_joint7'] pts=1
[fjt] times[0..2]=[0. 2.] times[-3:]=[0. 2.]
[fjt] goal=[-1.399  0.396  0.735 -2.597 -0.22   2.268  1.145]
[fjt] final=[-1.411  0.345  0.722 -2.473 -0.225  2.175  1.123]
[fjt] err=[-0.012 -0.052 -0.013  0.124 -0.005 -0.093 -0.022]
[fjt] names=['panda_joint1', 'panda_joint2', 'panda_joint3', 'panda_joint4', 'panda_joint5', 'panda_joint6', 'panda_joint7'] pts=1
[fjt] times[0..2]=[0. 2.] times[-3:]=[0. 2.]
[fjt] goal=[-1.399  0.396  0.735 -2.597 -0.22   2.268  1.145]
[fjt] final=[-1.411  0.354  0.724 -2.468 -0.221  2.181  1.124]
[fjt] err=[-0.012 -0.042 -0.011  0.129 -0.002 -0.087 -0.021]
[fjt] names=['panda_joint1', 'panda_joint2', 'panda_joint3', 'panda_joint4', 'panda_joint5', 'panda_joint6', 'panda_joint7'] pts=1
[fjt] times[0..2]=[0. 2.] times[-3:]=[0. 2.]
[fjt] goal=[-1.399  0.396  0.735 -2.597 -0.22   2.268  1.145]
[fjt] final=[-1.409  0.36   0.723 -2.47  -0.228  2.207  1.126]
[fjt] err=[-0.01  -0.037 -0.012  0.127 -0.008 -0.061 -0.019]
[fjt] names=['panda_joint1', 'panda_joint2', 'panda_joint3', 'panda_joint4', 'panda_joint5', 'panda_joint6', 'panda_joint7'] pts=1
[fjt] times[0..2]=[0. 2.] times[-3:]=[0. 2.]
[fjt] goal=[-1.395  0.395  0.731 -2.597 -0.217  2.268  1.143]
[fjt] final=[-1.405  0.361  0.719 -2.475 -0.221  2.235  1.129]
[fjt] err=[-0.01  -0.034 -0.013  0.122 -0.004 -0.033 -0.014]
[fjt] names=['panda_joint1', 'panda_joint2', 'panda_joint3', 'panda_joint4', 'panda_joint5', 'panda_joint6', 'panda_joint7'] pts=1
[fjt] times[0..2]=[0. 2.] times[-3:]=[0. 2.]
[fjt] goal=[-1.395  0.395  0.731 -2.597 -0.217  2.268  1.143]
[fjt] final=[-1.404  0.364  0.721 -2.474 -0.216  2.243  1.131]
[fjt] err=[-0.009 -0.031 -0.01   0.123  0.001 -0.025 -0.012]
[fjt] names=['panda_joint1', 'panda_joint2', 'panda_joint3', 'panda_joint4', 'panda_joint5', 'panda_joint6', 'panda_joint7'] pts=1
[fjt] times[0..2]=[0. 2.] times[-3:]=[0. 2.]
[fjt] goal=[-1.395  0.395  0.731 -2.597 -0.217  2.268  1.143]
[fjt] final=[-1.403  0.367  0.722 -2.474 -0.215  2.249  1.132]
[fjt] err=[-0.008 -0.028 -0.009  0.123  0.002 -0.019 -0.011]
[fjt] names=['panda_joint1', 'panda_joint2', 'panda_joint3', 'panda_joint4', 'panda_joint5', 'panda_joint6', 'panda_joint7'] pts=2
[fjt] times[0..2]=[0. 2. 4.] times[-3:]=[0. 2. 4.]
[fjt] goal=[-1.577 -0.249  0.995 -2.586  0.287  1.813  0.748]
[fjt] final=[-1.577 -0.248  0.994 -2.585  0.285  1.811  0.751]
[fjt] err=[-0.     0.001 -0.001  0.001 -0.002 -0.002  0.002]
[fjt] names=['panda_joint1', 'panda_joint2', 'panda_joint3', 'panda_joint4', 'panda_joint5', 'panda_joint6', 'panda_joint7'] pts=1
[fjt] times[0..2]=[0. 5.] times[-3:]=[0. 5.]
[fjt] goal=[ 0.    -0.161  0.    -2.445  0.     2.227  0.785]
[fjt] final=[-6.300e-01 -1.620e-01  6.600e-02 -2.446e+00  2.000e-03  2.225e+00
  7.830e-01]
[fjt] err=[-0.63  -0.001  0.066 -0.001  0.002 -0.002 -0.002]
[fjt] names=['panda_joint1', 'panda_joint2', 'panda_joint3', 'panda_joint4', 'panda_joint5', 'panda_joint6', 'panda_joint7'] pts=1
[fjt] times[0..2]=[0.  2.5] times[-3:]=[0.  2.5]
[fjt] goal=[ 0.    -0.161  0.    -2.445  0.     2.227  0.785]
[fjt] final=[-8.600e-02 -1.620e-01  0.000e+00 -2.446e+00  2.000e-03  2.226e+00
  7.860e-01]
[fjt] err=[-0.086 -0.001  0.    -0.001  0.002 -0.001  0.001]
[fjt] names=['panda_joint1', 'panda_joint2', 'panda_joint3', 'panda_joint4', 'panda_joint5', 'panda_joint6', 'panda_joint7'] pts=1
[fjt] times[0..2]=[0.  2.5] times[-3:]=[0.  2.5]
[fjt] goal=[ 0.    -0.161  0.    -2.445  0.     2.227  0.785]
[fjt] final=[-0.000e+00 -1.620e-01  0.000e+00 -2.446e+00  1.000e-03  2.226e+00
  7.860e-01]
[fjt] err=[-0.    -0.001  0.    -0.001  0.001 -0.001  0.001]
[fjt] names=['panda_joint1', 'panda_joint2', 'panda_joint3', 'panda_joint4', 'panda_joint5', 'panda_joint6', 'panda_joint7'] pts=2
[fjt] times[0..2]=[0. 3. 6.] times[-3:]=[0. 3. 6.]
[fjt] goal=[-0.167 -0.17  -0.419 -2.659  0.374  2.224 -0.058]
[fjt] final=[-0.168 -0.17  -0.418 -2.658  0.373  2.222 -0.055]
[fjt] err=[-0.001 -0.001  0.001  0.001 -0.002 -0.002  0.003]
[fjt] names=['panda_joint1', 'panda_joint2', 'panda_joint3', 'panda_joint4', 'panda_joint5', 'panda_joint6', 'panda_joint7'] pts=4
[fjt] times[0..2]=[0.   0.75 1.5 ] times[-3:]=[1.5  2.25 3.  ]
[fjt] goal=[-0.136  0.301 -0.359 -2.596  0.848  2.469 -0.487]
[fjt] final=[-0.136  0.289 -0.364 -2.6    0.834  2.462 -0.491]
[fjt] err=[ 0.    -0.013 -0.005 -0.004 -0.014 -0.007 -0.004]
[fjt] names=['panda_joint1', 'panda_joint2', 'panda_joint3', 'panda_joint4', 'panda_joint5', 'panda_joint6', 'panda_joint7'] pts=2
[fjt] times[0..2]=[0.  1.5 3. ] times[-3:]=[0.  1.5 3. ]
[fjt] goal=[-0.11  -0.479 -0.46  -2.473  0.179  1.817  0.221]
[fjt] final=[-0.109 -0.319 -0.461 -2.475  0.235  1.997  0.096]
[fjt] err=[ 0.     0.16  -0.001 -0.002  0.056  0.18  -0.125]
[fjt] names=['panda_joint1', 'panda_joint2', 'panda_joint3', 'panda_joint4', 'panda_joint5', 'panda_joint6', 'panda_joint7'] pts=1
[fjt] times[0..2]=[0. 2.] times[-3:]=[0. 2.]
[fjt] goal=[-0.11  -0.479 -0.46  -2.473  0.179  1.817  0.221]
[fjt] final=[-0.11  -0.478 -0.461 -2.475  0.18   1.819  0.218]
[fjt] err=[ 0.     0.001 -0.001 -0.002  0.001  0.002 -0.002]
[fjt] names=['panda_joint1', 'panda_joint2', 'panda_joint3', 'panda_joint4', 'panda_joint5', 'panda_joint6', 'panda_joint7'] pts=1
[fjt] times[0..2]=[0. 6.] times[-3:]=[0. 6.]
[fjt] goal=[-0.051  0.075  0.535 -1.956 -0.042  2.02   1.287]
[fjt] final=[-0.051  0.074  0.535 -1.957 -0.041  2.018  1.262]
[fjt] err=[-0.    -0.001 -0.001 -0.002  0.001 -0.002 -0.025]
[fjt] names=['panda_joint1', 'panda_joint2', 'panda_joint3', 'panda_joint4', 'panda_joint5', 'panda_joint6', 'panda_joint7'] pts=1
[fjt] times[0..2]=[0. 3.] times[-3:]=[0. 3.]
[fjt] goal=[-0.051  0.075  0.535 -1.956 -0.042  2.02   1.287]
[fjt] final=[-0.051  0.075  0.535 -1.957 -0.041  2.018  1.285]
[fjt] err=[-0.    -0.    -0.001 -0.001  0.001 -0.001 -0.002]
[fjt] names=['panda_joint1', 'panda_joint2', 'panda_joint3', 'panda_joint4', 'panda_joint5', 'panda_joint6', 'panda_joint7'] pts=1
[fjt] times[0..2]=[0. 2.] times[-3:]=[0. 2.]
[fjt] goal=[-0.044  0.14   0.532 -2.043 -0.085  2.162  1.316]
[fjt] final=[-0.044  0.139  0.532 -2.042 -0.083  2.159  1.314]
[fjt] err=[-0.    -0.     0.001  0.     0.002 -0.002 -0.002]
[fjt] names=['panda_joint1', 'panda_joint2', 'panda_joint3', 'panda_joint4', 'panda_joint5', 'panda_joint6', 'panda_joint7'] pts=1
[fjt] times[0..2]=[0. 2.] times[-3:]=[0. 2.]
[fjt] goal=[-0.063  0.048  0.545 -1.881 -0.027  1.922  1.276]
[fjt] final=[-0.063  0.049  0.545 -1.882 -0.028  1.925  1.278]
[fjt] err=[ 0.001  0.    -0.001 -0.001 -0.002  0.002  0.002]
[fjt] names=['panda_joint1', 'panda_joint2', 'panda_joint3', 'panda_joint4', 'panda_joint5', 'panda_joint6', 'panda_joint7'] pts=1
[fjt] times[0..2]=[0. 5.] times[-3:]=[0. 5.]
[fjt] goal=[ 0.    -0.161  0.    -2.445  0.     2.227  0.785]
[fjt] final=[-0.000e+00 -1.600e-01  1.000e-03 -2.444e+00 -1.000e-03  2.225e+00
  7.880e-01]
[fjt] err=[-0.     0.001  0.001  0.001 -0.001 -0.002  0.003]
