[robosuite WARNING] No private macro file found! (__init__.py:7)
[robosuite WARNING] It is recommended to use a private macro file (__init__.py:8)
[robosuite WARNING] To setup, run: python /storage/home/yehe8/.openrua/simulators/cap-x/capx/third_party/libero_dependencies/robosuite/robosuite/scripts/setup_macros.py (__init__.py:9)
Gym has been unmaintained since 2022 and does not support NumPy 2.0 amongst other critical functionality.
Please upgrade to Gymnasium, the maintained drop-in replacement of Gym, or contact the authors of your software and request that they upgrade.
See the migration guide at https://gymnasium.farama.org/introduction/migration_guide/ for additional information.
[info] Using default task order for benchmark 'libero_10_task' (10 tasks).
[Warning]: datasets path /storage/home/yehe8/.openrua/simulators/cap-x/capx/third_party/LIBERO-PRO/libero/datasets does not exist!
[Warning]: datasets path /storage/home/yehe8/.openrua/simulators/cap-x/capx/third_party/LIBERO-PRO/libero/datasets does not exist!
robot ready
[Warning]: datasets path /storage/home/yehe8/.openrua/simulators/cap-x/capx/third_party/LIBERO-PRO/libero/datasets does not exist!
[fjt] names=['panda_joint1', 'panda_joint2', 'panda_joint3', 'panda_joint4', 'panda_joint5', 'panda_joint6', 'panda_joint7'] pts=1
[fjt] times[0..2]=[0. 4.] times[-3:]=[0. 4.]
[fjt] goal=[-0.195  0.482 -0.115 -1.913  0.078  2.391  0.431]
[fjt] final=[-0.195  0.481 -0.115 -1.914  0.077  2.389  0.434]
[fjt] err=[ 0.    -0.001  0.001 -0.001 -0.002 -0.002  0.003]
[fjt] names=['panda_joint1', 'panda_joint2', 'panda_joint3', 'panda_joint4', 'panda_joint5', 'panda_joint6', 'panda_joint7'] pts=1
[fjt] times[0..2]=[0.  2.5] times[-3:]=[0.  2.5]
[fjt] goal=[-0.215  0.736 -0.087 -1.868  0.114  2.599  0.408]
[fjt] final=[-0.215  0.727 -0.089 -1.87   0.112  2.591  0.41 ]
[fjt] err=[ 0.001 -0.009 -0.001 -0.002 -0.002 -0.008  0.002]
[fjt] names=['panda_joint1', 'panda_joint2', 'panda_joint3', 'panda_joint4', 'panda_joint5', 'panda_joint6', 'panda_joint7'] pts=1
[fjt] times[0..2]=[0.  2.5] times[-3:]=[0.  2.5]
[fjt] goal=[-0.174  0.344 -0.141 -1.869  0.059  2.209  0.443]
[fjt] final=[-0.174  0.344 -0.141 -1.87   0.061  2.211  0.441]
[fjt] err=[-0.     0.001  0.001 -0.001  0.002  0.002 -0.002]
[fjt] names=['panda_joint1', 'panda_joint2', 'panda_joint3', 'panda_joint4', 'panda_joint5', 'panda_joint6', 'panda_joint7'] pts=1
[fjt] times[0..2]=[0. 4.] times[-3:]=[0. 4.]
[fjt] goal=[ 0.411  0.111  0.044 -2.002 -0.006  2.113  1.244]
[fjt] final=[ 0.411  0.112  0.044 -2.001 -0.005  2.115  1.183]
[fjt] err=[-0.     0.001 -0.     0.001  0.001  0.002 -0.061]
[fjt] names=['panda_joint1', 'panda_joint2', 'panda_joint3', 'panda_joint4', 'panda_joint5', 'panda_joint6', 'panda_joint7'] pts=1
[fjt] times[0..2]=[0. 2.] times[-3:]=[0. 2.]
[fjt] goal=[ 0.413  0.054  0.042 -1.866 -0.002  1.92   1.241]
[fjt] final=[ 0.413  0.054  0.043 -1.867 -0.004  1.922  1.239]
[fjt] err=[-0.001  0.     0.001 -0.001 -0.001  0.002 -0.002]
[fjt] names=['panda_joint1', 'panda_joint2', 'panda_joint3', 'panda_joint4', 'panda_joint5', 'panda_joint6', 'panda_joint7'] pts=1
[fjt] times[0..2]=[0. 4.] times[-3:]=[0. 4.]
[fjt] goal=[ 0.216 -0.157 -0.121 -2.588 -0.029  2.432  0.904]
[fjt] final=[ 0.217 -0.157 -0.121 -2.583 -0.028  2.43   0.906]
[fjt] err=[ 0.     0.001  0.001  0.005  0.001 -0.001  0.002]
[fjt] names=['panda_joint1', 'panda_joint2', 'panda_joint3', 'panda_joint4', 'panda_joint5', 'panda_joint6', 'panda_joint7'] pts=1
[fjt] times[0..2]=[0.  2.5] times[-3:]=[0.  2.5]
[fjt] goal=[ 0.201  0.277 -0.086 -2.602  0.09   2.877  0.817]
[fjt] final=[ 0.202  0.276 -0.087 -2.601  0.088  2.873  0.82 ]
[fjt] err=[ 0.    -0.001 -0.001  0.001 -0.002 -0.003  0.002]
[fjt] names=['panda_joint1', 'panda_joint2', 'panda_joint3', 'panda_joint4', 'panda_joint5', 'panda_joint6', 'panda_joint7'] pts=1
[fjt] times[0..2]=[0.  2.5] times[-3:]=[0.  2.5]
[fjt] goal=[ 0.382 -0.296 -0.279 -2.511 -0.101  2.223  0.961]
[fjt] final=[ 0.381 -0.259 -0.279 -2.512 -0.1    2.349  0.959]
[fjt] err=[-0.001  0.037  0.001 -0.002  0.002  0.125 -0.002]
[fjt] names=['panda_joint1', 'panda_joint2', 'panda_joint3', 'panda_joint4', 'panda_joint5', 'panda_joint6', 'panda_joint7'] pts=1
[fjt] times[0..2]=[0. 4.] times[-3:]=[0. 4.]
[fjt] goal=[ 0.537  0.077 -0.085 -1.94   0.007  2.017  1.235]
[fjt] final=[ 0.537  0.077 -0.086 -1.943  0.006  2.019  1.232]
[fjt] err=[-0.    -0.    -0.001 -0.002 -0.001  0.002 -0.002]
[fjt] names=['panda_joint1', 'panda_joint2', 'panda_joint3', 'panda_joint4', 'panda_joint5', 'panda_joint6', 'panda_joint7'] pts=1
[fjt] times[0..2]=[0. 2.] times[-3:]=[0. 2.]
[fjt] goal=[ 0.538  0.042 -0.086 -1.753  0.004  1.795  1.237]
[fjt] final=[ 0.538  0.043 -0.086 -1.754  0.005  1.797  1.235]
[fjt] err=[-0.     0.    -0.    -0.001  0.001  0.002 -0.002]
[fjt] names=['panda_joint1', 'panda_joint2', 'panda_joint3', 'panda_joint4', 'panda_joint5', 'panda_joint6', 'panda_joint7'] pts=1
[fjt] times[0..2]=[0. 4.] times[-3:]=[0. 4.]
[fjt] goal=[ 0.118 -0.595 -0.236 -2.622 -0.147  2.036  0.773]
[fjt] final=[ 0.118 -0.594 -0.235 -2.516 -0.145  2.036  0.775]
[fjt] err=[ 0.     0.001  0.001  0.106  0.001 -0.     0.002]
