  move: code=0 max_joint_err=0.0024
  tcp now [0.1257 0.1704 0.6599] (target [0.126 0.17  0.66 ])
fingers [ 0.0223 -0.0235]
  move: code=0 max_joint_err=0.0025
  tcp now [0.1259 0.1699 0.5504] (target [0.126 0.17  0.55 ])
   z 0.55: tcp [0.1259 0.1699 0.5504] dz=+0.0004 Fz=-5.20 dF=-0.00
  move: code=0 max_joint_err=0.0023
  tcp now [0.1253 0.1701 0.49  ] (target [0.126 0.17  0.49 ])
   z 0.49: tcp [0.1253 0.1701 0.49  ] dz=+0.0000 Fz=-5.20 dF=-0.00
  move: code=0 max_joint_err=0.0021
  tcp now [0.1255 0.1707 0.4655] (target [0.126 0.17  0.465])
   z 0.465: tcp [0.1255 0.1707 0.4655] dz=+0.0005 Fz=-4.93 dF=+0.27
  move: code=0 max_joint_err=0.0021
  tcp now [0.1256 0.1711 0.4529] (target [0.126 0.17  0.452])
   z 0.452: tcp [0.1256 0.1711 0.4529] dz=+0.0009 Fz=-4.80 dF=+0.41
  gripper: reached=True stalled=False fingers=[ 0.0364 -0.0364]
fingers [ 0.0364 -0.0364]
  move: code=0 max_joint_err=0.0023
  tcp now [0.1266 0.1699 0.6199] (target [0.126 0.17  0.62 ])
  move: code=-5 max_joint_err=0.4080
  (retry 1: code=-5 err=0.4080)
  move: code=0 max_joint_err=0.0024
  tcp now [-4.990e-02 -3.000e-04  8.002e-01] (target [-0.05  0.    0.8 ])
wrench [-0.01  0.   -5.1   0.   -0.    0.  ]
