== open gripper
  gripper(0.04): reached=True stalled=False gap=0.0800
== hover above pinch point
  move_q: code=0 max_err=0.0023
  tcp now [-0.1032 -0.1957  0.6694] target [-0.1034 -0.1963  0.669 ]
== descend
  move_q: code=0 max_err=0.0030
  tcp now [-0.1033 -0.196   0.5143] target [-0.1034 -0.1963  0.514 ]
== close
  gripper(0.0): reached=True stalled=False gap=0.0083
  gap after close 0.0083 (closed_m=0 -> >0 means holding); wrench dF=[-0.05  0.   -0.09]
== lift
  move_q: code=-5 max_err=0.1533
  move_q: code=0 max_err=0.0021
  tcp now [-0.1035 -0.1967  0.7795] target [-0.1034 -0.1963  0.78  ]
  gap after lift 0.0057
== carry above plate
  move_q: code=-5 max_err=0.2397
  move_q: code=0 max_err=0.0023
  tcp now [-0.0098  0.2763  0.7797] target [-0.01   0.277  0.78 ]
== lower onto plate
  move_q: code=0 max_err=0.0025
  tcp now [-0.0102  0.277   0.6043] target [-0.01   0.277  0.604]
  move_q: code=0 max_err=0.0025
  tcp now [-0.0102  0.277   0.5543] target [-0.01   0.277  0.554]
== release
  gripper(0.04): reached=True stalled=False gap=0.0718
== retreat
  move_q: code=0 max_err=0.0025
  tcp now [-0.0099  0.2772  0.7035] target [-0.01   0.277  0.704]
done
