tilt=0 x=-0.11 z=0.96: none
tilt=0 x=-0.11 z=0.975: none
tilt=0 x=-0.15 z=0.96: none
tilt=0 x=-0.15 z=0.975 j2=0.445 ok=True [] q=[-0.226, 0.445, -0.096, -2.248, 0.094, 2.689, -1.182]
tilt=0 x=-0.15 z=0.975 j2=0.450 ok=True [] q=[-0.518, 0.45, 0.171, -2.246, -0.169, 2.685, -0.997]
tilt=0 x=-0.19 z=0.96 j2=0.445 ok=True [] q=[0.045, 0.445, -0.347, -2.358, 0.396, 2.752, -1.426]
tilt=0 x=-0.19 z=0.96 j2=0.413 ok=True [] q=[-0.412, 0.413, 0.048, -2.373, -0.055, 2.785, -1.102]
tilt=0 x=-0.19 z=0.96 j2=0.421 ok=True [] q=[-0.149, 0.421, -0.178, -2.369, 0.204, 2.777, -1.289]
tilt=0 x=-0.19 z=0.96 j2=0.440 ok=True [] q=[-0.725, 0.44, 0.319, -2.361, -0.364, 2.758, -0.881]
tilt=0 x=-0.19 z=0.96 j2=0.413 ok=True [] q=[-0.278, 0.413, -0.068, -2.372, 0.077, 2.784, -1.198]
tilt=0 x=-0.19 z=0.96 j2=0.418 ok=True [] q=[-0.523, 0.418, 0.143, -2.37, -0.164, 2.78, -1.024]
tilt=0 x=-0.19 z=0.975 j2=0.377 ok=True [] q=[-0.534, 0.377, 0.158, -2.379, -0.151, 2.748, -1.033]
tilt=0 x=-0.19 z=0.975 j2=0.407 ok=True [] q=[-0.789, 0.407, 0.384, -2.368, -0.373, 2.723, -0.875]
tilt=0 x=-0.19 z=0.975 j2=0.399 ok=True [] q=[0.029, 0.399, -0.342, -2.371, 0.331, 2.729, -1.379]
tilt=0 x=-0.19 z=0.975 j2=0.441 ok=True [] q=[0.231, 0.441, -0.524, -2.357, 0.515, 2.693, -1.508]
tilt=0 x=-0.19 z=0.975 j2=0.418 ok=True [] q=[0.136, 0.418, -0.438, -2.364, 0.427, 2.713, -1.446]
tilt=0 x=-0.19 z=0.975 j2=0.372 ok=True [] q=[-0.377, 0.372, 0.019, -2.381, -0.018, 2.753, -1.129]
tilt=0 x=-0.19 z=0.975 j2=0.420 ok=True [] q=[-0.859, 0.42, 0.447, -2.364, -0.436, 2.711, -0.831]
tilt=20 x=-0.11 z=0.96: none
tilt=20 x=-0.11 z=0.975: none
tilt=20 x=-0.15 z=0.96: none
tilt=20 x=-0.15 z=0.975 j2=0.443 ok=True [] q=[-0.276, 0.443, -0.032, -2.253, -0.782, 2.681, -0.379]
tilt=20 x=-0.15 z=0.975 j2=0.445 ok=True [] q=[-0.158, 0.445, -0.146, -2.262, -0.7, 2.712, -0.433]
tilt=20 x=-0.15 z=0.975 j2=0.444 ok=True [] q=[-0.359, 0.444, 0.05, -2.246, -0.836, 2.657, -0.345]
tilt=20 x=-0.19 z=0.96 j2=0.416 ok=True [] q=[-0.341, 0.416, -0.011, -2.353, -0.938, 2.738, -0.258]
tilt=20 x=-0.19 z=0.96 j2=0.438 ok=True [] q=[0.031, 0.438, -0.36, -2.388, -0.666, 2.841, -0.441]
tilt=20 x=-0.19 z=0.96 j2=0.417 ok=True [] q=[-0.231, 0.417, -0.117, -2.362, -0.871, 2.77, -0.302]
tilt=20 x=-0.19 z=0.96 j2=0.428 ok=True [] q=[-0.052, 0.428, -0.284, -2.379, -0.74, 2.819, -0.389]
tilt=20 x=-0.19 z=0.975 j2=0.387 ok=True [] q=[-0.03, 0.387, -0.301, -2.395, -0.701, 2.796, -0.431]
tilt=20 x=-0.19 z=0.975 j2=0.376 ok=True [] q=[-0.193, 0.376, -0.148, -2.381, -0.81, 2.757, -0.357]
tilt=20 x=-0.19 z=0.975 j2=0.388 ok=True [] q=[-0.581, 0.388, 0.23, -2.355, -1.015, 2.652, -0.228]
tilt=20 x=-0.19 z=0.975 j2=0.441 ok=True [] q=[0.29, 0.441, -0.582, -2.425, -0.383, 2.865, -0.657]
tilt=20 x=-0.19 z=0.975 j2=0.423 ok=True [] q=[0.214, 0.423, -0.519, -2.418, -0.476, 2.85, -0.59]
tilt=20 x=-0.19 z=0.975 j2=0.374 ok=True [] q=[-0.301, 0.374, -0.045, -2.373, -0.873, 2.73, -0.316]
tilt=40 x=-0.11 z=0.96: none
tilt=40 x=-0.11 z=0.975: none
tilt=40 x=-0.15 z=0.96: none
tilt=40 x=-0.15 z=0.975: none
tilt=40 x=-0.19 z=0.96: none
tilt=40 x=-0.19 z=0.975 j2=0.409 ok=True [] q=[-0.251, 0.409, 0.03, -2.327, -1.312, 2.424, 0.156]
tilt=40 x=-0.19 z=0.975 j2=0.412 ok=True [] q=[-0.072, 0.412, -0.152, -2.332, -1.256, 2.484, 0.135]
tilt=40 x=-0.19 z=0.975 j2=0.413 ok=True [] q=[-0.348, 0.413, 0.129, -2.325, -1.34, 2.39, 0.165]
tilt=40 x=-0.19 z=0.975 j2=0.416 ok=True [] q=[-0.019, 0.416, -0.206, -2.334, -1.238, 2.502, 0.127]
tilt=60 x=-0.11 z=0.96: none
tilt=60 x=-0.11 z=0.975: none
tilt=60 x=-0.15 z=0.96: none
tilt=60 x=-0.15 z=0.975: none
tilt=60 x=-0.19 z=0.96: none
tilt=60 x=-0.19 z=0.975: none
tilt=80 x=-0.11 z=0.96: none
tilt=80 x=-0.11 z=0.975: none
tilt=80 x=-0.15 z=0.96: none
tilt=80 x=-0.15 z=0.975: none
tilt=80 x=-0.19 z=0.96: none
tilt=80 x=-0.19 z=0.975: none
tilt=90 x=-0.11 z=0.96: none
tilt=90 x=-0.11 z=0.975: none
tilt=90 x=-0.15 z=0.96: none
tilt=90 x=-0.15 z=0.975: none
tilt=90 x=-0.19 z=0.96: none
tilt=90 x=-0.19 z=0.975: none
