start:
  q=[0.0, -0.161, 0.0, -2.445, 0.0, 2.227, 0.785]
  hand=[-0.203, -0.0, 1.2696] tcp=[-0.2089, -0.0, 1.1664] finger=0.0387
  hand Z=[-0.057, -0.0, -0.998] Y(finger axis)=[0.0, -1.0, 0.0]
pre tcp [-0.11  -0.071  1.1  ] Z [-0. -0. -1.] Y [-0.  1. -0.]
  move done code=-5 max_joint_err=2.3812
  q=[0.79, -0.275, -0.793, -2.184, -0.259, 2.375, 0.078]
  hand=[-0.1335, -0.0292, 1.421] tcp=[-0.0936, -0.0285, 1.3256] finger=0.0397
  hand Z=[0.386, 0.007, -0.922] Y(finger axis)=[0.685, -0.672, 0.281]
  cartesian fraction=1.000 points=36
  move done code=-5 max_joint_err=2.4636
  q=[0.631, 0.22, -0.675, -2.156, 0.243, 2.593, -0.434]
  hand=[-0.0767, -0.0212, 1.2577] tcp=[-0.0487, -0.0227, 1.1582] finger=0.0397
  hand Z=[0.271, -0.014, -0.962] Y(finger axis)=[0.817, -0.525, 0.238]
wrench [-1.23  0.67 -4.95 -0.11 -0.18  0.01]
  cartesian fraction=1.000 points=23
  move done code=-5 max_joint_err=1.4196
  q=[0.216, 0.498, -0.199, -2.201, 0.217, 2.68, -1.088]
  hand=[-0.1103, -0.0014, 1.0685] tcp=[-0.1104, -0.0013, 0.9651] finger=0.0400
  hand Z=[-0.001, 0.001, -1.0] Y(finger axis)=[0.989, 0.148, -0.001]
wrench [ 0.01  0.01 -5.1  -0.    0.    0.02]
  cartesian fraction=1.000 points=16
  move done code=-5 max_joint_err=0.8356
  q=[0.02, 0.197, -0.023, -2.208, 0.009, 2.405, -1.527]
  hand=[-0.1101, -0.0014, 1.203] tcp=[-0.11, -0.0013, 1.0996] finger=0.0400
  hand Z=[0.001, 0.001, -1.0] Y(finger axis)=[0.743, 0.669, 0.002]
