[robosuite WARNING] No private macro file found! (__init__.py:7)
[robosuite WARNING] It is recommended to use a private macro file (__init__.py:8)
[robosuite WARNING] To setup, run: python /storage/home/yehe8/.openrua/simulators/cap-x/capx/third_party/libero_dependencies/robosuite/robosuite/scripts/setup_macros.py (__init__.py:9)
Gym has been unmaintained since 2022 and does not support NumPy 2.0 amongst other critical functionality.
Please upgrade to Gymnasium, the maintained drop-in replacement of Gym, or contact the authors of your software and request that they upgrade.
See the migration guide at https://gymnasium.farama.org/introduction/migration_guide/ for additional information.
[info] Using default task order for benchmark 'libero_10_task' (10 tasks).
[Warning]: datasets path /storage/home/yehe8/.openrua/simulators/cap-x/capx/third_party/LIBERO-PRO/libero/datasets does not exist!
[Warning]: datasets path /storage/home/yehe8/.openrua/simulators/cap-x/capx/third_party/LIBERO-PRO/libero/datasets does not exist!
robot ready
[Warning]: datasets path /storage/home/yehe8/.openrua/simulators/cap-x/capx/third_party/LIBERO-PRO/libero/datasets does not exist!
[fjt] names=['panda_joint1', 'panda_joint2', 'panda_joint3', 'panda_joint4', 'panda_joint5', 'panda_joint6', 'panda_joint7'] pts=1
[fjt] times[0..2]=[0. 2.] times[-3:]=[0. 2.]
[fjt] goal=[ 0.    -0.161  0.    -2.445  0.     2.227  0.785]
[fjt] final=[ 0.    -0.161  0.    -2.445  0.     2.227  0.785]
[fjt] err=[0. 0. 0. 0. 0. 0. 0.]
[fjt] names=['panda_joint1', 'panda_joint2', 'panda_joint3', 'panda_joint4', 'panda_joint5', 'panda_joint6', 'panda_joint7'] pts=1
[fjt] times[0..2]=[0. 3.] times[-3:]=[0. 3.]
[fjt] goal=[ 0.234  0.242  0.156 -2.421 -0.08   2.659  1.242]
[fjt] final=[ 0.234  0.241  0.155 -2.422 -0.079  2.657  1.239]
[fjt] err=[-0.    -0.001 -0.001 -0.001  0.002 -0.002 -0.003]
[fjt] names=['panda_joint1', 'panda_joint2', 'panda_joint3', 'panda_joint4', 'panda_joint5', 'panda_joint6', 'panda_joint7'] pts=1
[fjt] times[0..2]=[0. 2.] times[-3:]=[0. 2.]
[fjt] goal=[ 0.176  0.451  0.184 -2.383 -0.253  2.818  1.368]
[fjt] final=[ 0.177  0.45   0.183 -2.383 -0.252  2.816  1.366]
[fjt] err=[ 0.001 -0.001 -0.001 -0.001  0.002 -0.002 -0.003]
[fjt] names=['panda_joint1', 'panda_joint2', 'panda_joint3', 'panda_joint4', 'panda_joint5', 'panda_joint6', 'panda_joint7'] pts=1
[fjt] times[0..2]=[0. 2.] times[-3:]=[0. 2.]
[fjt] goal=[ 0.178  0.453  0.188 -2.381 -0.251  2.819  0.582]
[fjt] final=[ 0.178  0.452  0.187 -2.381 -0.249  2.818  0.981]
[fjt] err=[-0.    -0.001 -0.001 -0.001  0.001 -0.     0.4  ]
[fjt] names=['panda_joint1', 'panda_joint2', 'panda_joint3', 'panda_joint4', 'panda_joint5', 'panda_joint6', 'panda_joint7'] pts=1
[fjt] times[0..2]=[0. 2.] times[-3:]=[0. 2.]
[fjt] goal=[ 0.178  0.453  0.188 -2.381 -0.251  2.819  0.582]
[fjt] final=[ 0.177  0.452  0.184 -2.382 -0.25   2.818  0.599]
[fjt] err=[-0.001 -0.001 -0.004 -0.001  0.001 -0.001  0.018]
[fjt] names=['panda_joint1', 'panda_joint2', 'panda_joint3', 'panda_joint4', 'panda_joint5', 'panda_joint6', 'panda_joint7'] pts=1
[fjt] times[0..2]=[0. 2.] times[-3:]=[0. 2.]
[fjt] goal=[ 0.177  0.452  0.184 -2.382 -0.25   2.818 -0.099]
[fjt] final=[ 0.176  0.453  0.18  -2.38  -0.248  2.818  0.204]
[fjt] err=[-0.001  0.001 -0.003  0.002  0.001 -0.     0.302]
[fjt] names=['panda_joint1', 'panda_joint2', 'panda_joint3', 'panda_joint4', 'panda_joint5', 'panda_joint6', 'panda_joint7'] pts=1
[fjt] times[0..2]=[0. 2.] times[-3:]=[0. 2.]
[fjt] goal=[ 0.177  0.452  0.184 -2.382 -0.25   2.818 -0.099]
[fjt] final=[ 0.176  0.454  0.178 -2.378 -0.25   2.818 -0.099]
[fjt] err=[-0.001  0.002 -0.006  0.004 -0.    -0.    -0.   ]
[fjt] names=['panda_joint1', 'panda_joint2', 'panda_joint3', 'panda_joint4', 'panda_joint5', 'panda_joint6', 'panda_joint7'] pts=1
[fjt] times[0..2]=[0. 2.] times[-3:]=[0. 2.]
[fjt] goal=[-0.135  0.195  0.512 -2.412 -0.178  2.576 -0.153]
[fjt] final=[-0.135  0.196  0.51  -2.411 -0.18   2.578 -0.151]
[fjt] err=[ 0.001  0.001 -0.001  0.001 -0.002  0.002  0.002]
[fjt] names=['panda_joint1', 'panda_joint2', 'panda_joint3', 'panda_joint4', 'panda_joint5', 'panda_joint6', 'panda_joint7'] pts=1
[fjt] times[0..2]=[0. 3.] times[-3:]=[0. 3.]
[fjt] goal=[-0.507  0.426  0.43  -2.065 -0.27   2.438 -0.689]
[fjt] final=[-0.506  0.426  0.431 -2.066 -0.268  2.44  -0.684]
[fjt] err=[ 0.    -0.001  0.    -0.001  0.001  0.002  0.004]
[fjt] names=['panda_joint1', 'panda_joint2', 'panda_joint3', 'panda_joint4', 'panda_joint5', 'panda_joint6', 'panda_joint7'] pts=1
[fjt] times[0..2]=[0. 2.] times[-3:]=[0. 2.]
[fjt] goal=[-0.535  0.691  0.429 -2.012 -0.533  2.592 -0.516]
[fjt] final=[-0.538  0.672  0.431 -1.997 -0.529  2.609 -0.513]
[fjt] err=[-0.003 -0.019  0.001  0.015  0.003  0.017  0.003]
[fjt] names=['panda_joint1', 'panda_joint2', 'panda_joint3', 'panda_joint4', 'panda_joint5', 'panda_joint6', 'panda_joint7'] pts=1
[fjt] times[0..2]=[0. 2.] times[-3:]=[0. 2.]
[fjt] goal=[-0.671  0.743  0.568 -1.996 -0.696  2.538 -0.416]
[fjt] final=[-0.672  0.741  0.565 -1.996 -0.694  2.541 -0.417]
[fjt] err=[-0.    -0.002 -0.002 -0.     0.002  0.003 -0.002]
[fjt] names=['panda_joint1', 'panda_joint2', 'panda_joint3', 'panda_joint4', 'panda_joint5', 'panda_joint6', 'panda_joint7'] pts=1
[fjt] times[0..2]=[0. 3.] times[-3:]=[0. 3.]
[fjt] goal=[-0.999  0.508  0.974 -2.029 -0.546  2.255 -0.508]
[fjt] final=[-0.998  0.51   0.972 -2.03  -0.547  2.257 -0.506]
[fjt] err=[ 0.001  0.002 -0.001 -0.    -0.001  0.002  0.002]
[fjt] names=['panda_joint1', 'panda_joint2', 'panda_joint3', 'panda_joint4', 'panda_joint5', 'panda_joint6', 'panda_joint7'] pts=1
[fjt] times[0..2]=[0. 4.] times[-3:]=[0. 4.]
[fjt] goal=[-0.124  0.893  0.924 -1.45  -0.742  1.972  0.127]
[fjt] final=[-0.223  0.893  0.924 -1.452 -0.74   1.974  0.128]
[fjt] err=[-0.099 -0.    -0.    -0.002  0.002  0.002  0.   ]
[fjt] names=['panda_joint1', 'panda_joint2', 'panda_joint3', 'panda_joint4', 'panda_joint5', 'panda_joint6', 'panda_joint7'] pts=1
[fjt] times[0..2]=[0. 4.] times[-3:]=[0. 4.]
[fjt] goal=[-0.124  0.893  0.924 -1.45  -0.742  1.972  0.127]
[fjt] final=[-0.125  0.894  0.924 -1.452 -0.74   1.974  0.128]
[fjt] err=[-0.     0.001 -0.001 -0.002  0.002  0.002  0.001]
[fjt] names=['panda_joint1', 'panda_joint2', 'panda_joint3', 'panda_joint4', 'panda_joint5', 'panda_joint6', 'panda_joint7'] pts=1
[fjt] times[0..2]=[0. 3.] times[-3:]=[0. 3.]
[fjt] goal=[-0.123  1.113  0.915 -1.44  -0.949  2.077  0.207]
[fjt] final=[-0.122  1.112  0.917 -1.442 -0.946  2.076  0.208]
[fjt] err=[ 0.001 -0.001  0.002 -0.002  0.003 -0.001  0.001]
[fjt] names=['panda_joint1', 'panda_joint2', 'panda_joint3', 'panda_joint4', 'panda_joint5', 'panda_joint6', 'panda_joint7'] pts=1
[fjt] times[0..2]=[0. 2.] times[-3:]=[0. 2.]
[fjt] goal=[-0.16   1.186  0.989 -1.427 -1.05   2.038  0.238]
[fjt] final=[-0.159  1.186  0.989 -1.429 -1.047  2.04   0.238]
[fjt] err=[ 0.001 -0.    -0.    -0.002  0.003  0.003 -0.   ]
[fjt] names=['panda_joint1', 'panda_joint2', 'panda_joint3', 'panda_joint4', 'panda_joint5', 'panda_joint6', 'panda_joint7'] pts=1
[fjt] times[0..2]=[0. 3.] times[-3:]=[0. 3.]
[fjt] goal=[-0.243  1.077  1.186 -1.427 -1.007  1.833  0.224]
[fjt] final=[-0.242  1.078  1.185 -1.428 -1.009  1.835  0.227]
[fjt] err=[ 0.     0.    -0.001 -0.001 -0.002  0.002  0.002]
[fjt] names=['panda_joint1', 'panda_joint2', 'panda_joint3', 'panda_joint4', 'panda_joint5', 'panda_joint6', 'panda_joint7'] pts=1
[fjt] times[0..2]=[0. 3.] times[-3:]=[0. 3.]
[fjt] goal=[-2.254  0.843  2.38  -2.582 -0.566  1.851  1.282]
[fjt] final=[-0.873  0.844  1.813 -2.047 -0.568  1.849  0.808]
[fjt] err=[ 1.381e+00  1.000e-03 -5.670e-01  5.350e-01 -2.000e-03 -2.000e-03
 -4.740e-01]
[fjt] names=['panda_joint1', 'panda_joint2', 'panda_joint3', 'panda_joint4', 'panda_joint5', 'panda_joint6', 'panda_joint7'] pts=1
[fjt] times[0..2]=[0. 3.] times[-3:]=[0. 3.]
[fjt] goal=[-2.254  0.843  2.38  -2.582 -0.566  1.851  1.282]
[fjt] final=[-1.51   0.844  2.377 -2.581 -0.567  1.85   1.278]
[fjt] err=[ 0.743  0.001 -0.003  0.002 -0.001 -0.001 -0.004]
[fjt] names=['panda_joint1', 'panda_joint2', 'panda_joint3', 'panda_joint4', 'panda_joint5', 'panda_joint6', 'panda_joint7'] pts=1
[fjt] times[0..2]=[0. 5.] times[-3:]=[0. 5.]
[fjt] goal=[-0.356  1.098  1.283 -1.56  -1.079  1.822  0.286]
[fjt] final=[-0.577  1.098  1.439 -1.653 -1.077  1.824  0.407]
[fjt] err=[-0.221 -0.001  0.156 -0.093  0.002  0.002  0.121]
[fjt] names=['panda_joint1', 'panda_joint2', 'panda_joint3', 'panda_joint4', 'panda_joint5', 'panda_joint6', 'panda_joint7'] pts=1
[fjt] times[0..2]=[0. 5.] times[-3:]=[0. 5.]
[fjt] goal=[-0.356  1.098  1.283 -1.56  -1.079  1.822  0.286]
[fjt] final=[-0.356  1.098  1.283 -1.562 -1.077  1.823  0.289]
[fjt] err=[-0.001 -0.     0.    -0.001  0.001  0.002  0.002]
[fjt] names=['panda_joint1', 'panda_joint2', 'panda_joint3', 'panda_joint4', 'panda_joint5', 'panda_joint6', 'panda_joint7'] pts=1
[fjt] times[0..2]=[0.  2.5] times[-3:]=[0.  2.5]
[fjt] goal=[-0.284  1.349  1.165 -1.471 -1.291  1.94   0.303]
[fjt] final=[-0.285  1.348  1.166 -1.472 -1.29   1.938  0.301]
[fjt] err=[-0.    -0.001  0.001 -0.001  0.002 -0.002 -0.002]
[fjt] names=['panda_joint1', 'panda_joint2', 'panda_joint3', 'panda_joint4', 'panda_joint5', 'panda_joint6', 'panda_joint7'] pts=1
[fjt] times[0..2]=[0.  1.5] times[-3:]=[0.  1.5]
[fjt] goal=[-0.299  1.384  1.204 -1.469 -1.335  1.909  0.31 ]
[fjt] final=[-0.298  1.384  1.203 -1.47  -1.334  1.911  0.308]
[fjt] err=[ 0.    -0.001 -0.001 -0.001  0.002  0.002 -0.002]
[fjt] names=['panda_joint1', 'panda_joint2', 'panda_joint3', 'panda_joint4', 'panda_joint5', 'panda_joint6', 'panda_joint7'] pts=1
[fjt] times[0..2]=[0. 3.] times[-3:]=[0. 3.]
[fjt] goal=[-0.351  1.183  1.445 -1.448 -1.17   1.64   0.272]
[fjt] final=[-0.351  1.184  1.443 -1.449 -1.171  1.643  0.275]
[fjt] err=[ 0.     0.001 -0.002 -0.001 -0.001  0.003  0.002]
[fjt] names=['panda_joint1', 'panda_joint2', 'panda_joint3', 'panda_joint4', 'panda_joint5', 'panda_joint6', 'panda_joint7'] pts=1
[fjt] times[0..2]=[0. 4.] times[-3:]=[0. 4.]
[fjt] goal=[-1.305  1.111  1.573 -1.931 -1.136  1.726 -0.194]
[fjt] final=[-1.13   1.112  1.572 -1.931 -1.137  1.725 -0.194]
[fjt] err=[ 0.175  0.001 -0.001 -0.    -0.001 -0.001 -0.   ]
[fjt] names=['panda_joint1', 'panda_joint2', 'panda_joint3', 'panda_joint4', 'panda_joint5', 'panda_joint6', 'panda_joint7'] pts=1
[fjt] times[0..2]=[0. 4.] times[-3:]=[0. 4.]
[fjt] goal=[-1.305  1.111  1.573 -1.931 -1.136  1.726 -0.194]
[fjt] final=[-1.305  1.112  1.571 -1.931 -1.137  1.725 -0.194]
[fjt] err=[ 0.     0.001 -0.002 -0.001 -0.001 -0.001 -0.001]
[fjt] names=['panda_joint1', 'panda_joint2', 'panda_joint3', 'panda_joint4', 'panda_joint5', 'panda_joint6', 'panda_joint7'] pts=1
[fjt] times[0..2]=[0. 3.] times[-3:]=[0. 3.]
[fjt] goal=[-1.21   1.373  1.262 -1.93  -1.486  1.926 -0.112]
[fjt] final=[-1.21   1.373  1.262 -1.931 -1.484  1.925 -0.114]
[fjt] err=[-0.    -0.    -0.    -0.001  0.002 -0.002 -0.002]
[fjt] names=['panda_joint1', 'panda_joint2', 'panda_joint3', 'panda_joint4', 'panda_joint5', 'panda_joint6', 'panda_joint7'] pts=1
[fjt] times[0..2]=[0.  1.5] times[-3:]=[0.  1.5]
[fjt] goal=[-1.215  1.391  1.273 -1.929 -1.5    1.91  -0.111]
[fjt] final=[-1.215  1.391  1.271 -1.93  -1.498  1.913 -0.113]
[fjt] err=[ 0.    -0.    -0.002 -0.001  0.002  0.003 -0.002]
[fjt] names=['panda_joint1', 'panda_joint2', 'panda_joint3', 'panda_joint4', 'panda_joint5', 'panda_joint6', 'panda_joint7'] pts=1
[fjt] times[0..2]=[0.  2.5] times[-3:]=[0.  2.5]
[fjt] goal=[-1.292  1.241  1.537 -1.955 -1.275  1.723 -0.151]
[fjt] final=[-1.292  1.242  1.536 -1.954 -1.277  1.724 -0.149]
[fjt] err=[ 0.001  0.001 -0.001  0.001 -0.002  0.002  0.002]
[fjt] names=['panda_joint1', 'panda_joint2', 'panda_joint3', 'panda_joint4', 'panda_joint5', 'panda_joint6', 'panda_joint7'] pts=1
[fjt] times[0..2]=[0. 3.] times[-3:]=[0. 3.]
[fjt] goal=[-1.09   1.213  1.409 -1.963 -1.29   1.848  1.589]
[fjt] final=[-1.09   1.213  1.41  -1.962 -1.289  1.845  0.438]
[fjt] err=[-0.000e+00  1.000e-03  1.000e-03  0.000e+00  1.000e-03 -2.000e-03
 -1.151e+00]
[fjt] names=['panda_joint1', 'panda_joint2', 'panda_joint3', 'panda_joint4', 'panda_joint5', 'panda_joint6', 'panda_joint7'] pts=1
[fjt] times[0..2]=[0. 3.] times[-3:]=[0. 3.]
[fjt] goal=[-1.09   1.213  1.409 -1.963 -1.29   1.848  1.589]
[fjt] final=[-1.09   1.213  1.41  -1.963 -1.289  1.846  1.013]
[fjt] err=[-0.     0.001  0.001  0.     0.001 -0.002 -0.577]
[fjt] names=['panda_joint1', 'panda_joint2', 'panda_joint3', 'panda_joint4', 'panda_joint5', 'panda_joint6', 'panda_joint7'] pts=1
[fjt] times[0..2]=[0. 2.] times[-3:]=[0. 2.]
[fjt] goal=[-1.014  1.344  1.217 -1.915 -1.464  1.975  1.624]
[fjt] final=[-1.013  1.343  1.22  -1.918 -1.462  1.975  1.437]
[fjt] err=[ 0.    -0.     0.003 -0.002  0.002 -0.001 -0.188]
[fjt] names=['panda_joint1', 'panda_joint2', 'panda_joint3', 'panda_joint4', 'panda_joint5', 'panda_joint6', 'panda_joint7'] pts=1
[fjt] times[0..2]=[0. 2.] times[-3:]=[0. 2.]
[fjt] goal=[-1.014  1.344  1.217 -1.915 -1.464  1.975  1.624]
[fjt] final=[-1.013  1.343  1.22  -1.917 -1.462  1.975  1.622]
[fjt] err=[ 0.    -0.     0.002 -0.002  0.002 -0.    -0.002]
[fjt] names=['panda_joint1', 'panda_joint2', 'panda_joint3', 'panda_joint4', 'panda_joint5', 'panda_joint6', 'panda_joint7'] pts=1
[fjt] times[0..2]=[0. 1.] times[-3:]=[0. 1.]
[fjt] goal=[-1.022  1.365  1.232 -1.915 -1.482  1.955  1.626]
[fjt] final=[-1.021  1.365  1.232 -1.916 -1.48   1.958  1.624]
[fjt] err=[ 0.    -0.001 -0.    -0.001  0.002  0.002 -0.002]
[fjt] names=['panda_joint1', 'panda_joint2', 'panda_joint3', 'panda_joint4', 'panda_joint5', 'panda_joint6', 'panda_joint7'] pts=1
[fjt] times[0..2]=[0. 3.] times[-3:]=[0. 3.]
[fjt] goal=[-0.423  1.574  1.258 -0.851 -1.363  1.807  1.188]
[fjt] final=[-0.648  1.5    1.294 -1.398 -1.34   1.476  1.178]
[fjt] err=[-0.225 -0.075  0.036 -0.548  0.023 -0.33  -0.01 ]
[fjt] names=['panda_joint1', 'panda_joint2', 'panda_joint3', 'panda_joint4', 'panda_joint5', 'panda_joint6', 'panda_joint7'] pts=1
[fjt] times[0..2]=[0. 3.] times[-3:]=[0. 3.]
[fjt] goal=[-0.423  1.574  1.258 -0.851 -1.363  1.807  1.188]
[fjt] final=[-0.421  1.569  1.267 -0.868 -1.356  1.799  1.191]
[fjt] err=[ 0.002 -0.005  0.009 -0.017  0.007 -0.007  0.002]
[fjt] names=['panda_joint1', 'panda_joint2', 'panda_joint3', 'panda_joint4', 'panda_joint5', 'panda_joint6', 'panda_joint7'] pts=1
[fjt] times[0..2]=[0.  1.5] times[-3:]=[0.  1.5]
[fjt] goal=[-0.427  1.585  1.28  -0.85  -1.386  1.797  1.19 ]
[fjt] final=[-0.424  1.58   1.285 -0.859 -1.379  1.796  1.191]
[fjt] err=[ 0.002 -0.004  0.005 -0.009  0.008 -0.002  0.001]
[fjt] names=['panda_joint1', 'panda_joint2', 'panda_joint3', 'panda_joint4', 'panda_joint5', 'panda_joint6', 'panda_joint7'] pts=1
[fjt] times[0..2]=[0. 2.] times[-3:]=[0. 2.]
[fjt] goal=[-0.466  1.375  1.4   -0.9   -1.312  1.58   1.201]
[fjt] final=[-0.466  1.375  1.4   -0.899 -1.313  1.582  1.199]
[fjt] err=[ 0.     0.001 -0.001  0.001 -0.001  0.002 -0.002]
[fjt] names=['panda_joint1', 'panda_joint2', 'panda_joint3', 'panda_joint4', 'panda_joint5', 'panda_joint6', 'panda_joint7'] pts=1
[fjt] times[0..2]=[0. 4.] times[-3:]=[0. 4.]
[fjt] goal=[-2.011 -1.442  1.603 -1.984  1.465  1.652 -1.632]
[fjt] final=[-1.254  0.583  1.603 -1.662 -0.536  1.652  0.477]
[fjt] err=[ 0.757  2.025 -0.     0.322 -2.001 -0.     2.109]
[fjt] names=['panda_joint1', 'panda_joint2', 'panda_joint3', 'panda_joint4', 'panda_joint5', 'panda_joint6', 'panda_joint7'] pts=1
[fjt] times[0..2]=[0. 4.] times[-3:]=[0. 4.]
[fjt] goal=[-2.011 -1.442  1.603 -1.984  1.465  1.652 -1.632]
[fjt] final=[-2.004 -0.214  1.603 -1.983  0.243  1.652 -0.298]
[fjt] err=[ 7.000e-03  1.227e+00 -0.000e+00  1.000e-03 -1.222e+00 -0.000e+00
  1.334e+00]
[fjt] names=['panda_joint1', 'panda_joint2', 'panda_joint3', 'panda_joint4', 'panda_joint5', 'panda_joint6', 'panda_joint7'] pts=1
[fjt] times[0..2]=[0. 2.] times[-3:]=[0. 2.]
[fjt] goal=[-2.897 -0.646  2.833 -2.047  0.389  2.638 -1.134]
[fjt] final=[-2.467 -0.639  2.061 -2.046  0.388  2.093 -0.737]
[fjt] err=[ 0.43   0.007 -0.772  0.001 -0.001 -0.545  0.397]
[fjt] names=['panda_joint1', 'panda_joint2', 'panda_joint3', 'panda_joint4', 'panda_joint5', 'panda_joint6', 'panda_joint7'] pts=1
[fjt] times[0..2]=[0. 2.] times[-3:]=[0. 2.]
[fjt] goal=[-2.897 -0.646  2.833 -2.047  0.389  2.638 -1.134]
[fjt] final=[-2.891 -0.646  2.521 -2.046  0.388  2.533 -1.123]
[fjt] err=[ 0.006  0.    -0.312  0.    -0.001 -0.105  0.011]
[fjt] names=['panda_joint1', 'panda_joint2', 'panda_joint3', 'panda_joint4', 'panda_joint5', 'panda_joint6', 'panda_joint7'] pts=1
[fjt] times[0..2]=[0. 1.] times[-3:]=[0. 1.]
[fjt] goal=[-2.897 -0.646  2.833 -2.047  0.389  2.638 -1.134]
[fjt] final=[-2.897 -0.646  2.812 -2.046  0.388  2.636 -1.13 ]
[fjt] err=[ 0.     0.    -0.022  0.    -0.    -0.002  0.004]
[fjt] names=['panda_joint1', 'panda_joint2', 'panda_joint3', 'panda_joint4', 'panda_joint5', 'panda_joint6', 'panda_joint7'] pts=1
[fjt] times[0..2]=[0. 1.] times[-3:]=[0. 1.]
[fjt] goal=[-2.897 -0.646  2.833 -2.047  0.389  2.638 -1.134]
[fjt] final=[-2.897 -0.646  2.832 -2.046  0.388  2.636 -1.132]
[fjt] err=[ 0.     0.    -0.002  0.    -0.    -0.002  0.002]
[fjt] names=['panda_joint1', 'panda_joint2', 'panda_joint3', 'panda_joint4', 'panda_joint5', 'panda_joint6', 'panda_joint7'] pts=1
[fjt] times[0..2]=[0. 3.] times[-3:]=[0. 3.]
[fjt] goal=[-2.897 -0.266  2.8   -2.066  0.12   2.313 -0.953]
[fjt] final=[-2.897 -0.266  2.8   -2.065  0.121  2.315 -0.955]
[fjt] err=[ 0.    -0.001  0.     0.001  0.002  0.002 -0.002]
[fjt] names=['panda_joint1', 'panda_joint2', 'panda_joint3', 'panda_joint4', 'panda_joint5', 'panda_joint6', 'panda_joint7'] pts=1
[fjt] times[0..2]=[0. 4.] times[-3:]=[0. 4.]
[fjt] goal=[-2.399 -0.644  2.897 -1.464  0.168  2.088 -0.324]
[fjt] final=[-2.4   -0.644  2.897 -1.466  0.167  2.09  -0.326]
[fjt] err=[-0.     0.001 -0.    -0.002 -0.001  0.002 -0.002]
[fjt] names=['panda_joint1', 'panda_joint2', 'panda_joint3', 'panda_joint4', 'panda_joint5', 'panda_joint6', 'panda_joint7'] pts=1
[fjt] times[0..2]=[0.  1.5] times[-3:]=[0.  1.5]
[fjt] goal=[-2.399 -0.644  2.897 -1.464  0.168  2.088 -0.324]
[fjt] final=[-2.4   -0.644  2.897 -1.466  0.167  2.09  -0.326]
[fjt] err=[-0.     0.001 -0.    -0.001 -0.001  0.002 -0.002]
[fjt] names=['panda_joint1', 'panda_joint2', 'panda_joint3', 'panda_joint4', 'panda_joint5', 'panda_joint6', 'panda_joint7'] pts=1
[fjt] times[0..2]=[0. 3.] times[-3:]=[0. 3.]
[fjt] goal=[-2.393 -0.86   2.897 -1.481  0.251  2.311 -0.369]
[fjt] final=[-2.393 -0.86   2.897 -1.48   0.249  2.309 -0.366]
[fjt] err=[-0.     0.    -0.     0.001 -0.002 -0.002  0.002]
[fjt] names=['panda_joint1', 'panda_joint2', 'panda_joint3', 'panda_joint4', 'panda_joint5', 'panda_joint6', 'panda_joint7'] pts=1
[fjt] times[0..2]=[0. 1.] times[-3:]=[0. 1.]
[fjt] goal=[-2.393 -0.86   2.897 -1.481  0.251  2.311 -0.369]
[fjt] final=[-2.393 -0.86   2.897 -1.48   0.249  2.309 -0.366]
[fjt] err=[-0.     0.    -0.     0.001 -0.002 -0.002  0.002]
[fjt] names=['panda_joint1', 'panda_joint2', 'panda_joint3', 'panda_joint4', 'panda_joint5', 'panda_joint6', 'panda_joint7'] pts=1
[fjt] times[0..2]=[0. 2.] times[-3:]=[0. 2.]
[fjt] goal=[-2.399 -0.644  2.897 -1.464  0.168  2.088 -0.324]
[fjt] final=[-2.399 -0.645  2.897 -1.465  0.17   2.09  -0.326]
[fjt] err=[ 0.    -0.    -0.    -0.001  0.002  0.002 -0.002]
[fjt] names=['panda_joint1', 'panda_joint2', 'panda_joint3', 'panda_joint4', 'panda_joint5', 'panda_joint6', 'panda_joint7'] pts=1
[fjt] times[0..2]=[0. 4.] times[-3:]=[0. 4.]
[fjt] goal=[-2.843 -0.404  2.752 -2.089  0.237  2.452 -1.032]
[fjt] final=[-2.842 -0.404  2.752 -2.088  0.236  2.45  -1.025]
[fjt] err=[ 0.    -0.001  0.     0.001 -0.001 -0.002  0.007]
[fjt] names=['panda_joint1', 'panda_joint2', 'panda_joint3', 'panda_joint4', 'panda_joint5', 'panda_joint6', 'panda_joint7'] pts=1
[fjt] times[0..2]=[0.  1.5] times[-3:]=[0.  1.5]
[fjt] goal=[-2.897 -0.395  2.808 -2.091  0.201  2.456 -1.007]
[fjt] final=[-2.897 -0.396  2.807 -2.089  0.203  2.454 -1.01 ]
[fjt] err=[ 0.001 -0.001 -0.001  0.001  0.002 -0.002 -0.003]
[fjt] names=['panda_joint1', 'panda_joint2', 'panda_joint3', 'panda_joint4', 'panda_joint5', 'panda_joint6', 'panda_joint7'] pts=1
[fjt] times[0..2]=[0. 2.] times[-3:]=[0. 2.]
[fjt] goal=[-2.897 -0.646  2.833 -2.047  0.389  2.638 -1.134]
[fjt] final=[-2.897 -0.646  2.832 -2.048  0.387  2.636 -1.132]
[fjt] err=[ 0.     0.001 -0.001 -0.001 -0.002 -0.002  0.003]
[fjt] names=['panda_joint1', 'panda_joint2', 'panda_joint3', 'panda_joint4', 'panda_joint5', 'panda_joint6', 'panda_joint7'] pts=1
[fjt] times[0..2]=[0. 1.] times[-3:]=[0. 1.]
[fjt] goal=[-2.897 -0.646  2.833 -2.047  0.389  2.638 -1.134]
[fjt] final=[-2.897 -0.646  2.832 -2.047  0.387  2.636 -1.132]
[fjt] err=[ 0.     0.001 -0.001 -0.001 -0.002 -0.002  0.002]
[fjt] names=['panda_joint1', 'panda_joint2', 'panda_joint3', 'panda_joint4', 'panda_joint5', 'panda_joint6', 'panda_joint7'] pts=1
[fjt] times[0..2]=[0. 3.] times[-3:]=[0. 3.]
[fjt] goal=[-2.897 -0.266  2.8   -2.066  0.12   2.313 -0.953]
[fjt] final=[-2.897 -0.267  2.801 -2.066  0.122  2.314 -0.955]
[fjt] err=[ 0.    -0.001  0.001 -0.     0.003  0.001 -0.002]
[fjt] names=['panda_joint1', 'panda_joint2', 'panda_joint3', 'panda_joint4', 'panda_joint5', 'panda_joint6', 'panda_joint7'] pts=1
[fjt] times[0..2]=[0. 4.] times[-3:]=[0. 4.]
[fjt] goal=[-2.399 -0.644  2.897 -1.464  0.168  2.088 -0.324]
[fjt] final=[-2.4   -0.644  2.897 -1.467  0.168  2.091 -0.326]
[fjt] err=[-0.     0.    -0.    -0.003 -0.     0.003 -0.003]
[fjt] names=['panda_joint1', 'panda_joint2', 'panda_joint3', 'panda_joint4', 'panda_joint5', 'panda_joint6', 'panda_joint7'] pts=1
[fjt] times[0..2]=[0.  1.5] times[-3:]=[0.  1.5]
[fjt] goal=[-2.399 -0.644  2.897 -1.464  0.168  2.088 -0.324]
[fjt] final=[-2.4   -0.645  2.897 -1.466  0.168  2.09  -0.326]
[fjt] err=[-0.    -0.     0.    -0.002 -0.     0.002 -0.002]
[fjt] names=['panda_joint1', 'panda_joint2', 'panda_joint3', 'panda_joint4', 'panda_joint5', 'panda_joint6', 'panda_joint7'] pts=1
[fjt] times[0..2]=[0. 3.] times[-3:]=[0. 3.]
[fjt] goal=[-2.393 -0.842  2.897 -1.486  0.244  2.298 -0.365]
[fjt] final=[-2.392 -0.841  2.897 -1.483  0.242  2.296 -0.363]
[fjt] err=[ 0.001  0.001  0.     0.003 -0.001 -0.002  0.002]
[fjt] names=['panda_joint1', 'panda_joint2', 'panda_joint3', 'panda_joint4', 'panda_joint5', 'panda_joint6', 'panda_joint7'] pts=1
[fjt] times[0..2]=[0.  1.5] times[-3:]=[0.  1.5]
[fjt] goal=[-2.392 -0.87   2.897 -1.478  0.255  2.317 -0.371]
[fjt] final=[-2.392 -0.87   2.897 -1.477  0.253  2.315 -0.368]
[fjt] err=[ 0.001  0.     0.     0.002 -0.001 -0.002  0.003]
[fjt] names=['panda_joint1', 'panda_joint2', 'panda_joint3', 'panda_joint4', 'panda_joint5', 'panda_joint6', 'panda_joint7'] pts=1
[fjt] times[0..2]=[0. 1.] times[-3:]=[0. 1.]
[fjt] goal=[-2.392 -0.87   2.897 -1.478  0.255  2.317 -0.371]
[fjt] final=[-2.392 -0.87   2.897 -1.477  0.254  2.316 -0.369]
[fjt] err=[ 0.     0.     0.     0.001 -0.001 -0.002  0.002]
[fjt] names=['panda_joint1', 'panda_joint2', 'panda_joint3', 'panda_joint4', 'panda_joint5', 'panda_joint6', 'panda_joint7'] pts=1
[fjt] times[0..2]=[0. 3.] times[-3:]=[0. 3.]
[fjt] goal=[-2.399 -0.644  2.897 -1.464  0.168  2.088 -0.324]
[fjt] final=[-2.399 -0.645  2.897 -1.465  0.169  2.09  -0.326]
[fjt] err=[ 0.    -0.    -0.    -0.001  0.002  0.002 -0.002]
[fjt] names=['panda_joint1', 'panda_joint2', 'panda_joint3', 'panda_joint4', 'panda_joint5', 'panda_joint6', 'panda_joint7'] pts=1
[fjt] times[0..2]=[0. 4.] times[-3:]=[0. 4.]
[fjt] goal=[-2.263  0.074  2.897 -2.262 -0.022  2.19  -0.137]
[fjt] final=[-2.263  0.072  2.897 -2.224 -0.021  2.189 -0.14 ]
[fjt] err=[-0.    -0.003 -0.     0.038  0.001 -0.001 -0.002]
[fjt] names=['panda_joint1', 'panda_joint2', 'panda_joint3', 'panda_joint4', 'panda_joint5', 'panda_joint6', 'panda_joint7'] pts=1
[fjt] times[0..2]=[0. 4.] times[-3:]=[0. 4.]
[fjt] goal=[-2.263  0.074  2.897 -2.262 -0.022  2.19  -0.137]
[fjt] final=[-2.263  0.074  2.897 -2.261 -0.021  2.189 -0.139]
[fjt] err=[-0.    -0.001 -0.     0.001  0.001 -0.001 -0.002]
[fjt] names=['panda_joint1', 'panda_joint2', 'panda_joint3', 'panda_joint4', 'panda_joint5', 'panda_joint6', 'panda_joint7'] pts=1
[fjt] times[0..2]=[0. 4.] times[-3:]=[0. 4.]
[fjt] goal=[-2.864  0.718  2.306 -2.486 -0.542  1.904  0.564]
[fjt] final=[-2.863  0.717  2.308 -2.485 -0.541  1.906  0.413]
[fjt] err=[ 0.001 -0.001  0.001  0.     0.001  0.002 -0.151]
[fjt] names=['panda_joint1', 'panda_joint2', 'panda_joint3', 'panda_joint4', 'panda_joint5', 'panda_joint6', 'panda_joint7'] pts=1
[fjt] times[0..2]=[0. 4.] times[-3:]=[0. 4.]
[fjt] goal=[-2.864  0.718  2.306 -2.486 -0.542  1.904  0.564]
[fjt] final=[-2.864  0.717  2.307 -2.485 -0.541  1.906  0.562]
[fjt] err=[ 0.    -0.001  0.     0.     0.001  0.001 -0.002]
