[robosuite WARNING] No private macro file found! (__init__.py:7)
[robosuite WARNING] It is recommended to use a private macro file (__init__.py:8)
[robosuite WARNING] To setup, run: python /storage/home/yehe8/.openrua/simulators/cap-x/capx/third_party/libero_dependencies/robosuite/robosuite/scripts/setup_macros.py (__init__.py:9)
Gym has been unmaintained since 2022 and does not support NumPy 2.0 amongst other critical functionality.
Please upgrade to Gymnasium, the maintained drop-in replacement of Gym, or contact the authors of your software and request that they upgrade.
See the migration guide at https://gymnasium.farama.org/introduction/migration_guide/ for additional information.
[info] Using default task order for benchmark 'libero_10_swap' (10 tasks).
[Warning]: datasets path /storage/home/yehe8/.openrua/simulators/cap-x/capx/third_party/LIBERO-PRO/libero/datasets does not exist!
[Warning]: datasets path /storage/home/yehe8/.openrua/simulators/cap-x/capx/third_party/LIBERO-PRO/libero/datasets does not exist!
robot ready
[Warning]: datasets path /storage/home/yehe8/.openrua/simulators/cap-x/capx/third_party/LIBERO-PRO/libero/datasets does not exist!
[fjt] names=['panda_joint1', 'panda_joint2', 'panda_joint3', 'panda_joint4', 'panda_joint5', 'panda_joint6', 'panda_joint7'] pts=1
[fjt] times[0..2]=[0. 4.] times[-3:]=[0. 4.]
[fjt] goal=[ 0.065  0.053  0.085 -2.614 -0.01   2.667  0.944]
[fjt] final=[ 0.065  0.053  0.085 -2.613 -0.008  2.664  0.942]
[fjt] err=[-0.    -0.    -0.001  0.001  0.001 -0.002 -0.003]
[fjt] names=['panda_joint1', 'panda_joint2', 'panda_joint3', 'panda_joint4', 'panda_joint5', 'panda_joint6', 'panda_joint7'] pts=1
[fjt] times[0..2]=[0. 3.] times[-3:]=[0. 3.]
[fjt] goal=[ 0.095  0.414  0.038 -2.559 -0.091  2.973  1.005]
[fjt] final=[ 0.095  0.398  0.039 -2.565 -0.09   2.965  1.004]
[fjt] err=[-0.    -0.016  0.001 -0.006  0.001 -0.007 -0.001]
[fjt] names=['panda_joint1', 'panda_joint2', 'panda_joint3', 'panda_joint4', 'panda_joint5', 'panda_joint6', 'panda_joint7'] pts=1
[fjt] times[0..2]=[0. 3.] times[-3:]=[0. 3.]
[fjt] goal=[ 0.012 -0.08   0.142 -2.599  0.019  2.52   0.923]
[fjt] final=[ 0.012 -0.079  0.141 -2.598  0.018  2.522  0.926]
[fjt] err=[ 0.     0.001 -0.001  0.001 -0.002  0.002  0.002]
[fjt] names=['panda_joint1', 'panda_joint2', 'panda_joint3', 'panda_joint4', 'panda_joint5', 'panda_joint6', 'panda_joint7'] pts=1
[fjt] times[0..2]=[0. 4.] times[-3:]=[0. 4.]
[fjt] goal=[ 0.151  0.126  0.316 -2.1   -0.049  2.219  1.28 ]
[fjt] final=[ 0.151  0.126  0.316 -2.101 -0.048  2.221  1.277]
[fjt] err=[-0.    -0.001 -0.001 -0.002  0.001  0.002 -0.003]
[fjt] names=['panda_joint1', 'panda_joint2', 'panda_joint3', 'panda_joint4', 'panda_joint5', 'panda_joint6', 'panda_joint7'] pts=1
[fjt] times[0..2]=[0. 3.] times[-3:]=[0. 3.]
[fjt] goal=[ 0.139  0.026  0.323 -1.954 -0.009  1.978  1.252]
[fjt] final=[ 0.14   0.026  0.323 -1.955 -0.01   1.981  1.254]
[fjt] err=[ 0.     0.    -0.001 -0.001 -0.001  0.002  0.002]
[fjt] names=['panda_joint1', 'panda_joint2', 'panda_joint3', 'panda_joint4', 'panda_joint5', 'panda_joint6', 'panda_joint7'] pts=1
[fjt] times[0..2]=[0. 4.] times[-3:]=[0. 4.]
[fjt] goal=[-0.082  0.245 -0.365 -2.247  0.14   2.472  0.238]
[fjt] final=[-0.082  0.245 -0.364 -2.246  0.139  2.47   0.496]
[fjt] err=[ 0.    -0.     0.001  0.001 -0.001 -0.002  0.258]
[fjt] names=['panda_joint1', 'panda_joint2', 'panda_joint3', 'panda_joint4', 'panda_joint5', 'panda_joint6', 'panda_joint7'] pts=1
[fjt] times[0..2]=[0. 4.] times[-3:]=[0. 4.]
[fjt] goal=[-0.082  0.245 -0.365 -2.247  0.14   2.472  0.238]
[fjt] final=[-0.082  0.245 -0.365 -2.246  0.14   2.47   0.241]
[fjt] err=[ 0.    -0.     0.     0.001 -0.001 -0.002  0.003]
[fjt] names=['panda_joint1', 'panda_joint2', 'panda_joint3', 'panda_joint4', 'panda_joint5', 'panda_joint6', 'panda_joint7'] pts=1
[fjt] times[0..2]=[0. 3.] times[-3:]=[0. 3.]
[fjt] goal=[-0.166  0.588 -0.243 -2.197  0.356  2.749  0.085]
[fjt] final=[-0.165  0.58  -0.245 -2.2    0.352  2.745  0.088]
[fjt] err=[ 0.001 -0.008 -0.003 -0.003 -0.003 -0.004  0.002]
[fjt] names=['panda_joint1', 'panda_joint2', 'panda_joint3', 'panda_joint4', 'panda_joint5', 'panda_joint6', 'panda_joint7'] pts=1
[fjt] times[0..2]=[0. 3.] times[-3:]=[0. 3.]
[fjt] goal=[ 0.021  0.172 -0.474 -2.229  0.114  2.38   0.256]
[fjt] final=[ 0.021  0.173 -0.473 -2.229  0.116  2.382  0.254]
[fjt] err=[-0.001  0.001  0.001  0.001  0.002  0.002 -0.002]
[fjt] names=['panda_joint1', 'panda_joint2', 'panda_joint3', 'panda_joint4', 'panda_joint5', 'panda_joint6', 'panda_joint7'] pts=1
[fjt] times[0..2]=[0. 4.] times[-3:]=[0. 4.]
[fjt] goal=[ 0.419 -0.125 -0.413 -2.332 -0.062  2.217  0.832]
[fjt] final=[ 0.419 -0.124 -0.414 -2.332 -0.061  2.219  0.83 ]
[fjt] err=[-0.     0.001 -0.001  0.001  0.002  0.002 -0.003]
[fjt] names=['panda_joint1', 'panda_joint2', 'panda_joint3', 'panda_joint4', 'panda_joint5', 'panda_joint6', 'panda_joint7'] pts=1
[fjt] times[0..2]=[0. 4.] times[-3:]=[0. 4.]
[fjt] goal=[ 0.619  0.16  -0.177 -2.049  0.035  2.206  1.209]
[fjt] final=[ 0.619  0.159 -0.178 -2.051  0.034  2.208  1.207]
[fjt] err=[-0.    -0.001 -0.001 -0.002 -0.001  0.002 -0.002]
[fjt] names=['panda_joint1', 'panda_joint2', 'panda_joint3', 'panda_joint4', 'panda_joint5', 'panda_joint6', 'panda_joint7'] pts=1
[fjt] times[0..2]=[0. 3.] times[-3:]=[0. 3.]
[fjt] goal=[ 0.628  0.056 -0.184 -1.864  0.011  1.919  1.226]
[fjt] final=[ 0.627  0.057 -0.183 -1.865  0.012  1.921  1.224]
[fjt] err=[-0.     0.     0.001 -0.001  0.001  0.002 -0.002]
