[robosuite WARNING] No private macro file found! (__init__.py:7)
[robosuite WARNING] It is recommended to use a private macro file (__init__.py:8)
[robosuite WARNING] To setup, run: python /storage/home/yehe8/.openrua/simulators/cap-x/capx/third_party/libero_dependencies/robosuite/robosuite/scripts/setup_macros.py (__init__.py:9)
Gym has been unmaintained since 2022 and does not support NumPy 2.0 amongst other critical functionality.
Please upgrade to Gymnasium, the maintained drop-in replacement of Gym, or contact the authors of your software and request that they upgrade.
See the migration guide at https://gymnasium.farama.org/introduction/migration_guide/ for additional information.
[info] Using default task order for benchmark 'libero_10_task' (10 tasks).
[Warning]: datasets path /storage/home/yehe8/.openrua/simulators/cap-x/capx/third_party/LIBERO-PRO/libero/datasets does not exist!
[Warning]: datasets path /storage/home/yehe8/.openrua/simulators/cap-x/capx/third_party/LIBERO-PRO/libero/datasets does not exist!
robot ready
[Warning]: datasets path /storage/home/yehe8/.openrua/simulators/cap-x/capx/third_party/LIBERO-PRO/libero/datasets does not exist!
[fjt] names=['panda_joint1', 'panda_joint2', 'panda_joint3', 'panda_joint4', 'panda_joint5', 'panda_joint6', 'panda_joint7'] pts=1
[fjt] times[0..2]=[0. 4.] times[-3:]=[0. 4.]
[fjt] goal=[ 0.063  0.637 -0.041 -1.622  0.031  2.258 -1.56 ]
[fjt] final=[ 0.063  0.608 -0.04  -1.676  0.031  2.256  0.071]
[fjt] err=[-1.000e-03 -2.800e-02  0.000e+00 -5.400e-02 -1.000e-03 -2.000e-03
  1.631e+00]
[fjt] names=['panda_joint1', 'panda_joint2', 'panda_joint3', 'panda_joint4', 'panda_joint5', 'panda_joint6', 'panda_joint7'] pts=1
[fjt] times[0..2]=[0. 4.] times[-3:]=[0. 4.]
[fjt] goal=[-0.179  0.652  0.247 -1.619 -0.191  2.247 -1.431]
[fjt] final=[-0.178  0.652  0.246 -1.62  -0.189  2.249 -0.639]
[fjt] err=[ 0.    -0.001 -0.001 -0.001  0.002  0.002  0.792]
[fjt] names=['panda_joint1', 'panda_joint2', 'panda_joint3', 'panda_joint4', 'panda_joint5', 'panda_joint6', 'panda_joint7'] pts=1
[fjt] times[0..2]=[0.  2.5] times[-3:]=[0.  2.5]
[fjt] goal=[-0.255  0.851  0.331 -1.59  -0.362  2.379 -1.336]
[fjt] final=[-0.254  0.85   0.33  -1.59  -0.359  2.377 -1.127]
[fjt] err=[ 0.    -0.001 -0.001 -0.001  0.003 -0.002  0.209]
[fjt] names=['panda_joint1', 'panda_joint2', 'panda_joint3', 'panda_joint4', 'panda_joint5', 'panda_joint6', 'panda_joint7'] pts=1
[fjt] times[0..2]=[0.  2.5] times[-3:]=[0.  2.5]
[fjt] goal=[-0.285  0.859  0.367 -1.587 -0.401  2.371 -1.314]
[fjt] final=[-0.284  0.859  0.366 -1.589 -0.4    2.373 -1.312]
[fjt] err=[ 0.001 -0.001 -0.001 -0.002  0.001  0.002  0.002]
[fjt] names=['panda_joint1', 'panda_joint2', 'panda_joint3', 'panda_joint4', 'panda_joint5', 'panda_joint6', 'panda_joint7'] pts=1
[fjt] times[0..2]=[0.  2.5] times[-3:]=[0.  2.5]
[fjt] goal=[-0.167  0.831  0.227 -1.595 -0.248  2.398 -0.614]
[fjt] final=[-0.168  0.831  0.229 -1.594 -0.251  2.395 -0.827]
[fjt] err=[-0.     0.001  0.001  0.001 -0.002 -0.002 -0.213]
[fjt] names=['panda_joint1', 'panda_joint2', 'panda_joint3', 'panda_joint4', 'panda_joint5', 'panda_joint6', 'panda_joint7'] pts=1
[fjt] times[0..2]=[0.  2.5] times[-3:]=[0.  2.5]
[fjt] goal=[-0.135  0.825  0.189 -1.597 -0.207  2.403 -0.637]
[fjt] final=[-0.136  0.826  0.19  -1.596 -0.208  2.4   -0.639]
[fjt] err=[-0.001  0.001  0.001  0.001 -0.001 -0.002 -0.002]
[fjt] names=['panda_joint1', 'panda_joint2', 'panda_joint3', 'panda_joint4', 'panda_joint5', 'panda_joint6', 'panda_joint7'] pts=1
[fjt] times[0..2]=[0. 3.] times[-3:]=[0. 3.]
[fjt] goal=[-0.184  0.49   0.266 -1.503 -0.135  1.975 -0.68 ]
[fjt] final=[-0.183  0.491  0.265 -1.505 -0.136  1.978 -0.678]
[fjt] err=[ 0.     0.001 -0.001 -0.002 -0.001  0.002  0.002]
[fjt] names=['panda_joint1', 'panda_joint2', 'panda_joint3', 'panda_joint4', 'panda_joint5', 'panda_joint6', 'panda_joint7'] pts=1
[fjt] times[0..2]=[0. 3.] times[-3:]=[0. 3.]
[fjt] goal=[-0.272  0.478  0.389 -1.413 -0.183  1.856 -1.441]
[fjt] final=[-0.271  0.479  0.388 -1.415 -0.181  1.858 -1.24 ]
[fjt] err=[ 0.     0.001 -0.001 -0.002  0.002  0.002  0.202]
[fjt] names=['panda_joint1', 'panda_joint2', 'panda_joint3', 'panda_joint4', 'panda_joint5', 'panda_joint6', 'panda_joint7'] pts=1
[fjt] times[0..2]=[0. 3.] times[-3:]=[0. 3.]
[fjt] goal=[-0.272  0.478  0.389 -1.413 -0.183  1.856 -1.441]
[fjt] final=[-0.271  0.479  0.388 -1.415 -0.182  1.858 -1.439]
[fjt] err=[ 0.     0.001 -0.001 -0.002  0.001  0.002  0.002]
[fjt] names=['panda_joint1', 'panda_joint2', 'panda_joint3', 'panda_joint4', 'panda_joint5', 'panda_joint6', 'panda_joint7'] pts=1
[fjt] times[0..2]=[0. 4.] times[-3:]=[0. 4.]
[fjt] goal=[-0.656 -0.523  0.346 -2.533  0.19   2.029 -2.008]
[fjt] final=[-0.655 -0.293  0.347 -2.195  0.189  2.027 -2.006]
[fjt] err=[ 0.     0.23   0.001  0.338 -0.001 -0.002  0.003]
[fjt] names=['panda_joint1', 'panda_joint2', 'panda_joint3', 'panda_joint4', 'panda_joint5', 'panda_joint6', 'panda_joint7'] pts=1
[fjt] times[0..2]=[0. 4.] times[-3:]=[0. 4.]
[fjt] goal=[-0.656 -0.523  0.346 -2.533  0.19   2.029 -2.008]
[fjt] final=[-0.655 -0.522  0.346 -2.532  0.189  2.027 -2.006]
[fjt] err=[ 0.     0.001  0.     0.001 -0.001 -0.002  0.002]
[fjt] names=['panda_joint1', 'panda_joint2', 'panda_joint3', 'panda_joint4', 'panda_joint5', 'panda_joint6', 'panda_joint7'] pts=1
[fjt] times[0..2]=[0. 3.] times[-3:]=[0. 3.]
[fjt] goal=[-0.689 -0.247  0.438 -2.733  0.175  2.501 -1.974]
[fjt] final=[-0.689 -0.248  0.437 -2.733  0.176  2.499 -1.977]
[fjt] err=[ 0.    -0.    -0.001  0.     0.002 -0.002 -0.003]
[fjt] names=['panda_joint1', 'panda_joint2', 'panda_joint3', 'panda_joint4', 'panda_joint5', 'panda_joint6', 'panda_joint7'] pts=1
[fjt] times[0..2]=[0. 2.] times[-3:]=[0. 2.]
[fjt] goal=[-0.71  -0.156  0.458 -2.75   0.135  2.605 -1.945]
[fjt] final=[-0.71  -0.157  0.458 -2.747  0.137  2.603 -1.947]
[fjt] err=[ 0.001 -0.    -0.     0.002  0.002 -0.002 -0.002]
[fjt] names=['panda_joint1', 'panda_joint2', 'panda_joint3', 'panda_joint4', 'panda_joint5', 'panda_joint6', 'panda_joint7'] pts=1
[fjt] times[0..2]=[0. 2.] times[-3:]=[0. 2.]
[fjt] goal=[-0.719 -0.123  0.464 -2.753  0.115  2.64  -1.93 ]
[fjt] final=[-0.715 -0.129  0.472 -2.742  0.122  2.635 -1.929]
[fjt] err=[ 0.004 -0.006  0.008  0.011  0.008 -0.005  0.001]
[fjt] names=['panda_joint1', 'panda_joint2', 'panda_joint3', 'panda_joint4', 'panda_joint5', 'panda_joint6', 'panda_joint7'] pts=1
[fjt] times[0..2]=[0. 3.] times[-3:]=[0. 3.]
[fjt] goal=[-0.71  -0.533  0.395 -2.532  0.219  2.023 -2.033]
[fjt] final=[-0.71  -0.533  0.395 -2.532  0.217  2.047 -2.031]
[fjt] err=[-0.     0.     0.001 -0.001 -0.002  0.023  0.002]
[fjt] names=['panda_joint1', 'panda_joint2', 'panda_joint3', 'panda_joint4', 'panda_joint5', 'panda_joint6', 'panda_joint7'] pts=1
[fjt] times[0..2]=[0. 3.] times[-3:]=[0. 3.]
[fjt] goal=[-0.71  -0.533  0.395 -2.532  0.219  2.023 -2.033]
[fjt] final=[-0.71  -0.533  0.395 -2.532  0.218  2.025 -2.031]
[fjt] err=[-0.     0.     0.001 -0.    -0.001  0.002  0.002]
[fjt] names=['panda_joint1', 'panda_joint2', 'panda_joint3', 'panda_joint4', 'panda_joint5', 'panda_joint6', 'panda_joint7'] pts=1
[fjt] times[0..2]=[0. 4.] times[-3:]=[0. 4.]
[fjt] goal=[-0.98  -0.494  1.358 -1.956  0.497  1.812 -0.564]
[fjt] final=[-0.979 -0.494  1.168 -1.958  0.496  1.814 -1.278]
[fjt] err=[ 0.001 -0.    -0.19  -0.001 -0.001  0.002 -0.714]
[fjt] names=['panda_joint1', 'panda_joint2', 'panda_joint3', 'panda_joint4', 'panda_joint5', 'panda_joint6', 'panda_joint7'] pts=1
[fjt] times[0..2]=[0. 4.] times[-3:]=[0. 4.]
[fjt] goal=[-0.98  -0.494  1.358 -1.956  0.497  1.812 -0.564]
[fjt] final=[-0.98  -0.494  1.358 -1.957  0.496  1.813 -0.576]
[fjt] err=[ 0.001 -0.    -0.001 -0.001 -0.001  0.002 -0.013]
