[robosuite WARNING] No private macro file found! (__init__.py:7)
[robosuite WARNING] It is recommended to use a private macro file (__init__.py:8)
[robosuite WARNING] To setup, run: python /storage/home/yehe8/.openrua/simulators/cap-x/capx/third_party/libero_dependencies/robosuite/robosuite/scripts/setup_macros.py (__init__.py:9)
Gym has been unmaintained since 2022 and does not support NumPy 2.0 amongst other critical functionality.
Please upgrade to Gymnasium, the maintained drop-in replacement of Gym, or contact the authors of your software and request that they upgrade.
See the migration guide at https://gymnasium.farama.org/introduction/migration_guide/ for additional information.
[info] Using default task order for benchmark 'libero_10_swap' (10 tasks).
[Warning]: datasets path /storage/home/yehe8/.openrua/simulators/cap-x/capx/third_party/LIBERO-PRO/libero/datasets does not exist!
[Warning]: datasets path /storage/home/yehe8/.openrua/simulators/cap-x/capx/third_party/LIBERO-PRO/libero/datasets does not exist!
robot ready
[Warning]: datasets path /storage/home/yehe8/.openrua/simulators/cap-x/capx/third_party/LIBERO-PRO/libero/datasets does not exist!
[fjt] names=['panda_joint1', 'panda_joint2', 'panda_joint3', 'panda_joint4', 'panda_joint5', 'panda_joint6', 'panda_joint7'] pts=1
[fjt] times[0..2]=[0. 2.] times[-3:]=[0. 2.]
[fjt] goal=[ 0.    -0.161  0.    -2.445  0.     2.227  0.785]
[fjt] final=[ 0.    -0.161  0.    -2.445  0.     2.227  0.785]
[fjt] err=[0. 0. 0. 0. 0. 0. 0.]
[fjt] names=['panda_joint1', 'panda_joint2', 'panda_joint3', 'panda_joint4', 'panda_joint5', 'panda_joint6', 'panda_joint7'] pts=1
[fjt] times[0..2]=[0. 4.] times[-3:]=[0. 4.]
[fjt] goal=[-0.189 -0.212 -0.249 -2.489 -0.069  2.282  0.398]
[fjt] final=[-0.188 -0.211 -0.249 -2.488 -0.067  2.28   0.4  ]
[fjt] err=[ 0.     0.001  0.001  0.001  0.001 -0.002  0.002]
[fjt] names=['panda_joint1', 'panda_joint2', 'panda_joint3', 'panda_joint4', 'panda_joint5', 'panda_joint6', 'panda_joint7'] pts=1
[fjt] times[0..2]=[0.  2.5] times[-3:]=[0.  2.5]
[fjt] goal=[-0.175 -0.051 -0.261 -2.563 -0.022  2.514  0.368]
[fjt] final=[-0.175 -0.052 -0.26  -2.562 -0.024  2.511  0.37 ]
[fjt] err=[-0.    -0.     0.001  0.001 -0.002 -0.002  0.003]
[fjt] names=['panda_joint1', 'panda_joint2', 'panda_joint3', 'panda_joint4', 'panda_joint5', 'panda_joint6', 'panda_joint7'] pts=1
[fjt] times[0..2]=[0.  2.5] times[-3:]=[0.  2.5]
[fjt] goal=[-0.171  0.154 -0.247 -2.576  0.093  2.724  0.285]
[fjt] final=[-0.172  0.154 -0.248 -2.575  0.091  2.721  0.287]
[fjt] err=[-0.    -0.    -0.001  0.001 -0.002 -0.002  0.002]
[fjt] names=['panda_joint1', 'panda_joint2', 'panda_joint3', 'panda_joint4', 'panda_joint5', 'panda_joint6', 'panda_joint7'] pts=1
[fjt] times[0..2]=[0. 3.] times[-3:]=[0. 3.]
[fjt] goal=[-0.016 -0.263 -0.41  -2.467 -0.13   2.221  0.452]
[fjt] final=[-0.016 -0.262 -0.409 -2.468 -0.129  2.224  0.449]
[fjt] err=[-0.001  0.001  0.001 -0.001  0.002  0.003 -0.002]
[fjt] names=['panda_joint1', 'panda_joint2', 'panda_joint3', 'panda_joint4', 'panda_joint5', 'panda_joint6', 'panda_joint7'] pts=1
[fjt] times[0..2]=[0. 4.] times[-3:]=[0. 4.]
[fjt] goal=[ 0.175  0.474 -0.338 -1.561  0.168  2.006  0.587]
[fjt] final=[ 0.175  0.47  -0.338 -1.71   0.166  2.008  0.585]
[fjt] err=[-0.    -0.004 -0.    -0.15  -0.001  0.001 -0.002]
[fjt] names=['panda_joint1', 'panda_joint2', 'panda_joint3', 'panda_joint4', 'panda_joint5', 'panda_joint6', 'panda_joint7'] pts=1
[fjt] times[0..2]=[0. 3.] times[-3:]=[0. 3.]
[fjt] goal=[ 0.157  0.623 -0.303 -1.66   0.226  2.249  0.551]
[fjt] final=[ 0.158  0.623 -0.304 -1.661  0.224  2.247  0.553]
[fjt] err=[ 0.    -0.001 -0.001 -0.001 -0.002 -0.002  0.002]
[fjt] names=['panda_joint1', 'panda_joint2', 'panda_joint3', 'panda_joint4', 'panda_joint5', 'panda_joint6', 'panda_joint7'] pts=1
[fjt] times[0..2]=[0. 3.] times[-3:]=[0. 3.]
[fjt] goal=[ 0.18   0.475 -0.343 -1.56   0.171  2.006  0.585]
[fjt] final=[ 0.18   0.475 -0.343 -1.561  0.172  2.008  0.583]
[fjt] err=[-0.     0.     0.001 -0.001  0.001  0.002 -0.002]
[fjt] names=['panda_joint1', 'panda_joint2', 'panda_joint3', 'panda_joint4', 'panda_joint5', 'panda_joint6', 'panda_joint7'] pts=1
[fjt] times[0..2]=[0. 4.] times[-3:]=[0. 4.]
[fjt] goal=[-0.348 -0.565  0.331 -2.87   0.239  2.315  0.556]
[fjt] final=[-0.348 -0.304  0.33  -2.333  0.238  2.313  0.559]
[fjt] err=[ 0.001  0.261 -0.001  0.537 -0.002 -0.002  0.002]
[fjt] names=['panda_joint1', 'panda_joint2', 'panda_joint3', 'panda_joint4', 'panda_joint5', 'panda_joint6', 'panda_joint7'] pts=1
[fjt] times[0..2]=[0. 5.] times[-3:]=[0. 5.]
[fjt] goal=[-0.347 -0.565  0.33  -2.87   0.238  2.315  0.557]
[fjt] final=[-0.348 -0.565  0.33  -2.869  0.238  2.314  0.558]
[fjt] err=[-0.     0.001 -0.     0.001 -0.001 -0.002  0.002]
[fjt] names=['panda_joint1', 'panda_joint2', 'panda_joint3', 'panda_joint4', 'panda_joint5', 'panda_joint6', 'panda_joint7'] pts=1
[fjt] times[0..2]=[0. 3.] times[-3:]=[0. 3.]
[fjt] goal=[-0.361 -0.292  0.386 -3.003  0.267  2.717  0.552]
[fjt] final=[-0.36  -0.293  0.385 -3.002  0.265  2.715  0.554]
[fjt] err=[ 0.    -0.001 -0.001  0.001 -0.002 -0.002  0.002]
[fjt] names=['panda_joint1', 'panda_joint2', 'panda_joint3', 'panda_joint4', 'panda_joint5', 'panda_joint6', 'panda_joint7'] pts=1
[fjt] times[0..2]=[0.  2.5] times[-3:]=[0.  2.5]
[fjt] goal=[-0.007  0.217  0.023 -2.944  0.259  3.161  0.542]
[fjt] final=[-0.007  0.21   0.024 -2.944  0.261  3.159  0.544]
[fjt] err=[-0.    -0.007  0.001 -0.001  0.001 -0.002  0.002]
[fjt] names=['panda_joint1', 'panda_joint2', 'panda_joint3', 'panda_joint4', 'panda_joint5', 'panda_joint6', 'panda_joint7'] pts=1
[fjt] times[0..2]=[0. 3.] times[-3:]=[0. 3.]
[fjt] goal=[ 0.109 -0.634 -0.191 -2.931 -0.152  2.3    0.842]
[fjt] final=[ 0.109 -0.41  -0.19  -2.932 -0.15   2.556  0.839]
[fjt] err=[-0.     0.223  0.001 -0.001  0.002  0.255 -0.003]
[fjt] names=['panda_joint1', 'panda_joint2', 'panda_joint3', 'panda_joint4', 'panda_joint5', 'panda_joint6', 'panda_joint7'] pts=1
[fjt] times[0..2]=[0. 3.] times[-3:]=[0. 3.]
[fjt] goal=[ 0.109 -0.634 -0.191 -2.931 -0.152  2.3    0.842]
[fjt] final=[ 0.109 -0.633 -0.19  -2.932 -0.15   2.303  0.839]
[fjt] err=[-0.     0.001  0.001 -0.001  0.002  0.002 -0.002]
[fjt] names=['panda_joint1', 'panda_joint2', 'panda_joint3', 'panda_joint4', 'panda_joint5', 'panda_joint6', 'panda_joint7'] pts=1
[fjt] times[0..2]=[0. 5.] times[-3:]=[0. 5.]
[fjt] goal=[ 0.326  0.529 -0.201 -1.586  0.117  2.104  0.878]
[fjt] final=[ 0.326  0.307 -0.2   -2.01   0.116  2.106  0.876]
[fjt] err=[-0.001 -0.222  0.001 -0.424 -0.001  0.002 -0.002]
[fjt] names=['panda_joint1', 'panda_joint2', 'panda_joint3', 'panda_joint4', 'panda_joint5', 'panda_joint6', 'panda_joint7'] pts=1
[fjt] times[0..2]=[0. 5.] times[-3:]=[0. 5.]
[fjt] goal=[ 0.326  0.529 -0.201 -1.586  0.117  2.104  0.878]
[fjt] final=[ 0.326  0.529 -0.2   -1.588  0.116  2.106  0.876]
[fjt] err=[-0.    -0.001  0.001 -0.002 -0.001  0.002 -0.002]
[fjt] names=['panda_joint1', 'panda_joint2', 'panda_joint3', 'panda_joint4', 'panda_joint5', 'panda_joint6', 'panda_joint7'] pts=1
[fjt] times[0..2]=[0. 3.] times[-3:]=[0. 3.]
[fjt] goal=[ 0.296  0.831 -0.156 -1.605  0.175  2.423  0.844]
[fjt] final=[ 0.306  0.796 -0.145 -1.56   0.159  2.424  0.848]
[fjt] err=[ 0.009 -0.035  0.01   0.045 -0.016  0.001  0.003]
[fjt] names=['panda_joint1', 'panda_joint2', 'panda_joint3', 'panda_joint4', 'panda_joint5', 'panda_joint6', 'panda_joint7'] pts=1
[fjt] times[0..2]=[0. 3.] times[-3:]=[0. 3.]
[fjt] goal=[ 0.296  0.831 -0.156 -1.605  0.175  2.423  0.844]
[fjt] final=[ 0.304  0.808 -0.144 -1.573  0.165  2.424  0.847]
[fjt] err=[ 0.007 -0.023  0.012  0.033 -0.009  0.002  0.003]
[fjt] names=['panda_joint1', 'panda_joint2', 'panda_joint3', 'panda_joint4', 'panda_joint5', 'panda_joint6', 'panda_joint7'] pts=1
[fjt] times[0..2]=[0. 3.] times[-3:]=[0. 3.]
[fjt] goal=[ 0.296  0.831 -0.156 -1.605  0.175  2.423  0.844]
[fjt] final=[ 0.304  0.809 -0.143 -1.574  0.166  2.425  0.847]
[fjt] err=[ 0.008 -0.022  0.012  0.032 -0.009  0.002  0.002]
[fjt] names=['panda_joint1', 'panda_joint2', 'panda_joint3', 'panda_joint4', 'panda_joint5', 'panda_joint6', 'panda_joint7'] pts=1
[fjt] times[0..2]=[0. 3.] times[-3:]=[0. 3.]
[fjt] goal=[ 0.296  0.831 -0.156 -1.605  0.175  2.423  0.844]
[fjt] final=[ 0.305  0.81  -0.141 -1.576  0.167  2.425  0.847]
[fjt] err=[ 0.008 -0.021  0.014  0.03  -0.007  0.002  0.002]
[fjt] names=['panda_joint1', 'panda_joint2', 'panda_joint3', 'panda_joint4', 'panda_joint5', 'panda_joint6', 'panda_joint7'] pts=1
[fjt] times[0..2]=[0. 3.] times[-3:]=[0. 3.]
[fjt] goal=[ 0.324  0.529 -0.198 -1.587  0.116  2.104  0.879]
[fjt] final=[ 0.323  0.53  -0.197 -1.586  0.117  2.106  0.876]
[fjt] err=[-0.     0.001  0.001  0.001  0.001  0.002 -0.002]
[fjt] names=['panda_joint1', 'panda_joint2', 'panda_joint3', 'panda_joint4', 'panda_joint5', 'panda_joint6', 'panda_joint7'] pts=1
[fjt] times[0..2]=[0. 4.] times[-3:]=[0. 4.]
[fjt] goal=[ 0.302 -0.117 -0.293 -2.194 -0.039  2.081  0.815]
[fjt] final=[ 0.302 -0.116 -0.293 -2.193 -0.037  2.083  0.817]
[fjt] err=[0.    0.001 0.001 0.001 0.001 0.002 0.002]
