[robosuite WARNING] No private macro file found! (__init__.py:7)
[robosuite WARNING] It is recommended to use a private macro file (__init__.py:8)
[robosuite WARNING] To setup, run: python /storage/home/yehe8/.openrua/simulators/cap-x/capx/third_party/libero_dependencies/robosuite/robosuite/scripts/setup_macros.py (__init__.py:9)
Gym has been unmaintained since 2022 and does not support NumPy 2.0 amongst other critical functionality.
Please upgrade to Gymnasium, the maintained drop-in replacement of Gym, or contact the authors of your software and request that they upgrade.
See the migration guide at https://gymnasium.farama.org/introduction/migration_guide/ for additional information.
[info] Using default task order for benchmark 'libero_10_task' (10 tasks).
[Warning]: datasets path /storage/home/yehe8/.openrua/simulators/cap-x/capx/third_party/LIBERO-PRO/libero/datasets does not exist!
[Warning]: datasets path /storage/home/yehe8/.openrua/simulators/cap-x/capx/third_party/LIBERO-PRO/libero/datasets does not exist!
robot ready
[Warning]: datasets path /storage/home/yehe8/.openrua/simulators/cap-x/capx/third_party/LIBERO-PRO/libero/datasets does not exist!
[fjt] names=['panda_joint1', 'panda_joint2', 'panda_joint3', 'panda_joint4', 'panda_joint5', 'panda_joint6', 'panda_joint7'] pts=1
[fjt] times[0..2]=[0. 4.] times[-3:]=[0. 4.]
[fjt] goal=[-0.187 -0.405 -0.355 -2.909 -0.235  2.513 -1.109]
[fjt] final=[-0.186 -0.404 -0.355 -2.907 -0.233  2.511  0.038]
[fjt] err=[ 0.000e+00  1.000e-03  1.000e-03  1.000e-03  3.000e-03 -2.000e-03
  1.147e+00]
[fjt] names=['panda_joint1', 'panda_joint2', 'panda_joint3', 'panda_joint4', 'panda_joint5', 'panda_joint6', 'panda_joint7'] pts=1
[fjt] times[0..2]=[0. 3.] times[-3:]=[0. 3.]
[fjt] goal=[-0.081  0.142 -0.309 -2.892  0.362  3.02  -1.532]
[fjt] final=[-0.077 -0.021 -0.292 -2.821  0.35   3.04  -0.515]
[fjt] err=[ 0.005 -0.163  0.017  0.071 -0.012  0.02   1.018]
[fjt] names=['panda_joint1', 'panda_joint2', 'panda_joint3', 'panda_joint4', 'panda_joint5', 'panda_joint6', 'panda_joint7'] pts=1
[fjt] times[0..2]=[0. 4.] times[-3:]=[0. 4.]
[fjt] goal=[-0.192 -0.471 -0.258 -2.743 -0.102  2.526 -0.162]
[fjt] final=[-0.192 -0.471 -0.259 -2.744 -0.1    2.528 -0.165]
[fjt] err=[ 0.     0.001 -0.001 -0.001  0.002  0.002 -0.003]
[fjt] names=['panda_joint1', 'panda_joint2', 'panda_joint3', 'panda_joint4', 'panda_joint5', 'panda_joint6', 'panda_joint7'] pts=1
[fjt] times[0..2]=[0. 5.] times[-3:]=[0. 5.]
[fjt] goal=[-0.308 -0.163 -0.087 -2.695 -0.025  2.532  0.411]
[fjt] final=[-0.308 -0.163 -0.088 -2.695 -0.026  2.531  0.409]
[fjt] err=[ 0.    -0.001 -0.001 -0.001 -0.001 -0.001 -0.002]
[fjt] names=['panda_joint1', 'panda_joint2', 'panda_joint3', 'panda_joint4', 'panda_joint5', 'panda_joint6', 'panda_joint7'] pts=1
[fjt] times[0..2]=[0. 3.] times[-3:]=[0. 3.]
[fjt] goal=[-0.305  0.136 -0.083 -2.716  0.039  2.852  0.36 ]
[fjt] final=[-0.305  0.136 -0.083 -2.715  0.037  2.85   0.363]
[fjt] err=[-0.    -0.001 -0.001  0.001 -0.002 -0.002  0.002]
[fjt] names=['panda_joint1', 'panda_joint2', 'panda_joint3', 'panda_joint4', 'panda_joint5', 'panda_joint6', 'panda_joint7'] pts=1
[fjt] times[0..2]=[0. 3.] times[-3:]=[0. 3.]
[fjt] goal=[-0.328  0.322 -0.045 -2.68   0.103  3.001  0.313]
[fjt] final=[-0.328  0.321 -0.046 -2.681  0.101  2.999  0.315]
[fjt] err=[ 0.    -0.001 -0.001 -0.001 -0.002 -0.002  0.002]
[fjt] names=['panda_joint1', 'panda_joint2', 'panda_joint3', 'panda_joint4', 'panda_joint5', 'panda_joint6', 'panda_joint7'] pts=1
[fjt] times[0..2]=[0. 3.] times[-3:]=[0. 3.]
[fjt] goal=[-0.2   -0.231 -0.206 -2.695 -0.075  2.468  0.443]
[fjt] final=[-0.201 -0.228 -0.205 -2.695 -0.073  2.47   0.441]
[fjt] err=[-0.     0.003  0.001  0.     0.002  0.003 -0.002]
[fjt] names=['panda_joint1', 'panda_joint2', 'panda_joint3', 'panda_joint4', 'panda_joint5', 'panda_joint6', 'panda_joint7'] pts=1
[fjt] times[0..2]=[0. 4.] times[-3:]=[0. 4.]
[fjt] goal=[-0.102 -0.455 -0.277 -2.539 -0.139  2.095 -0.282]
[fjt] final=[-0.103 -0.455 -0.276 -2.541 -0.137  2.097 -0.253]
[fjt] err=[-0.001  0.001  0.001 -0.002  0.002  0.002  0.029]
[fjt] names=['panda_joint1', 'panda_joint2', 'panda_joint3', 'panda_joint4', 'panda_joint5', 'panda_joint6', 'panda_joint7'] pts=1
[fjt] times[0..2]=[0. 2.] times[-3:]=[0. 2.]
[fjt] goal=[-0.102 -0.455 -0.277 -2.539 -0.139  2.095 -0.282]
[fjt] final=[-0.103 -0.455 -0.276 -2.541 -0.138  2.096 -0.28 ]
[fjt] err=[-0.     0.001  0.001 -0.001  0.001  0.002  0.002]
[fjt] names=['panda_joint1', 'panda_joint2', 'panda_joint3', 'panda_joint4', 'panda_joint5', 'panda_joint6', 'panda_joint7'] pts=1
[fjt] times[0..2]=[0. 5.] times[-3:]=[0. 5.]
[fjt] goal=[ 0.129  0.007  0.324 -2.081 -0.003  2.088  0.454]
[fjt] final=[ 0.129  0.007  0.323 -2.083 -0.004  2.09   0.452]
[fjt] err=[-0.    -0.    -0.001 -0.002 -0.001  0.002 -0.002]
[fjt] names=['panda_joint1', 'panda_joint2', 'panda_joint3', 'panda_joint4', 'panda_joint5', 'panda_joint6', 'panda_joint7'] pts=1
[fjt] times[0..2]=[0. 5.] times[-3:]=[0. 5.]
[fjt] goal=[-0.062 -0.24   0.188 -2.773  0.078  2.536  0.843]
[fjt] final=[-0.061 -0.239  0.189 -2.771  0.077  2.534  0.841]
[fjt] err=[ 0.     0.001  0.     0.001 -0.001 -0.002 -0.002]
[fjt] names=['panda_joint1', 'panda_joint2', 'panda_joint3', 'panda_joint4', 'panda_joint5', 'panda_joint6', 'panda_joint7'] pts=1
[fjt] times[0..2]=[0. 3.] times[-3:]=[0. 3.]
[fjt] goal=[-0.087  0.099  0.184 -2.781 -0.069  2.877  0.948]
[fjt] final=[-0.087  0.098  0.185 -2.78  -0.067  2.875  0.945]
[fjt] err=[ 0.    -0.001  0.001  0.001  0.002 -0.002 -0.002]
[fjt] names=['panda_joint1', 'panda_joint2', 'panda_joint3', 'panda_joint4', 'panda_joint5', 'panda_joint6', 'panda_joint7'] pts=1
[fjt] times[0..2]=[0. 3.] times[-3:]=[0. 3.]
[fjt] goal=[-0.018  0.329  0.07  -2.729 -0.261  3.054  1.093]
[fjt] final=[-0.019  0.328  0.071 -2.73  -0.259  3.052  1.09 ]
[fjt] err=[-0.    -0.001  0.001 -0.001  0.002 -0.002 -0.003]
[fjt] names=['panda_joint1', 'panda_joint2', 'panda_joint3', 'panda_joint4', 'panda_joint5', 'panda_joint6', 'panda_joint7'] pts=1
[fjt] times[0..2]=[0. 3.] times[-3:]=[0. 3.]
[fjt] goal=[-0.402 -0.272  0.557 -2.768  0.247  2.521  0.721]
[fjt] final=[-0.402 -0.262  0.556 -2.767  0.244  2.523  0.724]
[fjt] err=[ 0.001  0.01  -0.001  0.    -0.002  0.002  0.003]
[fjt] names=['panda_joint1', 'panda_joint2', 'panda_joint3', 'panda_joint4', 'panda_joint5', 'panda_joint6', 'panda_joint7'] pts=1
[fjt] times[0..2]=[0. 3.] times[-3:]=[0. 3.]
[fjt] goal=[-0.406 -0.577  0.484 -2.591  0.29   2.051  0.658]
[fjt] final=[-0.406 -0.576  0.485 -2.592  0.289  2.053  0.66 ]
[fjt] err=[ 0.     0.001  0.001 -0.001 -0.001  0.002  0.002]
[fjt] names=['panda_joint1', 'panda_joint2', 'panda_joint3', 'panda_joint4', 'panda_joint5', 'panda_joint6', 'panda_joint7'] pts=1
[fjt] times[0..2]=[0. 5.] times[-3:]=[0. 5.]
[fjt] goal=[-0.459  0.138  0.961 -1.987 -0.128  2.062  1.343]
[fjt] final=[-0.458  0.137  0.96  -1.988 -0.126  2.061  1.341]
[fjt] err=[ 0.    -0.001 -0.001 -0.001  0.002 -0.002 -0.003]
[fjt] names=['panda_joint1', 'panda_joint2', 'panda_joint3', 'panda_joint4', 'panda_joint5', 'panda_joint6', 'panda_joint7'] pts=1
[fjt] times[0..2]=[0. 4.] times[-3:]=[0. 4.]
[fjt] goal=[-0.821 -0.205  0.966 -2.06   0.181  1.937  0.855]
[fjt] final=[-0.82  -0.205  0.965 -2.059  0.179  1.938  0.857]
[fjt] err=[ 0.001  0.001 -0.001  0.001 -0.002  0.002  0.002]
[fjt] names=['panda_joint1', 'panda_joint2', 'panda_joint3', 'panda_joint4', 'panda_joint5', 'panda_joint6', 'panda_joint7'] pts=1
[fjt] times[0..2]=[0. 4.] times[-3:]=[0. 4.]
[fjt] goal=[-0.771  0.097  1.287 -1.768 -0.096  1.794  1.321]
[fjt] final=[-0.771  0.096  1.286 -1.769 -0.094  1.796  1.319]
[fjt] err=[-0.    -0.001 -0.001 -0.001  0.002  0.002 -0.003]
