[robosuite WARNING] No private macro file found! (__init__.py:7)
[robosuite WARNING] It is recommended to use a private macro file (__init__.py:8)
[robosuite WARNING] To setup, run: python /storage/home/yehe8/.openrua/simulators/cap-x/capx/third_party/libero_dependencies/robosuite/robosuite/scripts/setup_macros.py (__init__.py:9)
Gym has been unmaintained since 2022 and does not support NumPy 2.0 amongst other critical functionality.
Please upgrade to Gymnasium, the maintained drop-in replacement of Gym, or contact the authors of your software and request that they upgrade.
See the migration guide at https://gymnasium.farama.org/introduction/migration_guide/ for additional information.
[info] Using default task order for benchmark 'libero_10_task' (10 tasks).
[Warning]: datasets path /storage/home/yehe8/.openrua/simulators/cap-x/capx/third_party/LIBERO-PRO/libero/datasets does not exist!
[Warning]: datasets path /storage/home/yehe8/.openrua/simulators/cap-x/capx/third_party/LIBERO-PRO/libero/datasets does not exist!
robot ready
[Warning]: datasets path /storage/home/yehe8/.openrua/simulators/cap-x/capx/third_party/LIBERO-PRO/libero/datasets does not exist!
[fjt] names=['panda_joint1', 'panda_joint2', 'panda_joint3', 'panda_joint4', 'panda_joint5', 'panda_joint6', 'panda_joint7'] pts=1
[fjt] times[0..2]=[0. 3.] times[-3:]=[0. 3.]
[fjt] goal=[ 0.6   -0.5    0.    -2.     0.     1.5    0.785]
[fjt] final=[ 0.591 -0.5   -0.    -2.001  0.     1.622  0.787]
[fjt] err=[-0.009  0.    -0.    -0.001  0.     0.122  0.002]
[fjt] names=['panda_joint1', 'panda_joint2', 'panda_joint3', 'panda_joint4', 'panda_joint5', 'panda_joint6', 'panda_joint7'] pts=1
[fjt] times[0..2]=[0. 4.] times[-3:]=[0. 4.]
[fjt] goal=[ 0.598  0.614 -0.552 -1.856  0.438  2.347  0.6  ]
[fjt] final=[ 0.597  0.278 -0.551 -1.857  0.437  2.34   0.602]
[fjt] err=[-0.    -0.336  0.001 -0.001 -0.001 -0.007  0.002]
[fjt] names=['panda_joint1', 'panda_joint2', 'panda_joint3', 'panda_joint4', 'panda_joint5', 'panda_joint6', 'panda_joint7'] pts=1
[fjt] times[0..2]=[0. 4.] times[-3:]=[0. 4.]
[fjt] goal=[ 0.571  0.605 -0.522 -1.858  0.412  2.354  0.616]
[fjt] final=[ 0.572  0.604 -0.523 -1.857  0.413  2.352  0.613]
[fjt] err=[ 0.    -0.    -0.001  0.001  0.002 -0.002 -0.002]
[fjt] names=['panda_joint1', 'panda_joint2', 'panda_joint3', 'panda_joint4', 'panda_joint5', 'panda_joint6', 'panda_joint7'] pts=1
[fjt] times[0..2]=[0. 3.] times[-3:]=[0. 3.]
[fjt] goal=[ 0.515  0.763 -0.445 -1.826  0.502  2.475  0.562]
[fjt] final=[ 0.516  0.762 -0.446 -1.826  0.5    2.473  0.564]
[fjt] err=[ 0.    -0.001 -0.001 -0.001 -0.002 -0.002  0.002]
[fjt] names=['panda_joint1', 'panda_joint2', 'panda_joint3', 'panda_joint4', 'panda_joint5', 'panda_joint6', 'panda_joint7'] pts=1
[fjt] times[0..2]=[0. 3.] times[-3:]=[0. 3.]
[fjt] goal=[ 0.684  0.383 -0.675 -1.761  0.267  2.051  0.706]
[fjt] final=[ 0.683  0.384 -0.674 -1.763  0.268  2.054  0.703]
[fjt] err=[-0.     0.001  0.001 -0.002  0.002  0.002 -0.002]
[fjt] names=['panda_joint1', 'panda_joint2', 'panda_joint3', 'panda_joint4', 'panda_joint5', 'panda_joint6', 'panda_joint7'] pts=1
[fjt] times[0..2]=[0. 4.] times[-3:]=[0. 4.]
[fjt] goal=[ 0.423 -0.88  -0.697 -2.791 -0.569  1.978  0.966]
[fjt] final=[ 0.423 -0.393 -0.697 -2.55  -0.482  1.98   0.965]
[fjt] err=[ 0.     0.486  0.     0.241  0.087  0.002 -0.001]
[fjt] names=['panda_joint1', 'panda_joint2', 'panda_joint3', 'panda_joint4', 'panda_joint5', 'panda_joint6', 'panda_joint7'] pts=1
[fjt] times[0..2]=[0. 4.] times[-3:]=[0. 4.]
[fjt] goal=[ 0.423 -0.88  -0.697 -2.791 -0.569  1.978  0.966]
[fjt] final=[ 0.423 -0.879 -0.697 -2.791 -0.567  1.979  0.965]
[fjt] err=[ 0.     0.001 -0.     0.     0.002  0.001 -0.001]
[fjt] names=['panda_joint1', 'panda_joint2', 'panda_joint3', 'panda_joint4', 'panda_joint5', 'panda_joint6', 'panda_joint7'] pts=1
[fjt] times[0..2]=[0. 2.] times[-3:]=[0. 2.]
[fjt] goal=[ 0.421 -0.81  -0.766 -2.852 -0.624  2.108  0.974]
[fjt] final=[ 0.421 -0.811 -0.765 -2.852 -0.622  2.105  0.972]
[fjt] err=[ 0.    -0.     0.001  0.     0.002 -0.002 -0.002]
[fjt] names=['panda_joint1', 'panda_joint2', 'panda_joint3', 'panda_joint4', 'panda_joint5', 'panda_joint6', 'panda_joint7'] pts=1
[fjt] times[0..2]=[0. 2.] times[-3:]=[0. 2.]
[fjt] goal=[ 0.423 -0.776 -0.794 -2.871 -0.645  2.161  0.978]
[fjt] final=[ 0.423 -0.776 -0.793 -2.871 -0.643  2.159  0.975]
[fjt] err=[-0.    -0.     0.001  0.     0.002 -0.002 -0.002]
[fjt] names=['panda_joint1', 'panda_joint2', 'panda_joint3', 'panda_joint4', 'panda_joint5', 'panda_joint6', 'panda_joint7'] pts=1
[fjt] times[0..2]=[0. 2.] times[-3:]=[0. 2.]
[fjt] goal=[ 0.426 -0.75  -0.813 -2.883 -0.658  2.199  0.98 ]
[fjt] final=[ 0.426 -0.751 -0.81  -2.88  -0.655  2.198  0.977]
[fjt] err=[ 0.    -0.001  0.003  0.003  0.003 -0.001 -0.002]
[fjt] names=['panda_joint1', 'panda_joint2', 'panda_joint3', 'panda_joint4', 'panda_joint5', 'panda_joint6', 'panda_joint7'] pts=1
[fjt] times[0..2]=[0. 4.] times[-3:]=[0. 4.]
[fjt] goal=[ 0.826 -0.291 -0.236 -2.101 -0.069  1.817  1.402]
[fjt] final=[ 0.826 -0.292 -0.237 -2.124 -0.071  1.818  1.4  ]
[fjt] err=[-0.    -0.001 -0.001 -0.023 -0.001  0.001 -0.002]
[fjt] names=['panda_joint1', 'panda_joint2', 'panda_joint3', 'panda_joint4', 'panda_joint5', 'panda_joint6', 'panda_joint7'] pts=1
[fjt] times[0..2]=[0. 4.] times[-3:]=[0. 4.]
[fjt] goal=[ 0.826 -0.291 -0.236 -2.101 -0.069  1.817  1.402]
[fjt] final=[ 0.826 -0.292 -0.237 -2.102 -0.07   1.818  1.4  ]
[fjt] err=[-0.    -0.001 -0.001 -0.001 -0.001  0.001 -0.002]
[fjt] names=['panda_joint1', 'panda_joint2', 'panda_joint3', 'panda_joint4', 'panda_joint5', 'panda_joint6', 'panda_joint7'] pts=1
[fjt] times[0..2]=[0. 4.] times[-3:]=[0. 4.]
[fjt] goal=[ 0.223  0.779 -0.573 -1.135 -0.532  0.386  1.459]
[fjt] final=[ 0.223  0.48  -0.572 -1.333 -0.529  1.101  1.457]
[fjt] err=[ 0.    -0.299  0.001 -0.198  0.002  0.716 -0.002]
[fjt] names=['panda_joint1', 'panda_joint2', 'panda_joint3', 'panda_joint4', 'panda_joint5', 'panda_joint6', 'panda_joint7'] pts=1
[fjt] times[0..2]=[0. 4.] times[-3:]=[0. 4.]
[fjt] goal=[ 0.223  0.779 -0.573 -1.135 -0.532  0.386  1.459]
[fjt] final=[ 0.223  0.778 -0.572 -1.136 -0.531  0.396  1.457]
[fjt] err=[ 0.    -0.001  0.    -0.001  0.001  0.01  -0.002]
[fjt] names=['panda_joint1', 'panda_joint2', 'panda_joint3', 'panda_joint4', 'panda_joint5', 'panda_joint6', 'panda_joint7'] pts=1
[fjt] times[0..2]=[0. 3.] times[-3:]=[0. 3.]
[fjt] goal=[ 0.201  1.065 -0.555 -1.244 -0.124  0.712  1.781]
[fjt] final=[ 0.201  1.065 -0.556 -1.243 -0.126  0.71   1.778]
[fjt] err=[ 0.    -0.    -0.001  0.001 -0.002 -0.002 -0.003]
[fjt] names=['panda_joint1', 'panda_joint2', 'panda_joint3', 'panda_joint4', 'panda_joint5', 'panda_joint6', 'panda_joint7'] pts=1
[fjt] times[0..2]=[0. 2.] times[-3:]=[0. 2.]
[fjt] goal=[ 0.223  1.054 -0.553 -1.258 -0.101  0.705  1.804]
[fjt] final=[ 0.222  1.055 -0.554 -1.257 -0.102  0.706  1.801]
[fjt] err=[-0.     0.001 -0.001  0.001 -0.001  0.002 -0.003]
[fjt] names=['panda_joint1', 'panda_joint2', 'panda_joint3', 'panda_joint4', 'panda_joint5', 'panda_joint6', 'panda_joint7'] pts=1
[fjt] times[0..2]=[0. 3.] times[-3:]=[0. 3.]
[fjt] goal=[ 0.318  0.845 -0.586 -1.674 -0.113  0.9    1.858]
[fjt] final=[ 0.317  0.846 -0.585 -1.672 -0.112  0.898  1.856]
[fjt] err=[-0.     0.001  0.001  0.002  0.001 -0.002 -0.002]
[fjt] names=['panda_joint1', 'panda_joint2', 'panda_joint3', 'panda_joint4', 'panda_joint5', 'panda_joint6', 'panda_joint7'] pts=1
[fjt] times[0..2]=[0. 3.] times[-3:]=[0. 3.]
[fjt] goal=[ 0.403  0.499 -0.679 -1.555 -0.442  0.491  1.65 ]
[fjt] final=[ 0.403  0.499 -0.678 -1.557 -0.439  0.494  1.652]
[fjt] err=[-0.     0.001  0.001 -0.001  0.002  0.003  0.003]
[fjt] names=['panda_joint1', 'panda_joint2', 'panda_joint3', 'panda_joint4', 'panda_joint5', 'panda_joint6', 'panda_joint7'] pts=1
[fjt] times[0..2]=[0. 4.] times[-3:]=[0. 4.]
[fjt] goal=[ 0.753 -0.302 -0.941 -2.214 -0.27   2.017  2.31 ]
[fjt] final=[ 0.753 -0.267 -0.941 -2.215 -0.272  1.237  2.307]
[fjt] err=[-0.001  0.035  0.    -0.001 -0.002 -0.781 -0.002]
[fjt] names=['panda_joint1', 'panda_joint2', 'panda_joint3', 'panda_joint4', 'panda_joint5', 'panda_joint6', 'panda_joint7'] pts=1
[fjt] times[0..2]=[0. 4.] times[-3:]=[0. 4.]
[fjt] goal=[ 0.753 -0.302 -0.941 -2.214 -0.27   2.017  2.31 ]
[fjt] final=[ 0.753 -0.301 -0.941 -2.215 -0.271  1.961  2.308]
[fjt] err=[-0.     0.001  0.    -0.001 -0.001 -0.057 -0.002]
[fjt] names=['panda_joint1', 'panda_joint2', 'panda_joint3', 'panda_joint4', 'panda_joint5', 'panda_joint6', 'panda_joint7'] pts=1
[fjt] times[0..2]=[0. 4.] times[-3:]=[0. 4.]
[fjt] goal=[ 0.753 -0.302 -0.941 -2.214 -0.27   2.017  2.31 ]
[fjt] final=[ 0.753 -0.302 -0.941 -2.215 -0.271  2.016  2.308]
[fjt] err=[-0.     0.     0.    -0.001 -0.001 -0.002 -0.002]
[fjt] names=['panda_joint1', 'panda_joint2', 'panda_joint3', 'panda_joint4', 'panda_joint5', 'panda_joint6', 'panda_joint7'] pts=1
[fjt] times[0..2]=[0. 4.] times[-3:]=[0. 4.]
[fjt] goal=[ 0.321 -0.912 -0.801 -2.755 -0.654  1.938  2.383]
[fjt] final=[ 0.322 -0.911 -0.802 -2.755 -0.653  1.94   2.381]
[fjt] err=[ 0.     0.001 -0.001  0.     0.001  0.001 -0.002]
[fjt] names=['panda_joint1', 'panda_joint2', 'panda_joint3', 'panda_joint4', 'panda_joint5', 'panda_joint6', 'panda_joint7'] pts=1
[fjt] times[0..2]=[0. 3.] times[-3:]=[0. 3.]
[fjt] goal=[ 0.304 -0.97  -0.739 -2.812 -0.632  1.915  2.426]
[fjt] final=[ 0.304 -0.969 -0.741 -2.812 -0.633  1.917  2.423]
[fjt] err=[ 0.     0.001 -0.002  0.    -0.002  0.001 -0.002]
[fjt] names=['panda_joint1', 'panda_joint2', 'panda_joint3', 'panda_joint4', 'panda_joint5', 'panda_joint6', 'panda_joint7'] pts=1
[fjt] times[0..2]=[0. 2.] times[-3:]=[0. 2.]
[fjt] goal=[ 0.3   -0.886 -0.84  -2.887 -0.718  2.073  2.441]
[fjt] final=[ 0.3   -0.886 -0.839 -2.887 -0.716  2.071  2.438]
[fjt] err=[ 0.    -0.     0.001  0.     0.002 -0.003 -0.002]
[fjt] names=['panda_joint1', 'panda_joint2', 'panda_joint3', 'panda_joint4', 'panda_joint5', 'panda_joint6', 'panda_joint7'] pts=1
[fjt] times[0..2]=[0. 2.] times[-3:]=[0. 2.]
[fjt] goal=[ 0.311 -0.809 -0.91  -2.92  -0.773  2.184  2.453]
[fjt] final=[ 0.315 -0.824 -0.885 -2.891 -0.751  2.198  2.451]
[fjt] err=[ 0.004 -0.015  0.025  0.029  0.023  0.013 -0.002]
[fjt] names=['panda_joint1', 'panda_joint2', 'panda_joint3', 'panda_joint4', 'panda_joint5', 'panda_joint6', 'panda_joint7'] pts=1
[fjt] times[0..2]=[0. 3.] times[-3:]=[0. 3.]
[fjt] goal=[ 0.311 -0.809 -0.91  -2.92  -0.773  2.184  2.453]
[fjt] final=[ 0.315 -0.821 -0.891 -2.894 -0.755  2.198  2.451]
[fjt] err=[ 0.004 -0.012  0.019  0.026  0.018  0.013 -0.002]
[fjt] names=['panda_joint1', 'panda_joint2', 'panda_joint3', 'panda_joint4', 'panda_joint5', 'panda_joint6', 'panda_joint7'] pts=1
[fjt] times[0..2]=[0. 3.] times[-3:]=[0. 3.]
[fjt] goal=[ 0.311 -0.809 -0.91  -2.92  -0.773  2.184  2.453]
[fjt] final=[ 0.314 -0.819 -0.893 -2.896 -0.758  2.198  2.451]
[fjt] err=[ 0.003 -0.011  0.017  0.024  0.015  0.013 -0.002]
[fjt] names=['panda_joint1', 'panda_joint2', 'panda_joint3', 'panda_joint4', 'panda_joint5', 'panda_joint6', 'panda_joint7'] pts=1
[fjt] times[0..2]=[0. 3.] times[-3:]=[0. 3.]
[fjt] goal=[ 0.311 -0.809 -0.91  -2.92  -0.773  2.184  2.453]
[fjt] final=[ 0.313 -0.818 -0.895 -2.898 -0.761  2.198  2.451]
[fjt] err=[ 0.003 -0.009  0.014  0.022  0.012  0.013 -0.001]
[fjt] names=['panda_joint1', 'panda_joint2', 'panda_joint3', 'panda_joint4', 'panda_joint5', 'panda_joint6', 'panda_joint7'] pts=1
[fjt] times[0..2]=[0. 2.] times[-3:]=[0. 2.]
[fjt] goal=[ 0.317 -0.757 -0.943 -2.933 -0.795  2.249  2.456]
[fjt] final=[ 0.32  -0.777 -0.915 -2.899 -0.77   2.254  2.453]
[fjt] err=[ 0.003 -0.019  0.028  0.034  0.025  0.005 -0.003]
[fjt] names=['panda_joint1', 'panda_joint2', 'panda_joint3', 'panda_joint4', 'panda_joint5', 'panda_joint6', 'panda_joint7'] pts=1
[fjt] times[0..2]=[0. 3.] times[-3:]=[0. 3.]
[fjt] goal=[ 0.317 -0.757 -0.943 -2.933 -0.795  2.249  2.456]
[fjt] final=[ 0.317 -0.761 -0.938 -2.923 -0.792  2.254  2.453]
[fjt] err=[ 0.001 -0.003  0.005  0.01   0.003  0.005 -0.003]
[fjt] names=['panda_joint1', 'panda_joint2', 'panda_joint3', 'panda_joint4', 'panda_joint5', 'panda_joint6', 'panda_joint7'] pts=1
[fjt] times[0..2]=[0. 2.] times[-3:]=[0. 2.]
[fjt] goal=[ 0.325 -0.721 -0.968 -2.94  -0.81   2.294  2.46 ]
[fjt] final=[ 0.326 -0.734 -0.949 -2.917 -0.797  2.298  2.457]
[fjt] err=[ 0.001 -0.013  0.019  0.023  0.013  0.005 -0.003]
[fjt] names=['panda_joint1', 'panda_joint2', 'panda_joint3', 'panda_joint4', 'panda_joint5', 'panda_joint6', 'panda_joint7'] pts=1
[fjt] times[0..2]=[0. 3.] times[-3:]=[0. 3.]
[fjt] goal=[ 0.325 -0.721 -0.968 -2.94  -0.81   2.294  2.46 ]
[fjt] final=[ 0.326 -0.723 -0.964 -2.93  -0.808  2.3    2.457]
[fjt] err=[ 0.001 -0.002  0.004  0.01   0.002  0.007 -0.002]
[fjt] names=['panda_joint1', 'panda_joint2', 'panda_joint3', 'panda_joint4', 'panda_joint5', 'panda_joint6', 'panda_joint7'] pts=1
[fjt] times[0..2]=[0. 2.] times[-3:]=[0. 2.]
[fjt] goal=[ 0.336 -0.681 -0.994 -2.946 -0.825  2.34   2.463]
[fjt] final=[ 0.336 -0.683 -0.99  -2.935 -0.823  2.347  2.461]
[fjt] err=[ 0.001 -0.002  0.005  0.011  0.002  0.007 -0.003]
[fjt] names=['panda_joint1', 'panda_joint2', 'panda_joint3', 'panda_joint4', 'panda_joint5', 'panda_joint6', 'panda_joint7'] pts=1
[fjt] times[0..2]=[0. 2.] times[-3:]=[0. 2.]
[fjt] goal=[ 0.298 -0.982 -0.696 -2.777 -0.591  1.866  2.413]
[fjt] final=[ 0.298 -0.982 -0.697 -2.777 -0.593  1.912  2.415]
[fjt] err=[ 0.     0.    -0.001 -0.001 -0.002  0.046  0.002]
[fjt] names=['panda_joint1', 'panda_joint2', 'panda_joint3', 'panda_joint4', 'panda_joint5', 'panda_joint6', 'panda_joint7'] pts=1
[fjt] times[0..2]=[0. 3.] times[-3:]=[0. 3.]
[fjt] goal=[ 0.298 -0.982 -0.696 -2.777 -0.591  1.866  2.413]
[fjt] final=[ 0.298 -0.982 -0.697 -2.777 -0.593  1.868  2.415]
[fjt] err=[ 0.     0.    -0.001 -0.001 -0.002  0.002  0.002]
[fjt] names=['panda_joint1', 'panda_joint2', 'panda_joint3', 'panda_joint4', 'panda_joint5', 'panda_joint6', 'panda_joint7'] pts=1
[fjt] times[0..2]=[0. 3.] times[-3:]=[0. 3.]
[fjt] goal=[-0.148 -0.093  0.706 -1.875  0.062  1.804  2.897]
[fjt] final=[-1.480e-01 -3.620e-01 -6.600e-02 -2.172e+00  1.000e-03  1.805e+00
  2.891e+00]
[fjt] err=[ 0.001 -0.269 -0.772 -0.297 -0.061  0.002 -0.007]
[fjt] names=['panda_joint1', 'panda_joint2', 'panda_joint3', 'panda_joint4', 'panda_joint5', 'panda_joint6', 'panda_joint7'] pts=1
[fjt] times[0..2]=[0. 3.] times[-3:]=[0. 3.]
[fjt] goal=[-0.148 -0.093  0.706 -1.875  0.062  1.804  2.897]
[fjt] final=[-0.148 -0.094  0.547 -1.877  0.061  1.805  2.897]
[fjt] err=[ 0.    -0.001 -0.159 -0.002 -0.001  0.002  0.   ]
[fjt] names=['panda_joint1', 'panda_joint2', 'panda_joint3', 'panda_joint4', 'panda_joint5', 'panda_joint6', 'panda_joint7'] pts=1
[fjt] times[0..2]=[0. 3.] times[-3:]=[0. 3.]
[fjt] goal=[-0.148 -0.093  0.706 -1.875  0.062  1.804  2.897]
[fjt] final=[-0.148 -0.094  0.705 -1.876  0.061  1.805  2.897]
[fjt] err=[ 0.    -0.001 -0.001 -0.001 -0.001  0.001 -0.   ]
