start tcp [-0.114   0.0735  0.6998] gap 0.08
  gripper(0.04): reached=True stalled=False gap=0.0800
1. up to HIGH in current config
  move: code=0 max_joint_err=0.0023
  tcp now [-0.1136  0.0727  0.7995] target [-0.114  0.073  0.8  ]
2. reconfigure to planar config at HIGH
   q_high [ 1.810e-01 -4.820e-01  1.000e-03 -2.420e+00  0.000e+00  1.938e+00
  9.670e-01]
  move: code=0 max_joint_err=0.0023
   tcp [-0.1142  0.0727  0.8004]
3. straight descent to grasp height
  move: code=0 max_joint_err=0.0022
   tcp [-0.1146  0.0728  0.475 ]
4. close gripper
  gripper(0.0): reached=True stalled=False gap=0.0630
grasp evidence gap=0.0630
5. straight lift
  move: code=0 max_joint_err=0.0023
   tcp [-0.1142  0.073   0.6992] gap 0.0629
6. over basket
  move: code=0 max_joint_err=0.0025
  tcp now [-0.0051  0.2547  0.7594] target [-0.005  0.255  0.76 ]
   gap 0.0629
7. release
  gripper(0.04): reached=True stalled=False gap=0.0744
8. retreat
  move: code=0 max_joint_err=0.0023
  tcp now [-0.0047  0.255   0.8396] target [-0.005  0.255  0.84 ]
DONE
