[robosuite WARNING] No private macro file found! (__init__.py:7)
[robosuite WARNING] It is recommended to use a private macro file (__init__.py:8)
[robosuite WARNING] To setup, run: python /storage/home/yehe8/.openrua/simulators/cap-x/capx/third_party/libero_dependencies/robosuite/robosuite/scripts/setup_macros.py (__init__.py:9)
Gym has been unmaintained since 2022 and does not support NumPy 2.0 amongst other critical functionality.
Please upgrade to Gymnasium, the maintained drop-in replacement of Gym, or contact the authors of your software and request that they upgrade.
See the migration guide at https://gymnasium.farama.org/introduction/migration_guide/ for additional information.
[info] Using default task order for benchmark 'libero_10_task' (10 tasks).
[Warning]: datasets path /storage/home/yehe8/.openrua/simulators/cap-x/capx/third_party/LIBERO-PRO/libero/datasets does not exist!
[Warning]: datasets path /storage/home/yehe8/.openrua/simulators/cap-x/capx/third_party/LIBERO-PRO/libero/datasets does not exist!
robot ready
[Warning]: datasets path /storage/home/yehe8/.openrua/simulators/cap-x/capx/third_party/LIBERO-PRO/libero/datasets does not exist!
[fjt] names=['panda_joint1', 'panda_joint2', 'panda_joint3', 'panda_joint4', 'panda_joint5', 'panda_joint6', 'panda_joint7'] pts=1
[fjt] times[0..2]=[0. 4.] times[-3:]=[0. 4.]
[fjt] goal=[-0.166  0.811 -0.355 -1.489  1.225  1.349  1.495]
[fjt] final=[-0.166  0.611 -0.355 -1.664  0.727  1.497  1.379]
[fjt] err=[ 0.    -0.2    0.001 -0.175 -0.498  0.148 -0.116]
[fjt] names=['panda_joint1', 'panda_joint2', 'panda_joint3', 'panda_joint4', 'panda_joint5', 'panda_joint6', 'panda_joint7'] pts=1
[fjt] times[0..2]=[0. 3.] times[-3:]=[0. 3.]
[fjt] goal=[-0.166  0.811 -0.355 -1.489  1.225  1.349  1.495]
[fjt] final=[-0.166  0.81  -0.355 -1.49   1.223  1.351  1.493]
[fjt] err=[ 0.    -0.001  0.    -0.001 -0.002  0.002 -0.002]
[fjt] names=['panda_joint1', 'panda_joint2', 'panda_joint3', 'panda_joint4', 'panda_joint5', 'panda_joint6', 'panda_joint7'] pts=1
[fjt] times[0..2]=[0. 3.] times[-3:]=[0. 3.]
[fjt] goal=[-0.19   0.367 -0.774 -2.692  2.136  1.842  1.093]
[fjt] final=[-0.189  0.368 -0.773 -2.106  1.758  1.837  1.092]
[fjt] err=[ 0.     0.001  0.001  0.586 -0.378 -0.005 -0.001]
[fjt] names=['panda_joint1', 'panda_joint2', 'panda_joint3', 'panda_joint4', 'panda_joint5', 'panda_joint6', 'panda_joint7'] pts=1
[fjt] times[0..2]=[0. 3.] times[-3:]=[0. 3.]
[fjt] goal=[-0.19   0.367 -0.774 -2.692  2.136  1.842  1.093]
[fjt] final=[-0.19   0.368 -0.774 -2.683  2.135  1.84   1.091]
[fjt] err=[ 0.     0.001  0.     0.009 -0.001 -0.002 -0.003]
[fjt] names=['panda_joint1', 'panda_joint2', 'panda_joint3', 'panda_joint4', 'panda_joint5', 'panda_joint6', 'panda_joint7'] pts=1
[fjt] times[0..2]=[0. 4.] times[-3:]=[0. 4.]
[fjt] goal=[-2.559 -1.69   1.433 -1.744  1.666  1.415 -1.932]
[fjt] final=[-0.982 -0.402  0.014 -1.98   1.667  1.417  0.582]
[fjt] err=[ 1.577e+00  1.288e+00 -1.419e+00 -2.360e-01  1.000e-03  2.000e-03
  2.513e+00]
[fjt] names=['panda_joint1', 'panda_joint2', 'panda_joint3', 'panda_joint4', 'panda_joint5', 'panda_joint6', 'panda_joint7'] pts=1
[fjt] times[0..2]=[0. 3.] times[-3:]=[0. 3.]
[fjt] goal=[-2.559 -1.69   1.433 -1.744  1.666  1.415 -1.932]
[fjt] final=[-1.62  -1.031  0.651 -1.746  1.667  1.417  0.092]
[fjt] err=[ 9.390e-01  6.590e-01 -7.820e-01 -2.000e-03  1.000e-03  1.000e-03
  2.024e+00]
[fjt] names=['panda_joint1', 'panda_joint2', 'panda_joint3', 'panda_joint4', 'panda_joint5', 'panda_joint6', 'panda_joint7'] pts=1
[fjt] times[0..2]=[0. 3.] times[-3:]=[0. 3.]
[fjt] goal=[-2.546 -1.761  1.532 -1.742  1.752  1.501 -1.922]
[fjt] final=[-2.25  -1.65   1.269 -1.743  1.755  1.501 -0.513]
[fjt] err=[ 2.960e-01  1.110e-01 -2.630e-01 -1.000e-03  3.000e-03 -0.000e+00
  1.409e+00]
[fjt] names=['panda_joint1', 'panda_joint2', 'panda_joint3', 'panda_joint4', 'panda_joint5', 'panda_joint6', 'panda_joint7'] pts=1
[fjt] times[0..2]=[0. 6.] times[-3:]=[0. 6.]
[fjt] goal=[ 0.    -0.5    0.    -2.3    0.     1.8    0.785]
[fjt] final=[-1.144 -0.562  0.189 -2.298  0.663  1.8    0.418]
[fjt] err=[-1.144 -0.062  0.189  0.002  0.663  0.    -0.367]
[fjt] names=['panda_joint1', 'panda_joint2', 'panda_joint3', 'panda_joint4', 'panda_joint5', 'panda_joint6', 'panda_joint7'] pts=1
[fjt] times[0..2]=[0. 6.] times[-3:]=[0. 6.]
[fjt] goal=[ 0.    -0.5    0.    -2.3    0.     1.8    0.785]
[fjt] final=[-4.800e-02 -5.000e-01  0.000e+00 -2.299e+00  2.000e-03  1.800e+00
  7.860e-01]
[fjt] err=[-0.048 -0.     0.     0.001  0.002  0.     0.001]
[fjt] names=['panda_joint1', 'panda_joint2', 'panda_joint3', 'panda_joint4', 'panda_joint5', 'panda_joint6', 'panda_joint7'] pts=1
[fjt] times[0..2]=[0. 5.] times[-3:]=[0. 5.]
[fjt] goal=[-0.43   0.326 -0.038 -1.743  0.014  2.069  1.884]
[fjt] final=[-0.43   0.325 -0.037 -1.744  0.012  2.067  1.582]
[fjt] err=[ 0.    -0.001  0.001 -0.001 -0.002 -0.002 -0.302]
[fjt] names=['panda_joint1', 'panda_joint2', 'panda_joint3', 'panda_joint4', 'panda_joint5', 'panda_joint6', 'panda_joint7'] pts=1
[fjt] times[0..2]=[0. 5.] times[-3:]=[0. 5.]
[fjt] goal=[-0.43   0.326 -0.038 -1.743  0.014  2.069  1.884]
[fjt] final=[-0.43   0.325 -0.037 -1.744  0.013  2.068  1.882]
[fjt] err=[ 0.    -0.001  0.    -0.001 -0.001 -0.001 -0.002]
[fjt] names=['panda_joint1', 'panda_joint2', 'panda_joint3', 'panda_joint4', 'panda_joint5', 'panda_joint6', 'panda_joint7'] pts=4
[fjt] times[0..2]=[0. 1. 2.] times[-3:]=[2. 3. 4.]
[fjt] goal=[-0.433  0.505 -0.033 -1.845  0.021  2.348  1.876]
[fjt] final=[-0.433  0.505 -0.034 -1.845  0.02   2.346  1.878]
[fjt] err=[ 0.    -0.    -0.001  0.001 -0.001 -0.002  0.002]
[fjt] names=['panda_joint1', 'panda_joint2', 'panda_joint3', 'panda_joint4', 'panda_joint5', 'panda_joint6', 'panda_joint7'] pts=1
[fjt] times[0..2]=[0.  1.5] times[-3:]=[0.  1.5]
[fjt] goal=[-0.434  0.557 -0.031 -1.848  0.023  2.403  1.875]
[fjt] final=[-0.434  0.557 -0.032 -1.847  0.022  2.401  1.877]
[fjt] err=[ 0.    -0.    -0.001  0.001 -0.002 -0.002  0.002]
[fjt] names=['panda_joint1', 'panda_joint2', 'panda_joint3', 'panda_joint4', 'panda_joint5', 'panda_joint6', 'panda_joint7'] pts=1
[fjt] times[0..2]=[0.  1.5] times[-3:]=[0.  1.5]
[fjt] goal=[-0.436  0.595 -0.03  -1.846  0.024  2.438  1.874]
[fjt] final=[-0.435  0.594 -0.03  -1.847  0.023  2.437  1.877]
[fjt] err=[ 0.    -0.001 -0.001 -0.001 -0.002 -0.002  0.002]
[fjt] names=['panda_joint1', 'panda_joint2', 'panda_joint3', 'panda_joint4', 'panda_joint5', 'panda_joint6', 'panda_joint7'] pts=1
[fjt] times[0..2]=[0.  1.5] times[-3:]=[0.  1.5]
[fjt] goal=[-0.437  0.614 -0.029 -1.843  0.025  2.455  1.874]
[fjt] final=[-0.436  0.613 -0.029 -1.844  0.023  2.454  1.876]
[fjt] err=[ 0.    -0.001 -0.001 -0.001 -0.002 -0.002  0.002]
[fjt] names=['panda_joint1', 'panda_joint2', 'panda_joint3', 'panda_joint4', 'panda_joint5', 'panda_joint6', 'panda_joint7'] pts=1
[fjt] times[0..2]=[0.  1.5] times[-3:]=[0.  1.5]
[fjt] goal=[-0.437  0.634 -0.028 -1.84   0.025  2.472  1.874]
[fjt] final=[-0.437  0.633 -0.028 -1.841  0.023  2.47   1.876]
[fjt] err=[ 0.    -0.001 -0.001 -0.001 -0.002 -0.002  0.002]
[fjt] names=['panda_joint1', 'panda_joint2', 'panda_joint3', 'panda_joint4', 'panda_joint5', 'panda_joint6', 'panda_joint7'] pts=4
[fjt] times[0..2]=[0. 1. 2.] times[-3:]=[2. 3. 4.]
[fjt] goal=[-0.433  0.442 -0.034 -1.83   0.016  2.269  1.881]
[fjt] final=[-0.433  0.442 -0.033 -1.831  0.017  2.271  1.878]
[fjt] err=[-0.     0.     0.001 -0.001  0.001  0.002 -0.002]
[fjt] names=['panda_joint1', 'panda_joint2', 'panda_joint3', 'panda_joint4', 'panda_joint5', 'panda_joint6', 'panda_joint7'] pts=3
[fjt] times[0..2]=[0. 1. 2.] times[-3:]=[1. 2. 3.]
[fjt] goal=[-0.457  0.407 -0.04  -2.009  0.024  2.415  1.844]
[fjt] final=[-0.457  0.407 -0.04  -2.007  0.023  2.413  1.847]
[fjt] err=[ 0.     0.001  0.     0.001 -0.001 -0.002  0.003]
[fjt] names=['panda_joint1', 'panda_joint2', 'panda_joint3', 'panda_joint4', 'panda_joint5', 'panda_joint6', 'panda_joint7'] pts=3
[fjt] times[0..2]=[0. 1. 2.] times[-3:]=[1. 2. 3.]
[fjt] goal=[-0.461  0.53  -0.035 -2.006  0.031  2.535  1.84 ]
[fjt] final=[-0.461  0.529 -0.035 -2.007  0.029  2.534  1.842]
[fjt] err=[ 0.    -0.001 -0.001 -0.001 -0.002 -0.002  0.002]
[fjt] names=['panda_joint1', 'panda_joint2', 'panda_joint3', 'panda_joint4', 'panda_joint5', 'panda_joint6', 'panda_joint7'] pts=2
[fjt] times[0..2]=[0. 1. 2.] times[-3:]=[0. 1. 2.]
[fjt] goal=[-0.458  0.407 -0.039 -2.009  0.023  2.415  1.845]
[fjt] final=[-0.458  0.407 -0.038 -2.01   0.025  2.417  1.843]
[fjt] err=[-0.     0.001  0.001 -0.001  0.002  0.002 -0.002]
[fjt] names=['panda_joint1', 'panda_joint2', 'panda_joint3', 'panda_joint4', 'panda_joint5', 'panda_joint6', 'panda_joint7'] pts=4
[fjt] times[0..2]=[0. 1. 2.] times[-3:]=[2. 3. 4.]
[fjt] goal=[-0.458  0.407 -0.038 -2.01   0.025  2.417 -1.299]
[fjt] final=[-0.458  0.407 -0.039 -2.01   0.025  2.417  1.124]
[fjt] err=[-0.     0.    -0.    -0.     0.    -0.     2.423]
[fjt] names=['panda_joint1', 'panda_joint2', 'panda_joint3', 'panda_joint4', 'panda_joint5', 'panda_joint6', 'panda_joint7'] pts=1
[fjt] times[0..2]=[0.  1.5] times[-3:]=[0.  1.5]
[fjt] goal=[-0.458  0.407 -0.038 -2.01   0.025  2.417 -1.299]
[fjt] final=[-0.458  0.407 -0.039 -2.01   0.025  2.417  0.767]
[fjt] err=[-0.     0.    -0.    -0.     0.    -0.     2.066]
[fjt] names=['panda_joint1', 'panda_joint2', 'panda_joint3', 'panda_joint4', 'panda_joint5', 'panda_joint6', 'panda_joint7'] pts=4
[fjt] times[0..2]=[0. 1. 2.] times[-3:]=[2. 3. 4.]
[fjt] goal=[-0.209  0.374  0.04  -2.063 -0.021  2.436  1.124]
[fjt] final=[-0.209  0.373  0.039 -2.064 -0.019  2.438  1.121]
[fjt] err=[-0.    -0.    -0.001 -0.002  0.001  0.002 -0.003]
[fjt] names=['panda_joint1', 'panda_joint2', 'panda_joint3', 'panda_joint4', 'panda_joint5', 'panda_joint6', 'panda_joint7'] pts=2
[fjt] times[0..2]=[0. 1. 2.] times[-3:]=[0. 1. 2.]
[fjt] goal=[-0.205  0.487  0.035 -2.061 -0.027  2.549  1.128]
[fjt] final=[-0.206  0.487  0.036 -2.062 -0.025  2.547  1.126]
[fjt] err=[-0.    -0.001  0.001 -0.001  0.002 -0.002 -0.002]
[fjt] names=['panda_joint1', 'panda_joint2', 'panda_joint3', 'panda_joint4', 'panda_joint5', 'panda_joint6', 'panda_joint7'] pts=2
[fjt] times[0..2]=[0. 1. 2.] times[-3:]=[0. 1. 2.]
[fjt] goal=[-0.21   0.303  0.042 -2.048 -0.016  2.352  1.121]
[fjt] final=[-0.21   0.304  0.041 -2.049 -0.017  2.354  1.123]
[fjt] err=[ 0.     0.    -0.001 -0.001 -0.002  0.002  0.002]
[fjt] names=['panda_joint1', 'panda_joint2', 'panda_joint3', 'panda_joint4', 'panda_joint5', 'panda_joint6', 'panda_joint7'] pts=3
[fjt] times[0..2]=[0. 1. 2.] times[-3:]=[1. 2. 3.]
[fjt] goal=[-0.394  0.103 -0.064 -2.055  0.008  2.159  0.82 ]
[fjt] final=[-0.393  0.103 -0.063 -2.056  0.007  2.161  0.822]
[fjt] err=[ 0.     0.     0.001 -0.001 -0.001  0.002  0.003]
[fjt] names=['panda_joint1', 'panda_joint2', 'panda_joint3', 'panda_joint4', 'panda_joint5', 'panda_joint6', 'panda_joint7'] pts=1
[fjt] times[0..2]=[0. 4.] times[-3:]=[0. 4.]
[fjt] goal=[-1.731  1.481  0.864 -2.82   2.455  1.667  2.651]
[fjt] final=[-1.212  0.809  0.538 -2.651  0.643  1.701  1.508]
[fjt] err=[ 0.519 -0.672 -0.326  0.169 -1.812  0.034 -1.144]
[fjt] names=['panda_joint1', 'panda_joint2', 'panda_joint3', 'panda_joint4', 'panda_joint5', 'panda_joint6', 'panda_joint7'] pts=1
[fjt] times[0..2]=[0. 2.] times[-3:]=[0. 2.]
[fjt] goal=[-1.731  1.481  0.864 -2.82   2.455  1.667  2.651]
[fjt] final=[-1.706  1.081  0.75  -2.737  0.842  1.71   2.131]
[fjt] err=[ 0.025 -0.4   -0.114  0.083 -1.613  0.043 -0.521]
[fjt] names=['panda_joint1', 'panda_joint2', 'panda_joint3', 'panda_joint4', 'panda_joint5', 'panda_joint6', 'panda_joint7'] pts=3
[fjt] times[0..2]=[0. 1. 2.] times[-3:]=[1. 2. 3.]
[fjt] goal=[-2.244  0.69   1.467 -3.004  1.216  1.52   2.343]
[fjt] final=[-2.236  0.691  1.345 -3.004  1.214  1.521  2.341]
[fjt] err=[ 0.007  0.001 -0.122  0.001 -0.001  0.002 -0.002]
[fjt] names=['panda_joint1', 'panda_joint2', 'panda_joint3', 'panda_joint4', 'panda_joint5', 'panda_joint6', 'panda_joint7'] pts=1
[fjt] times[0..2]=[0. 2.] times[-3:]=[0. 2.]
[fjt] goal=[-2.244  0.69   1.467 -3.004  1.216  1.52   2.343]
[fjt] final=[-2.243  0.691  1.466 -3.004  1.215  1.521  2.341]
[fjt] err=[ 0.     0.001 -0.001  0.001 -0.001  0.002 -0.001]
[fjt] names=['panda_joint1', 'panda_joint2', 'panda_joint3', 'panda_joint4', 'panda_joint5', 'panda_joint6', 'panda_joint7'] pts=1
[fjt] times[0..2]=[0. 5.] times[-3:]=[0. 5.]
[fjt] goal=[-2.883  0.626  2.669 -2.56  -0.294  1.972  2.34 ]
[fjt] final=[-2.883  0.627  2.383 -2.561  0.346  1.97   2.342]
[fjt] err=[ 0.     0.001 -0.287 -0.001  0.64  -0.002  0.002]
[fjt] names=['panda_joint1', 'panda_joint2', 'panda_joint3', 'panda_joint4', 'panda_joint5', 'panda_joint6', 'panda_joint7'] pts=1
[fjt] times[0..2]=[0. 2.] times[-3:]=[0. 2.]
[fjt] goal=[-2.883  0.626  2.669 -2.56  -0.294  1.972  2.34 ]
[fjt] final=[-2.883  0.627  2.668 -2.561 -0.079  1.97   2.342]
[fjt] err=[ 0.     0.001 -0.001 -0.001  0.215 -0.002  0.002]
[fjt] names=['panda_joint1', 'panda_joint2', 'panda_joint3', 'panda_joint4', 'panda_joint5', 'panda_joint6', 'panda_joint7'] pts=1
[fjt] times[0..2]=[0. 6.] times[-3:]=[0. 6.]
[fjt] goal=[-0.43  0.33 -0.04 -1.74  0.01  2.07  1.88]
[fjt] final=[-1.771  0.331  1.565 -1.741  0.008  2.069  1.883]
[fjt] err=[-1.341e+00  1.000e-03  1.605e+00 -1.000e-03 -2.000e-03 -1.000e-03
  3.000e-03]
[fjt] names=['panda_joint1', 'panda_joint2', 'panda_joint3', 'panda_joint4', 'panda_joint5', 'panda_joint6', 'panda_joint7'] pts=1
[fjt] times[0..2]=[0. 2.] times[-3:]=[0. 2.]
[fjt] goal=[-0.43  0.33 -0.04 -1.74  0.01  2.07  1.88]
[fjt] final=[-1.299  0.331  1.097 -1.74   0.008  2.069  1.882]
[fjt] err=[-8.690e-01  1.000e-03  1.137e+00 -0.000e+00 -2.000e-03 -1.000e-03
  2.000e-03]
[fjt] names=['panda_joint1', 'panda_joint2', 'panda_joint3', 'panda_joint4', 'panda_joint5', 'panda_joint6', 'panda_joint7'] pts=8
[fjt] times[0..2]=[0.  1.5 3. ] times[-3:]=[ 9.  10.5 12. ]
[fjt] goal=[-0.43  0.33 -0.04 -1.74  0.01  2.07  1.88]
[fjt] final=[-0.431  0.33  -0.039 -1.74   0.009  2.069  1.882]
[fjt] err=[-0.001  0.     0.001 -0.    -0.001 -0.001  0.002]
[fjt] names=['panda_joint1', 'panda_joint2', 'panda_joint3', 'panda_joint4', 'panda_joint5', 'panda_joint6', 'panda_joint7'] pts=4
[fjt] times[0..2]=[0.  0.5 1. ] times[-3:]=[1.  1.5 2. ]
[fjt] goal=[-0.087  0.484  0.095 -1.883 -0.063  2.364  2.398]
[fjt] final=[-0.088  0.483  0.095 -1.884 -0.062  2.363  2.316]
[fjt] err=[-0.001 -0.001 -0.    -0.001  0.001 -0.002 -0.082]
[fjt] names=['panda_joint1', 'panda_joint2', 'panda_joint3', 'panda_joint4', 'panda_joint5', 'panda_joint6', 'panda_joint7'] pts=1
[fjt] times[0..2]=[0.  1.5] times[-3:]=[0.  1.5]
[fjt] goal=[-0.087  0.484  0.095 -1.883 -0.063  2.364  2.398]
[fjt] final=[-0.088  0.484  0.095 -1.884 -0.062  2.363  2.396]
[fjt] err=[-0.    -0.001 -0.    -0.001  0.001 -0.002 -0.002]
[fjt] names=['panda_joint1', 'panda_joint2', 'panda_joint3', 'panda_joint4', 'panda_joint5', 'panda_joint6', 'panda_joint7'] pts=2
[fjt] times[0..2]=[0. 1. 2.] times[-3:]=[0. 1. 2.]
[fjt] goal=[-0.079  0.601  0.084 -1.88  -0.077  2.478  2.408]
[fjt] final=[-0.08   0.6    0.085 -1.881 -0.076  2.476  2.405]
[fjt] err=[-0.    -0.001  0.001 -0.001  0.002 -0.002 -0.002]
[fjt] names=['panda_joint1', 'panda_joint2', 'panda_joint3', 'panda_joint4', 'panda_joint5', 'panda_joint6', 'panda_joint7'] pts=2
[fjt] times[0..2]=[0. 1. 2.] times[-3:]=[0. 1. 2.]
[fjt] goal=[-0.087  0.484  0.095 -1.883 -0.063  2.364  2.398]
[fjt] final=[-0.086  0.485  0.094 -1.884 -0.064  2.366  2.401]
[fjt] err=[ 0.     0.001 -0.001 -0.002 -0.002  0.002  0.002]
[fjt] names=['panda_joint1', 'panda_joint2', 'panda_joint3', 'panda_joint4', 'panda_joint5', 'panda_joint6', 'panda_joint7'] pts=4
[fjt] times[0..2]=[0.  0.5 1. ] times[-3:]=[1.  1.5 2. ]
[fjt] goal=[-0.268  0.784  0.047 -1.364 -0.039  2.147  2.143]
[fjt] final=[-0.267  0.78   0.049 -1.446 -0.037  2.139  2.144]
[fjt] err=[ 0.001 -0.004  0.002 -0.083  0.002 -0.008  0.001]
[fjt] names=['panda_joint1', 'panda_joint2', 'panda_joint3', 'panda_joint4', 'panda_joint5', 'panda_joint6', 'panda_joint7'] pts=1
[fjt] times[0..2]=[0.  1.5] times[-3:]=[0.  1.5]
[fjt] goal=[-0.268  0.784  0.047 -1.364 -0.039  2.147  2.143]
[fjt] final=[-0.267  0.784  0.047 -1.365 -0.038  2.145  2.144]
[fjt] err=[ 0.    -0.     0.    -0.002  0.001 -0.002  0.001]
[fjt] names=['panda_joint1', 'panda_joint2', 'panda_joint3', 'panda_joint4', 'panda_joint5', 'panda_joint6', 'panda_joint7'] pts=2
[fjt] times[0..2]=[0. 1. 2.] times[-3:]=[0. 1. 2.]
[fjt] goal=[-0.266  0.873  0.044 -1.362 -0.043  2.234  2.145]
[fjt] final=[-0.266  0.867  0.044 -1.361 -0.041  2.228  2.144]
[fjt] err=[-0.    -0.006  0.     0.001  0.001 -0.006 -0.001]
[fjt] names=['panda_joint1', 'panda_joint2', 'panda_joint3', 'panda_joint4', 'panda_joint5', 'panda_joint6', 'panda_joint7'] pts=2
[fjt] times[0..2]=[0. 1. 2.] times[-3:]=[0. 1. 2.]
[fjt] goal=[-0.268  0.711  0.049 -1.33  -0.036  2.04   2.141]
[fjt] final=[-0.268  0.711  0.048 -1.331 -0.037  2.043  2.144]
[fjt] err=[ 0.     0.    -0.001 -0.001 -0.001  0.002  0.002]
[fjt] names=['panda_joint1', 'panda_joint2', 'panda_joint3', 'panda_joint4', 'panda_joint5', 'panda_joint6', 'panda_joint7'] pts=4
[fjt] times[0..2]=[0.  0.5 1. ] times[-3:]=[1.  1.5 2. ]
[fjt] goal=[-0.196  0.269  0.086 -2.229 -0.038  2.497  2.273]
[fjt] final=[-0.196  0.279  0.085 -1.788 -0.037  2.463  2.27 ]
[fjt] err=[-0.     0.01  -0.001  0.441  0.001 -0.034 -0.003]
[fjt] names=['panda_joint1', 'panda_joint2', 'panda_joint3', 'panda_joint4', 'panda_joint5', 'panda_joint6', 'panda_joint7'] pts=1
[fjt] times[0..2]=[0.  1.5] times[-3:]=[0.  1.5]
[fjt] goal=[-0.196  0.269  0.086 -2.229 -0.038  2.497  2.273]
[fjt] final=[-0.196  0.269  0.085 -2.157 -0.037  2.497  2.271]
[fjt] err=[-0.     0.    -0.     0.073  0.001  0.    -0.002]
[fjt] names=['panda_joint1', 'panda_joint2', 'panda_joint3', 'panda_joint4', 'panda_joint5', 'panda_joint6', 'panda_joint7'] pts=2
[fjt] times[0..2]=[0. 1. 2.] times[-3:]=[0. 1. 2.]
[fjt] goal=[-0.188  0.408  0.074 -2.226 -0.06   2.632  2.288]
[fjt] final=[-0.188  0.407  0.075 -2.225 -0.058  2.63   2.286]
[fjt] err=[-0.    -0.     0.001  0.001  0.002 -0.002 -0.002]
[fjt] names=['panda_joint1', 'panda_joint2', 'panda_joint3', 'panda_joint4', 'panda_joint5', 'panda_joint6', 'panda_joint7'] pts=2
[fjt] times[0..2]=[0. 1. 2.] times[-3:]=[0. 1. 2.]
[fjt] goal=[-0.197  0.269  0.087 -2.229 -0.038  2.497  2.273]
[fjt] final=[-0.197  0.27   0.086 -2.23  -0.04   2.499  2.276]
[fjt] err=[ 0.     0.001 -0.001 -0.001 -0.002  0.002  0.002]
[fjt] names=['panda_joint1', 'panda_joint2', 'panda_joint3', 'panda_joint4', 'panda_joint5', 'panda_joint6', 'panda_joint7'] pts=7
[fjt] times[0..2]=[0.         0.9320977  1.86419539] times[-3:]=[4.66048848 5.59258618 6.52468387]
[fjt] goal=[-0.198  0.27   0.087 -2.23  -0.039  2.498  0.318]
[fjt] final=[-0.198  0.27   0.086 -2.23  -0.039  2.499  1.202]
[fjt] err=[ 0.     0.    -0.001 -0.    -0.     0.     0.884]
[fjt] names=['panda_joint1', 'panda_joint2', 'panda_joint3', 'panda_joint4', 'panda_joint5', 'panda_joint6', 'panda_joint7'] pts=1
[fjt] times[0..2]=[0.         2.94553044] times[-3:]=[0.         2.94553044]
[fjt] goal=[-0.198  0.27   0.087 -2.23  -0.039  2.498  0.318]
[fjt] final=[-0.198  0.27   0.086 -2.23  -0.039  2.499  0.645]
[fjt] err=[ 0.     0.    -0.001 -0.    -0.     0.     0.327]
[fjt] names=['panda_joint1', 'panda_joint2', 'panda_joint3', 'panda_joint4', 'panda_joint5', 'panda_joint6', 'panda_joint7'] pts=3
[fjt] times[0..2]=[0.         0.66666667 1.33333333] times[-3:]=[0.66666667 1.33333333 2.        ]
[fjt] goal=[-0.234  0.381  0.066 -2.051 -0.038  2.431  0.585]
[fjt] final=[-0.234  0.381  0.067 -2.053 -0.039  2.433  0.588]
[fjt] err=[ 0.    -0.     0.001 -0.002 -0.001  0.002  0.002]
[fjt] names=['panda_joint1', 'panda_joint2', 'panda_joint3', 'panda_joint4', 'panda_joint5', 'panda_joint6', 'panda_joint7'] pts=2
[fjt] times[0..2]=[0. 1. 2.] times[-3:]=[0. 1. 2.]
[fjt] goal=[-0.229  0.494  0.059 -2.049 -0.051  2.542  0.594]
[fjt] final=[-0.23   0.494  0.06  -2.05  -0.049  2.541  0.591]
[fjt] err=[-0.    -0.001  0.001 -0.001  0.002 -0.002 -0.002]
[fjt] names=['panda_joint1', 'panda_joint2', 'panda_joint3', 'panda_joint4', 'panda_joint5', 'panda_joint6', 'panda_joint7'] pts=2
[fjt] times[0..2]=[0. 1. 2.] times[-3:]=[0. 1. 2.]
[fjt] goal=[-0.242  0.236  0.076 -2.001 -0.023  2.237  0.575]
[fjt] final=[-0.242  0.237  0.075 -2.002 -0.025  2.239  0.578]
[fjt] err=[ 0.     0.    -0.001 -0.001 -0.002  0.002  0.002]
[fjt] names=['panda_joint1', 'panda_joint2', 'panda_joint3', 'panda_joint4', 'panda_joint5', 'panda_joint6', 'panda_joint7'] pts=3
[fjt] times[0..2]=[0.         0.66666667 1.33333333] times[-3:]=[0.66666667 1.33333333 2.        ]
[fjt] goal=[-4.800e-01 -4.000e-03 -9.700e-02 -2.046e+00 -2.000e-03  2.044e+00
  1.540e-01]
[fjt] final=[-4.800e-01 -3.000e-03 -9.700e-02 -2.047e+00 -2.000e-03  2.046e+00
  1.670e-01]
[fjt] err=[ 0.     0.     0.    -0.001 -0.001  0.002  0.013]
[fjt] names=['panda_joint1', 'panda_joint2', 'panda_joint3', 'panda_joint4', 'panda_joint5', 'panda_joint6', 'panda_joint7'] pts=10
[fjt] times[0..2]=[0.         0.96322749 1.92645498] times[-3:]=[7.70581991 8.6690474  9.63227489]
[fjt] goal=[-2.013 -0.862  1.829 -2.156  1.035  2.119  1.579]
[fjt] final=[-2.012 -0.862  1.582 -2.155  1.034  2.118  1.576]
[fjt] err=[ 0.     0.001 -0.247  0.001 -0.001 -0.001 -0.003]
[fjt] names=['panda_joint1', 'panda_joint2', 'panda_joint3', 'panda_joint4', 'panda_joint5', 'panda_joint6', 'panda_joint7'] pts=1
[fjt] times[0..2]=[0.  1.5] times[-3:]=[0.  1.5]
[fjt] goal=[-2.013 -0.862  1.829 -2.156  1.035  2.119  1.579]
[fjt] final=[-2.013 -0.862  1.828 -2.155  1.035  2.118  1.578]
[fjt] err=[ 0.     0.    -0.001  0.001 -0.001 -0.001 -0.001]
[fjt] names=['panda_joint1', 'panda_joint2', 'panda_joint3', 'panda_joint4', 'panda_joint5', 'panda_joint6', 'panda_joint7'] pts=2
[fjt] times[0..2]=[0. 1. 2.] times[-3:]=[0. 1. 2.]
[fjt] goal=[-2.108 -0.931  1.981 -2.14   1.149  2.203  1.527]
[fjt] final=[-2.107 -0.931  1.98  -2.141  1.147  2.202  1.53 ]
[fjt] err=[ 0.001  0.001 -0.001 -0.001 -0.002 -0.002  0.002]
[fjt] names=['panda_joint1', 'panda_joint2', 'panda_joint3', 'panda_joint4', 'panda_joint5', 'panda_joint6', 'panda_joint7'] pts=2
[fjt] times[0..2]=[0. 1. 2.] times[-3:]=[0. 1. 2.]
[fjt] goal=[-2.015 -0.855  1.834 -2.156  1.029  2.125  1.583]
[fjt] final=[-2.016 -0.856  1.835 -2.156  1.031  2.126  1.58 ]
[fjt] err=[-0.001 -0.001  0.001  0.     0.002  0.002 -0.002]
[fjt] names=['panda_joint1', 'panda_joint2', 'panda_joint3', 'panda_joint4', 'panda_joint5', 'panda_joint6', 'panda_joint7'] pts=4
[fjt] times[0..2]=[0.         0.83139186 1.66278372] times[-3:]=[1.66278372 2.49417558 3.32556744]
[fjt] goal=[-2.016 -0.856  1.835 -2.155  1.03   2.125  1.181]
[fjt] final=[-2.016 -0.856  1.835 -2.156  1.031  2.126  1.184]
[fjt] err=[ 0.     0.     0.    -0.001  0.001  0.001  0.002]
[fjt] names=['panda_joint1', 'panda_joint2', 'panda_joint3', 'panda_joint4', 'panda_joint5', 'panda_joint6', 'panda_joint7'] pts=3
[fjt] times[0..2]=[0.         0.66666667 1.33333333] times[-3:]=[0.66666667 1.33333333 2.        ]
[fjt] goal=[-2.016 -0.842  1.817 -2.194  1.03   2.138  1.144]
[fjt] final=[-2.016 -0.843  1.818 -2.193  1.031  2.136  1.147]
[fjt] err=[ 0.    -0.001  0.001  0.001  0.    -0.002  0.002]
[fjt] names=['panda_joint1', 'panda_joint2', 'panda_joint3', 'panda_joint4', 'panda_joint5', 'panda_joint6', 'panda_joint7'] pts=2
[fjt] times[0..2]=[0. 1. 2.] times[-3:]=[0. 1. 2.]
[fjt] goal=[-2.109 -0.902  1.962 -2.18   1.137  2.216  1.094]
[fjt] final=[-2.109 -0.902  1.962 -2.181  1.135  2.214  1.096]
[fjt] err=[ 0.001  0.001 -0.001 -0.001 -0.002 -0.002  0.002]
[fjt] names=['panda_joint1', 'panda_joint2', 'panda_joint3', 'panda_joint4', 'panda_joint5', 'panda_joint6', 'panda_joint7'] pts=2
[fjt] times[0..2]=[0. 1. 2.] times[-3:]=[0. 1. 2.]
[fjt] goal=[-1.885 -0.75   1.601 -2.163  0.853  2.011  1.231]
[fjt] final=[-1.886 -0.75   1.603 -2.164  0.855  2.013  1.229]
[fjt] err=[-0.    -0.001  0.002 -0.001  0.002  0.002 -0.003]
[fjt] names=['panda_joint1', 'panda_joint2', 'panda_joint3', 'panda_joint4', 'panda_joint5', 'panda_joint6', 'panda_joint7'] pts=3
[fjt] times[0..2]=[0.         0.66666667 1.33333333] times[-3:]=[0.66666667 1.33333333 2.        ]
[fjt] goal=[-2.256 -0.591  1.469 -2.01   0.621  1.878  0.938]
[fjt] final=[-2.251 -0.591  1.468 -2.011  0.622  1.88   0.939]
[fjt] err=[ 0.004 -0.001 -0.    -0.001  0.002  0.002  0.001]
[fjt] names=['panda_joint1', 'panda_joint2', 'panda_joint3', 'panda_joint4', 'panda_joint5', 'panda_joint6', 'panda_joint7'] pts=8
[fjt] times[0..2]=[0.         0.90313352 1.80626703] times[-3:]=[5.4188011  6.32193462 7.22506814]
[fjt] goal=[-0.83   1.215  0.401 -1.011  0.745  1.061  1.679]
[fjt] final=[-0.961  0.697  0.402 -1.012  0.743  1.066  1.677]
[fjt] err=[-0.131 -0.518  0.001 -0.001 -0.002  0.005 -0.003]
[fjt] names=['panda_joint1', 'panda_joint2', 'panda_joint3', 'panda_joint4', 'panda_joint5', 'panda_joint6', 'panda_joint7'] pts=1
[fjt] times[0..2]=[0.         2.07378558] times[-3:]=[0.         2.07378558]
[fjt] goal=[-0.83   1.215  0.401 -1.011  0.745  1.061  1.679]
[fjt] final=[-0.83   1.166  0.401 -1.012  0.743  1.063  1.677]
[fjt] err=[-0.    -0.049  0.001 -0.    -0.002  0.003 -0.002]
[fjt] names=['panda_joint1', 'panda_joint2', 'panda_joint3', 'panda_joint4', 'panda_joint5', 'panda_joint6', 'panda_joint7'] pts=4
[fjt] times[0..2]=[0.  0.5 1. ] times[-3:]=[1.  1.5 2. ]
[fjt] goal=[-0.76   1.529  0.386 -0.665  0.697  1.013  1.668]
[fjt] final=[-0.761  1.528  0.386 -0.67   0.698  1.015  1.667]
[fjt] err=[-0.    -0.002  0.    -0.004  0.001  0.002 -0.001]
[fjt] names=['panda_joint1', 'panda_joint2', 'panda_joint3', 'panda_joint4', 'panda_joint5', 'panda_joint6', 'panda_joint7'] pts=4
[fjt] times[0..2]=[0.  0.5 1. ] times[-3:]=[1.  1.5 2. ]
[fjt] goal=[-0.765  1.256  0.367 -1.195  0.718  1.248  1.507]
[fjt] final=[-0.77   1.244  0.369 -1.1    0.727  1.232  1.499]
[fjt] err=[-0.005 -0.012  0.003  0.095  0.009 -0.015 -0.008]
[fjt] names=['panda_joint1', 'panda_joint2', 'panda_joint3', 'panda_joint4', 'panda_joint5', 'panda_joint6', 'panda_joint7'] pts=1
[fjt] times[0..2]=[0.  1.5] times[-3:]=[0.  1.5]
[fjt] goal=[-0.765  1.256  0.367 -1.195  0.718  1.248  1.507]
[fjt] final=[-0.776  1.225  0.377 -1.167  0.74   1.201  1.48 ]
[fjt] err=[-0.012 -0.03   0.01   0.028  0.022 -0.047 -0.027]
[fjt] names=['panda_joint1', 'panda_joint2', 'panda_joint3', 'panda_joint4', 'panda_joint5', 'panda_joint6', 'panda_joint7'] pts=3
[fjt] times[0..2]=[0.         0.66666667 1.33333333] times[-3:]=[0.66666667 1.33333333 2.        ]
[fjt] goal=[-0.806  1.086  0.399 -1.269  0.778  1.186  1.517]
[fjt] final=[-0.806  1.087  0.398 -1.268  0.777  1.188  1.514]
[fjt] err=[ 0.     0.001 -0.001  0.001 -0.001  0.001 -0.002]
[fjt] names=['panda_joint1', 'panda_joint2', 'panda_joint3', 'panda_joint4', 'panda_joint5', 'panda_joint6', 'panda_joint7'] pts=3
[fjt] times[0..2]=[0.         0.66666667 1.33333333] times[-3:]=[0.66666667 1.33333333 2.        ]
[fjt] goal=[-0.828  0.988  0.418 -1.324  0.812  1.168  1.558]
[fjt] final=[-0.828  0.989  0.418 -1.323  0.811  1.169  1.555]
[fjt] err=[ 0.     0.001 -0.001  0.001 -0.001  0.001 -0.002]
[fjt] names=['panda_joint1', 'panda_joint2', 'panda_joint3', 'panda_joint4', 'panda_joint5', 'panda_joint6', 'panda_joint7'] pts=15
[fjt] times[0..2]=[0.         0.93944984 1.87889969] times[-3:]=[12.21284797 13.15229781 14.09174765]
[fjt] goal=[-1.084  1.262  0.859 -1.117  0.455  1.183 -1.263]
[fjt] final=[-1.083  1.261  0.858 -1.118  0.456  1.182 -0.591]
[fjt] err=[ 0.    -0.001 -0.002 -0.001  0.001 -0.002  0.672]
[fjt] names=['panda_joint1', 'panda_joint2', 'panda_joint3', 'panda_joint4', 'panda_joint5', 'panda_joint6', 'panda_joint7'] pts=1
[fjt] times[0..2]=[0.         3.36121176] times[-3:]=[0.         3.36121176]
[fjt] goal=[-1.084  1.262  0.859 -1.117  0.455  1.183 -1.263]
[fjt] final=[-1.083  1.261  0.858 -1.118  0.456  1.182 -1.203]
[fjt] err=[ 0.    -0.001 -0.002 -0.001  0.001 -0.001  0.06 ]
[fjt] names=['panda_joint1', 'panda_joint2', 'panda_joint3', 'panda_joint4', 'panda_joint5', 'panda_joint6', 'panda_joint7'] pts=5
[fjt] times[0..2]=[0.  0.4 0.8] times[-3:]=[1.2 1.6 2. ]
[fjt] goal=[-0.908  1.612  0.789 -0.702  0.331  1.092 -1.365]
[fjt] final=[-0.909  1.611  0.79  -0.729  0.332  1.093 -1.363]
[fjt] err=[-0.001 -0.002  0.001 -0.027  0.001  0.001  0.003]
[fjt] names=['panda_joint1', 'panda_joint2', 'panda_joint3', 'panda_joint4', 'panda_joint5', 'panda_joint6', 'panda_joint7'] pts=1
[fjt] times[0..2]=[0.  1.5] times[-3:]=[0.  1.5]
[fjt] goal=[-0.908  1.612  0.789 -0.702  0.331  1.092 -1.365]
[fjt] final=[-0.909  1.612  0.79  -0.703  0.332  1.093 -1.363]
[fjt] err=[-0.    -0.001  0.001 -0.001  0.001  0.001  0.002]
[fjt] names=['panda_joint1', 'panda_joint2', 'panda_joint3', 'panda_joint4', 'panda_joint5', 'panda_joint6', 'panda_joint7'] pts=4
[fjt] times[0..2]=[0.         0.52464525 1.04929051] times[-3:]=[1.04929051 1.57393576 2.09858102]
[fjt] goal=[-1.029  1.415  0.786 -1.228  0.355  1.384 -1.449]
[fjt] final=[-1.028  1.416  0.785 -1.166  0.354  1.382 -1.448]
[fjt] err=[ 0.     0.    -0.     0.062 -0.001 -0.002  0.001]
[fjt] names=['panda_joint1', 'panda_joint2', 'panda_joint3', 'panda_joint4', 'panda_joint5', 'panda_joint6', 'panda_joint7'] pts=1
[fjt] times[0..2]=[0.  1.5] times[-3:]=[0.  1.5]
[fjt] goal=[-1.029  1.415  0.786 -1.228  0.355  1.384 -1.449]
[fjt] final=[-1.029  1.415  0.785 -1.227  0.354  1.382 -1.448]
[fjt] err=[ 0.     0.    -0.     0.001 -0.001 -0.002  0.001]
[fjt] names=['panda_joint1', 'panda_joint2', 'panda_joint3', 'panda_joint4', 'panda_joint5', 'panda_joint6', 'panda_joint7'] pts=4
[fjt] times[0..2]=[0.  0.5 1. ] times[-3:]=[1.  1.5 2. ]
[fjt] goal=[-1.086  1.293  0.83  -1.348  0.4    1.395 -1.404]
[fjt] final=[-1.086  1.294  0.829 -1.347  0.398  1.394 -1.407]
[fjt] err=[ 0.     0.001 -0.001  0.001 -0.002 -0.002 -0.002]
[fjt] names=['panda_joint1', 'panda_joint2', 'panda_joint3', 'panda_joint4', 'panda_joint5', 'panda_joint6', 'panda_joint7'] pts=6
[fjt] times[0..2]=[0.  0.5 1. ] times[-3:]=[2.  2.5 3. ]
[fjt] goal=[-1.204  1.212  0.85  -1.579  0.505  1.631 -1.457]
[fjt] final=[-1.204  1.213  0.849 -1.578  0.503  1.629 -1.455]
[fjt] err=[ 0.     0.001 -0.001  0.002 -0.002 -0.002  0.002]
[fjt] names=['panda_joint1', 'panda_joint2', 'panda_joint3', 'panda_joint4', 'panda_joint5', 'panda_joint6', 'panda_joint7'] pts=2
[fjt] times[0..2]=[0. 1. 2.] times[-3:]=[0. 1. 2.]
[fjt] goal=[-1.212  1.198  0.858 -1.591  0.511  1.63  -1.451]
[fjt] final=[-1.212  1.198  0.857 -1.589  0.509  1.63  -1.453]
[fjt] err=[ 0.     0.001 -0.001  0.001 -0.002 -0.001 -0.002]
[fjt] names=['panda_joint1', 'panda_joint2', 'panda_joint3', 'panda_joint4', 'panda_joint5', 'panda_joint6', 'panda_joint7'] pts=10
[fjt] times[0..2]=[0. 1. 2.] times[-3:]=[ 8.  9. 10.]
[fjt] goal=[-1.022  1.196  0.981 -1.838  0.667  2.049 -1.521]
[fjt] final=[-1.022  1.196  0.98  -1.837  0.666  2.047 -1.519]
[fjt] err=[-0.    -0.    -0.001  0.001 -0.002 -0.002  0.002]
[fjt] names=['panda_joint1', 'panda_joint2', 'panda_joint3', 'panda_joint4', 'panda_joint5', 'panda_joint6', 'panda_joint7'] pts=2
[fjt] times[0..2]=[0. 1. 2.] times[-3:]=[0. 1. 2.]
[fjt] goal=[-1.026  1.191  0.985 -1.841  0.669  2.048 -1.518]
[fjt] final=[-1.026  1.192  0.984 -1.84   0.667  2.047 -1.519]
[fjt] err=[ 0.     0.001 -0.001  0.001 -0.002 -0.001 -0.001]
[fjt] names=['panda_joint1', 'panda_joint2', 'panda_joint3', 'panda_joint4', 'panda_joint5', 'panda_joint6', 'panda_joint7'] pts=8
[fjt] times[0..2]=[0.   0.75 1.5 ] times[-3:]=[4.5  5.25 6.  ]
[fjt] goal=[-0.76   1.293  1.094 -1.855  0.806  2.375 -1.591]
[fjt] final=[-0.761  1.293  1.093 -1.855  0.804  2.374 -1.589]
[fjt] err=[-0.    -0.001 -0.001 -0.001 -0.002 -0.002  0.002]
[fjt] names=['panda_joint1', 'panda_joint2', 'panda_joint3', 'panda_joint4', 'panda_joint5', 'panda_joint6', 'panda_joint7'] pts=2
[fjt] times[0..2]=[0. 1. 2.] times[-3:]=[0. 1. 2.]
[fjt] goal=[-0.744  1.328  1.069 -1.83   0.792  2.369 -1.611]
[fjt] final=[-0.746  1.326  1.071 -1.83   0.794  2.367 -1.609]
[fjt] err=[-0.002 -0.002  0.003  0.     0.002 -0.001  0.003]
[fjt] names=['panda_joint1', 'panda_joint2', 'panda_joint3', 'panda_joint4', 'panda_joint5', 'panda_joint6', 'panda_joint7'] pts=6
[fjt] times[0..2]=[0.         0.66666667 1.33333333] times[-3:]=[2.66666667 3.33333333 4.        ]
[fjt] goal=[-1.005  1.224  0.957 -1.817  0.657  2.047 -1.539]
[fjt] final=[-1.005  1.225  0.957 -1.818  0.659  2.049 -1.542]
[fjt] err=[ 0.     0.     0.001 -0.001  0.002  0.002 -0.002]
[fjt] names=['panda_joint1', 'panda_joint2', 'panda_joint3', 'panda_joint4', 'panda_joint5', 'panda_joint6', 'panda_joint7'] pts=3
[fjt] times[0..2]=[0.         0.66666667 1.33333333] times[-3:]=[0.66666667 1.33333333 2.        ]
[fjt] goal=[-1.218  0.882  1.264 -1.954  0.829  1.992 -1.306]
[fjt] final=[-1.217  0.883  1.263 -1.953  0.827  1.994 -1.308]
[fjt] err=[ 0.001  0.001 -0.001  0.001 -0.002  0.002 -0.002]
[fjt] names=['panda_joint1', 'panda_joint2', 'panda_joint3', 'panda_joint4', 'panda_joint5', 'panda_joint6', 'panda_joint7'] pts=5
[fjt] times[0..2]=[0.         0.73589729 1.47179459] times[-3:]=[2.20769188 2.94358917 3.67948647]
[fjt] goal=[-1.372  1.076  1.098 -1.249  0.558  1.258 -1.029]
[fjt] final=[-1.373  1.076  1.099 -1.352  0.56   1.301 -1.031]
[fjt] err=[-0.001 -0.001  0.    -0.103  0.001  0.043 -0.002]
[fjt] names=['panda_joint1', 'panda_joint2', 'panda_joint3', 'panda_joint4', 'panda_joint5', 'panda_joint6', 'panda_joint7'] pts=1
[fjt] times[0..2]=[0.  1.5] times[-3:]=[0.  1.5]
[fjt] goal=[-1.372  1.076  1.098 -1.249  0.558  1.258 -1.029]
[fjt] final=[-1.373  1.076  1.099 -1.25   0.559  1.26  -1.031]
[fjt] err=[-0.    -0.001  0.    -0.002  0.001  0.002 -0.002]
[fjt] names=['panda_joint1', 'panda_joint2', 'panda_joint3', 'panda_joint4', 'panda_joint5', 'panda_joint6', 'panda_joint7'] pts=8
[fjt] times[0..2]=[0.         0.98661336 1.97322671] times[-3:]=[5.91968014 6.9062935  7.89290685]
[fjt] goal=[-1.304  1.003  1.839 -2.5   -1.019  1.873 -0.679]
[fjt] final=[-1.304  1.004  1.838 -2.499 -0.746  1.871 -0.68 ]
[fjt] err=[-0.     0.001 -0.001  0.001  0.273 -0.002 -0.002]
[fjt] names=['panda_joint1', 'panda_joint2', 'panda_joint3', 'panda_joint4', 'panda_joint5', 'panda_joint6', 'panda_joint7'] pts=1
[fjt] times[0..2]=[0.  1.5] times[-3:]=[0.  1.5]
[fjt] goal=[-1.304  1.003  1.839 -2.5   -1.019  1.873 -0.679]
[fjt] final=[-1.304  1.004  1.838 -2.5   -1.017  1.871 -0.68 ]
[fjt] err=[-0.     0.    -0.     0.001  0.002 -0.002 -0.002]
[fjt] names=['panda_joint1', 'panda_joint2', 'panda_joint3', 'panda_joint4', 'panda_joint5', 'panda_joint6', 'panda_joint7'] pts=3
[fjt] times[0..2]=[0.         0.98651772 1.97303544] times[-3:]=[0.98651772 1.97303544 2.95955315]
[fjt] goal=[-1.104  1.098  1.394 -2.519 -1.414  2.05  -0.534]
[fjt] final=[-1.105  1.098  1.396 -2.519 -1.412  2.048 -0.536]
[fjt] err=[-0.    -0.     0.002  0.     0.002 -0.002 -0.002]
[fjt] names=['panda_joint1', 'panda_joint2', 'panda_joint3', 'panda_joint4', 'panda_joint5', 'panda_joint6', 'panda_joint7'] pts=17
[fjt] times[0..2]=[0.         0.69676328 1.39352657] times[-3:]=[10.45144926 11.14821254 11.84497583]
[fjt] goal=[-1.039  1.217  1.357 -2.21  -1.399  1.946 -1.955]
[fjt] final=[-1.04   1.216  1.356 -2.211 -1.4    1.948 -1.952]
[fjt] err=[-0.    -0.001 -0.    -0.001 -0.001  0.001  0.003]
[fjt] names=['panda_joint1', 'panda_joint2', 'panda_joint3', 'panda_joint4', 'panda_joint5', 'panda_joint6', 'panda_joint7'] pts=3
[fjt] times[0..2]=[0.         0.66666667 1.33333333] times[-3:]=[0.66666667 1.33333333 2.        ]
[fjt] goal=[-1.144  1.107  1.677 -2.183 -1.13   1.752 -2.029]
[fjt] final=[-1.144  1.107  1.676 -2.184 -1.132  1.754 -2.027]
[fjt] err=[ 0.     0.001 -0.001 -0.001 -0.002  0.002  0.002]
[fjt] names=['panda_joint1', 'panda_joint2', 'panda_joint3', 'panda_joint4', 'panda_joint5', 'panda_joint6', 'panda_joint7'] pts=12
[fjt] times[0..2]=[0.         0.91967836 1.83935673] times[-3:]=[ 9.19678363 10.11646199 11.03614035]
[fjt] goal=[-1.509  0.987  1.812 -2.462 -1.017  1.879 -0.372]
[fjt] final=[-1.508  0.988  1.811 -2.461 -1.018  1.877 -0.376]
[fjt] err=[ 0.001  0.001 -0.001  0.001 -0.002 -0.002 -0.005]
[fjt] names=['panda_joint1', 'panda_joint2', 'panda_joint3', 'panda_joint4', 'panda_joint5', 'panda_joint6', 'panda_joint7'] pts=4
[fjt] times[0..2]=[0.         0.7781815  1.55636299] times[-3:]=[1.55636299 2.33454449 3.11272599]
[fjt] goal=[-1.28   0.958  1.344 -2.486 -1.319  2.175 -0.254]
[fjt] final=[-1.28   0.958  1.345 -2.485 -1.317  2.173 -0.256]
[fjt] err=[-0.     0.001  0.001  0.001  0.002 -0.002 -0.003]
[fjt] names=['panda_joint1', 'panda_joint2', 'panda_joint3', 'panda_joint4', 'panda_joint5', 'panda_joint6', 'panda_joint7'] pts=19
[fjt] times[0..2]=[0.  0.5 1. ] times[-3:]=[8.5 9.  9.5]
[fjt] goal=[-0.891  1.181  1.264 -1.939 -1.29   1.979 -1.376]
[fjt] final=[-0.892  1.18   1.264 -1.938 -1.292  1.981 -1.373]
[fjt] err=[-0.001 -0.001 -0.     0.001 -0.002  0.002  0.003]
[fjt] names=['panda_joint1', 'panda_joint2', 'panda_joint3', 'panda_joint4', 'panda_joint5', 'panda_joint6', 'panda_joint7'] pts=3
[fjt] times[0..2]=[0.         0.66666667 1.33333333] times[-3:]=[0.66666667 1.33333333 2.        ]
[fjt] goal=[-1.     0.972  1.619 -1.835 -0.981  1.681 -1.483]
[fjt] final=[-0.999  0.973  1.618 -1.836 -0.983  1.683 -1.48 ]
[fjt] err=[ 0.     0.001 -0.001 -0.001 -0.002  0.002  0.002]
[fjt] names=['panda_joint1', 'panda_joint2', 'panda_joint3', 'panda_joint4', 'panda_joint5', 'panda_joint6', 'panda_joint7'] pts=5
[fjt] times[0..2]=[0.         0.71660798 1.43321596] times[-3:]=[2.14982394 2.86643192 3.5830399 ]
[fjt] goal=[-1.716  1.09   1.819 -1.966 -1.036  1.55  -1.983]
[fjt] final=[-1.701  1.089  1.819 -1.967 -1.034  1.552 -1.983]
[fjt] err=[ 0.015 -0.001 -0.001 -0.002  0.002  0.002  0.   ]
[fjt] names=['panda_joint1', 'panda_joint2', 'panda_joint3', 'panda_joint4', 'panda_joint5', 'panda_joint6', 'panda_joint7'] pts=5
[fjt] times[0..2]=[0.         0.92291624 1.84583249] times[-3:]=[2.76874873 3.69166497 4.61458122]
[fjt] goal=[-1.009  0.963  1.584 -1.873 -0.982  1.731 -1.467]
[fjt] final=[-1.01   0.963  1.585 -1.874 -0.983  1.729 -1.469]
[fjt] err=[-0.001  0.001  0.001 -0.001 -0.001 -0.002 -0.002]
[fjt] names=['panda_joint1', 'panda_joint2', 'panda_joint3', 'panda_joint4', 'panda_joint5', 'panda_joint6', 'panda_joint7'] pts=3
[fjt] times[0..2]=[0.         0.78647258 1.57294515] times[-3:]=[0.78647258 1.57294515 2.35941773]
[fjt] goal=[-0.883  1.129  1.231 -1.952 -1.248  2.025 -1.37 ]
[fjt] final=[-0.883  1.129  1.232 -1.951 -1.246  2.022 -1.372]
[fjt] err=[-0.    -0.     0.001  0.001  0.002 -0.002 -0.003]
[fjt] names=['panda_joint1', 'panda_joint2', 'panda_joint3', 'panda_joint4', 'panda_joint5', 'panda_joint6', 'panda_joint7'] pts=4
[fjt] times[0..2]=[0. 1. 2.] times[-3:]=[2. 3. 4.]
[fjt] goal=[-0.85   1.146  1.229 -1.913 -1.249  2.01  -1.44 ]
[fjt] final=[-0.853  1.143  1.23  -1.914 -1.247  2.009 -1.441]
[fjt] err=[-0.003 -0.002  0.    -0.001  0.001 -0.001 -0.001]
[fjt] names=['panda_joint1', 'panda_joint2', 'panda_joint3', 'panda_joint4', 'panda_joint5', 'panda_joint6', 'panda_joint7'] pts=3
[fjt] times[0..2]=[0.         0.66666667 1.33333333] times[-3:]=[0.66666667 1.33333333 2.        ]
[fjt] goal=[-0.971  0.928  1.579 -1.81  -0.942  1.705 -1.557]
[fjt] final=[-0.97   0.929  1.578 -1.811 -0.943  1.707 -1.554]
[fjt] err=[ 0.     0.001 -0.001 -0.001 -0.002  0.002  0.002]
[fjt] names=['panda_joint1', 'panda_joint2', 'panda_joint3', 'panda_joint4', 'panda_joint5', 'panda_joint6', 'panda_joint7'] pts=5
[fjt] times[0..2]=[0.         0.75839073 1.51678146] times[-3:]=[2.27517218 3.03356291 3.79195364]
[fjt] goal=[-1.729  1.04   1.801 -1.968 -0.998  1.585 -2.056]
[fjt] final=[-1.709  1.039  1.801 -1.97  -0.997  1.587 -2.057]
[fjt] err=[ 0.02  -0.001 -0.    -0.002  0.001  0.002 -0.   ]
[fjt] names=['panda_joint1', 'panda_joint2', 'panda_joint3', 'panda_joint4', 'panda_joint5', 'panda_joint6', 'panda_joint7'] pts=1
[fjt] times[0..2]=[0.  1.5] times[-3:]=[0.  1.5]
[fjt] goal=[-1.729  1.04   1.801 -1.968 -0.998  1.585 -2.056]
[fjt] final=[-1.729  1.039  1.801 -1.969 -0.997  1.587 -2.057]
[fjt] err=[ 0.    -0.001 -0.    -0.001  0.001  0.002 -0.   ]
