[robosuite WARNING] No private macro file found! (__init__.py:7)
[robosuite WARNING] It is recommended to use a private macro file (__init__.py:8)
[robosuite WARNING] To setup, run: python /storage/home/yehe8/.openrua/simulators/cap-x/capx/third_party/libero_dependencies/robosuite/robosuite/scripts/setup_macros.py (__init__.py:9)
Gym has been unmaintained since 2022 and does not support NumPy 2.0 amongst other critical functionality.
Please upgrade to Gymnasium, the maintained drop-in replacement of Gym, or contact the authors of your software and request that they upgrade.
See the migration guide at https://gymnasium.farama.org/introduction/migration_guide/ for additional information.
[info] Using default task order for benchmark 'libero_10_swap' (10 tasks).
[Warning]: datasets path /storage/home/yehe8/.openrua/simulators/cap-x/capx/third_party/LIBERO-PRO/libero/datasets does not exist!
[Warning]: datasets path /storage/home/yehe8/.openrua/simulators/cap-x/capx/third_party/LIBERO-PRO/libero/datasets does not exist!
robot ready
[Warning]: datasets path /storage/home/yehe8/.openrua/simulators/cap-x/capx/third_party/LIBERO-PRO/libero/datasets does not exist!
[fjt] names=['panda_joint1', 'panda_joint2', 'panda_joint3', 'panda_joint4', 'panda_joint5', 'panda_joint6', 'panda_joint7'] pts=1
[fjt] times[0..2]=[0. 4.] times[-3:]=[0. 4.]
[fjt] goal=[ 0.119  0.135 -0.078 -2.544  0.023  2.679 -0.765]
[fjt] final=[ 0.118  0.134 -0.078 -2.544  0.023  2.676  0.075]
[fjt] err=[-0.001 -0.     0.     0.001 -0.    -0.002  0.84 ]
[fjt] names=['panda_joint1', 'panda_joint2', 'panda_joint3', 'panda_joint4', 'panda_joint5', 'panda_joint6', 'panda_joint7'] pts=1
[fjt] times[0..2]=[0. 2.] times[-3:]=[0. 2.]
[fjt] goal=[ 0.057  0.212  0.012 -2.55  -0.007  2.762 -0.71 ]
[fjt] final=[ 0.058  0.212  0.011 -2.549 -0.005  2.76  -0.346]
[fjt] err=[ 0.    -0.    -0.001  0.001  0.002 -0.002  0.364]
[fjt] names=['panda_joint1', 'panda_joint2', 'panda_joint3', 'panda_joint4', 'panda_joint5', 'panda_joint6', 'panda_joint7'] pts=1
[fjt] times[0..2]=[0. 3.] times[-3:]=[0. 3.]
[fjt] goal=[ 0.026  0.426  0.032 -2.506 -0.064  2.931 -0.667]
[fjt] final=[ 0.026  0.425  0.032 -2.507 -0.063  2.93  -0.665]
[fjt] err=[ 0.001 -0.001 -0.001 -0.001  0.001 -0.002  0.002]
[fjt] names=['panda_joint1', 'panda_joint2', 'panda_joint3', 'panda_joint4', 'panda_joint5', 'panda_joint6', 'panda_joint7'] pts=1
[fjt] times[0..2]=[0. 3.] times[-3:]=[0. 3.]
[fjt] goal=[-0.018  0.047  0.088 -2.552 -0.008  2.599 -0.709]
[fjt] final=[-0.018  0.048  0.087 -2.552 -0.01   2.601 -0.707]
[fjt] err=[ 0.     0.001 -0.001  0.001 -0.002  0.002  0.002]
[fjt] names=['panda_joint1', 'panda_joint2', 'panda_joint3', 'panda_joint4', 'panda_joint5', 'panda_joint6', 'panda_joint7'] pts=1
[fjt] times[0..2]=[0. 4.] times[-3:]=[0. 4.]
[fjt] goal=[-0.223  0.144 -0.091 -2.347  0.022  2.491 -1.116]
[fjt] final=[-0.22   0.139 -0.079 -2.361  0.025  2.481 -1.112]
[fjt] err=[ 0.003 -0.006  0.012 -0.014  0.004 -0.009  0.004]
[fjt] names=['panda_joint1', 'panda_joint2', 'panda_joint3', 'panda_joint4', 'panda_joint5', 'panda_joint6', 'panda_joint7'] pts=1
[fjt] times[0..2]=[0. 2.] times[-3:]=[0. 2.]
[fjt] goal=[-0.238  0.216 -0.09  -2.31   0.033  2.525 -1.138]
[fjt] final=[-0.237  0.207 -0.086 -2.321  0.034  2.511 -1.136]
[fjt] err=[ 0.001 -0.009  0.003 -0.01   0.001 -0.014  0.003]
[fjt] names=['panda_joint1', 'panda_joint2', 'panda_joint3', 'panda_joint4', 'panda_joint5', 'panda_joint6', 'panda_joint7'] pts=1
[fjt] times[0..2]=[0. 2.] times[-3:]=[0. 2.]
[fjt] goal=[-0.245  0.33  -0.08  -2.31   0.054  2.639 -1.153]
[fjt] final=[-0.242  0.285 -0.077 -2.32   0.053  2.619 -1.148]
[fjt] err=[ 0.002 -0.046  0.003 -0.01  -0.001 -0.02   0.005]
[fjt] names=['panda_joint1', 'panda_joint2', 'panda_joint3', 'panda_joint4', 'panda_joint5', 'panda_joint6', 'panda_joint7'] pts=1
[fjt] times[0..2]=[0. 2.] times[-3:]=[0. 2.]
[fjt] goal=[-0.23   0.156 -0.093 -2.297  0.023  2.453 -1.124]
[fjt] final=[-0.229  0.167 -0.089 -2.313  0.028  2.452 -1.127]
[fjt] err=[ 0.001  0.011  0.004 -0.015  0.005 -0.001 -0.003]
[fjt] names=['panda_joint1', 'panda_joint2', 'panda_joint3', 'panda_joint4', 'panda_joint5', 'panda_joint6', 'panda_joint7'] pts=1
[fjt] times[0..2]=[0. 3.] times[-3:]=[0. 3.]
[fjt] goal=[ 0.04   0.101  0.087 -2.515 -0.017  2.616 -0.644]
[fjt] final=[ 0.04   0.102  0.086 -2.514 -0.016  2.614 -0.647]
[fjt] err=[-0.     0.001 -0.001  0.001  0.001 -0.002 -0.003]
[fjt] names=['panda_joint1', 'panda_joint2', 'panda_joint3', 'panda_joint4', 'panda_joint5', 'panda_joint6', 'panda_joint7'] pts=1
[fjt] times[0..2]=[0. 3.] times[-3:]=[0. 3.]
[fjt] goal=[ 0.067  0.458  0.045 -2.463 -0.092  2.92  -0.588]
[fjt] final=[ 0.067  0.443  0.048 -2.479 -0.089  2.911 -0.589]
[fjt] err=[-0.    -0.016  0.003 -0.016  0.002 -0.01  -0.001]
[fjt] names=['panda_joint1', 'panda_joint2', 'panda_joint3', 'panda_joint4', 'panda_joint5', 'panda_joint6', 'panda_joint7'] pts=1
[fjt] times[0..2]=[0. 2.] times[-3:]=[0. 2.]
[fjt] goal=[ 0.009  0.101  0.117 -2.515 -0.024  2.616 -0.639]
[fjt] final=[ 0.009  0.102  0.116 -2.514 -0.025  2.618 -0.637]
[fjt] err=[ 0.     0.001 -0.001  0.001 -0.002  0.002  0.002]
[fjt] names=['panda_joint1', 'panda_joint2', 'panda_joint3', 'panda_joint4', 'panda_joint5', 'panda_joint6', 'panda_joint7'] pts=1
[fjt] times[0..2]=[0. 3.] times[-3:]=[0. 3.]
[fjt] goal=[-0.196  0.138 -0.029 -2.461  0.008  2.599 -1.017]
[fjt] final=[-0.196  0.138 -0.029 -2.462  0.006  2.601 -1.014]
[fjt] err=[ 0.    -0.001  0.001 -0.001 -0.001  0.002  0.003]
[fjt] names=['panda_joint1', 'panda_joint2', 'panda_joint3', 'panda_joint4', 'panda_joint5', 'panda_joint6', 'panda_joint7'] pts=1
[fjt] times[0..2]=[0. 3.] times[-3:]=[0. 3.]
[fjt] goal=[-0.202  0.422 -0.019 -2.427  0.027  2.85  -1.031]
[fjt] final=[-0.202  0.421 -0.02  -2.426  0.025  2.848 -1.029]
[fjt] err=[ 0.    -0.001 -0.001  0.001 -0.002 -0.001  0.003]
[fjt] names=['panda_joint1', 'panda_joint2', 'panda_joint3', 'panda_joint4', 'panda_joint5', 'panda_joint6', 'panda_joint7'] pts=1
[fjt] times[0..2]=[0. 2.] times[-3:]=[0. 2.]
[fjt] goal=[-0.129  0.411 -0.015 -2.451  0.022  2.862 -0.95 ]
[fjt] final=[-0.135  0.414 -0.036 -2.443  0.02   2.858 -0.963]
[fjt] err=[-0.006  0.003 -0.021  0.008 -0.002 -0.004 -0.014]
[fjt] names=['panda_joint1', 'panda_joint2', 'panda_joint3', 'panda_joint4', 'panda_joint5', 'panda_joint6', 'panda_joint7'] pts=1
[fjt] times[0..2]=[0. 2.] times[-3:]=[0. 2.]
[fjt] goal=[-0.049  0.405 -0.017 -2.464  0.025  2.869 -0.874]
[fjt] final=[-0.067  0.414 -0.096 -2.445  0.024  2.863 -0.932]
[fjt] err=[-0.019  0.01  -0.079  0.019 -0.001 -0.006 -0.058]
[fjt] names=['panda_joint1', 'panda_joint2', 'panda_joint3', 'panda_joint4', 'panda_joint5', 'panda_joint6', 'panda_joint7'] pts=1
[fjt] times[0..2]=[0. 2.] times[-3:]=[0. 2.]
[fjt] goal=[ 0.019  0.113 -0.087 -2.498  0.019  2.61  -0.869]
[fjt] final=[ 0.019  0.114 -0.088 -2.497  0.019  2.612 -0.872]
[fjt] err=[-0.     0.001 -0.001  0.001 -0.001  0.002 -0.002]
[fjt] names=['panda_joint1', 'panda_joint2', 'panda_joint3', 'panda_joint4', 'panda_joint5', 'panda_joint6', 'panda_joint7'] pts=1
[fjt] times[0..2]=[0. 2.] times[-3:]=[0. 2.]
[fjt] goal=[-0.063  0.136 -0.143 -2.466  0.037  2.6   -1.022]
[fjt] final=[-0.063  0.135 -0.142 -2.468  0.036  2.602 -1.019]
[fjt] err=[ 0.    -0.001  0.001 -0.001 -0.001  0.002  0.003]
[fjt] names=['panda_joint1', 'panda_joint2', 'panda_joint3', 'panda_joint4', 'panda_joint5', 'panda_joint6', 'panda_joint7'] pts=1
[fjt] times[0..2]=[0. 2.] times[-3:]=[0. 2.]
[fjt] goal=[-0.092  0.422 -0.095 -2.431  0.135  2.85  -1.094]
[fjt] final=[-0.092  0.421 -0.096 -2.431  0.134  2.848 -1.091]
[fjt] err=[ 0.    -0.002 -0.001  0.001 -0.002 -0.001  0.003]
[fjt] names=['panda_joint1', 'panda_joint2', 'panda_joint3', 'panda_joint4', 'panda_joint5', 'panda_joint6', 'panda_joint7'] pts=1
[fjt] times[0..2]=[0. 3.] times[-3:]=[0. 3.]
[fjt] goal=[-0.064  0.417 -0.093 -2.441  0.133  2.855 -1.062]
[fjt] final=[-0.064  0.418 -0.094 -2.439  0.133  2.854 -1.064]
[fjt] err=[-0.     0.001 -0.001  0.002  0.    -0.001 -0.003]
[fjt] names=['panda_joint1', 'panda_joint2', 'panda_joint3', 'panda_joint4', 'panda_joint5', 'panda_joint6', 'panda_joint7'] pts=1
[fjt] times[0..2]=[0. 3.] times[-3:]=[0. 3.]
[fjt] goal=[-0.043  0.415 -0.093 -2.447  0.133  2.858 -1.041]
[fjt] final=[-0.048  0.418 -0.106 -2.441  0.133  2.855 -1.052]
[fjt] err=[-0.005  0.003 -0.013  0.006 -0.    -0.002 -0.011]
[fjt] names=['panda_joint1', 'panda_joint2', 'panda_joint3', 'panda_joint4', 'panda_joint5', 'panda_joint6', 'panda_joint7'] pts=1
[fjt] times[0..2]=[0. 3.] times[-3:]=[0. 3.]
[fjt] goal=[-0.019  0.413 -0.095 -2.451  0.137  2.86  -1.023]
[fjt] final=[-0.028  0.418 -0.123 -2.442  0.135  2.857 -1.044]
[fjt] err=[-0.009  0.006 -0.028  0.01  -0.002 -0.003 -0.021]
[fjt] names=['panda_joint1', 'panda_joint2', 'panda_joint3', 'panda_joint4', 'panda_joint5', 'panda_joint6', 'panda_joint7'] pts=1
[fjt] times[0..2]=[0. 3.] times[-3:]=[0. 3.]
[fjt] goal=[ 0.009  0.411 -0.101 -2.455  0.146  2.862 -1.008]
[fjt] final=[-0.003  0.419 -0.144 -2.442  0.139  2.858 -1.037]
[fjt] err=[-0.013  0.008 -0.043  0.013 -0.007 -0.003 -0.029]
[fjt] names=['panda_joint1', 'panda_joint2', 'panda_joint3', 'panda_joint4', 'panda_joint5', 'panda_joint6', 'panda_joint7'] pts=1
[fjt] times[0..2]=[0. 3.] times[-3:]=[0. 3.]
[fjt] goal=[ 0.04   0.41  -0.108 -2.459  0.157  2.863 -0.996]
[fjt] final=[ 0.024  0.421 -0.168 -2.443  0.15   2.859 -1.033]
[fjt] err=[-0.016  0.011 -0.059  0.016 -0.007 -0.004 -0.037]
[fjt] names=['panda_joint1', 'panda_joint2', 'panda_joint3', 'panda_joint4', 'panda_joint5', 'panda_joint6', 'panda_joint7'] pts=1
[fjt] times[0..2]=[0. 3.] times[-3:]=[0. 3.]
[fjt] goal=[ 0.39   0.09  -0.232 -2.533  0.042  2.621 -0.663]
[fjt] final=[ 0.328  0.386 -0.438 -2.425  0.033  2.791 -0.898]
[fjt] err=[-0.061  0.296 -0.207  0.109 -0.009  0.171 -0.235]
[fjt] names=['panda_joint1', 'panda_joint2', 'panda_joint3', 'panda_joint4', 'panda_joint5', 'panda_joint6', 'panda_joint7'] pts=1
[fjt] times[0..2]=[0. 3.] times[-3:]=[0. 3.]
[fjt] goal=[ 0.226  0.158 -0.387 -2.411  0.108  2.556 -1.032]
[fjt] final=[ 0.227  0.159 -0.388 -2.412  0.106  2.558 -1.029]
[fjt] err=[ 0.     0.    -0.001 -0.001 -0.002  0.002  0.002]
[fjt] names=['panda_joint1', 'panda_joint2', 'panda_joint3', 'panda_joint4', 'panda_joint5', 'panda_joint6', 'panda_joint7'] pts=1
[fjt] times[0..2]=[0. 3.] times[-3:]=[0. 3.]
[fjt] goal=[ 0.436  0.14  -0.27  -2.544  0.083  2.677 -0.691]
[fjt] final=[ 0.436  0.14  -0.271 -2.542  0.085  2.675 -0.694]
[fjt] err=[-0.     0.001 -0.001  0.001  0.001 -0.002 -0.003]
[fjt] names=['panda_joint1', 'panda_joint2', 'panda_joint3', 'panda_joint4', 'panda_joint5', 'panda_joint6', 'panda_joint7'] pts=1
[fjt] times[0..2]=[0. 3.] times[-3:]=[0. 3.]
[fjt] goal=[ 0.368  0.439 -0.158 -2.488  0.299  2.912 -0.852]
[fjt] final=[ 0.368  0.438 -0.159 -2.489  0.297  2.91  -0.85 ]
[fjt] err=[ 0.    -0.001 -0.001 -0.001 -0.002 -0.002  0.003]
[fjt] names=['panda_joint1', 'panda_joint2', 'panda_joint3', 'panda_joint4', 'panda_joint5', 'panda_joint6', 'panda_joint7'] pts=1
[fjt] times[0..2]=[0. 3.] times[-3:]=[0. 3.]
[fjt] goal=[ 0.585  0.006 -0.431 -2.535  0.005  2.541 -0.635]
[fjt] final=[ 0.585  0.007 -0.43  -2.535  0.006  2.543 -0.638]
[fjt] err=[-0.001  0.001  0.001  0.001  0.002  0.002 -0.002]
[fjt] names=['panda_joint1', 'panda_joint2', 'panda_joint3', 'panda_joint4', 'panda_joint5', 'panda_joint6', 'panda_joint7'] pts=1
[fjt] times[0..2]=[0. 4.] times[-3:]=[0. 4.]
[fjt] goal=[ 0.376  0.159 -0.628 -2.351  0.151  2.475 -1.151]
[fjt] final=[ 0.377  0.159 -0.628 -2.353  0.15   2.477 -1.148]
[fjt] err=[ 0.    -0.001  0.001 -0.001 -0.002  0.002  0.003]
[fjt] names=['panda_joint1', 'panda_joint2', 'panda_joint3', 'panda_joint4', 'panda_joint5', 'panda_joint6', 'panda_joint7'] pts=1
[fjt] times[0..2]=[0. 3.] times[-3:]=[0. 3.]
[fjt] goal=[ 0.357  0.235 -0.599 -2.358  0.234  2.54  -1.208]
[fjt] final=[ 0.357  0.235 -0.599 -2.357  0.232  2.538 -1.206]
[fjt] err=[ 0.    -0.    -0.001  0.001 -0.002 -0.002  0.002]
[fjt] names=['panda_joint1', 'panda_joint2', 'panda_joint3', 'panda_joint4', 'panda_joint5', 'panda_joint6', 'panda_joint7'] pts=1
[fjt] times[0..2]=[0. 3.] times[-3:]=[0. 3.]
[fjt] goal=[ 0.337  0.287 -0.57  -2.357  0.291  2.581 -1.248]
[fjt] final=[ 0.338  0.286 -0.571 -2.356  0.289  2.579 -1.245]
[fjt] err=[ 0.    -0.    -0.001  0.001 -0.002 -0.002  0.002]
[fjt] names=['panda_joint1', 'panda_joint2', 'panda_joint3', 'panda_joint4', 'panda_joint5', 'panda_joint6', 'panda_joint7'] pts=1
[fjt] times[0..2]=[0. 3.] times[-3:]=[0. 3.]
[fjt] goal=[ 0.318  0.326 -0.545 -2.354  0.333  2.61  -1.278]
[fjt] final=[ 0.319  0.325 -0.545 -2.354  0.332  2.609 -1.276]
[fjt] err=[ 0.    -0.001 -0.001 -0.001 -0.002 -0.002  0.002]
[fjt] names=['panda_joint1', 'panda_joint2', 'panda_joint3', 'panda_joint4', 'panda_joint5', 'panda_joint6', 'panda_joint7'] pts=1
[fjt] times[0..2]=[0. 3.] times[-3:]=[0. 3.]
[fjt] goal=[ 0.298  0.363 -0.517 -2.351  0.374  2.64  -1.307]
[fjt] final=[ 0.298  0.362 -0.518 -2.351  0.372  2.638 -1.305]
[fjt] err=[ 0.    -0.001 -0.001 -0.001 -0.002 -0.002  0.002]
[fjt] names=['panda_joint1', 'panda_joint2', 'panda_joint3', 'panda_joint4', 'panda_joint5', 'panda_joint6', 'panda_joint7'] pts=1
[fjt] times[0..2]=[0. 3.] times[-3:]=[0. 3.]
[fjt] goal=[ 0.276  0.4   -0.487 -2.346  0.412  2.669 -1.335]
[fjt] final=[ 0.276  0.4   -0.488 -2.346  0.41   2.667 -1.332]
[fjt] err=[ 0.    -0.001 -0.001 -0.001 -0.002 -0.002  0.002]
[fjt] names=['panda_joint1', 'panda_joint2', 'panda_joint3', 'panda_joint4', 'panda_joint5', 'panda_joint6', 'panda_joint7'] pts=1
[fjt] times[0..2]=[0. 3.] times[-3:]=[0. 3.]
[fjt] goal=[ 0.218  0.482 -0.454 -2.262  0.453  2.658 -1.383]
[fjt] final=[ 0.219  0.481 -0.455 -2.263  0.451  2.66  -1.38 ]
[fjt] err=[ 0.    -0.001 -0.001 -0.001 -0.002  0.002  0.002]
[fjt] names=['panda_joint1', 'panda_joint2', 'panda_joint3', 'panda_joint4', 'panda_joint5', 'panda_joint6', 'panda_joint7'] pts=1
[fjt] times[0..2]=[0. 2.] times[-3:]=[0. 2.]
[fjt] goal=[ 0.2    0.51  -0.432 -2.254  0.476  2.679 -1.4  ]
[fjt] final=[ 0.2    0.506 -0.436 -2.259  0.473  2.676 -1.399]
[fjt] err=[ 0.    -0.004 -0.005 -0.005 -0.003 -0.003  0.001]
[fjt] names=['panda_joint1', 'panda_joint2', 'panda_joint3', 'panda_joint4', 'panda_joint5', 'panda_joint6', 'panda_joint7'] pts=1
[fjt] times[0..2]=[0. 2.] times[-3:]=[0. 2.]
[fjt] goal=[ 0.258  0.408 -0.511 -2.285  0.393  2.611 -1.346]
[fjt] final=[ 0.257  0.409 -0.51  -2.284  0.395  2.613 -1.349]
[fjt] err=[-0.     0.001  0.001  0.001  0.002  0.002 -0.002]
[fjt] names=['panda_joint1', 'panda_joint2', 'panda_joint3', 'panda_joint4', 'panda_joint5', 'panda_joint6', 'panda_joint7'] pts=1
[fjt] times[0..2]=[0. 3.] times[-3:]=[0. 3.]
[fjt] goal=[ 0.428  0.131 -0.717 -2.269  0.122  2.365 -1.158]
[fjt] final=[ 0.427  0.131 -0.716 -2.27   0.124  2.367 -1.16 ]
[fjt] err=[-0.001  0.001  0.001 -0.001  0.002  0.002 -0.002]
[fjt] names=['panda_joint1', 'panda_joint2', 'panda_joint3', 'panda_joint4', 'panda_joint5', 'panda_joint6', 'panda_joint7'] pts=1
[fjt] times[0..2]=[0. 3.] times[-3:]=[0. 3.]
[fjt] goal=[ 0.902  0.371 -0.746 -2.386 -0.772  2.344  0.025]
[fjt] final=[ 0.902  0.37  -0.745 -2.385 -0.462  2.346 -0.548]
[fjt] err=[-0.001 -0.     0.001  0.     0.31   0.002 -0.574]
[fjt] names=['panda_joint1', 'panda_joint2', 'panda_joint3', 'panda_joint4', 'panda_joint5', 'panda_joint6', 'panda_joint7'] pts=1
[fjt] times[0..2]=[0. 6.] times[-3:]=[0. 6.]
[fjt] goal=[ 1.065  0.436 -0.905 -2.398 -0.666  2.399 -0.045]
[fjt] final=[ 1.065  0.436 -0.904 -2.397 -0.664  2.397 -0.047]
[fjt] err=[-0.    -0.     0.001  0.001  0.002 -0.002 -0.003]
[fjt] names=['panda_joint1', 'panda_joint2', 'panda_joint3', 'panda_joint4', 'panda_joint5', 'panda_joint6', 'panda_joint7'] pts=1
[fjt] times[0..2]=[0. 4.] times[-3:]=[0. 4.]
[fjt] goal=[ 1.065  0.436 -0.905 -2.398 -0.666  2.399 -0.045]
[fjt] final=[ 1.065  0.436 -0.904 -2.397 -0.664  2.397 -0.047]
[fjt] err=[-0.    -0.     0.001  0.001  0.001 -0.002 -0.002]
[fjt] names=['panda_joint1', 'panda_joint2', 'panda_joint3', 'panda_joint4', 'panda_joint5', 'panda_joint6', 'panda_joint7'] pts=1
[fjt] times[0..2]=[0. 3.] times[-3:]=[0. 3.]
[fjt] goal=[ 0.967  0.663 -0.788 -2.354 -0.579  2.561 -0.006]
[fjt] final=[ 0.967  0.662 -0.789 -2.355 -0.58   2.559 -0.008]
[fjt] err=[ 0.    -0.001 -0.001 -0.001 -0.001 -0.002 -0.002]
[fjt] names=['panda_joint1', 'panda_joint2', 'panda_joint3', 'panda_joint4', 'panda_joint5', 'panda_joint6', 'panda_joint7'] pts=1
[fjt] times[0..2]=[0. 3.] times[-3:]=[0. 3.]
[fjt] goal=[ 0.945  0.671 -0.81  -2.366 -0.6    2.598 -0.017]
[fjt] final=[ 0.945  0.671 -0.809 -2.366 -0.599  2.595 -0.015]
[fjt] err=[ 0.    -0.     0.001  0.001  0.001 -0.002  0.002]
[fjt] names=['panda_joint1', 'panda_joint2', 'panda_joint3', 'panda_joint4', 'panda_joint5', 'panda_joint6', 'panda_joint7'] pts=1
[fjt] times[0..2]=[0. 3.] times[-3:]=[0. 3.]
[fjt] goal=[ 0.908  0.687 -0.841 -2.379 -0.632  2.653 -0.033]
[fjt] final=[ 0.908  0.687 -0.84  -2.378 -0.63   2.652 -0.031]
[fjt] err=[ 0.    -0.     0.001  0.001  0.001 -0.002  0.002]
[fjt] names=['panda_joint1', 'panda_joint2', 'panda_joint3', 'panda_joint4', 'panda_joint5', 'panda_joint6', 'panda_joint7'] pts=1
[fjt] times[0..2]=[0. 3.] times[-3:]=[0. 3.]
[fjt] goal=[ 0.866  0.708 -0.869 -2.385 -0.661  2.709 -0.051]
[fjt] final=[ 0.866  0.707 -0.868 -2.384 -0.659  2.707 -0.049]
[fjt] err=[ 0.    -0.     0.001  0.001  0.001 -0.002  0.002]
[fjt] names=['panda_joint1', 'panda_joint2', 'panda_joint3', 'panda_joint4', 'panda_joint5', 'panda_joint6', 'panda_joint7'] pts=1
[fjt] times[0..2]=[0. 3.] times[-3:]=[0. 3.]
[fjt] goal=[ 0.819  0.732 -0.893 -2.384 -0.687  2.764 -0.07 ]
[fjt] final=[ 0.819  0.731 -0.892 -2.383 -0.685  2.762 -0.068]
[fjt] err=[ 0.    -0.001  0.001  0.     0.001 -0.001  0.002]
[fjt] names=['panda_joint1', 'panda_joint2', 'panda_joint3', 'panda_joint4', 'panda_joint5', 'panda_joint6', 'panda_joint7'] pts=1
[fjt] times[0..2]=[0. 3.] times[-3:]=[0. 3.]
[fjt] goal=[ 0.767  0.758 -0.914 -2.376 -0.71   2.817 -0.092]
[fjt] final=[ 0.767  0.758 -0.913 -2.376 -0.709  2.815 -0.089]
[fjt] err=[ 0.    -0.001  0.001 -0.     0.001 -0.001  0.002]
[fjt] names=['panda_joint1', 'panda_joint2', 'panda_joint3', 'panda_joint4', 'panda_joint5', 'panda_joint6', 'panda_joint7'] pts=1
[fjt] times[0..2]=[0. 3.] times[-3:]=[0. 3.]
[fjt] goal=[ 0.73   0.777 -0.925 -2.367 -0.724  2.851 -0.106]
[fjt] final=[ 0.73   0.776 -0.924 -2.367 -0.723  2.849 -0.104]
[fjt] err=[ 0.    -0.001  0.001 -0.001  0.001 -0.002  0.002]
[fjt] names=['panda_joint1', 'panda_joint2', 'panda_joint3', 'panda_joint4', 'panda_joint5', 'panda_joint6', 'panda_joint7'] pts=1
[fjt] times[0..2]=[0. 3.] times[-3:]=[0. 3.]
[fjt] goal=[ 0.7    0.791 -0.932 -2.358 -0.734  2.875 -0.118]
[fjt] final=[ 0.701  0.79  -0.931 -2.359 -0.732  2.874 -0.116]
[fjt] err=[ 0.    -0.001  0.001 -0.001  0.001 -0.002  0.002]
[fjt] names=['panda_joint1', 'panda_joint2', 'panda_joint3', 'panda_joint4', 'panda_joint5', 'panda_joint6', 'panda_joint7'] pts=1
[fjt] times[0..2]=[0. 3.] times[-3:]=[0. 3.]
[fjt] goal=[ 0.686  0.797 -0.935 -2.353 -0.738  2.887 -0.123]
[fjt] final=[ 0.686  0.797 -0.934 -2.354 -0.737  2.885 -0.121]
[fjt] err=[ 0.    -0.001  0.001 -0.001  0.001 -0.002  0.002]
[fjt] names=['panda_joint1', 'panda_joint2', 'panda_joint3', 'panda_joint4', 'panda_joint5', 'panda_joint6', 'panda_joint7'] pts=1
[fjt] times[0..2]=[0. 2.] times[-3:]=[0. 2.]
[fjt] goal=[ 0.745  0.768 -0.92  -2.371 -0.719  2.836 -0.099]
[fjt] final=[ 0.745  0.769 -0.921 -2.37  -0.721  2.838 -0.101]
[fjt] err=[-0.     0.001 -0.001  0.001 -0.001  0.002 -0.002]
[fjt] names=['panda_joint1', 'panda_joint2', 'panda_joint3', 'panda_joint4', 'panda_joint5', 'panda_joint6', 'panda_joint7'] pts=1
[fjt] times[0..2]=[0. 2.] times[-3:]=[0. 2.]
[fjt] goal=[ 0.988  0.384 -1.195 -2.438 -0.831  2.56  -0.228]
[fjt] final=[ 0.987  0.387 -1.194 -2.438 -0.83   2.562 -0.226]
[fjt] err=[-0.001  0.002  0.001  0.001  0.001  0.002  0.002]
